nohup: 忽略输入
2023-12-04 08:37:11.132507: I tensorflow/core/platform/cpu_feature_guard.cc:193] This TensorFlow binary is optimized with oneAPI Deep Neural Network Library (oneDNN) to use the following CPU instructions in performance-critical operations:  AVX2 AVX512F FMA
To enable them in other operations, rebuild TensorFlow with the appropriate compiler flags.
2023-12-04 08:37:11.503548: W tensorflow/compiler/xla/stream_executor/platform/default/dso_loader.cc:64] Could not load dynamic library 'libcudart.so.11.0'; dlerror: libcudart.so.11.0: cannot open shared object file: No such file or directory; LD_LIBRARY_PATH: /usr/local/cuda/lib64:
2023-12-04 08:37:11.503705: I tensorflow/compiler/xla/stream_executor/cuda/cudart_stub.cc:29] Ignore above cudart dlerror if you do not have a GPU set up on your machine.
2023-12-04 08:37:14.055306: W tensorflow/compiler/xla/stream_executor/platform/default/dso_loader.cc:64] Could not load dynamic library 'libnvinfer.so.7'; dlerror: libnvinfer.so.7: cannot open shared object file: No such file or directory; LD_LIBRARY_PATH: /usr/local/cuda/lib64:
2023-12-04 08:37:14.055576: W tensorflow/compiler/xla/stream_executor/platform/default/dso_loader.cc:64] Could not load dynamic library 'libnvinfer_plugin.so.7'; dlerror: libnvinfer_plugin.so.7: cannot open shared object file: No such file or directory; LD_LIBRARY_PATH: /usr/local/cuda/lib64:
2023-12-04 08:37:14.055593: W tensorflow/compiler/tf2tensorrt/utils/py_utils.cc:38] TF-TRT Warning: Cannot dlopen some TensorRT libraries. If you would like to use Nvidia GPU with TensorRT, please make sure the missing libraries mentioned above are installed properly.
2023-12-04 08:37:18.350026: W tensorflow/compiler/xla/stream_executor/platform/default/dso_loader.cc:64] Could not load dynamic library 'libcudart.so.11.0'; dlerror: libcudart.so.11.0: cannot open shared object file: No such file or directory; LD_LIBRARY_PATH: /usr/local/cuda/lib64:
2023-12-04 08:37:18.350420: W tensorflow/compiler/xla/stream_executor/platform/default/dso_loader.cc:64] Could not load dynamic library 'libcublas.so.11'; dlerror: libcublas.so.11: cannot open shared object file: No such file or directory; LD_LIBRARY_PATH: /usr/local/cuda/lib64:
2023-12-04 08:37:18.350583: W tensorflow/compiler/xla/stream_executor/platform/default/dso_loader.cc:64] Could not load dynamic library 'libcublasLt.so.11'; dlerror: libcublasLt.so.11: cannot open shared object file: No such file or directory; LD_LIBRARY_PATH: /usr/local/cuda/lib64:
2023-12-04 08:37:18.350746: W tensorflow/compiler/xla/stream_executor/platform/default/dso_loader.cc:64] Could not load dynamic library 'libcufft.so.10'; dlerror: libcufft.so.10: cannot open shared object file: No such file or directory; LD_LIBRARY_PATH: /usr/local/cuda/lib64:
2023-12-04 08:37:18.350938: W tensorflow/compiler/xla/stream_executor/platform/default/dso_loader.cc:64] Could not load dynamic library 'libcurand.so.10'; dlerror: libcurand.so.10: cannot open shared object file: No such file or directory; LD_LIBRARY_PATH: /usr/local/cuda/lib64:
2023-12-04 08:37:18.351151: W tensorflow/compiler/xla/stream_executor/platform/default/dso_loader.cc:64] Could not load dynamic library 'libcusolver.so.11'; dlerror: libcusolver.so.11: cannot open shared object file: No such file or directory; LD_LIBRARY_PATH: /usr/local/cuda/lib64:
2023-12-04 08:37:18.351358: W tensorflow/compiler/xla/stream_executor/platform/default/dso_loader.cc:64] Could not load dynamic library 'libcusparse.so.11'; dlerror: libcusparse.so.11: cannot open shared object file: No such file or directory; LD_LIBRARY_PATH: /usr/local/cuda/lib64:
2023-12-04 08:37:18.351474: W tensorflow/compiler/xla/stream_executor/platform/default/dso_loader.cc:64] Could not load dynamic library 'libcudnn.so.8'; dlerror: libcudnn.so.8: cannot open shared object file: No such file or directory; LD_LIBRARY_PATH: /usr/local/cuda/lib64:
2023-12-04 08:37:18.351518: W tensorflow/core/common_runtime/gpu/gpu_device.cc:1934] Cannot dlopen some GPU libraries. Please make sure the missing libraries mentioned above are installed properly if you would like to use GPU. Follow the guide at https://www.tensorflow.org/install/gpu for how to download and setup the required libraries for your platform.
Skipping registering GPU devices...
2023-12-04 08:37:18.352152: I tensorflow/core/platform/cpu_feature_guard.cc:193] This TensorFlow binary is optimized with oneAPI Deep Neural Network Library (oneDNN) to use the following CPU instructions in performance-critical operations:  AVX2 AVX512F FMA
To enable them in other operations, rebuild TensorFlow with the appropriate compiler flags.
Model: "model_2"
__________________________________________________________________________________________________
 Layer (type)                   Output Shape         Param #     Connected to                     
==================================================================================================
 input_1 (InputLayer)           [(None, 100, 150)]   0           []                               
                                                                                                  
 input_2 (InputLayer)           [(None, 97, 150)]    0           []                               
                                                                                                  
 model (Functional)             (None, 32)           5601760     ['input_1[0][0]']                
                                                                                                  
 model_1 (Functional)           (None, 14550)        1188636     ['input_2[0][0]']                
                                                                                                  
 concatenate (Concatenate)      (None, 14582)        0           ['model[0][0]',                  
                                                                  'model_1[0][0]']                
                                                                                                  
 dense_15 (Dense)               (None, 64)           933312      ['concatenate[0][0]']            
                                                                                                  
 dropout_14 (Dropout)           (None, 64)           0           ['dense_15[0][0]']               
                                                                                                  
 dense_16 (Dense)               (None, 2)            130         ['dropout_14[0][0]']             
                                                                                                  
==================================================================================================
Total params: 7,723,838
Trainable params: 7,723,326
Non-trainable params: 512
__________________________________________________________________________________________________
2023-12-04 08:37:28.636109: W tensorflow/tsl/framework/cpu_allocator_impl.cc:82] Allocation of 278520000 exceeds 10% of free system memory.
2023-12-04 08:37:29.173099: W tensorflow/tsl/framework/cpu_allocator_impl.cc:82] Allocation of 270164400 exceeds 10% of free system memory.
Epoch 1/108
  1/146 [..............................] - ETA: 1:37:58 - loss: 1.3629 - accuracy: 0.3438  2/146 [..............................] - ETA: 3:40 - loss: 1.4391 - accuracy: 0.4219     3/146 [..............................] - ETA: 3:44 - loss: 1.4452 - accuracy: 0.3958  4/146 [..............................] - ETA: 3:43 - loss: 1.2803 - accuracy: 0.4219  5/146 [>.............................] - ETA: 3:43 - loss: 1.1986 - accuracy: 0.4437  6/146 [>.............................] - ETA: 3:45 - loss: 1.1163 - accuracy: 0.4635  7/146 [>.............................] - ETA: 3:47 - loss: 1.0729 - accuracy: 0.4777  8/146 [>.............................] - ETA: 3:45 - loss: 1.0347 - accuracy: 0.4922  9/146 [>.............................] - ETA: 3:46 - loss: 0.9983 - accuracy: 0.5104 10/146 [=>............................] - ETA: 3:49 - loss: 0.9886 - accuracy: 0.5094 11/146 [=>............................] - ETA: 3:48 - loss: 0.9830 - accuracy: 0.5114 12/146 [=>............................] - ETA: 3:46 - loss: 0.9669 - accuracy: 0.5156 13/146 [=>............................] - ETA: 3:46 - loss: 0.9506 - accuracy: 0.5240 14/146 [=>............................] - ETA: 3:46 - loss: 0.9303 - accuracy: 0.5335 15/146 [==>...........................] - ETA: 3:46 - loss: 0.9127 - accuracy: 0.5375 16/146 [==>...........................] - ETA: 3:45 - loss: 0.9052 - accuracy: 0.5371 17/146 [==>...........................] - ETA: 3:45 - loss: 0.8876 - accuracy: 0.5386 18/146 [==>...........................] - ETA: 3:44 - loss: 0.8741 - accuracy: 0.5451 19/146 [==>...........................] - ETA: 3:43 - loss: 0.8677 - accuracy: 0.5477 20/146 [===>..........................] - ETA: 3:42 - loss: 0.8558 - accuracy: 0.5484 21/146 [===>..........................] - ETA: 3:41 - loss: 0.8489 - accuracy: 0.5506 22/146 [===>..........................] - ETA: 3:40 - loss: 0.8423 - accuracy: 0.5540 23/146 [===>..........................] - ETA: 3:38 - loss: 0.8367 - accuracy: 0.5516 24/146 [===>..........................] - ETA: 3:37 - loss: 0.8263 - accuracy: 0.5599 25/146 [====>.........................] - ETA: 3:36 - loss: 0.8212 - accuracy: 0.5575 26/146 [====>.........................] - ETA: 3:34 - loss: 0.8186 - accuracy: 0.5529 27/146 [====>.........................] - ETA: 3:33 - loss: 0.8115 - accuracy: 0.5590 28/146 [====>.........................] - ETA: 3:31 - loss: 0.8055 - accuracy: 0.5636 29/146 [====>.........................] - ETA: 3:30 - loss: 0.8004 - accuracy: 0.5647 30/146 [=====>........................] - ETA: 3:29 - loss: 0.7973 - accuracy: 0.5615 31/146 [=====>........................] - ETA: 3:27 - loss: 0.7935 - accuracy: 0.5615 32/146 [=====>........................] - ETA: 3:26 - loss: 0.7903 - accuracy: 0.5615 33/146 [=====>........................] - ETA: 3:25 - loss: 0.7875 - accuracy: 0.5616 34/146 [=====>........................] - ETA: 3:23 - loss: 0.7850 - accuracy: 0.5597 35/146 [======>.......................] - ETA: 3:22 - loss: 0.7845 - accuracy: 0.5562 36/146 [======>.......................] - ETA: 3:21 - loss: 0.7808 - accuracy: 0.5582 37/146 [======>.......................] - ETA: 3:19 - loss: 0.7775 - accuracy: 0.5583 38/146 [======>.......................] - ETA: 3:17 - loss: 0.7753 - accuracy: 0.5584 39/146 [=======>......................] - ETA: 3:16 - loss: 0.7723 - accuracy: 0.5585 40/146 [=======>......................] - ETA: 3:14 - loss: 0.7694 - accuracy: 0.5602 41/146 [=======>......................] - ETA: 3:12 - loss: 0.7654 - accuracy: 0.5633 42/146 [=======>......................] - ETA: 3:11 - loss: 0.7630 - accuracy: 0.5647 43/146 [=======>......................] - ETA: 3:09 - loss: 0.7602 - accuracy: 0.5654 44/146 [========>.....................] - ETA: 3:07 - loss: 0.7565 - accuracy: 0.5675 45/146 [========>.....................] - ETA: 3:06 - loss: 0.7535 - accuracy: 0.5674 46/146 [========>.....................] - ETA: 3:04 - loss: 0.7502 - accuracy: 0.5679 47/146 [========>.....................] - ETA: 3:02 - loss: 0.7500 - accuracy: 0.5698 48/146 [========>.....................] - ETA: 3:00 - loss: 0.7477 - accuracy: 0.5723 49/146 [=========>....................] - ETA: 2:59 - loss: 0.7443 - accuracy: 0.5759 50/146 [=========>....................] - ETA: 2:57 - loss: 0.7415 - accuracy: 0.5794 51/146 [=========>....................] - ETA: 2:56 - loss: 0.7378 - accuracy: 0.5815 52/146 [=========>....................] - ETA: 2:54 - loss: 0.7357 - accuracy: 0.5829 53/146 [=========>....................] - ETA: 2:52 - loss: 0.7346 - accuracy: 0.5843 54/146 [==========>...................] - ETA: 2:51 - loss: 0.7304 - accuracy: 0.5874 55/146 [==========>...................] - ETA: 2:49 - loss: 0.7274 - accuracy: 0.5886 56/146 [==========>...................] - ETA: 2:47 - loss: 0.7234 - accuracy: 0.5915 57/146 [==========>...................] - ETA: 2:45 - loss: 0.7240 - accuracy: 0.5910 58/146 [==========>...................] - ETA: 2:44 - loss: 0.7230 - accuracy: 0.5954 59/146 [===========>..................] - ETA: 2:42 - loss: 0.7193 - accuracy: 0.5975 60/146 [===========>..................] - ETA: 2:40 - loss: 0.7199 - accuracy: 0.5984 61/146 [===========>..................] - ETA: 2:38 - loss: 0.7158 - accuracy: 0.6004 62/146 [===========>..................] - ETA: 2:37 - loss: 0.7135 - accuracy: 0.6013 63/146 [===========>..................] - ETA: 2:35 - loss: 0.7143 - accuracy: 0.6007 64/146 [============>.................] - ETA: 2:33 - loss: 0.7124 - accuracy: 0.6025 65/146 [============>.................] - ETA: 2:31 - loss: 0.7103 - accuracy: 0.6038 66/146 [============>.................] - ETA: 2:29 - loss: 0.7092 - accuracy: 0.6042 67/146 [============>.................] - ETA: 2:27 - loss: 0.7062 - accuracy: 0.6049 68/146 [============>.................] - ETA: 2:25 - loss: 0.7052 - accuracy: 0.6048 69/146 [=============>................] - ETA: 2:23 - loss: 0.7019 - accuracy: 0.6069 70/146 [=============>................] - ETA: 2:21 - loss: 0.6978 - accuracy: 0.6098 71/146 [=============>................] - ETA: 2:20 - loss: 0.6955 - accuracy: 0.6109 72/146 [=============>................] - ETA: 2:18 - loss: 0.6940 - accuracy: 0.6133 73/146 [==============>...............] - ETA: 2:16 - loss: 0.6940 - accuracy: 0.6130 74/146 [==============>...............] - ETA: 2:14 - loss: 0.6922 - accuracy: 0.6144 75/146 [==============>...............] - ETA: 2:12 - loss: 0.6919 - accuracy: 0.6146 76/146 [==============>...............] - ETA: 2:10 - loss: 0.6906 - accuracy: 0.6160 77/146 [==============>...............] - ETA: 2:08 - loss: 0.6886 - accuracy: 0.6165 78/146 [===============>..............] - ETA: 2:06 - loss: 0.6882 - accuracy: 0.6158 79/146 [===============>..............] - ETA: 2:04 - loss: 0.6861 - accuracy: 0.6175 80/146 [===============>..............] - ETA: 2:03 - loss: 0.6855 - accuracy: 0.6176 81/146 [===============>..............] - ETA: 2:01 - loss: 0.6842 - accuracy: 0.6181 82/146 [===============>..............] - ETA: 1:59 - loss: 0.6816 - accuracy: 0.6204 83/146 [================>.............] - ETA: 1:57 - loss: 0.6797 - accuracy: 0.6212 84/146 [================>.............] - ETA: 1:55 - loss: 0.6788 - accuracy: 0.6213 85/146 [================>.............] - ETA: 1:53 - loss: 0.6768 - accuracy: 0.6228 86/146 [================>.............] - ETA: 1:51 - loss: 0.6736 - accuracy: 0.6254 87/146 [================>.............] - ETA: 1:50 - loss: 0.6721 - accuracy: 0.6257 88/146 [=================>............] - ETA: 1:48 - loss: 0.6703 - accuracy: 0.6271 89/146 [=================>............] - ETA: 1:46 - loss: 0.6679 - accuracy: 0.6285 90/146 [=================>............] - ETA: 1:44 - loss: 0.6660 - accuracy: 0.6302 91/146 [=================>............] - ETA: 1:43 - loss: 0.6647 - accuracy: 0.6308 92/146 [=================>............] - ETA: 1:41 - loss: 0.6635 - accuracy: 0.6311 93/146 [==================>...........] - ETA: 1:39 - loss: 0.6620 - accuracy: 0.6321 94/146 [==================>...........] - ETA: 1:37 - loss: 0.6615 - accuracy: 0.6326 95/146 [==================>...........] - ETA: 1:35 - loss: 0.6611 - accuracy: 0.6329 96/146 [==================>...........] - ETA: 1:34 - loss: 0.6609 - accuracy: 0.6331 97/146 [==================>...........] - ETA: 1:32 - loss: 0.6592 - accuracy: 0.6337 98/146 [===================>..........] - ETA: 1:30 - loss: 0.6566 - accuracy: 0.6355 99/146 [===================>..........] - ETA: 1:28 - loss: 0.6539 - accuracy: 0.6379100/146 [===================>..........] - ETA: 1:27 - loss: 0.6530 - accuracy: 0.6384101/146 [===================>..........] - ETA: 1:25 - loss: 0.6521 - accuracy: 0.6389102/146 [===================>..........] - ETA: 1:23 - loss: 0.6505 - accuracy: 0.6412103/146 [====================>.........] - ETA: 1:21 - loss: 0.6515 - accuracy: 0.6408104/146 [====================>.........] - ETA: 1:19 - loss: 0.6500 - accuracy: 0.6415105/146 [====================>.........] - ETA: 1:18 - loss: 0.6491 - accuracy: 0.6411106/146 [====================>.........] - ETA: 1:16 - loss: 0.6475 - accuracy: 0.6427107/146 [====================>.........] - ETA: 1:14 - loss: 0.6472 - accuracy: 0.6419108/146 [=====================>........] - ETA: 1:12 - loss: 0.6459 - accuracy: 0.6429109/146 [=====================>........] - ETA: 1:10 - loss: 0.6436 - accuracy: 0.6445110/146 [=====================>........] - ETA: 1:08 - loss: 0.6420 - accuracy: 0.6446111/146 [=====================>........] - ETA: 1:07 - loss: 0.6407 - accuracy: 0.6447112/146 [======================>.......] - ETA: 1:05 - loss: 0.6402 - accuracy: 0.6443113/146 [======================>.......] - ETA: 1:03 - loss: 0.6396 - accuracy: 0.6441114/146 [======================>.......] - ETA: 1:01 - loss: 0.6388 - accuracy: 0.6445115/146 [======================>.......] - ETA: 59s - loss: 0.6378 - accuracy: 0.6454 116/146 [======================>.......] - ETA: 57s - loss: 0.6354 - accuracy: 0.6471117/146 [=======================>......] - ETA: 55s - loss: 0.6339 - accuracy: 0.6482118/146 [=======================>......] - ETA: 53s - loss: 0.6327 - accuracy: 0.6486119/146 [=======================>......] - ETA: 51s - loss: 0.6323 - accuracy: 0.6489120/146 [=======================>......] - ETA: 49s - loss: 0.6330 - accuracy: 0.6490121/146 [=======================>......] - ETA: 48s - loss: 0.6316 - accuracy: 0.6495122/146 [========================>.....] - ETA: 46s - loss: 0.6296 - accuracy: 0.6516123/146 [========================>.....] - ETA: 44s - loss: 0.6290 - accuracy: 0.6517124/146 [========================>.....] - ETA: 42s - loss: 0.6281 - accuracy: 0.6525125/146 [========================>.....] - ETA: 40s - loss: 0.6261 - accuracy: 0.6540126/146 [========================>.....] - ETA: 38s - loss: 0.6245 - accuracy: 0.6553127/146 [=========================>....] - ETA: 36s - loss: 0.6229 - accuracy: 0.6562128/146 [=========================>....] - ETA: 34s - loss: 0.6213 - accuracy: 0.6572129/146 [=========================>....] - ETA: 32s - loss: 0.6208 - accuracy: 0.6575130/146 [=========================>....] - ETA: 30s - loss: 0.6198 - accuracy: 0.6582131/146 [=========================>....] - ETA: 28s - loss: 0.6202 - accuracy: 0.6572132/146 [==========================>...] - ETA: 26s - loss: 0.6194 - accuracy: 0.6581133/146 [==========================>...] - ETA: 24s - loss: 0.6171 - accuracy: 0.6600134/146 [==========================>...] - ETA: 22s - loss: 0.6167 - accuracy: 0.6607135/146 [==========================>...] - ETA: 20s - loss: 0.6160 - accuracy: 0.6618136/146 [==========================>...] - ETA: 19s - loss: 0.6158 - accuracy: 0.6618137/146 [===========================>..] - ETA: 17s - loss: 0.6156 - accuracy: 0.6629138/146 [===========================>..] - ETA: 15s - loss: 0.6151 - accuracy: 0.6639139/146 [===========================>..] - ETA: 13s - loss: 0.6142 - accuracy: 0.6655140/146 [===========================>..] - ETA: 11s - loss: 0.6142 - accuracy: 0.6658141/146 [===========================>..] - ETA: 9s - loss: 0.6133 - accuracy: 0.6664 142/146 [============================>.] - ETA: 7s - loss: 0.6127 - accuracy: 0.6670143/146 [============================>.] - ETA: 5s - loss: 0.6117 - accuracy: 0.6678144/146 [============================>.] - ETA: 3s - loss: 0.6112 - accuracy: 0.6680145/146 [============================>.] - ETA: 1s - loss: 0.6104 - accuracy: 0.6681146/146 [==============================] - ETA: 0s - loss: 0.6102 - accuracy: 0.66822023-12-04 08:42:45.095222: W tensorflow/tsl/framework/cpu_allocator_impl.cc:82] Allocation of 74760000 exceeds 10% of free system memory.
2023-12-04 08:42:45.541449: W tensorflow/tsl/framework/cpu_allocator_impl.cc:82] Allocation of 72517200 exceeds 10% of free system memory.
146/146 [==============================] - 362s 2s/step - loss: 0.6102 - accuracy: 0.6682 - val_loss: 0.4741 - val_accuracy: 0.7560
Epoch 2/108
  1/146 [..............................] - ETA: 4:34 - loss: 0.3571 - accuracy: 0.9062  2/146 [..............................] - ETA: 4:46 - loss: 0.4118 - accuracy: 0.8125  3/146 [..............................] - ETA: 5:00 - loss: 0.4174 - accuracy: 0.8333  4/146 [..............................] - ETA: 4:52 - loss: 0.4344 - accuracy: 0.8203  5/146 [>.............................] - ETA: 4:49 - loss: 0.4689 - accuracy: 0.8000  6/146 [>.............................] - ETA: 4:44 - loss: 0.4567 - accuracy: 0.8021  7/146 [>.............................] - ETA: 4:41 - loss: 0.4394 - accuracy: 0.8080  8/146 [>.............................] - ETA: 4:37 - loss: 0.4305 - accuracy: 0.8164  9/146 [>.............................] - ETA: 4:34 - loss: 0.4576 - accuracy: 0.7986 10/146 [=>............................] - ETA: 4:30 - loss: 0.4547 - accuracy: 0.8000 11/146 [=>............................] - ETA: 4:26 - loss: 0.4615 - accuracy: 0.7983 12/146 [=>............................] - ETA: 4:25 - loss: 0.4761 - accuracy: 0.7865 13/146 [=>............................] - ETA: 4:21 - loss: 0.4775 - accuracy: 0.7837 14/146 [=>............................] - ETA: 4:18 - loss: 0.4881 - accuracy: 0.7746 15/146 [==>...........................] - ETA: 4:17 - loss: 0.4842 - accuracy: 0.7729 16/146 [==>...........................] - ETA: 4:16 - loss: 0.4896 - accuracy: 0.7695 17/146 [==>...........................] - ETA: 4:15 - loss: 0.4829 - accuracy: 0.7739 18/146 [==>...........................] - ETA: 4:13 - loss: 0.4776 - accuracy: 0.7778 19/146 [==>...........................] - ETA: 4:10 - loss: 0.4788 - accuracy: 0.7763 20/146 [===>..........................] - ETA: 4:08 - loss: 0.4807 - accuracy: 0.7781 21/146 [===>..........................] - ETA: 4:06 - loss: 0.4828 - accuracy: 0.7783 22/146 [===>..........................] - ETA: 4:04 - loss: 0.4798 - accuracy: 0.7798 23/146 [===>..........................] - ETA: 4:03 - loss: 0.4815 - accuracy: 0.7785 24/146 [===>..........................] - ETA: 4:01 - loss: 0.4844 - accuracy: 0.7747 25/146 [====>.........................] - ETA: 3:59 - loss: 0.4851 - accuracy: 0.7725 26/146 [====>.........................] - ETA: 3:58 - loss: 0.4879 - accuracy: 0.7680 27/146 [====>.........................] - ETA: 3:55 - loss: 0.4876 - accuracy: 0.7662 28/146 [====>.........................] - ETA: 3:54 - loss: 0.4849 - accuracy: 0.7734 29/146 [====>.........................] - ETA: 3:52 - loss: 0.4831 - accuracy: 0.7737 30/146 [=====>........................] - ETA: 3:50 - loss: 0.4838 - accuracy: 0.7740 31/146 [=====>........................] - ETA: 3:48 - loss: 0.4811 - accuracy: 0.7732 32/146 [=====>........................] - ETA: 3:45 - loss: 0.4804 - accuracy: 0.7734 33/146 [=====>........................] - ETA: 3:42 - loss: 0.4805 - accuracy: 0.7727 34/146 [=====>........................] - ETA: 3:40 - loss: 0.4821 - accuracy: 0.7721 35/146 [======>.......................] - ETA: 3:37 - loss: 0.4828 - accuracy: 0.7714 36/146 [======>.......................] - ETA: 3:35 - loss: 0.4853 - accuracy: 0.7682 37/146 [======>.......................] - ETA: 3:32 - loss: 0.4843 - accuracy: 0.7686 38/146 [======>.......................] - ETA: 3:31 - loss: 0.4881 - accuracy: 0.7673 39/146 [=======>......................] - ETA: 3:28 - loss: 0.4863 - accuracy: 0.7684 40/146 [=======>......................] - ETA: 3:27 - loss: 0.4852 - accuracy: 0.7688 41/146 [=======>......................] - ETA: 3:24 - loss: 0.4860 - accuracy: 0.7683 42/146 [=======>......................] - ETA: 3:22 - loss: 0.4852 - accuracy: 0.7664 43/146 [=======>......................] - ETA: 3:20 - loss: 0.4819 - accuracy: 0.7696 44/146 [========>.....................] - ETA: 3:18 - loss: 0.4798 - accuracy: 0.7692 45/146 [========>.....................] - ETA: 3:15 - loss: 0.4809 - accuracy: 0.7688 46/146 [========>.....................] - ETA: 3:13 - loss: 0.4826 - accuracy: 0.7677 47/146 [========>.....................] - ETA: 3:11 - loss: 0.4831 - accuracy: 0.7680 48/146 [========>.....................] - ETA: 3:09 - loss: 0.4883 - accuracy: 0.7624 49/146 [=========>....................] - ETA: 3:07 - loss: 0.4870 - accuracy: 0.7634 50/146 [=========>....................] - ETA: 3:05 - loss: 0.4855 - accuracy: 0.7631 51/146 [=========>....................] - ETA: 3:03 - loss: 0.4854 - accuracy: 0.7623 52/146 [=========>....................] - ETA: 3:01 - loss: 0.4873 - accuracy: 0.7602 53/146 [=========>....................] - ETA: 2:59 - loss: 0.4881 - accuracy: 0.7594 54/146 [==========>...................] - ETA: 2:57 - loss: 0.4887 - accuracy: 0.7564 55/146 [==========>...................] - ETA: 2:55 - loss: 0.4865 - accuracy: 0.7580 56/146 [==========>...................] - ETA: 2:53 - loss: 0.4857 - accuracy: 0.7589 57/146 [==========>...................] - ETA: 2:51 - loss: 0.4852 - accuracy: 0.7593 58/146 [==========>...................] - ETA: 2:49 - loss: 0.4840 - accuracy: 0.7597 59/146 [===========>..................] - ETA: 2:46 - loss: 0.4843 - accuracy: 0.7590 60/146 [===========>..................] - ETA: 2:44 - loss: 0.4843 - accuracy: 0.7604 61/146 [===========>..................] - ETA: 2:42 - loss: 0.4862 - accuracy: 0.7592 62/146 [===========>..................] - ETA: 2:40 - loss: 0.4843 - accuracy: 0.7606 63/146 [===========>..................] - ETA: 2:38 - loss: 0.4840 - accuracy: 0.7609 64/146 [============>.................] - ETA: 2:36 - loss: 0.4826 - accuracy: 0.7627 65/146 [============>.................] - ETA: 2:34 - loss: 0.4832 - accuracy: 0.7606 66/146 [============>.................] - ETA: 2:32 - loss: 0.4842 - accuracy: 0.7599 67/146 [============>.................] - ETA: 2:31 - loss: 0.4830 - accuracy: 0.7612 68/146 [============>.................] - ETA: 2:29 - loss: 0.4834 - accuracy: 0.7606 69/146 [=============>................] - ETA: 2:27 - loss: 0.4843 - accuracy: 0.7604 70/146 [=============>................] - ETA: 2:25 - loss: 0.4861 - accuracy: 0.7589 71/146 [=============>................] - ETA: 2:23 - loss: 0.4849 - accuracy: 0.7601 72/146 [=============>................] - ETA: 2:21 - loss: 0.4839 - accuracy: 0.7609 73/146 [==============>...............] - ETA: 2:19 - loss: 0.4853 - accuracy: 0.7590 74/146 [==============>...............] - ETA: 2:17 - loss: 0.4862 - accuracy: 0.7576 75/146 [==============>...............] - ETA: 2:16 - loss: 0.4866 - accuracy: 0.7571 76/146 [==============>...............] - ETA: 2:14 - loss: 0.4853 - accuracy: 0.7582 77/146 [==============>...............] - ETA: 2:12 - loss: 0.4844 - accuracy: 0.7597 78/146 [===============>..............] - ETA: 2:10 - loss: 0.4839 - accuracy: 0.7592 79/146 [===============>..............] - ETA: 2:08 - loss: 0.4834 - accuracy: 0.7595 80/146 [===============>..............] - ETA: 2:06 - loss: 0.4832 - accuracy: 0.7598 81/146 [===============>..............] - ETA: 2:04 - loss: 0.4816 - accuracy: 0.7612 82/146 [===============>..............] - ETA: 2:02 - loss: 0.4820 - accuracy: 0.7603 83/146 [================>.............] - ETA: 2:00 - loss: 0.4831 - accuracy: 0.7598 84/146 [================>.............] - ETA: 1:58 - loss: 0.4829 - accuracy: 0.7597 85/146 [================>.............] - ETA: 1:56 - loss: 0.4812 - accuracy: 0.7610 86/146 [================>.............] - ETA: 1:54 - loss: 0.4792 - accuracy: 0.7616 87/146 [================>.............] - ETA: 1:53 - loss: 0.4781 - accuracy: 0.7622 88/146 [=================>............] - ETA: 1:51 - loss: 0.4780 - accuracy: 0.7624 89/146 [=================>............] - ETA: 1:49 - loss: 0.4796 - accuracy: 0.7623 90/146 [=================>............] - ETA: 1:47 - loss: 0.4788 - accuracy: 0.7622 91/146 [=================>............] - ETA: 1:45 - loss: 0.4778 - accuracy: 0.7624 92/146 [=================>............] - ETA: 1:43 - loss: 0.4784 - accuracy: 0.7615 93/146 [==================>...........] - ETA: 1:41 - loss: 0.4774 - accuracy: 0.7624 94/146 [==================>...........] - ETA: 1:39 - loss: 0.4761 - accuracy: 0.7633 95/146 [==================>...........] - ETA: 1:37 - loss: 0.4749 - accuracy: 0.7641 96/146 [==================>...........] - ETA: 1:35 - loss: 0.4751 - accuracy: 0.7640 97/146 [==================>...........] - ETA: 1:33 - loss: 0.4738 - accuracy: 0.7651 98/146 [===================>..........] - ETA: 1:32 - loss: 0.4726 - accuracy: 0.7653 99/146 [===================>..........] - ETA: 1:30 - loss: 0.4719 - accuracy: 0.7655100/146 [===================>..........] - ETA: 1:28 - loss: 0.4717 - accuracy: 0.7659101/146 [===================>..........] - ETA: 1:26 - loss: 0.4714 - accuracy: 0.7667102/146 [===================>..........] - ETA: 1:24 - loss: 0.4715 - accuracy: 0.7665103/146 [====================>.........] - ETA: 1:22 - loss: 0.4710 - accuracy: 0.7676104/146 [====================>.........] - ETA: 1:20 - loss: 0.4710 - accuracy: 0.7680105/146 [====================>.........] - ETA: 1:18 - loss: 0.4703 - accuracy: 0.7682106/146 [====================>.........] - ETA: 1:17 - loss: 0.4704 - accuracy: 0.7689107/146 [====================>.........] - ETA: 1:15 - loss: 0.4695 - accuracy: 0.7696108/146 [=====================>........] - ETA: 1:13 - loss: 0.4692 - accuracy: 0.7700109/146 [=====================>........] - ETA: 1:11 - loss: 0.4693 - accuracy: 0.7704110/146 [=====================>........] - ETA: 1:09 - loss: 0.4699 - accuracy: 0.7690111/146 [=====================>........] - ETA: 1:07 - loss: 0.4700 - accuracy: 0.7689112/146 [======================>.......] - ETA: 1:05 - loss: 0.4692 - accuracy: 0.7690113/146 [======================>.......] - ETA: 1:03 - loss: 0.4687 - accuracy: 0.7699114/146 [======================>.......] - ETA: 1:01 - loss: 0.4695 - accuracy: 0.7695115/146 [======================>.......] - ETA: 59s - loss: 0.4691 - accuracy: 0.7698 116/146 [======================>.......] - ETA: 57s - loss: 0.4707 - accuracy: 0.7683117/146 [=======================>......] - ETA: 55s - loss: 0.4716 - accuracy: 0.7674118/146 [=======================>......] - ETA: 53s - loss: 0.4706 - accuracy: 0.7680119/146 [=======================>......] - ETA: 52s - loss: 0.4697 - accuracy: 0.7684120/146 [=======================>......] - ETA: 50s - loss: 0.4687 - accuracy: 0.7688121/146 [=======================>......] - ETA: 48s - loss: 0.4681 - accuracy: 0.7689122/146 [========================>.....] - ETA: 46s - loss: 0.4670 - accuracy: 0.7697123/146 [========================>.....] - ETA: 44s - loss: 0.4669 - accuracy: 0.7696124/146 [========================>.....] - ETA: 42s - loss: 0.4673 - accuracy: 0.7692125/146 [========================>.....] - ETA: 40s - loss: 0.4661 - accuracy: 0.7697126/146 [========================>.....] - ETA: 38s - loss: 0.4673 - accuracy: 0.7696127/146 [=========================>....] - ETA: 36s - loss: 0.4655 - accuracy: 0.7707128/146 [=========================>....] - ETA: 34s - loss: 0.4652 - accuracy: 0.7705129/146 [=========================>....] - ETA: 32s - loss: 0.4658 - accuracy: 0.7694130/146 [=========================>....] - ETA: 30s - loss: 0.4644 - accuracy: 0.7704131/146 [=========================>....] - ETA: 29s - loss: 0.4645 - accuracy: 0.7698132/146 [==========================>...] - ETA: 27s - loss: 0.4651 - accuracy: 0.7694133/146 [==========================>...] - ETA: 25s - loss: 0.4654 - accuracy: 0.7686134/146 [==========================>...] - ETA: 23s - loss: 0.4652 - accuracy: 0.7689135/146 [==========================>...] - ETA: 21s - loss: 0.4652 - accuracy: 0.7683136/146 [==========================>...] - ETA: 19s - loss: 0.4639 - accuracy: 0.7688137/146 [===========================>..] - ETA: 17s - loss: 0.4634 - accuracy: 0.7692138/146 [===========================>..] - ETA: 15s - loss: 0.4630 - accuracy: 0.7699139/146 [===========================>..] - ETA: 13s - loss: 0.4629 - accuracy: 0.7698140/146 [===========================>..] - ETA: 11s - loss: 0.4631 - accuracy: 0.7696141/146 [===========================>..] - ETA: 9s - loss: 0.4631 - accuracy: 0.7699 142/146 [============================>.] - ETA: 7s - loss: 0.4629 - accuracy: 0.7702143/146 [============================>.] - ETA: 5s - loss: 0.4632 - accuracy: 0.7699144/146 [============================>.] - ETA: 3s - loss: 0.4634 - accuracy: 0.7700145/146 [============================>.] - ETA: 1s - loss: 0.4649 - accuracy: 0.7685146/146 [==============================] - ETA: 0s - loss: 0.4647 - accuracy: 0.7686146/146 [==============================] - 307s 2s/step - loss: 0.4647 - accuracy: 0.7686 - val_loss: 0.4378 - val_accuracy: 0.7681
Epoch 3/108
  1/146 [..............................] - ETA: 4:21 - loss: 0.5573 - accuracy: 0.6562  2/146 [..............................] - ETA: 4:33 - loss: 0.5466 - accuracy: 0.6875  3/146 [..............................] - ETA: 4:19 - loss: 0.5294 - accuracy: 0.7188  4/146 [..............................] - ETA: 4:10 - loss: 0.5217 - accuracy: 0.7188  5/146 [>.............................] - ETA: 4:05 - loss: 0.5452 - accuracy: 0.7125  6/146 [>.............................] - ETA: 3:58 - loss: 0.5290 - accuracy: 0.7292  7/146 [>.............................] - ETA: 3:57 - loss: 0.5323 - accuracy: 0.7188  8/146 [>.............................] - ETA: 4:01 - loss: 0.5265 - accuracy: 0.7227  9/146 [>.............................] - ETA: 4:03 - loss: 0.5134 - accuracy: 0.7361 10/146 [=>............................] - ETA: 4:05 - loss: 0.5188 - accuracy: 0.7281 11/146 [=>............................] - ETA: 4:07 - loss: 0.5131 - accuracy: 0.7358 12/146 [=>............................] - ETA: 4:07 - loss: 0.5174 - accuracy: 0.7292 13/146 [=>............................] - ETA: 4:06 - loss: 0.5106 - accuracy: 0.7308 14/146 [=>............................] - ETA: 4:05 - loss: 0.5088 - accuracy: 0.7321 15/146 [==>...........................] - ETA: 4:05 - loss: 0.5056 - accuracy: 0.7312 16/146 [==>...........................] - ETA: 4:03 - loss: 0.5024 - accuracy: 0.7363 17/146 [==>...........................] - ETA: 4:04 - loss: 0.4980 - accuracy: 0.7426 18/146 [==>...........................] - ETA: 4:04 - loss: 0.4966 - accuracy: 0.7448 19/146 [==>...........................] - ETA: 4:03 - loss: 0.4885 - accuracy: 0.7533 20/146 [===>..........................] - ETA: 4:02 - loss: 0.4801 - accuracy: 0.7563 21/146 [===>..........................] - ETA: 4:00 - loss: 0.4701 - accuracy: 0.7649 22/146 [===>..........................] - ETA: 3:59 - loss: 0.4684 - accuracy: 0.7656 23/146 [===>..........................] - ETA: 3:56 - loss: 0.4601 - accuracy: 0.7704 24/146 [===>..........................] - ETA: 3:54 - loss: 0.4630 - accuracy: 0.7682 25/146 [====>.........................] - ETA: 3:52 - loss: 0.4639 - accuracy: 0.7675 26/146 [====>.........................] - ETA: 3:51 - loss: 0.4608 - accuracy: 0.7692 27/146 [====>.........................] - ETA: 3:49 - loss: 0.4599 - accuracy: 0.7708 28/146 [====>.........................] - ETA: 3:47 - loss: 0.4530 - accuracy: 0.7768 29/146 [====>.........................] - ETA: 3:46 - loss: 0.4534 - accuracy: 0.7769 30/146 [=====>........................] - ETA: 3:44 - loss: 0.4489 - accuracy: 0.7781 31/146 [=====>........................] - ETA: 3:42 - loss: 0.4492 - accuracy: 0.7782 32/146 [=====>........................] - ETA: 3:40 - loss: 0.4492 - accuracy: 0.7773 33/146 [=====>........................] - ETA: 3:38 - loss: 0.4513 - accuracy: 0.7756 34/146 [=====>........................] - ETA: 3:36 - loss: 0.4523 - accuracy: 0.7739 35/146 [======>.......................] - ETA: 3:33 - loss: 0.4487 - accuracy: 0.7750 36/146 [======>.......................] - ETA: 3:32 - loss: 0.4479 - accuracy: 0.7743 37/146 [======>.......................] - ETA: 3:29 - loss: 0.4497 - accuracy: 0.7720 38/146 [======>.......................] - ETA: 3:27 - loss: 0.4461 - accuracy: 0.7747 39/146 [=======>......................] - ETA: 3:24 - loss: 0.4424 - accuracy: 0.7756 40/146 [=======>......................] - ETA: 3:22 - loss: 0.4420 - accuracy: 0.7766 41/146 [=======>......................] - ETA: 3:19 - loss: 0.4368 - accuracy: 0.7805 42/146 [=======>......................] - ETA: 3:17 - loss: 0.4349 - accuracy: 0.7827 43/146 [=======>......................] - ETA: 3:15 - loss: 0.4323 - accuracy: 0.7834 44/146 [========>.....................] - ETA: 3:12 - loss: 0.4311 - accuracy: 0.7848 45/146 [========>.....................] - ETA: 3:11 - loss: 0.4309 - accuracy: 0.7854 46/146 [========>.....................] - ETA: 3:09 - loss: 0.4289 - accuracy: 0.7874 47/146 [========>.....................] - ETA: 3:07 - loss: 0.4279 - accuracy: 0.7892 48/146 [========>.....................] - ETA: 3:05 - loss: 0.4278 - accuracy: 0.7891 49/146 [=========>....................] - ETA: 3:04 - loss: 0.4268 - accuracy: 0.7895 50/146 [=========>....................] - ETA: 3:02 - loss: 0.4296 - accuracy: 0.7881 51/146 [=========>....................] - ETA: 3:00 - loss: 0.4313 - accuracy: 0.7874 52/146 [=========>....................] - ETA: 2:58 - loss: 0.4315 - accuracy: 0.7879 53/146 [=========>....................] - ETA: 2:56 - loss: 0.4294 - accuracy: 0.7889 54/146 [==========>...................] - ETA: 2:54 - loss: 0.4293 - accuracy: 0.7882 55/146 [==========>...................] - ETA: 2:52 - loss: 0.4278 - accuracy: 0.7892 56/146 [==========>...................] - ETA: 2:50 - loss: 0.4291 - accuracy: 0.7885 57/146 [==========>...................] - ETA: 2:48 - loss: 0.4291 - accuracy: 0.7878 58/146 [==========>...................] - ETA: 2:46 - loss: 0.4311 - accuracy: 0.7866 59/146 [===========>..................] - ETA: 2:44 - loss: 0.4343 - accuracy: 0.7855 60/146 [===========>..................] - ETA: 2:42 - loss: 0.4337 - accuracy: 0.7870 61/146 [===========>..................] - ETA: 2:40 - loss: 0.4329 - accuracy: 0.7874 62/146 [===========>..................] - ETA: 2:38 - loss: 0.4332 - accuracy: 0.7858 63/146 [===========>..................] - ETA: 2:36 - loss: 0.4306 - accuracy: 0.7877 64/146 [============>.................] - ETA: 2:34 - loss: 0.4299 - accuracy: 0.7881 65/146 [============>.................] - ETA: 2:33 - loss: 0.4285 - accuracy: 0.7889 66/146 [============>.................] - ETA: 2:31 - loss: 0.4306 - accuracy: 0.7869 67/146 [============>.................] - ETA: 2:29 - loss: 0.4302 - accuracy: 0.7873 68/146 [============>.................] - ETA: 2:27 - loss: 0.4298 - accuracy: 0.7891 69/146 [=============>................] - ETA: 2:26 - loss: 0.4315 - accuracy: 0.7871 70/146 [=============>................] - ETA: 2:24 - loss: 0.4298 - accuracy: 0.7884 71/146 [=============>................] - ETA: 2:22 - loss: 0.4293 - accuracy: 0.7883 72/146 [=============>................] - ETA: 2:21 - loss: 0.4284 - accuracy: 0.7886 73/146 [==============>...............] - ETA: 2:19 - loss: 0.4263 - accuracy: 0.7902 74/146 [==============>...............] - ETA: 2:17 - loss: 0.4267 - accuracy: 0.7889 75/146 [==============>...............] - ETA: 2:15 - loss: 0.4251 - accuracy: 0.7904 76/146 [==============>...............] - ETA: 2:13 - loss: 0.4253 - accuracy: 0.7907 77/146 [==============>...............] - ETA: 2:11 - loss: 0.4249 - accuracy: 0.7902 78/146 [===============>..............] - ETA: 2:09 - loss: 0.4244 - accuracy: 0.7905 79/146 [===============>..............] - ETA: 2:08 - loss: 0.4243 - accuracy: 0.7896 80/146 [===============>..............] - ETA: 2:06 - loss: 0.4261 - accuracy: 0.7891 81/146 [===============>..............] - ETA: 2:04 - loss: 0.4283 - accuracy: 0.7882 82/146 [===============>..............] - ETA: 2:02 - loss: 0.4279 - accuracy: 0.7893 83/146 [================>.............] - ETA: 2:00 - loss: 0.4272 - accuracy: 0.7892 84/146 [================>.............] - ETA: 1:58 - loss: 0.4280 - accuracy: 0.7891 85/146 [================>.............] - ETA: 1:56 - loss: 0.4271 - accuracy: 0.7897 86/146 [================>.............] - ETA: 1:55 - loss: 0.4267 - accuracy: 0.7896 87/146 [================>.............] - ETA: 1:53 - loss: 0.4265 - accuracy: 0.7888 88/146 [=================>............] - ETA: 1:51 - loss: 0.4260 - accuracy: 0.7891 89/146 [=================>............] - ETA: 1:49 - loss: 0.4262 - accuracy: 0.7883 90/146 [=================>............] - ETA: 1:47 - loss: 0.4259 - accuracy: 0.7885 91/146 [=================>............] - ETA: 1:45 - loss: 0.4249 - accuracy: 0.7888 92/146 [=================>............] - ETA: 1:44 - loss: 0.4247 - accuracy: 0.7897 93/146 [==================>...........] - ETA: 1:42 - loss: 0.4250 - accuracy: 0.7903 94/146 [==================>...........] - ETA: 1:40 - loss: 0.4231 - accuracy: 0.7916 95/146 [==================>...........] - ETA: 1:38 - loss: 0.4216 - accuracy: 0.7937 96/146 [==================>...........] - ETA: 1:36 - loss: 0.4220 - accuracy: 0.7933 97/146 [==================>...........] - ETA: 1:34 - loss: 0.4249 - accuracy: 0.7941 98/146 [===================>..........] - ETA: 1:32 - loss: 0.4246 - accuracy: 0.7937 99/146 [===================>..........] - ETA: 1:30 - loss: 0.4235 - accuracy: 0.7942100/146 [===================>..........] - ETA: 1:29 - loss: 0.4240 - accuracy: 0.7934101/146 [===================>..........] - ETA: 1:27 - loss: 0.4231 - accuracy: 0.7946102/146 [===================>..........] - ETA: 1:25 - loss: 0.4218 - accuracy: 0.7953103/146 [====================>.........] - ETA: 1:23 - loss: 0.4244 - accuracy: 0.7955104/146 [====================>.........] - ETA: 1:21 - loss: 0.4251 - accuracy: 0.7954105/146 [====================>.........] - ETA: 1:19 - loss: 0.4236 - accuracy: 0.7961106/146 [====================>.........] - ETA: 1:17 - loss: 0.4240 - accuracy: 0.7960107/146 [====================>.........] - ETA: 1:15 - loss: 0.4248 - accuracy: 0.7961108/146 [=====================>........] - ETA: 1:14 - loss: 0.4253 - accuracy: 0.7960109/146 [=====================>........] - ETA: 1:12 - loss: 0.4245 - accuracy: 0.7967110/146 [=====================>........] - ETA: 1:10 - loss: 0.4237 - accuracy: 0.7966111/146 [=====================>........] - ETA: 1:08 - loss: 0.4228 - accuracy: 0.7973112/146 [======================>.......] - ETA: 1:06 - loss: 0.4226 - accuracy: 0.7974113/146 [======================>.......] - ETA: 1:04 - loss: 0.4217 - accuracy: 0.7976114/146 [======================>.......] - ETA: 1:02 - loss: 0.4206 - accuracy: 0.7980115/146 [======================>.......] - ETA: 1:00 - loss: 0.4220 - accuracy: 0.7967116/146 [======================>.......] - ETA: 58s - loss: 0.4215 - accuracy: 0.7974 117/146 [=======================>......] - ETA: 56s - loss: 0.4212 - accuracy: 0.7983118/146 [=======================>......] - ETA: 54s - loss: 0.4201 - accuracy: 0.7990119/146 [=======================>......] - ETA: 52s - loss: 0.4188 - accuracy: 0.7999120/146 [=======================>......] - ETA: 50s - loss: 0.4196 - accuracy: 0.7997121/146 [=======================>......] - ETA: 48s - loss: 0.4191 - accuracy: 0.7998122/146 [========================>.....] - ETA: 46s - loss: 0.4213 - accuracy: 0.7994123/146 [========================>.....] - ETA: 44s - loss: 0.4196 - accuracy: 0.8006124/146 [========================>.....] - ETA: 42s - loss: 0.4209 - accuracy: 0.7994125/146 [========================>.....] - ETA: 41s - loss: 0.4192 - accuracy: 0.8005126/146 [========================>.....] - ETA: 39s - loss: 0.4183 - accuracy: 0.8011127/146 [=========================>....] - ETA: 37s - loss: 0.4178 - accuracy: 0.8014128/146 [=========================>....] - ETA: 35s - loss: 0.4175 - accuracy: 0.8020129/146 [=========================>....] - ETA: 33s - loss: 0.4180 - accuracy: 0.8016130/146 [=========================>....] - ETA: 31s - loss: 0.4178 - accuracy: 0.8014131/146 [=========================>....] - ETA: 29s - loss: 0.4177 - accuracy: 0.8015132/146 [==========================>...] - ETA: 27s - loss: 0.4172 - accuracy: 0.8021133/146 [==========================>...] - ETA: 25s - loss: 0.4162 - accuracy: 0.8033134/146 [==========================>...] - ETA: 23s - loss: 0.4162 - accuracy: 0.8036135/146 [==========================>...] - ETA: 21s - loss: 0.4156 - accuracy: 0.8039136/146 [==========================>...] - ETA: 19s - loss: 0.4149 - accuracy: 0.8045137/146 [===========================>..] - ETA: 17s - loss: 0.4144 - accuracy: 0.8054138/146 [===========================>..] - ETA: 15s - loss: 0.4132 - accuracy: 0.8059139/146 [===========================>..] - ETA: 13s - loss: 0.4146 - accuracy: 0.8053140/146 [===========================>..] - ETA: 11s - loss: 0.4152 - accuracy: 0.8049141/146 [===========================>..] - ETA: 9s - loss: 0.4145 - accuracy: 0.8052 142/146 [============================>.] - ETA: 7s - loss: 0.4147 - accuracy: 0.8055143/146 [============================>.] - ETA: 5s - loss: 0.4149 - accuracy: 0.8059144/146 [============================>.] - ETA: 3s - loss: 0.4155 - accuracy: 0.8049145/146 [============================>.] - ETA: 1s - loss: 0.4148 - accuracy: 0.8056146/146 [==============================] - ETA: 0s - loss: 0.4148 - accuracy: 0.8057146/146 [==============================] - 311s 2s/step - loss: 0.4148 - accuracy: 0.8057 - val_loss: 0.3852 - val_accuracy: 0.8218
Epoch 4/108
  1/146 [..............................] - ETA: 4:21 - loss: 0.2903 - accuracy: 0.9375  2/146 [..............................] - ETA: 4:00 - loss: 0.4107 - accuracy: 0.8438  3/146 [..............................] - ETA: 4:10 - loss: 0.4177 - accuracy: 0.8021  4/146 [..............................] - ETA: 4:04 - loss: 0.4114 - accuracy: 0.7969  5/146 [>.............................] - ETA: 4:04 - loss: 0.4681 - accuracy: 0.7812  6/146 [>.............................] - ETA: 4:05 - loss: 0.4448 - accuracy: 0.7917  7/146 [>.............................] - ETA: 4:11 - loss: 0.4150 - accuracy: 0.8036  8/146 [>.............................] - ETA: 4:15 - loss: 0.4020 - accuracy: 0.8047  9/146 [>.............................] - ETA: 4:15 - loss: 0.3960 - accuracy: 0.8021 10/146 [=>............................] - ETA: 4:15 - loss: 0.4068 - accuracy: 0.7969 11/146 [=>............................] - ETA: 4:13 - loss: 0.4201 - accuracy: 0.7955 12/146 [=>............................] - ETA: 4:10 - loss: 0.4264 - accuracy: 0.7969 13/146 [=>............................] - ETA: 4:07 - loss: 0.4140 - accuracy: 0.8029 14/146 [=>............................] - ETA: 4:06 - loss: 0.4179 - accuracy: 0.8013 15/146 [==>...........................] - ETA: 4:04 - loss: 0.4139 - accuracy: 0.8042 16/146 [==>...........................] - ETA: 4:03 - loss: 0.4095 - accuracy: 0.8066 17/146 [==>...........................] - ETA: 4:01 - loss: 0.4042 - accuracy: 0.8088 18/146 [==>...........................] - ETA: 4:00 - loss: 0.3986 - accuracy: 0.8108 19/146 [==>...........................] - ETA: 3:59 - loss: 0.3950 - accuracy: 0.8109 20/146 [===>..........................] - ETA: 3:58 - loss: 0.3937 - accuracy: 0.8141 21/146 [===>..........................] - ETA: 3:57 - loss: 0.3966 - accuracy: 0.8155 22/146 [===>..........................] - ETA: 3:55 - loss: 0.3924 - accuracy: 0.8182 23/146 [===>..........................] - ETA: 3:53 - loss: 0.3977 - accuracy: 0.8152 24/146 [===>..........................] - ETA: 3:49 - loss: 0.3936 - accuracy: 0.8164 25/146 [====>.........................] - ETA: 3:46 - loss: 0.3977 - accuracy: 0.8150 26/146 [====>.........................] - ETA: 3:43 - loss: 0.3946 - accuracy: 0.8185 27/146 [====>.........................] - ETA: 3:40 - loss: 0.3950 - accuracy: 0.8171 28/146 [====>.........................] - ETA: 3:38 - loss: 0.3924 - accuracy: 0.8203 29/146 [====>.........................] - ETA: 3:35 - loss: 0.3977 - accuracy: 0.8211 30/146 [=====>........................] - ETA: 3:33 - loss: 0.3991 - accuracy: 0.8208 31/146 [=====>........................] - ETA: 3:30 - loss: 0.3983 - accuracy: 0.8236 32/146 [=====>........................] - ETA: 3:28 - loss: 0.3957 - accuracy: 0.8242 33/146 [=====>........................] - ETA: 3:26 - loss: 0.3896 - accuracy: 0.8286 34/146 [=====>........................] - ETA: 3:23 - loss: 0.3921 - accuracy: 0.8272 35/146 [======>.......................] - ETA: 3:22 - loss: 0.3926 - accuracy: 0.8286 36/146 [======>.......................] - ETA: 3:21 - loss: 0.3962 - accuracy: 0.8290 37/146 [======>.......................] - ETA: 3:21 - loss: 0.3939 - accuracy: 0.8311 38/146 [======>.......................] - ETA: 3:20 - loss: 0.3889 - accuracy: 0.8347 39/146 [=======>......................] - ETA: 3:19 - loss: 0.3892 - accuracy: 0.8325 40/146 [=======>......................] - ETA: 3:18 - loss: 0.3910 - accuracy: 0.8305 41/146 [=======>......................] - ETA: 3:16 - loss: 0.3914 - accuracy: 0.8285 42/146 [=======>......................] - ETA: 3:15 - loss: 0.3883 - accuracy: 0.8289 43/146 [=======>......................] - ETA: 3:13 - loss: 0.3873 - accuracy: 0.8292 44/146 [========>.....................] - ETA: 3:12 - loss: 0.3861 - accuracy: 0.8295 45/146 [========>.....................] - ETA: 3:10 - loss: 0.3839 - accuracy: 0.8319 46/146 [========>.....................] - ETA: 3:09 - loss: 0.3857 - accuracy: 0.8295 47/146 [========>.....................] - ETA: 3:08 - loss: 0.3868 - accuracy: 0.8271 48/146 [========>.....................] - ETA: 3:06 - loss: 0.3874 - accuracy: 0.8249 49/146 [=========>....................] - ETA: 3:05 - loss: 0.3850 - accuracy: 0.8265 50/146 [=========>....................] - ETA: 3:03 - loss: 0.3853 - accuracy: 0.8275 51/146 [=========>....................] - ETA: 3:02 - loss: 0.3903 - accuracy: 0.8266 52/146 [=========>....................] - ETA: 3:00 - loss: 0.3901 - accuracy: 0.8263 53/146 [=========>....................] - ETA: 2:58 - loss: 0.3926 - accuracy: 0.8261 54/146 [==========>...................] - ETA: 2:56 - loss: 0.3931 - accuracy: 0.8270 55/146 [==========>...................] - ETA: 2:55 - loss: 0.3922 - accuracy: 0.8278 56/146 [==========>...................] - ETA: 2:53 - loss: 0.3907 - accuracy: 0.8287 57/146 [==========>...................] - ETA: 2:51 - loss: 0.3909 - accuracy: 0.8295 58/146 [==========>...................] - ETA: 2:50 - loss: 0.3906 - accuracy: 0.8297 59/146 [===========>..................] - ETA: 2:48 - loss: 0.3904 - accuracy: 0.8305 60/146 [===========>..................] - ETA: 2:46 - loss: 0.3882 - accuracy: 0.8323 61/146 [===========>..................] - ETA: 2:44 - loss: 0.3858 - accuracy: 0.8335 62/146 [===========>..................] - ETA: 2:42 - loss: 0.3851 - accuracy: 0.8332 63/146 [===========>..................] - ETA: 2:40 - loss: 0.3845 - accuracy: 0.8338 64/146 [============>.................] - ETA: 2:39 - loss: 0.3828 - accuracy: 0.8350 65/146 [============>.................] - ETA: 2:37 - loss: 0.3833 - accuracy: 0.8341 66/146 [============>.................] - ETA: 2:35 - loss: 0.3813 - accuracy: 0.8366 67/146 [============>.................] - ETA: 2:34 - loss: 0.3785 - accuracy: 0.8386 68/146 [============>.................] - ETA: 2:32 - loss: 0.3770 - accuracy: 0.8396 69/146 [=============>................] - ETA: 2:30 - loss: 0.3759 - accuracy: 0.8410 70/146 [=============>................] - ETA: 2:28 - loss: 0.3753 - accuracy: 0.8415 71/146 [=============>................] - ETA: 2:26 - loss: 0.3739 - accuracy: 0.8429 72/146 [=============>................] - ETA: 2:24 - loss: 0.3717 - accuracy: 0.8442 73/146 [==============>...............] - ETA: 2:22 - loss: 0.3722 - accuracy: 0.8429 74/146 [==============>...............] - ETA: 2:20 - loss: 0.3718 - accuracy: 0.8425 75/146 [==============>...............] - ETA: 2:19 - loss: 0.3706 - accuracy: 0.8429 76/146 [==============>...............] - ETA: 2:17 - loss: 0.3690 - accuracy: 0.8433 77/146 [==============>...............] - ETA: 2:15 - loss: 0.3682 - accuracy: 0.8438 78/146 [===============>..............] - ETA: 2:13 - loss: 0.3667 - accuracy: 0.8442 79/146 [===============>..............] - ETA: 2:11 - loss: 0.3687 - accuracy: 0.8438 80/146 [===============>..............] - ETA: 2:09 - loss: 0.3684 - accuracy: 0.8449 81/146 [===============>..............] - ETA: 2:07 - loss: 0.3671 - accuracy: 0.8453 82/146 [===============>..............] - ETA: 2:05 - loss: 0.3677 - accuracy: 0.8445 83/146 [================>.............] - ETA: 2:03 - loss: 0.3657 - accuracy: 0.8453 84/146 [================>.............] - ETA: 2:01 - loss: 0.3659 - accuracy: 0.8456 85/146 [================>.............] - ETA: 1:59 - loss: 0.3656 - accuracy: 0.8452 86/146 [================>.............] - ETA: 1:57 - loss: 0.3660 - accuracy: 0.8456 87/146 [================>.............] - ETA: 1:55 - loss: 0.3656 - accuracy: 0.8455 88/146 [=================>............] - ETA: 1:53 - loss: 0.3651 - accuracy: 0.8459 89/146 [=================>............] - ETA: 1:52 - loss: 0.3644 - accuracy: 0.8459 90/146 [=================>............] - ETA: 1:49 - loss: 0.3640 - accuracy: 0.8455 91/146 [=================>............] - ETA: 1:48 - loss: 0.3624 - accuracy: 0.8465 92/146 [=================>............] - ETA: 1:46 - loss: 0.3602 - accuracy: 0.8478 93/146 [==================>...........] - ETA: 1:44 - loss: 0.3606 - accuracy: 0.8478 94/146 [==================>...........] - ETA: 1:42 - loss: 0.3589 - accuracy: 0.8491 95/146 [==================>...........] - ETA: 1:40 - loss: 0.3579 - accuracy: 0.8497 96/146 [==================>...........] - ETA: 1:38 - loss: 0.3587 - accuracy: 0.8496 97/146 [==================>...........] - ETA: 1:36 - loss: 0.3589 - accuracy: 0.8492 98/146 [===================>..........] - ETA: 1:34 - loss: 0.3585 - accuracy: 0.8495 99/146 [===================>..........] - ETA: 1:32 - loss: 0.3572 - accuracy: 0.8501100/146 [===================>..........] - ETA: 1:30 - loss: 0.3565 - accuracy: 0.8509101/146 [===================>..........] - ETA: 1:28 - loss: 0.3564 - accuracy: 0.8515102/146 [===================>..........] - ETA: 1:26 - loss: 0.3559 - accuracy: 0.8517103/146 [====================>.........] - ETA: 1:24 - loss: 0.3561 - accuracy: 0.8513104/146 [====================>.........] - ETA: 1:22 - loss: 0.3560 - accuracy: 0.8513105/146 [====================>.........] - ETA: 1:20 - loss: 0.3550 - accuracy: 0.8521106/146 [====================>.........] - ETA: 1:18 - loss: 0.3561 - accuracy: 0.8517107/146 [====================>.........] - ETA: 1:16 - loss: 0.3547 - accuracy: 0.8525108/146 [=====================>........] - ETA: 1:14 - loss: 0.3543 - accuracy: 0.8530109/146 [=====================>........] - ETA: 1:12 - loss: 0.3549 - accuracy: 0.8524110/146 [=====================>........] - ETA: 1:10 - loss: 0.3535 - accuracy: 0.8534111/146 [=====================>........] - ETA: 1:08 - loss: 0.3546 - accuracy: 0.8530112/146 [======================>.......] - ETA: 1:06 - loss: 0.3558 - accuracy: 0.8530113/146 [======================>.......] - ETA: 1:04 - loss: 0.3563 - accuracy: 0.8529114/146 [======================>.......] - ETA: 1:02 - loss: 0.3550 - accuracy: 0.8533115/146 [======================>.......] - ETA: 1:00 - loss: 0.3542 - accuracy: 0.8538116/146 [======================>.......] - ETA: 58s - loss: 0.3542 - accuracy: 0.8532 117/146 [=======================>......] - ETA: 56s - loss: 0.3533 - accuracy: 0.8539118/146 [=======================>......] - ETA: 54s - loss: 0.3541 - accuracy: 0.8535119/146 [=======================>......] - ETA: 52s - loss: 0.3541 - accuracy: 0.8532120/146 [=======================>......] - ETA: 50s - loss: 0.3540 - accuracy: 0.8536121/146 [=======================>......] - ETA: 48s - loss: 0.3542 - accuracy: 0.8536122/146 [========================>.....] - ETA: 46s - loss: 0.3538 - accuracy: 0.8532123/146 [========================>.....] - ETA: 44s - loss: 0.3545 - accuracy: 0.8526124/146 [========================>.....] - ETA: 43s - loss: 0.3544 - accuracy: 0.8528125/146 [========================>.....] - ETA: 41s - loss: 0.3535 - accuracy: 0.8533126/146 [========================>.....] - ETA: 39s - loss: 0.3542 - accuracy: 0.8532127/146 [=========================>....] - ETA: 37s - loss: 0.3544 - accuracy: 0.8531128/146 [=========================>....] - ETA: 35s - loss: 0.3555 - accuracy: 0.8525129/146 [=========================>....] - ETA: 33s - loss: 0.3566 - accuracy: 0.8520130/146 [=========================>....] - ETA: 31s - loss: 0.3559 - accuracy: 0.8529131/146 [=========================>....] - ETA: 29s - loss: 0.3549 - accuracy: 0.8535132/146 [==========================>...] - ETA: 27s - loss: 0.3549 - accuracy: 0.8532133/146 [==========================>...] - ETA: 25s - loss: 0.3563 - accuracy: 0.8529134/146 [==========================>...] - ETA: 23s - loss: 0.3571 - accuracy: 0.8528135/146 [==========================>...] - ETA: 21s - loss: 0.3567 - accuracy: 0.8528136/146 [==========================>...] - ETA: 19s - loss: 0.3563 - accuracy: 0.8536137/146 [===========================>..] - ETA: 17s - loss: 0.3553 - accuracy: 0.8540138/146 [===========================>..] - ETA: 15s - loss: 0.3551 - accuracy: 0.8542139/146 [===========================>..] - ETA: 13s - loss: 0.3564 - accuracy: 0.8530140/146 [===========================>..] - ETA: 11s - loss: 0.3561 - accuracy: 0.8529141/146 [===========================>..] - ETA: 9s - loss: 0.3569 - accuracy: 0.8524 142/146 [============================>.] - ETA: 7s - loss: 0.3566 - accuracy: 0.8526143/146 [============================>.] - ETA: 5s - loss: 0.3565 - accuracy: 0.8523144/146 [============================>.] - ETA: 3s - loss: 0.3566 - accuracy: 0.8520145/146 [============================>.] - ETA: 1s - loss: 0.3560 - accuracy: 0.8524146/146 [==============================] - ETA: 0s - loss: 0.3560 - accuracy: 0.8524146/146 [==============================] - 307s 2s/step - loss: 0.3560 - accuracy: 0.8524 - val_loss: 0.3668 - val_accuracy: 0.8435
Epoch 5/108
  1/146 [..............................] - ETA: 4:22 - loss: 0.3132 - accuracy: 0.9062  2/146 [..............................] - ETA: 3:54 - loss: 0.3070 - accuracy: 0.8750  3/146 [..............................] - ETA: 3:43 - loss: 0.3312 - accuracy: 0.8646  4/146 [..............................] - ETA: 3:53 - loss: 0.3316 - accuracy: 0.8750  5/146 [>.............................] - ETA: 4:11 - loss: 0.3147 - accuracy: 0.8875  6/146 [>.............................] - ETA: 4:19 - loss: 0.3051 - accuracy: 0.8854  7/146 [>.............................] - ETA: 4:21 - loss: 0.3132 - accuracy: 0.8795  8/146 [>.............................] - ETA: 4:23 - loss: 0.2963 - accuracy: 0.8867  9/146 [>.............................] - ETA: 4:23 - loss: 0.2802 - accuracy: 0.8958 10/146 [=>............................] - ETA: 4:22 - loss: 0.2661 - accuracy: 0.9031 11/146 [=>............................] - ETA: 4:21 - loss: 0.2775 - accuracy: 0.8977 12/146 [=>............................] - ETA: 4:21 - loss: 0.2907 - accuracy: 0.8932 13/146 [=>............................] - ETA: 4:19 - loss: 0.2866 - accuracy: 0.8942 14/146 [=>............................] - ETA: 4:20 - loss: 0.2871 - accuracy: 0.8929 15/146 [==>...........................] - ETA: 4:19 - loss: 0.2759 - accuracy: 0.8979 16/146 [==>...........................] - ETA: 4:18 - loss: 0.2749 - accuracy: 0.8984 17/146 [==>...........................] - ETA: 4:15 - loss: 0.2955 - accuracy: 0.8915 18/146 [==>...........................] - ETA: 4:14 - loss: 0.3092 - accuracy: 0.8854 19/146 [==>...........................] - ETA: 4:13 - loss: 0.3097 - accuracy: 0.8832 20/146 [===>..........................] - ETA: 4:11 - loss: 0.3092 - accuracy: 0.8859 21/146 [===>..........................] - ETA: 4:09 - loss: 0.3151 - accuracy: 0.8854 22/146 [===>..........................] - ETA: 4:07 - loss: 0.3118 - accuracy: 0.8849 23/146 [===>..........................] - ETA: 4:05 - loss: 0.3070 - accuracy: 0.8859 24/146 [===>..........................] - ETA: 4:03 - loss: 0.3084 - accuracy: 0.8841 25/146 [====>.........................] - ETA: 4:02 - loss: 0.3055 - accuracy: 0.8838 26/146 [====>.........................] - ETA: 4:01 - loss: 0.3114 - accuracy: 0.8834 27/146 [====>.........................] - ETA: 3:59 - loss: 0.3111 - accuracy: 0.8831 28/146 [====>.........................] - ETA: 3:57 - loss: 0.3143 - accuracy: 0.8817 29/146 [====>.........................] - ETA: 3:55 - loss: 0.3097 - accuracy: 0.8847 30/146 [=====>........................] - ETA: 3:53 - loss: 0.3123 - accuracy: 0.8813 31/146 [=====>........................] - ETA: 3:52 - loss: 0.3096 - accuracy: 0.8821 32/146 [=====>........................] - ETA: 3:50 - loss: 0.3093 - accuracy: 0.8799 33/146 [=====>........................] - ETA: 3:49 - loss: 0.3097 - accuracy: 0.8797 34/146 [=====>........................] - ETA: 3:47 - loss: 0.3159 - accuracy: 0.8768 35/146 [======>.......................] - ETA: 3:45 - loss: 0.3176 - accuracy: 0.8732 36/146 [======>.......................] - ETA: 3:43 - loss: 0.3195 - accuracy: 0.8689 37/146 [======>.......................] - ETA: 3:42 - loss: 0.3197 - accuracy: 0.8682 38/146 [======>.......................] - ETA: 3:40 - loss: 0.3218 - accuracy: 0.8668 39/146 [=======>......................] - ETA: 3:38 - loss: 0.3208 - accuracy: 0.8678 40/146 [=======>......................] - ETA: 3:36 - loss: 0.3232 - accuracy: 0.8664 41/146 [=======>......................] - ETA: 3:34 - loss: 0.3218 - accuracy: 0.8666 42/146 [=======>......................] - ETA: 3:32 - loss: 0.3225 - accuracy: 0.8653 43/146 [=======>......................] - ETA: 3:30 - loss: 0.3231 - accuracy: 0.8648 44/146 [========>.....................] - ETA: 3:29 - loss: 0.3208 - accuracy: 0.8665 45/146 [========>.....................] - ETA: 3:27 - loss: 0.3199 - accuracy: 0.8681 46/146 [========>.....................] - ETA: 3:25 - loss: 0.3223 - accuracy: 0.8668 47/146 [========>.....................] - ETA: 3:22 - loss: 0.3256 - accuracy: 0.8657 48/146 [========>.....................] - ETA: 3:20 - loss: 0.3278 - accuracy: 0.8652 49/146 [=========>....................] - ETA: 3:17 - loss: 0.3284 - accuracy: 0.8648 50/146 [=========>....................] - ETA: 3:15 - loss: 0.3275 - accuracy: 0.8650 51/146 [=========>....................] - ETA: 3:13 - loss: 0.3274 - accuracy: 0.8646 52/146 [=========>....................] - ETA: 3:10 - loss: 0.3276 - accuracy: 0.8654 53/146 [=========>....................] - ETA: 3:08 - loss: 0.3285 - accuracy: 0.8644 54/146 [==========>...................] - ETA: 3:06 - loss: 0.3275 - accuracy: 0.8634 55/146 [==========>...................] - ETA: 3:04 - loss: 0.3265 - accuracy: 0.8642 56/146 [==========>...................] - ETA: 3:02 - loss: 0.3274 - accuracy: 0.8644 57/146 [==========>...................] - ETA: 3:00 - loss: 0.3274 - accuracy: 0.8640 58/146 [==========>...................] - ETA: 2:58 - loss: 0.3276 - accuracy: 0.8642 59/146 [===========>..................] - ETA: 2:56 - loss: 0.3257 - accuracy: 0.8660 60/146 [===========>..................] - ETA: 2:54 - loss: 0.3270 - accuracy: 0.8646 61/146 [===========>..................] - ETA: 2:52 - loss: 0.3260 - accuracy: 0.8658 62/146 [===========>..................] - ETA: 2:50 - loss: 0.3267 - accuracy: 0.8649 63/146 [===========>..................] - ETA: 2:48 - loss: 0.3264 - accuracy: 0.8641 64/146 [============>.................] - ETA: 2:46 - loss: 0.3274 - accuracy: 0.8633 65/146 [============>.................] - ETA: 2:44 - loss: 0.3257 - accuracy: 0.8644 66/146 [============>.................] - ETA: 2:42 - loss: 0.3257 - accuracy: 0.8646 67/146 [============>.................] - ETA: 2:40 - loss: 0.3238 - accuracy: 0.8657 68/146 [============>.................] - ETA: 2:38 - loss: 0.3208 - accuracy: 0.8667 69/146 [=============>................] - ETA: 2:36 - loss: 0.3201 - accuracy: 0.8668 70/146 [=============>................] - ETA: 2:34 - loss: 0.3187 - accuracy: 0.8670 71/146 [=============>................] - ETA: 2:31 - loss: 0.3177 - accuracy: 0.8675 72/146 [=============>................] - ETA: 2:29 - loss: 0.3159 - accuracy: 0.8685 73/146 [==============>...............] - ETA: 2:27 - loss: 0.3165 - accuracy: 0.8690 74/146 [==============>...............] - ETA: 2:25 - loss: 0.3158 - accuracy: 0.8699 75/146 [==============>...............] - ETA: 2:23 - loss: 0.3166 - accuracy: 0.8692 76/146 [==============>...............] - ETA: 2:20 - loss: 0.3149 - accuracy: 0.8701 77/146 [==============>...............] - ETA: 2:18 - loss: 0.3132 - accuracy: 0.8705 78/146 [===============>..............] - ETA: 2:16 - loss: 0.3113 - accuracy: 0.8714 79/146 [===============>..............] - ETA: 2:14 - loss: 0.3104 - accuracy: 0.8718 80/146 [===============>..............] - ETA: 2:12 - loss: 0.3110 - accuracy: 0.8719 81/146 [===============>..............] - ETA: 2:10 - loss: 0.3104 - accuracy: 0.8719 82/146 [===============>..............] - ETA: 2:07 - loss: 0.3112 - accuracy: 0.8720 83/146 [================>.............] - ETA: 2:05 - loss: 0.3141 - accuracy: 0.8716 84/146 [================>.............] - ETA: 2:03 - loss: 0.3171 - accuracy: 0.8713 85/146 [================>.............] - ETA: 2:01 - loss: 0.3168 - accuracy: 0.8713 86/146 [================>.............] - ETA: 1:59 - loss: 0.3156 - accuracy: 0.8717 87/146 [================>.............] - ETA: 1:57 - loss: 0.3153 - accuracy: 0.8718 88/146 [=================>............] - ETA: 1:55 - loss: 0.3162 - accuracy: 0.8707 89/146 [=================>............] - ETA: 1:53 - loss: 0.3156 - accuracy: 0.8708 90/146 [=================>............] - ETA: 1:51 - loss: 0.3161 - accuracy: 0.8705 91/146 [=================>............] - ETA: 1:49 - loss: 0.3156 - accuracy: 0.8702 92/146 [=================>............] - ETA: 1:47 - loss: 0.3158 - accuracy: 0.8699 93/146 [==================>...........] - ETA: 1:46 - loss: 0.3161 - accuracy: 0.8696 94/146 [==================>...........] - ETA: 1:44 - loss: 0.3162 - accuracy: 0.8690 95/146 [==================>...........] - ETA: 1:42 - loss: 0.3163 - accuracy: 0.8691 96/146 [==================>...........] - ETA: 1:40 - loss: 0.3165 - accuracy: 0.8691 97/146 [==================>...........] - ETA: 1:38 - loss: 0.3153 - accuracy: 0.8698 98/146 [===================>..........] - ETA: 1:36 - loss: 0.3156 - accuracy: 0.8699 99/146 [===================>..........] - ETA: 1:34 - loss: 0.3145 - accuracy: 0.8706100/146 [===================>..........] - ETA: 1:32 - loss: 0.3138 - accuracy: 0.8712101/146 [===================>..........] - ETA: 1:30 - loss: 0.3137 - accuracy: 0.8713102/146 [===================>..........] - ETA: 1:28 - loss: 0.3125 - accuracy: 0.8716103/146 [====================>.........] - ETA: 1:26 - loss: 0.3117 - accuracy: 0.8726104/146 [====================>.........] - ETA: 1:24 - loss: 0.3116 - accuracy: 0.8726105/146 [====================>.........] - ETA: 1:22 - loss: 0.3124 - accuracy: 0.8723106/146 [====================>.........] - ETA: 1:20 - loss: 0.3115 - accuracy: 0.8726107/146 [====================>.........] - ETA: 1:18 - loss: 0.3123 - accuracy: 0.8721108/146 [=====================>........] - ETA: 1:16 - loss: 0.3110 - accuracy: 0.8730109/146 [=====================>........] - ETA: 1:14 - loss: 0.3111 - accuracy: 0.8727110/146 [=====================>........] - ETA: 1:12 - loss: 0.3115 - accuracy: 0.8719111/146 [=====================>........] - ETA: 1:10 - loss: 0.3119 - accuracy: 0.8722112/146 [======================>.......] - ETA: 1:08 - loss: 0.3119 - accuracy: 0.8719113/146 [======================>.......] - ETA: 1:06 - loss: 0.3110 - accuracy: 0.8722114/146 [======================>.......] - ETA: 1:04 - loss: 0.3099 - accuracy: 0.8728115/146 [======================>.......] - ETA: 1:02 - loss: 0.3102 - accuracy: 0.8728116/146 [======================>.......] - ETA: 1:00 - loss: 0.3088 - accuracy: 0.8737117/146 [=======================>......] - ETA: 58s - loss: 0.3092 - accuracy: 0.8734 118/146 [=======================>......] - ETA: 56s - loss: 0.3099 - accuracy: 0.8731119/146 [=======================>......] - ETA: 54s - loss: 0.3093 - accuracy: 0.8734120/146 [=======================>......] - ETA: 52s - loss: 0.3096 - accuracy: 0.8737121/146 [=======================>......] - ETA: 50s - loss: 0.3092 - accuracy: 0.8737122/146 [========================>.....] - ETA: 48s - loss: 0.3090 - accuracy: 0.8737123/146 [========================>.....] - ETA: 46s - loss: 0.3082 - accuracy: 0.8742124/146 [========================>.....] - ETA: 44s - loss: 0.3077 - accuracy: 0.8745125/146 [========================>.....] - ETA: 41s - loss: 0.3075 - accuracy: 0.8748126/146 [========================>.....] - ETA: 39s - loss: 0.3078 - accuracy: 0.8745127/146 [=========================>....] - ETA: 37s - loss: 0.3081 - accuracy: 0.8743128/146 [=========================>....] - ETA: 35s - loss: 0.3072 - accuracy: 0.8748129/146 [=========================>....] - ETA: 33s - loss: 0.3091 - accuracy: 0.8748130/146 [=========================>....] - ETA: 31s - loss: 0.3095 - accuracy: 0.8743131/146 [=========================>....] - ETA: 29s - loss: 0.3111 - accuracy: 0.8738132/146 [==========================>...] - ETA: 27s - loss: 0.3108 - accuracy: 0.8736133/146 [==========================>...] - ETA: 25s - loss: 0.3114 - accuracy: 0.8731134/146 [==========================>...] - ETA: 23s - loss: 0.3100 - accuracy: 0.8738135/146 [==========================>...] - ETA: 21s - loss: 0.3117 - accuracy: 0.8727136/146 [==========================>...] - ETA: 19s - loss: 0.3119 - accuracy: 0.8729137/146 [===========================>..] - ETA: 17s - loss: 0.3110 - accuracy: 0.8734138/146 [===========================>..] - ETA: 15s - loss: 0.3115 - accuracy: 0.8734139/146 [===========================>..] - ETA: 13s - loss: 0.3112 - accuracy: 0.8732140/146 [===========================>..] - ETA: 11s - loss: 0.3099 - accuracy: 0.8737141/146 [===========================>..] - ETA: 9s - loss: 0.3093 - accuracy: 0.8741 142/146 [============================>.] - ETA: 7s - loss: 0.3092 - accuracy: 0.8741143/146 [============================>.] - ETA: 5s - loss: 0.3084 - accuracy: 0.8746144/146 [============================>.] - ETA: 3s - loss: 0.3078 - accuracy: 0.8752145/146 [============================>.] - ETA: 1s - loss: 0.3080 - accuracy: 0.8752146/146 [==============================] - ETA: 0s - loss: 0.3079 - accuracy: 0.8753146/146 [==============================] - 328s 2s/step - loss: 0.3079 - accuracy: 0.8753 - val_loss: 0.3101 - val_accuracy: 0.8796
Epoch 6/108
  1/146 [..............................] - ETA: 5:11 - loss: 0.2846 - accuracy: 0.8750  2/146 [..............................] - ETA: 5:09 - loss: 0.2322 - accuracy: 0.9219  3/146 [..............................] - ETA: 5:06 - loss: 0.2622 - accuracy: 0.9062  4/146 [..............................] - ETA: 4:57 - loss: 0.2308 - accuracy: 0.9219  5/146 [>.............................] - ETA: 4:55 - loss: 0.2860 - accuracy: 0.8875  6/146 [>.............................] - ETA: 4:53 - loss: 0.3086 - accuracy: 0.8854  7/146 [>.............................] - ETA: 4:49 - loss: 0.3022 - accuracy: 0.8884  8/146 [>.............................] - ETA: 4:49 - loss: 0.2978 - accuracy: 0.8867  9/146 [>.............................] - ETA: 4:47 - loss: 0.2987 - accuracy: 0.8889 10/146 [=>............................] - ETA: 4:46 - loss: 0.2883 - accuracy: 0.8938 11/146 [=>............................] - ETA: 4:42 - loss: 0.2877 - accuracy: 0.8949 12/146 [=>............................] - ETA: 4:39 - loss: 0.2801 - accuracy: 0.8958 13/146 [=>............................] - ETA: 4:37 - loss: 0.2895 - accuracy: 0.8942 14/146 [=>............................] - ETA: 4:36 - loss: 0.2911 - accuracy: 0.8929 15/146 [==>...........................] - ETA: 4:35 - loss: 0.2869 - accuracy: 0.8938 16/146 [==>...........................] - ETA: 4:32 - loss: 0.2856 - accuracy: 0.8945 17/146 [==>...........................] - ETA: 4:29 - loss: 0.2835 - accuracy: 0.8934 18/146 [==>...........................] - ETA: 4:27 - loss: 0.2860 - accuracy: 0.8924 19/146 [==>...........................] - ETA: 4:24 - loss: 0.2923 - accuracy: 0.8882 20/146 [===>..........................] - ETA: 4:20 - loss: 0.2908 - accuracy: 0.8891 21/146 [===>..........................] - ETA: 4:18 - loss: 0.2881 - accuracy: 0.8899 22/146 [===>..........................] - ETA: 4:15 - loss: 0.2852 - accuracy: 0.8906 23/146 [===>..........................] - ETA: 4:14 - loss: 0.2871 - accuracy: 0.8886 24/146 [===>..........................] - ETA: 4:11 - loss: 0.2867 - accuracy: 0.8893 25/146 [====>.........................] - ETA: 4:09 - loss: 0.2855 - accuracy: 0.8900 26/146 [====>.........................] - ETA: 4:07 - loss: 0.2909 - accuracy: 0.8882 27/146 [====>.........................] - ETA: 4:05 - loss: 0.2870 - accuracy: 0.8900 28/146 [====>.........................] - ETA: 4:03 - loss: 0.2834 - accuracy: 0.8917 29/146 [====>.........................] - ETA: 4:00 - loss: 0.2831 - accuracy: 0.8912 30/146 [=====>........................] - ETA: 3:58 - loss: 0.2825 - accuracy: 0.8906 31/146 [=====>........................] - ETA: 3:56 - loss: 0.2829 - accuracy: 0.8901 32/146 [=====>........................] - ETA: 3:53 - loss: 0.2842 - accuracy: 0.8887 33/146 [=====>........................] - ETA: 3:51 - loss: 0.2825 - accuracy: 0.8902 34/146 [=====>........................] - ETA: 3:48 - loss: 0.2895 - accuracy: 0.8869 35/146 [======>.......................] - ETA: 3:46 - loss: 0.2923 - accuracy: 0.8866 36/146 [======>.......................] - ETA: 3:44 - loss: 0.2897 - accuracy: 0.8872 37/146 [======>.......................] - ETA: 3:42 - loss: 0.2854 - accuracy: 0.8902 38/146 [======>.......................] - ETA: 3:39 - loss: 0.2827 - accuracy: 0.8914 39/146 [=======>......................] - ETA: 3:37 - loss: 0.2810 - accuracy: 0.8926 40/146 [=======>......................] - ETA: 3:34 - loss: 0.2810 - accuracy: 0.8930 41/146 [=======>......................] - ETA: 3:32 - loss: 0.2807 - accuracy: 0.8925 42/146 [=======>......................] - ETA: 3:30 - loss: 0.2885 - accuracy: 0.8906 43/146 [=======>......................] - ETA: 3:27 - loss: 0.2919 - accuracy: 0.8888 44/146 [========>.....................] - ETA: 3:25 - loss: 0.2930 - accuracy: 0.8892 45/146 [========>.....................] - ETA: 3:23 - loss: 0.2960 - accuracy: 0.8882 46/146 [========>.....................] - ETA: 3:21 - loss: 0.2932 - accuracy: 0.8893 47/146 [========>.....................] - ETA: 3:19 - loss: 0.2916 - accuracy: 0.8896 48/146 [========>.....................] - ETA: 3:17 - loss: 0.2915 - accuracy: 0.8900 49/146 [=========>....................] - ETA: 3:15 - loss: 0.2884 - accuracy: 0.8916 50/146 [=========>....................] - ETA: 3:13 - loss: 0.2873 - accuracy: 0.8913 51/146 [=========>....................] - ETA: 3:11 - loss: 0.2868 - accuracy: 0.8909 52/146 [=========>....................] - ETA: 3:09 - loss: 0.2871 - accuracy: 0.8906 53/146 [=========>....................] - ETA: 3:07 - loss: 0.2910 - accuracy: 0.8892 54/146 [==========>...................] - ETA: 3:05 - loss: 0.2933 - accuracy: 0.8883 55/146 [==========>...................] - ETA: 3:04 - loss: 0.2925 - accuracy: 0.8892 56/146 [==========>...................] - ETA: 3:02 - loss: 0.2923 - accuracy: 0.8884 57/146 [==========>...................] - ETA: 2:59 - loss: 0.2930 - accuracy: 0.8887 58/146 [==========>...................] - ETA: 2:57 - loss: 0.2913 - accuracy: 0.8895 59/146 [===========>..................] - ETA: 2:55 - loss: 0.2938 - accuracy: 0.8888 60/146 [===========>..................] - ETA: 2:53 - loss: 0.2947 - accuracy: 0.8875 61/146 [===========>..................] - ETA: 2:52 - loss: 0.2962 - accuracy: 0.8863 62/146 [===========>..................] - ETA: 2:49 - loss: 0.2961 - accuracy: 0.8861 63/146 [===========>..................] - ETA: 2:47 - loss: 0.2972 - accuracy: 0.8849 64/146 [============>.................] - ETA: 2:45 - loss: 0.2976 - accuracy: 0.8853 65/146 [============>.................] - ETA: 2:44 - loss: 0.2975 - accuracy: 0.8846 66/146 [============>.................] - ETA: 2:42 - loss: 0.2965 - accuracy: 0.8854 67/146 [============>.................] - ETA: 2:40 - loss: 0.2959 - accuracy: 0.8867 68/146 [============>.................] - ETA: 2:38 - loss: 0.2940 - accuracy: 0.8879 69/146 [=============>................] - ETA: 2:36 - loss: 0.2960 - accuracy: 0.8863 70/146 [=============>................] - ETA: 2:34 - loss: 0.2979 - accuracy: 0.8857 71/146 [=============>................] - ETA: 2:32 - loss: 0.2988 - accuracy: 0.8860 72/146 [=============>................] - ETA: 2:30 - loss: 0.2989 - accuracy: 0.8859 73/146 [==============>...............] - ETA: 2:28 - loss: 0.2983 - accuracy: 0.8857 74/146 [==============>...............] - ETA: 2:26 - loss: 0.2978 - accuracy: 0.8856 75/146 [==============>...............] - ETA: 2:24 - loss: 0.2978 - accuracy: 0.8858 76/146 [==============>...............] - ETA: 2:22 - loss: 0.2973 - accuracy: 0.8861 77/146 [==============>...............] - ETA: 2:20 - loss: 0.2962 - accuracy: 0.8860 78/146 [===============>..............] - ETA: 2:18 - loss: 0.2952 - accuracy: 0.8866 79/146 [===============>..............] - ETA: 2:16 - loss: 0.2952 - accuracy: 0.8865 80/146 [===============>..............] - ETA: 2:14 - loss: 0.2956 - accuracy: 0.8855 81/146 [===============>..............] - ETA: 2:11 - loss: 0.2968 - accuracy: 0.8850 82/146 [===============>..............] - ETA: 2:09 - loss: 0.2959 - accuracy: 0.8857 83/146 [================>.............] - ETA: 2:07 - loss: 0.2967 - accuracy: 0.8855 84/146 [================>.............] - ETA: 2:05 - loss: 0.2946 - accuracy: 0.8865 85/146 [================>.............] - ETA: 2:03 - loss: 0.2942 - accuracy: 0.8868 86/146 [================>.............] - ETA: 2:00 - loss: 0.2951 - accuracy: 0.8866 87/146 [================>.............] - ETA: 1:58 - loss: 0.2954 - accuracy: 0.8865 88/146 [=================>............] - ETA: 1:56 - loss: 0.2965 - accuracy: 0.8867 89/146 [=================>............] - ETA: 1:54 - loss: 0.2943 - accuracy: 0.8880 90/146 [=================>............] - ETA: 1:52 - loss: 0.2949 - accuracy: 0.8875 91/146 [=================>............] - ETA: 1:50 - loss: 0.2953 - accuracy: 0.8877 92/146 [=================>............] - ETA: 1:48 - loss: 0.2955 - accuracy: 0.8882 93/146 [==================>...........] - ETA: 1:45 - loss: 0.2954 - accuracy: 0.8888 94/146 [==================>...........] - ETA: 1:43 - loss: 0.2953 - accuracy: 0.8890 95/146 [==================>...........] - ETA: 1:41 - loss: 0.2940 - accuracy: 0.8895 96/146 [==================>...........] - ETA: 1:39 - loss: 0.2930 - accuracy: 0.8903 97/146 [==================>...........] - ETA: 1:37 - loss: 0.2922 - accuracy: 0.8905 98/146 [===================>..........] - ETA: 1:35 - loss: 0.2914 - accuracy: 0.8909 99/146 [===================>..........] - ETA: 1:33 - loss: 0.2898 - accuracy: 0.8917100/146 [===================>..........] - ETA: 1:31 - loss: 0.2923 - accuracy: 0.8909101/146 [===================>..........] - ETA: 1:29 - loss: 0.2920 - accuracy: 0.8905102/146 [===================>..........] - ETA: 1:27 - loss: 0.2902 - accuracy: 0.8912103/146 [====================>.........] - ETA: 1:25 - loss: 0.2903 - accuracy: 0.8905104/146 [====================>.........] - ETA: 1:23 - loss: 0.2907 - accuracy: 0.8903105/146 [====================>.........] - ETA: 1:21 - loss: 0.2892 - accuracy: 0.8911106/146 [====================>.........] - ETA: 1:19 - loss: 0.2885 - accuracy: 0.8906107/146 [====================>.........] - ETA: 1:17 - loss: 0.2895 - accuracy: 0.8905108/146 [=====================>........] - ETA: 1:15 - loss: 0.2890 - accuracy: 0.8909109/146 [=====================>........] - ETA: 1:13 - loss: 0.2900 - accuracy: 0.8902110/146 [=====================>........] - ETA: 1:11 - loss: 0.2902 - accuracy: 0.8903111/146 [=====================>........] - ETA: 1:09 - loss: 0.2904 - accuracy: 0.8905112/146 [======================>.......] - ETA: 1:07 - loss: 0.2896 - accuracy: 0.8909113/146 [======================>.......] - ETA: 1:05 - loss: 0.2904 - accuracy: 0.8905114/146 [======================>.......] - ETA: 1:04 - loss: 0.2919 - accuracy: 0.8893115/146 [======================>.......] - ETA: 1:02 - loss: 0.2911 - accuracy: 0.8897116/146 [======================>.......] - ETA: 1:00 - loss: 0.2916 - accuracy: 0.8893117/146 [=======================>......] - ETA: 58s - loss: 0.2915 - accuracy: 0.8889 118/146 [=======================>......] - ETA: 56s - loss: 0.2907 - accuracy: 0.8890119/146 [=======================>......] - ETA: 54s - loss: 0.2914 - accuracy: 0.8889120/146 [=======================>......] - ETA: 52s - loss: 0.2907 - accuracy: 0.8891121/146 [=======================>......] - ETA: 50s - loss: 0.2905 - accuracy: 0.8889122/146 [========================>.....] - ETA: 48s - loss: 0.2892 - accuracy: 0.8893123/146 [========================>.....] - ETA: 46s - loss: 0.2889 - accuracy: 0.8892124/146 [========================>.....] - ETA: 44s - loss: 0.2896 - accuracy: 0.8886125/146 [========================>.....] - ETA: 42s - loss: 0.2916 - accuracy: 0.8878126/146 [========================>.....] - ETA: 40s - loss: 0.2909 - accuracy: 0.8881127/146 [=========================>....] - ETA: 38s - loss: 0.2912 - accuracy: 0.8880128/146 [=========================>....] - ETA: 36s - loss: 0.2914 - accuracy: 0.8879129/146 [=========================>....] - ETA: 34s - loss: 0.2922 - accuracy: 0.8878130/146 [=========================>....] - ETA: 32s - loss: 0.2911 - accuracy: 0.8882131/146 [=========================>....] - ETA: 30s - loss: 0.2929 - accuracy: 0.8874132/146 [==========================>...] - ETA: 28s - loss: 0.2935 - accuracy: 0.8871133/146 [==========================>...] - ETA: 26s - loss: 0.2941 - accuracy: 0.8870134/146 [==========================>...] - ETA: 24s - loss: 0.2949 - accuracy: 0.8864135/146 [==========================>...] - ETA: 22s - loss: 0.2947 - accuracy: 0.8866136/146 [==========================>...] - ETA: 20s - loss: 0.2954 - accuracy: 0.8860137/146 [===========================>..] - ETA: 18s - loss: 0.2960 - accuracy: 0.8855138/146 [===========================>..] - ETA: 16s - loss: 0.2964 - accuracy: 0.8850139/146 [===========================>..] - ETA: 14s - loss: 0.2961 - accuracy: 0.8853140/146 [===========================>..] - ETA: 12s - loss: 0.2952 - accuracy: 0.8859141/146 [===========================>..] - ETA: 10s - loss: 0.2947 - accuracy: 0.8861142/146 [============================>.] - ETA: 8s - loss: 0.2949 - accuracy: 0.8860 143/146 [============================>.] - ETA: 6s - loss: 0.2947 - accuracy: 0.8861144/146 [============================>.] - ETA: 4s - loss: 0.2952 - accuracy: 0.8861145/146 [============================>.] - ETA: 2s - loss: 0.2956 - accuracy: 0.8858146/146 [==============================] - ETA: 0s - loss: 0.2955 - accuracy: 0.8858146/146 [==============================] - 332s 2s/step - loss: 0.2955 - accuracy: 0.8858 - val_loss: 0.3570 - val_accuracy: 0.8459
Epoch 7/108
  1/146 [..............................] - ETA: 5:10 - loss: 0.2390 - accuracy: 0.9062  2/146 [..............................] - ETA: 4:19 - loss: 0.3088 - accuracy: 0.8750  3/146 [..............................] - ETA: 4:29 - loss: 0.3187 - accuracy: 0.8750  4/146 [..............................] - ETA: 4:28 - loss: 0.2899 - accuracy: 0.8984  5/146 [>.............................] - ETA: 4:19 - loss: 0.2909 - accuracy: 0.8938  6/146 [>.............................] - ETA: 4:23 - loss: 0.2946 - accuracy: 0.8906  7/146 [>.............................] - ETA: 4:24 - loss: 0.3085 - accuracy: 0.8884  8/146 [>.............................] - ETA: 4:28 - loss: 0.2928 - accuracy: 0.8906  9/146 [>.............................] - ETA: 4:29 - loss: 0.2949 - accuracy: 0.8889 10/146 [=>............................] - ETA: 4:29 - loss: 0.3091 - accuracy: 0.8781 11/146 [=>............................] - ETA: 4:30 - loss: 0.2988 - accuracy: 0.8835 12/146 [=>............................] - ETA: 4:29 - loss: 0.3018 - accuracy: 0.8802 13/146 [=>............................] - ETA: 4:29 - loss: 0.2968 - accuracy: 0.8822 14/146 [=>............................] - ETA: 4:27 - loss: 0.2896 - accuracy: 0.8862 15/146 [==>...........................] - ETA: 4:25 - loss: 0.2901 - accuracy: 0.8854 16/146 [==>...........................] - ETA: 4:23 - loss: 0.2820 - accuracy: 0.8906 17/146 [==>...........................] - ETA: 4:21 - loss: 0.2988 - accuracy: 0.8842 18/146 [==>...........................] - ETA: 4:20 - loss: 0.2966 - accuracy: 0.8837 19/146 [==>...........................] - ETA: 4:18 - loss: 0.2906 - accuracy: 0.8865 20/146 [===>..........................] - ETA: 4:16 - loss: 0.2861 - accuracy: 0.8859 21/146 [===>..........................] - ETA: 4:13 - loss: 0.2872 - accuracy: 0.8854 22/146 [===>..........................] - ETA: 4:10 - loss: 0.2842 - accuracy: 0.8864 23/146 [===>..........................] - ETA: 4:09 - loss: 0.2768 - accuracy: 0.8899 24/146 [===>..........................] - ETA: 4:07 - loss: 0.2753 - accuracy: 0.8906 25/146 [====>.........................] - ETA: 4:05 - loss: 0.2693 - accuracy: 0.8950 26/146 [====>.........................] - ETA: 4:03 - loss: 0.2703 - accuracy: 0.8942 27/146 [====>.........................] - ETA: 4:01 - loss: 0.2693 - accuracy: 0.8958 28/146 [====>.........................] - ETA: 3:58 - loss: 0.2667 - accuracy: 0.8962 29/146 [====>.........................] - ETA: 3:55 - loss: 0.2663 - accuracy: 0.8966 30/146 [=====>........................] - ETA: 3:53 - loss: 0.2670 - accuracy: 0.8958 31/146 [=====>........................] - ETA: 3:51 - loss: 0.2684 - accuracy: 0.8972 32/146 [=====>........................] - ETA: 3:48 - loss: 0.2690 - accuracy: 0.8965 33/146 [=====>........................] - ETA: 3:46 - loss: 0.2705 - accuracy: 0.8949 34/146 [=====>........................] - ETA: 3:43 - loss: 0.2642 - accuracy: 0.8980 35/146 [======>.......................] - ETA: 3:39 - loss: 0.2602 - accuracy: 0.9000 36/146 [======>.......................] - ETA: 3:37 - loss: 0.2593 - accuracy: 0.9002 37/146 [======>.......................] - ETA: 3:35 - loss: 0.2624 - accuracy: 0.8986 38/146 [======>.......................] - ETA: 3:32 - loss: 0.2599 - accuracy: 0.8997 39/146 [=======>......................] - ETA: 3:30 - loss: 0.2600 - accuracy: 0.8990 40/146 [=======>......................] - ETA: 3:28 - loss: 0.2566 - accuracy: 0.9000 41/146 [=======>......................] - ETA: 3:26 - loss: 0.2541 - accuracy: 0.9009 42/146 [=======>......................] - ETA: 3:24 - loss: 0.2555 - accuracy: 0.9003 43/146 [=======>......................] - ETA: 3:22 - loss: 0.2576 - accuracy: 0.8990 44/146 [========>.....................] - ETA: 3:20 - loss: 0.2595 - accuracy: 0.8991 45/146 [========>.....................] - ETA: 3:18 - loss: 0.2607 - accuracy: 0.8979 46/146 [========>.....................] - ETA: 3:15 - loss: 0.2627 - accuracy: 0.8961 47/146 [========>.....................] - ETA: 3:13 - loss: 0.2667 - accuracy: 0.8936 48/146 [========>.....................] - ETA: 3:11 - loss: 0.2681 - accuracy: 0.8926 49/146 [=========>....................] - ETA: 3:09 - loss: 0.2679 - accuracy: 0.8935 50/146 [=========>....................] - ETA: 3:07 - loss: 0.2656 - accuracy: 0.8950 51/146 [=========>....................] - ETA: 3:05 - loss: 0.2700 - accuracy: 0.8928 52/146 [=========>....................] - ETA: 3:03 - loss: 0.2735 - accuracy: 0.8918 53/146 [=========>....................] - ETA: 3:01 - loss: 0.2744 - accuracy: 0.8921 54/146 [==========>...................] - ETA: 2:58 - loss: 0.2780 - accuracy: 0.8900 55/146 [==========>...................] - ETA: 2:56 - loss: 0.2757 - accuracy: 0.8915 56/146 [==========>...................] - ETA: 2:54 - loss: 0.2733 - accuracy: 0.8934 57/146 [==========>...................] - ETA: 2:52 - loss: 0.2708 - accuracy: 0.8953 58/146 [==========>...................] - ETA: 2:50 - loss: 0.2730 - accuracy: 0.8939 59/146 [===========>..................] - ETA: 2:48 - loss: 0.2745 - accuracy: 0.8935 60/146 [===========>..................] - ETA: 2:46 - loss: 0.2736 - accuracy: 0.8938 61/146 [===========>..................] - ETA: 2:44 - loss: 0.2726 - accuracy: 0.8940 62/146 [===========>..................] - ETA: 2:42 - loss: 0.2715 - accuracy: 0.8952 63/146 [===========>..................] - ETA: 2:40 - loss: 0.2712 - accuracy: 0.8953 64/146 [============>.................] - ETA: 2:38 - loss: 0.2711 - accuracy: 0.8960 65/146 [============>.................] - ETA: 2:36 - loss: 0.2694 - accuracy: 0.8976 66/146 [============>.................] - ETA: 2:33 - loss: 0.2693 - accuracy: 0.8977 67/146 [============>.................] - ETA: 2:31 - loss: 0.2686 - accuracy: 0.8979 68/146 [============>.................] - ETA: 2:29 - loss: 0.2704 - accuracy: 0.8966 69/146 [=============>................] - ETA: 2:27 - loss: 0.2748 - accuracy: 0.8945 70/146 [=============>................] - ETA: 2:25 - loss: 0.2751 - accuracy: 0.8951 71/146 [=============>................] - ETA: 2:23 - loss: 0.2781 - accuracy: 0.8939 72/146 [=============>................] - ETA: 2:21 - loss: 0.2770 - accuracy: 0.8945 73/146 [==============>...............] - ETA: 2:19 - loss: 0.2776 - accuracy: 0.8947 74/146 [==============>...............] - ETA: 2:18 - loss: 0.2761 - accuracy: 0.8961 75/146 [==============>...............] - ETA: 2:16 - loss: 0.2756 - accuracy: 0.8954 76/146 [==============>...............] - ETA: 2:14 - loss: 0.2751 - accuracy: 0.8960 77/146 [==============>...............] - ETA: 2:12 - loss: 0.2746 - accuracy: 0.8957 78/146 [===============>..............] - ETA: 2:11 - loss: 0.2750 - accuracy: 0.8954 79/146 [===============>..............] - ETA: 2:09 - loss: 0.2730 - accuracy: 0.8968 80/146 [===============>..............] - ETA: 2:07 - loss: 0.2729 - accuracy: 0.8969 81/146 [===============>..............] - ETA: 2:05 - loss: 0.2734 - accuracy: 0.8962 82/146 [===============>..............] - ETA: 2:03 - loss: 0.2738 - accuracy: 0.8960 83/146 [================>.............] - ETA: 2:01 - loss: 0.2746 - accuracy: 0.8953 84/146 [================>.............] - ETA: 1:59 - loss: 0.2757 - accuracy: 0.8940 85/146 [================>.............] - ETA: 1:58 - loss: 0.2750 - accuracy: 0.8941 86/146 [================>.............] - ETA: 1:56 - loss: 0.2758 - accuracy: 0.8935 87/146 [================>.............] - ETA: 1:54 - loss: 0.2756 - accuracy: 0.8930 88/146 [=================>............] - ETA: 1:52 - loss: 0.2748 - accuracy: 0.8935 89/146 [=================>............] - ETA: 1:50 - loss: 0.2723 - accuracy: 0.8947 90/146 [=================>............] - ETA: 1:48 - loss: 0.2728 - accuracy: 0.8948 91/146 [=================>............] - ETA: 1:46 - loss: 0.2730 - accuracy: 0.8949 92/146 [=================>............] - ETA: 1:44 - loss: 0.2729 - accuracy: 0.8954 93/146 [==================>...........] - ETA: 1:42 - loss: 0.2728 - accuracy: 0.8948 94/146 [==================>...........] - ETA: 1:41 - loss: 0.2712 - accuracy: 0.8953 95/146 [==================>...........] - ETA: 1:39 - loss: 0.2696 - accuracy: 0.8961 96/146 [==================>...........] - ETA: 1:37 - loss: 0.2708 - accuracy: 0.8952 97/146 [==================>...........] - ETA: 1:35 - loss: 0.2732 - accuracy: 0.8940 98/146 [===================>..........] - ETA: 1:33 - loss: 0.2728 - accuracy: 0.8941 99/146 [===================>..........] - ETA: 1:31 - loss: 0.2735 - accuracy: 0.8939100/146 [===================>..........] - ETA: 1:29 - loss: 0.2725 - accuracy: 0.8944101/146 [===================>..........] - ETA: 1:27 - loss: 0.2721 - accuracy: 0.8945102/146 [===================>..........] - ETA: 1:25 - loss: 0.2736 - accuracy: 0.8931103/146 [====================>.........] - ETA: 1:23 - loss: 0.2730 - accuracy: 0.8932104/146 [====================>.........] - ETA: 1:21 - loss: 0.2729 - accuracy: 0.8930105/146 [====================>.........] - ETA: 1:19 - loss: 0.2736 - accuracy: 0.8929106/146 [====================>.........] - ETA: 1:17 - loss: 0.2760 - accuracy: 0.8909107/146 [====================>.........] - ETA: 1:16 - loss: 0.2767 - accuracy: 0.8908108/146 [=====================>........] - ETA: 1:14 - loss: 0.2761 - accuracy: 0.8909109/146 [=====================>........] - ETA: 1:12 - loss: 0.2762 - accuracy: 0.8908110/146 [=====================>........] - ETA: 1:10 - loss: 0.2758 - accuracy: 0.8906111/146 [=====================>........] - ETA: 1:08 - loss: 0.2755 - accuracy: 0.8908112/146 [======================>.......] - ETA: 1:06 - loss: 0.2774 - accuracy: 0.8898113/146 [======================>.......] - ETA: 1:04 - loss: 0.2765 - accuracy: 0.8902114/146 [======================>.......] - ETA: 1:02 - loss: 0.2759 - accuracy: 0.8909115/146 [======================>.......] - ETA: 1:00 - loss: 0.2759 - accuracy: 0.8910116/146 [======================>.......] - ETA: 58s - loss: 0.2758 - accuracy: 0.8906 117/146 [=======================>......] - ETA: 56s - loss: 0.2750 - accuracy: 0.8910118/146 [=======================>......] - ETA: 54s - loss: 0.2747 - accuracy: 0.8914119/146 [=======================>......] - ETA: 52s - loss: 0.2754 - accuracy: 0.8913120/146 [=======================>......] - ETA: 50s - loss: 0.2755 - accuracy: 0.8914121/146 [=======================>......] - ETA: 49s - loss: 0.2741 - accuracy: 0.8923122/146 [========================>.....] - ETA: 47s - loss: 0.2754 - accuracy: 0.8916123/146 [========================>.....] - ETA: 45s - loss: 0.2755 - accuracy: 0.8915124/146 [========================>.....] - ETA: 43s - loss: 0.2763 - accuracy: 0.8914125/146 [========================>.....] - ETA: 41s - loss: 0.2760 - accuracy: 0.8917126/146 [========================>.....] - ETA: 39s - loss: 0.2766 - accuracy: 0.8916127/146 [=========================>....] - ETA: 37s - loss: 0.2776 - accuracy: 0.8912128/146 [=========================>....] - ETA: 35s - loss: 0.2779 - accuracy: 0.8916129/146 [=========================>....] - ETA: 33s - loss: 0.2768 - accuracy: 0.8920130/146 [=========================>....] - ETA: 31s - loss: 0.2792 - accuracy: 0.8918131/146 [=========================>....] - ETA: 29s - loss: 0.2783 - accuracy: 0.8922132/146 [==========================>...] - ETA: 27s - loss: 0.2788 - accuracy: 0.8918133/146 [==========================>...] - ETA: 25s - loss: 0.2783 - accuracy: 0.8922134/146 [==========================>...] - ETA: 23s - loss: 0.2782 - accuracy: 0.8920135/146 [==========================>...] - ETA: 21s - loss: 0.2788 - accuracy: 0.8926136/146 [==========================>...] - ETA: 19s - loss: 0.2785 - accuracy: 0.8927137/146 [===========================>..] - ETA: 17s - loss: 0.2782 - accuracy: 0.8926138/146 [===========================>..] - ETA: 15s - loss: 0.2780 - accuracy: 0.8924139/146 [===========================>..] - ETA: 13s - loss: 0.2773 - accuracy: 0.8925140/146 [===========================>..] - ETA: 11s - loss: 0.2764 - accuracy: 0.8926141/146 [===========================>..] - ETA: 9s - loss: 0.2773 - accuracy: 0.8927 142/146 [============================>.] - ETA: 7s - loss: 0.2767 - accuracy: 0.8930143/146 [============================>.] - ETA: 5s - loss: 0.2756 - accuracy: 0.8938144/146 [============================>.] - ETA: 3s - loss: 0.2746 - accuracy: 0.8941145/146 [============================>.] - ETA: 1s - loss: 0.2745 - accuracy: 0.8942146/146 [==============================] - ETA: 0s - loss: 0.2745 - accuracy: 0.8942146/146 [==============================] - 325s 2s/step - loss: 0.2745 - accuracy: 0.8942 - val_loss: 0.3423 - val_accuracy: 0.8724
Epoch 8/108
  1/146 [..............................] - ETA: 4:50 - loss: 0.3337 - accuracy: 0.8438  2/146 [..............................] - ETA: 4:37 - loss: 0.2507 - accuracy: 0.8906  3/146 [..............................] - ETA: 4:46 - loss: 0.2744 - accuracy: 0.8854  4/146 [..............................] - ETA: 4:51 - loss: 0.2607 - accuracy: 0.8906  5/146 [>.............................] - ETA: 4:48 - loss: 0.2310 - accuracy: 0.9000  6/146 [>.............................] - ETA: 4:42 - loss: 0.2965 - accuracy: 0.8802  7/146 [>.............................] - ETA: 4:45 - loss: 0.3156 - accuracy: 0.8705  8/146 [>.............................] - ETA: 4:47 - loss: 0.3071 - accuracy: 0.8711  9/146 [>.............................] - ETA: 4:45 - loss: 0.3123 - accuracy: 0.8715 10/146 [=>............................] - ETA: 4:40 - loss: 0.3098 - accuracy: 0.8687 11/146 [=>............................] - ETA: 4:38 - loss: 0.3207 - accuracy: 0.8665 12/146 [=>............................] - ETA: 4:37 - loss: 0.3051 - accuracy: 0.8724 13/146 [=>............................] - ETA: 4:34 - loss: 0.2959 - accuracy: 0.8798 14/146 [=>............................] - ETA: 4:31 - loss: 0.2885 - accuracy: 0.8862 15/146 [==>...........................] - ETA: 4:28 - loss: 0.2908 - accuracy: 0.8813 16/146 [==>...........................] - ETA: 4:24 - loss: 0.2826 - accuracy: 0.8848 17/146 [==>...........................] - ETA: 4:21 - loss: 0.2785 - accuracy: 0.8842 18/146 [==>...........................] - ETA: 4:19 - loss: 0.2749 - accuracy: 0.8854 19/146 [==>...........................] - ETA: 4:16 - loss: 0.2814 - accuracy: 0.8816 20/146 [===>..........................] - ETA: 4:14 - loss: 0.2921 - accuracy: 0.8781 21/146 [===>..........................] - ETA: 4:11 - loss: 0.2925 - accuracy: 0.8765 22/146 [===>..........................] - ETA: 4:09 - loss: 0.2880 - accuracy: 0.8807 23/146 [===>..........................] - ETA: 4:07 - loss: 0.2877 - accuracy: 0.8818 24/146 [===>..........................] - ETA: 4:05 - loss: 0.2917 - accuracy: 0.8802 25/146 [====>.........................] - ETA: 4:03 - loss: 0.2872 - accuracy: 0.8813 26/146 [====>.........................] - ETA: 4:00 - loss: 0.2907 - accuracy: 0.8798 27/146 [====>.........................] - ETA: 3:58 - loss: 0.2903 - accuracy: 0.8808 28/146 [====>.........................] - ETA: 3:56 - loss: 0.2879 - accuracy: 0.8828 29/146 [====>.........................] - ETA: 3:55 - loss: 0.2844 - accuracy: 0.8847 30/146 [=====>........................] - ETA: 3:53 - loss: 0.2833 - accuracy: 0.8844 31/146 [=====>........................] - ETA: 3:51 - loss: 0.2835 - accuracy: 0.8821 32/146 [=====>........................] - ETA: 3:49 - loss: 0.2868 - accuracy: 0.8779 33/146 [=====>........................] - ETA: 3:47 - loss: 0.2861 - accuracy: 0.8788 34/146 [=====>........................] - ETA: 3:45 - loss: 0.2883 - accuracy: 0.8787 35/146 [======>.......................] - ETA: 3:42 - loss: 0.2860 - accuracy: 0.8795 36/146 [======>.......................] - ETA: 3:40 - loss: 0.2862 - accuracy: 0.8785 37/146 [======>.......................] - ETA: 3:37 - loss: 0.2840 - accuracy: 0.8801 38/146 [======>.......................] - ETA: 3:35 - loss: 0.2800 - accuracy: 0.8808 39/146 [=======>......................] - ETA: 3:32 - loss: 0.2798 - accuracy: 0.8814 40/146 [=======>......................] - ETA: 3:29 - loss: 0.2770 - accuracy: 0.8828 41/146 [=======>......................] - ETA: 3:27 - loss: 0.2804 - accuracy: 0.8811 42/146 [=======>......................] - ETA: 3:24 - loss: 0.2804 - accuracy: 0.8802 43/146 [=======>......................] - ETA: 3:22 - loss: 0.2789 - accuracy: 0.8823 44/146 [========>.....................] - ETA: 3:21 - loss: 0.2787 - accuracy: 0.8821 45/146 [========>.....................] - ETA: 3:19 - loss: 0.2774 - accuracy: 0.8826 46/146 [========>.....................] - ETA: 3:17 - loss: 0.2796 - accuracy: 0.8832 47/146 [========>.....................] - ETA: 3:16 - loss: 0.2798 - accuracy: 0.8830 48/146 [========>.....................] - ETA: 3:14 - loss: 0.2797 - accuracy: 0.8835 49/146 [=========>....................] - ETA: 3:12 - loss: 0.2788 - accuracy: 0.8846 50/146 [=========>....................] - ETA: 3:10 - loss: 0.2799 - accuracy: 0.8838 51/146 [=========>....................] - ETA: 3:08 - loss: 0.2815 - accuracy: 0.8824 52/146 [=========>....................] - ETA: 3:06 - loss: 0.2801 - accuracy: 0.8822 53/146 [=========>....................] - ETA: 3:04 - loss: 0.2797 - accuracy: 0.8821 54/146 [==========>...................] - ETA: 3:02 - loss: 0.2788 - accuracy: 0.8819 55/146 [==========>...................] - ETA: 3:00 - loss: 0.2773 - accuracy: 0.8824 56/146 [==========>...................] - ETA: 2:59 - loss: 0.2756 - accuracy: 0.8834 57/146 [==========>...................] - ETA: 2:57 - loss: 0.2761 - accuracy: 0.8832 58/146 [==========>...................] - ETA: 2:55 - loss: 0.2737 - accuracy: 0.8842 59/146 [===========>..................] - ETA: 2:53 - loss: 0.2710 - accuracy: 0.8856 60/146 [===========>..................] - ETA: 2:52 - loss: 0.2692 - accuracy: 0.8859 61/146 [===========>..................] - ETA: 2:50 - loss: 0.2693 - accuracy: 0.8858 62/146 [===========>..................] - ETA: 2:48 - loss: 0.2676 - accuracy: 0.8866 63/146 [===========>..................] - ETA: 2:46 - loss: 0.2673 - accuracy: 0.8869 64/146 [============>.................] - ETA: 2:44 - loss: 0.2664 - accuracy: 0.8867 65/146 [============>.................] - ETA: 2:42 - loss: 0.2661 - accuracy: 0.8861 66/146 [============>.................] - ETA: 2:40 - loss: 0.2658 - accuracy: 0.8864 67/146 [============>.................] - ETA: 2:38 - loss: 0.2661 - accuracy: 0.8862 68/146 [============>.................] - ETA: 2:36 - loss: 0.2644 - accuracy: 0.8865 69/146 [=============>................] - ETA: 2:34 - loss: 0.2640 - accuracy: 0.8872 70/146 [=============>................] - ETA: 2:32 - loss: 0.2635 - accuracy: 0.8871 71/146 [=============>................] - ETA: 2:30 - loss: 0.2635 - accuracy: 0.8869 72/146 [=============>................] - ETA: 2:28 - loss: 0.2623 - accuracy: 0.8880 73/146 [==============>...............] - ETA: 2:26 - loss: 0.2604 - accuracy: 0.8891 74/146 [==============>...............] - ETA: 2:24 - loss: 0.2596 - accuracy: 0.8889 75/146 [==============>...............] - ETA: 2:22 - loss: 0.2592 - accuracy: 0.8892 76/146 [==============>...............] - ETA: 2:20 - loss: 0.2577 - accuracy: 0.8890 77/146 [==============>...............] - ETA: 2:18 - loss: 0.2576 - accuracy: 0.8892 78/146 [===============>..............] - ETA: 2:15 - loss: 0.2555 - accuracy: 0.8902 79/146 [===============>..............] - ETA: 2:13 - loss: 0.2577 - accuracy: 0.8888 80/146 [===============>..............] - ETA: 2:11 - loss: 0.2571 - accuracy: 0.8891 81/146 [===============>..............] - ETA: 2:09 - loss: 0.2589 - accuracy: 0.8889 82/146 [===============>..............] - ETA: 2:07 - loss: 0.2593 - accuracy: 0.8887 83/146 [================>.............] - ETA: 2:05 - loss: 0.2610 - accuracy: 0.8882 84/146 [================>.............] - ETA: 2:03 - loss: 0.2595 - accuracy: 0.8891 85/146 [================>.............] - ETA: 2:01 - loss: 0.2610 - accuracy: 0.8890 86/146 [================>.............] - ETA: 1:59 - loss: 0.2616 - accuracy: 0.8884 87/146 [================>.............] - ETA: 1:57 - loss: 0.2646 - accuracy: 0.8865 88/146 [=================>............] - ETA: 1:55 - loss: 0.2658 - accuracy: 0.8860 89/146 [=================>............] - ETA: 1:53 - loss: 0.2675 - accuracy: 0.8848 90/146 [=================>............] - ETA: 1:51 - loss: 0.2677 - accuracy: 0.8854 91/146 [=================>............] - ETA: 1:49 - loss: 0.2700 - accuracy: 0.8839 92/146 [=================>............] - ETA: 1:47 - loss: 0.2703 - accuracy: 0.8842 93/146 [==================>...........] - ETA: 1:45 - loss: 0.2711 - accuracy: 0.8841 94/146 [==================>...........] - ETA: 1:43 - loss: 0.2730 - accuracy: 0.8843 95/146 [==================>...........] - ETA: 1:41 - loss: 0.2732 - accuracy: 0.8845 96/146 [==================>...........] - ETA: 1:39 - loss: 0.2730 - accuracy: 0.8851 97/146 [==================>...........] - ETA: 1:37 - loss: 0.2748 - accuracy: 0.8847 98/146 [===================>..........] - ETA: 1:35 - loss: 0.2738 - accuracy: 0.8855 99/146 [===================>..........] - ETA: 1:32 - loss: 0.2740 - accuracy: 0.8857100/146 [===================>..........] - ETA: 1:30 - loss: 0.2734 - accuracy: 0.8863101/146 [===================>..........] - ETA: 1:28 - loss: 0.2731 - accuracy: 0.8864102/146 [===================>..........] - ETA: 1:26 - loss: 0.2724 - accuracy: 0.8866103/146 [====================>.........] - ETA: 1:24 - loss: 0.2723 - accuracy: 0.8871104/146 [====================>.........] - ETA: 1:22 - loss: 0.2718 - accuracy: 0.8873105/146 [====================>.........] - ETA: 1:20 - loss: 0.2707 - accuracy: 0.8884106/146 [====================>.........] - ETA: 1:18 - loss: 0.2699 - accuracy: 0.8892107/146 [====================>.........] - ETA: 1:16 - loss: 0.2708 - accuracy: 0.8893108/146 [=====================>........] - ETA: 1:14 - loss: 0.2699 - accuracy: 0.8898109/146 [=====================>........] - ETA: 1:12 - loss: 0.2706 - accuracy: 0.8893110/146 [=====================>........] - ETA: 1:10 - loss: 0.2697 - accuracy: 0.8898111/146 [=====================>........] - ETA: 1:08 - loss: 0.2697 - accuracy: 0.8899112/146 [======================>.......] - ETA: 1:06 - loss: 0.2687 - accuracy: 0.8906113/146 [======================>.......] - ETA: 1:04 - loss: 0.2700 - accuracy: 0.8908114/146 [======================>.......] - ETA: 1:02 - loss: 0.2692 - accuracy: 0.8912115/146 [======================>.......] - ETA: 1:01 - loss: 0.2682 - accuracy: 0.8913116/146 [======================>.......] - ETA: 58s - loss: 0.2668 - accuracy: 0.8920 117/146 [=======================>......] - ETA: 57s - loss: 0.2678 - accuracy: 0.8918118/146 [=======================>......] - ETA: 55s - loss: 0.2669 - accuracy: 0.8922119/146 [=======================>......] - ETA: 53s - loss: 0.2652 - accuracy: 0.8929120/146 [=======================>......] - ETA: 51s - loss: 0.2660 - accuracy: 0.8930121/146 [=======================>......] - ETA: 49s - loss: 0.2649 - accuracy: 0.8933122/146 [========================>.....] - ETA: 47s - loss: 0.2641 - accuracy: 0.8937123/146 [========================>.....] - ETA: 45s - loss: 0.2656 - accuracy: 0.8925124/146 [========================>.....] - ETA: 43s - loss: 0.2647 - accuracy: 0.8929125/146 [========================>.....] - ETA: 41s - loss: 0.2639 - accuracy: 0.8935126/146 [========================>.....] - ETA: 39s - loss: 0.2639 - accuracy: 0.8934127/146 [=========================>....] - ETA: 37s - loss: 0.2627 - accuracy: 0.8939128/146 [=========================>....] - ETA: 35s - loss: 0.2634 - accuracy: 0.8933129/146 [=========================>....] - ETA: 33s - loss: 0.2637 - accuracy: 0.8932130/146 [=========================>....] - ETA: 31s - loss: 0.2635 - accuracy: 0.8938131/146 [=========================>....] - ETA: 29s - loss: 0.2639 - accuracy: 0.8936132/146 [==========================>...] - ETA: 27s - loss: 0.2628 - accuracy: 0.8942133/146 [==========================>...] - ETA: 25s - loss: 0.2655 - accuracy: 0.8933134/146 [==========================>...] - ETA: 23s - loss: 0.2646 - accuracy: 0.8939135/146 [==========================>...] - ETA: 21s - loss: 0.2646 - accuracy: 0.8938136/146 [==========================>...] - ETA: 19s - loss: 0.2638 - accuracy: 0.8941137/146 [===========================>..] - ETA: 17s - loss: 0.2648 - accuracy: 0.8937138/146 [===========================>..] - ETA: 15s - loss: 0.2645 - accuracy: 0.8933139/146 [===========================>..] - ETA: 13s - loss: 0.2650 - accuracy: 0.8934140/146 [===========================>..] - ETA: 11s - loss: 0.2642 - accuracy: 0.8935141/146 [===========================>..] - ETA: 9s - loss: 0.2639 - accuracy: 0.8938 142/146 [============================>.] - ETA: 7s - loss: 0.2649 - accuracy: 0.8933143/146 [============================>.] - ETA: 5s - loss: 0.2646 - accuracy: 0.8934144/146 [============================>.] - ETA: 3s - loss: 0.2644 - accuracy: 0.8932145/146 [============================>.] - ETA: 1s - loss: 0.2644 - accuracy: 0.8929146/146 [==============================] - ETA: 0s - loss: 0.2644 - accuracy: 0.8929146/146 [==============================] - 324s 2s/step - loss: 0.2644 - accuracy: 0.8929 - val_loss: 0.3379 - val_accuracy: 0.8604
Epoch 9/108
  1/146 [..............................] - ETA: 4:55 - loss: 0.4172 - accuracy: 0.8125  2/146 [..............................] - ETA: 4:43 - loss: 0.4152 - accuracy: 0.8125  3/146 [..............................] - ETA: 4:35 - loss: 0.3366 - accuracy: 0.8542  4/146 [..............................] - ETA: 4:34 - loss: 0.2915 - accuracy: 0.8750  5/146 [>.............................] - ETA: 4:33 - loss: 0.2727 - accuracy: 0.8813  6/146 [>.............................] - ETA: 4:35 - loss: 0.2760 - accuracy: 0.8802  7/146 [>.............................] - ETA: 4:33 - loss: 0.2834 - accuracy: 0.8661  8/146 [>.............................] - ETA: 4:37 - loss: 0.2776 - accuracy: 0.8672  9/146 [>.............................] - ETA: 4:32 - loss: 0.2856 - accuracy: 0.8611 10/146 [=>............................] - ETA: 4:29 - loss: 0.2728 - accuracy: 0.8687 11/146 [=>............................] - ETA: 4:24 - loss: 0.2679 - accuracy: 0.8722 12/146 [=>............................] - ETA: 4:20 - loss: 0.2671 - accuracy: 0.8698 13/146 [=>............................] - ETA: 4:18 - loss: 0.2610 - accuracy: 0.8726 14/146 [=>............................] - ETA: 4:16 - loss: 0.2618 - accuracy: 0.8750 15/146 [==>...........................] - ETA: 4:13 - loss: 0.2542 - accuracy: 0.8792 16/146 [==>...........................] - ETA: 4:13 - loss: 0.2465 - accuracy: 0.8848 17/146 [==>...........................] - ETA: 4:13 - loss: 0.2574 - accuracy: 0.8824 18/146 [==>...........................] - ETA: 4:12 - loss: 0.2484 - accuracy: 0.8872 19/146 [==>...........................] - ETA: 4:11 - loss: 0.2456 - accuracy: 0.8882 20/146 [===>..........................] - ETA: 4:09 - loss: 0.2456 - accuracy: 0.8875 21/146 [===>..........................] - ETA: 4:08 - loss: 0.2454 - accuracy: 0.8854 22/146 [===>..........................] - ETA: 4:07 - loss: 0.2470 - accuracy: 0.8878 23/146 [===>..........................] - ETA: 4:05 - loss: 0.2450 - accuracy: 0.8899 24/146 [===>..........................] - ETA: 4:03 - loss: 0.2463 - accuracy: 0.8906 25/146 [====>.........................] - ETA: 4:01 - loss: 0.2454 - accuracy: 0.8925 26/146 [====>.........................] - ETA: 3:59 - loss: 0.2447 - accuracy: 0.8942 27/146 [====>.........................] - ETA: 3:57 - loss: 0.2441 - accuracy: 0.8958 28/146 [====>.........................] - ETA: 3:55 - loss: 0.2448 - accuracy: 0.8951 29/146 [====>.........................] - ETA: 3:53 - loss: 0.2448 - accuracy: 0.8966 30/146 [=====>........................] - ETA: 3:51 - loss: 0.2411 - accuracy: 0.8979 31/146 [=====>........................] - ETA: 3:49 - loss: 0.2372 - accuracy: 0.9002 32/146 [=====>........................] - ETA: 3:47 - loss: 0.2423 - accuracy: 0.8955 33/146 [=====>........................] - ETA: 3:46 - loss: 0.2434 - accuracy: 0.8939 34/146 [=====>........................] - ETA: 3:44 - loss: 0.2509 - accuracy: 0.8925 35/146 [======>.......................] - ETA: 3:42 - loss: 0.2477 - accuracy: 0.8946 36/146 [======>.......................] - ETA: 3:40 - loss: 0.2468 - accuracy: 0.8950 37/146 [======>.......................] - ETA: 3:39 - loss: 0.2449 - accuracy: 0.8961 38/146 [======>.......................] - ETA: 3:37 - loss: 0.2477 - accuracy: 0.8956 39/146 [=======>......................] - ETA: 3:35 - loss: 0.2506 - accuracy: 0.8934 40/146 [=======>......................] - ETA: 3:33 - loss: 0.2485 - accuracy: 0.8945 41/146 [=======>......................] - ETA: 3:31 - loss: 0.2479 - accuracy: 0.8956 42/146 [=======>......................] - ETA: 3:29 - loss: 0.2493 - accuracy: 0.8958 43/146 [=======>......................] - ETA: 3:28 - loss: 0.2491 - accuracy: 0.8961 44/146 [========>.....................] - ETA: 3:26 - loss: 0.2476 - accuracy: 0.8970 45/146 [========>.....................] - ETA: 3:24 - loss: 0.2493 - accuracy: 0.8965 46/146 [========>.....................] - ETA: 3:23 - loss: 0.2535 - accuracy: 0.8954 47/146 [========>.....................] - ETA: 3:21 - loss: 0.2512 - accuracy: 0.8969 48/146 [========>.....................] - ETA: 3:19 - loss: 0.2488 - accuracy: 0.8978 49/146 [=========>....................] - ETA: 3:17 - loss: 0.2463 - accuracy: 0.8986 50/146 [=========>....................] - ETA: 3:15 - loss: 0.2460 - accuracy: 0.8994 51/146 [=========>....................] - ETA: 3:13 - loss: 0.2466 - accuracy: 0.8995 52/146 [=========>....................] - ETA: 3:11 - loss: 0.2449 - accuracy: 0.9008 53/146 [=========>....................] - ETA: 3:09 - loss: 0.2456 - accuracy: 0.9004 54/146 [==========>...................] - ETA: 3:07 - loss: 0.2457 - accuracy: 0.8993 55/146 [==========>...................] - ETA: 3:05 - loss: 0.2449 - accuracy: 0.9000 56/146 [==========>...................] - ETA: 3:03 - loss: 0.2450 - accuracy: 0.8996 57/146 [==========>...................] - ETA: 3:01 - loss: 0.2447 - accuracy: 0.9002 58/146 [==========>...................] - ETA: 2:58 - loss: 0.2454 - accuracy: 0.9009 59/146 [===========>..................] - ETA: 2:56 - loss: 0.2452 - accuracy: 0.9010 60/146 [===========>..................] - ETA: 2:54 - loss: 0.2445 - accuracy: 0.9016 61/146 [===========>..................] - ETA: 2:52 - loss: 0.2433 - accuracy: 0.9022 62/146 [===========>..................] - ETA: 2:50 - loss: 0.2439 - accuracy: 0.9027 63/146 [===========>..................] - ETA: 2:48 - loss: 0.2453 - accuracy: 0.9013 64/146 [============>.................] - ETA: 2:46 - loss: 0.2453 - accuracy: 0.9019 65/146 [============>.................] - ETA: 2:44 - loss: 0.2431 - accuracy: 0.9029 66/146 [============>.................] - ETA: 2:42 - loss: 0.2462 - accuracy: 0.9020 67/146 [============>.................] - ETA: 2:39 - loss: 0.2446 - accuracy: 0.9035 68/146 [============>.................] - ETA: 2:37 - loss: 0.2433 - accuracy: 0.9044 69/146 [=============>................] - ETA: 2:35 - loss: 0.2430 - accuracy: 0.9040 70/146 [=============>................] - ETA: 2:33 - loss: 0.2419 - accuracy: 0.9045 71/146 [=============>................] - ETA: 2:31 - loss: 0.2416 - accuracy: 0.9049 72/146 [=============>................] - ETA: 2:28 - loss: 0.2402 - accuracy: 0.9054 73/146 [==============>...............] - ETA: 2:26 - loss: 0.2398 - accuracy: 0.9058 74/146 [==============>...............] - ETA: 2:24 - loss: 0.2383 - accuracy: 0.9062 75/146 [==============>...............] - ETA: 2:22 - loss: 0.2374 - accuracy: 0.9062 76/146 [==============>...............] - ETA: 2:19 - loss: 0.2366 - accuracy: 0.9062 77/146 [==============>...............] - ETA: 2:17 - loss: 0.2361 - accuracy: 0.9058 78/146 [===============>..............] - ETA: 2:15 - loss: 0.2353 - accuracy: 0.9062 79/146 [===============>..............] - ETA: 2:13 - loss: 0.2349 - accuracy: 0.9062 80/146 [===============>..............] - ETA: 2:11 - loss: 0.2345 - accuracy: 0.9062 81/146 [===============>..............] - ETA: 2:10 - loss: 0.2346 - accuracy: 0.9059 82/146 [===============>..............] - ETA: 2:08 - loss: 0.2335 - accuracy: 0.9059 83/146 [================>.............] - ETA: 2:06 - loss: 0.2316 - accuracy: 0.9066 84/146 [================>.............] - ETA: 2:04 - loss: 0.2313 - accuracy: 0.9070 85/146 [================>.............] - ETA: 2:02 - loss: 0.2306 - accuracy: 0.9077 86/146 [================>.............] - ETA: 2:00 - loss: 0.2303 - accuracy: 0.9081 87/146 [================>.............] - ETA: 1:58 - loss: 0.2293 - accuracy: 0.9080 88/146 [=================>............] - ETA: 1:56 - loss: 0.2302 - accuracy: 0.9080 89/146 [=================>............] - ETA: 1:54 - loss: 0.2302 - accuracy: 0.9084 90/146 [=================>............] - ETA: 1:52 - loss: 0.2307 - accuracy: 0.9083 91/146 [=================>............] - ETA: 1:50 - loss: 0.2296 - accuracy: 0.9090 92/146 [=================>............] - ETA: 1:48 - loss: 0.2319 - accuracy: 0.9086 93/146 [==================>...........] - ETA: 1:46 - loss: 0.2349 - accuracy: 0.9076 94/146 [==================>...........] - ETA: 1:44 - loss: 0.2349 - accuracy: 0.9076 95/146 [==================>...........] - ETA: 1:42 - loss: 0.2349 - accuracy: 0.9082 96/146 [==================>...........] - ETA: 1:40 - loss: 0.2336 - accuracy: 0.9089 97/146 [==================>...........] - ETA: 1:38 - loss: 0.2348 - accuracy: 0.9085 98/146 [===================>..........] - ETA: 1:36 - loss: 0.2351 - accuracy: 0.9082 99/146 [===================>..........] - ETA: 1:34 - loss: 0.2355 - accuracy: 0.9078100/146 [===================>..........] - ETA: 1:32 - loss: 0.2358 - accuracy: 0.9078101/146 [===================>..........] - ETA: 1:30 - loss: 0.2352 - accuracy: 0.9078102/146 [===================>..........] - ETA: 1:28 - loss: 0.2350 - accuracy: 0.9078103/146 [====================>.........] - ETA: 1:26 - loss: 0.2352 - accuracy: 0.9078104/146 [====================>.........] - ETA: 1:24 - loss: 0.2368 - accuracy: 0.9062105/146 [====================>.........] - ETA: 1:22 - loss: 0.2381 - accuracy: 0.9060106/146 [====================>.........] - ETA: 1:20 - loss: 0.2390 - accuracy: 0.9060107/146 [====================>.........] - ETA: 1:18 - loss: 0.2385 - accuracy: 0.9062108/146 [=====================>........] - ETA: 1:16 - loss: 0.2388 - accuracy: 0.9060109/146 [=====================>........] - ETA: 1:14 - loss: 0.2386 - accuracy: 0.9065110/146 [=====================>........] - ETA: 1:12 - loss: 0.2381 - accuracy: 0.9065111/146 [=====================>........] - ETA: 1:10 - loss: 0.2386 - accuracy: 0.9062112/146 [======================>.......] - ETA: 1:08 - loss: 0.2387 - accuracy: 0.9062113/146 [======================>.......] - ETA: 1:06 - loss: 0.2396 - accuracy: 0.9051114/146 [======================>.......] - ETA: 1:04 - loss: 0.2408 - accuracy: 0.9041115/146 [======================>.......] - ETA: 1:01 - loss: 0.2402 - accuracy: 0.9043116/146 [======================>.......] - ETA: 59s - loss: 0.2399 - accuracy: 0.9046 117/146 [=======================>......] - ETA: 57s - loss: 0.2399 - accuracy: 0.9046118/146 [=======================>......] - ETA: 55s - loss: 0.2400 - accuracy: 0.9047119/146 [=======================>......] - ETA: 53s - loss: 0.2390 - accuracy: 0.9055120/146 [=======================>......] - ETA: 51s - loss: 0.2386 - accuracy: 0.9057121/146 [=======================>......] - ETA: 49s - loss: 0.2413 - accuracy: 0.9044122/146 [========================>.....] - ETA: 47s - loss: 0.2412 - accuracy: 0.9047123/146 [========================>.....] - ETA: 45s - loss: 0.2414 - accuracy: 0.9047124/146 [========================>.....] - ETA: 43s - loss: 0.2402 - accuracy: 0.9055125/146 [========================>.....] - ETA: 41s - loss: 0.2412 - accuracy: 0.9050126/146 [========================>.....] - ETA: 39s - loss: 0.2406 - accuracy: 0.9050127/146 [=========================>....] - ETA: 37s - loss: 0.2404 - accuracy: 0.9055128/146 [=========================>....] - ETA: 35s - loss: 0.2401 - accuracy: 0.9055129/146 [=========================>....] - ETA: 33s - loss: 0.2406 - accuracy: 0.9050130/146 [=========================>....] - ETA: 31s - loss: 0.2397 - accuracy: 0.9055131/146 [=========================>....] - ETA: 29s - loss: 0.2409 - accuracy: 0.9051132/146 [==========================>...] - ETA: 27s - loss: 0.2434 - accuracy: 0.9048133/146 [==========================>...] - ETA: 25s - loss: 0.2426 - accuracy: 0.9053134/146 [==========================>...] - ETA: 23s - loss: 0.2423 - accuracy: 0.9053135/146 [==========================>...] - ETA: 21s - loss: 0.2416 - accuracy: 0.9058136/146 [==========================>...] - ETA: 19s - loss: 0.2411 - accuracy: 0.9058137/146 [===========================>..] - ETA: 17s - loss: 0.2402 - accuracy: 0.9062138/146 [===========================>..] - ETA: 15s - loss: 0.2403 - accuracy: 0.9062139/146 [===========================>..] - ETA: 13s - loss: 0.2425 - accuracy: 0.9056140/146 [===========================>..] - ETA: 11s - loss: 0.2416 - accuracy: 0.9062141/146 [===========================>..] - ETA: 9s - loss: 0.2429 - accuracy: 0.9060 142/146 [============================>.] - ETA: 7s - loss: 0.2433 - accuracy: 0.9058143/146 [============================>.] - ETA: 5s - loss: 0.2434 - accuracy: 0.9052144/146 [============================>.] - ETA: 3s - loss: 0.2423 - accuracy: 0.9058145/146 [============================>.] - ETA: 1s - loss: 0.2433 - accuracy: 0.9058146/146 [==============================] - ETA: 0s - loss: 0.2432 - accuracy: 0.9059146/146 [==============================] - 329s 2s/step - loss: 0.2432 - accuracy: 0.9059 - val_loss: 0.3063 - val_accuracy: 0.8788
Epoch 10/108
  1/146 [..............................] - ETA: 4:36 - loss: 0.1829 - accuracy: 0.9375  2/146 [..............................] - ETA: 4:53 - loss: 0.2087 - accuracy: 0.9219  3/146 [..............................] - ETA: 5:15 - loss: 0.2775 - accuracy: 0.8854  4/146 [..............................] - ETA: 5:11 - loss: 0.2726 - accuracy: 0.8828  5/146 [>.............................] - ETA: 4:58 - loss: 0.2745 - accuracy: 0.8750  6/146 [>.............................] - ETA: 4:55 - loss: 0.2772 - accuracy: 0.8750  7/146 [>.............................] - ETA: 4:54 - loss: 0.2621 - accuracy: 0.8795  8/146 [>.............................] - ETA: 4:56 - loss: 0.2577 - accuracy: 0.8828  9/146 [>.............................] - ETA: 4:51 - loss: 0.2597 - accuracy: 0.8889 10/146 [=>............................] - ETA: 4:52 - loss: 0.2527 - accuracy: 0.8906 11/146 [=>............................] - ETA: 4:47 - loss: 0.2419 - accuracy: 0.9006 12/146 [=>............................] - ETA: 4:45 - loss: 0.2402 - accuracy: 0.9010 13/146 [=>............................] - ETA: 4:39 - loss: 0.2402 - accuracy: 0.8990 14/146 [=>............................] - ETA: 4:36 - loss: 0.2430 - accuracy: 0.9018 15/146 [==>...........................] - ETA: 4:33 - loss: 0.2326 - accuracy: 0.9062 16/146 [==>...........................] - ETA: 4:32 - loss: 0.2339 - accuracy: 0.9043 17/146 [==>...........................] - ETA: 4:30 - loss: 0.2323 - accuracy: 0.9044 18/146 [==>...........................] - ETA: 4:27 - loss: 0.2237 - accuracy: 0.9097 19/146 [==>...........................] - ETA: 4:26 - loss: 0.2309 - accuracy: 0.9062 20/146 [===>..........................] - ETA: 4:24 - loss: 0.2330 - accuracy: 0.9062 21/146 [===>..........................] - ETA: 4:21 - loss: 0.2292 - accuracy: 0.9062 22/146 [===>..........................] - ETA: 4:21 - loss: 0.2253 - accuracy: 0.9077 23/146 [===>..........................] - ETA: 4:18 - loss: 0.2245 - accuracy: 0.9090 24/146 [===>..........................] - ETA: 4:15 - loss: 0.2216 - accuracy: 0.9089 25/146 [====>.........................] - ETA: 4:13 - loss: 0.2184 - accuracy: 0.9112 26/146 [====>.........................] - ETA: 4:10 - loss: 0.2143 - accuracy: 0.9135 27/146 [====>.........................] - ETA: 4:07 - loss: 0.2132 - accuracy: 0.9120 28/146 [====>.........................] - ETA: 4:04 - loss: 0.2154 - accuracy: 0.9107 29/146 [====>.........................] - ETA: 4:02 - loss: 0.2193 - accuracy: 0.9084 30/146 [=====>........................] - ETA: 4:00 - loss: 0.2174 - accuracy: 0.9104 31/146 [=====>........................] - ETA: 3:58 - loss: 0.2171 - accuracy: 0.9113 32/146 [=====>........................] - ETA: 3:55 - loss: 0.2170 - accuracy: 0.9111 33/146 [=====>........................] - ETA: 3:52 - loss: 0.2170 - accuracy: 0.9110 34/146 [=====>........................] - ETA: 3:49 - loss: 0.2265 - accuracy: 0.9072 35/146 [======>.......................] - ETA: 3:47 - loss: 0.2259 - accuracy: 0.9071 36/146 [======>.......................] - ETA: 3:45 - loss: 0.2291 - accuracy: 0.9062 37/146 [======>.......................] - ETA: 3:42 - loss: 0.2290 - accuracy: 0.9046 38/146 [======>.......................] - ETA: 3:39 - loss: 0.2265 - accuracy: 0.9054 39/146 [=======>......................] - ETA: 3:36 - loss: 0.2270 - accuracy: 0.9046 40/146 [=======>......................] - ETA: 3:33 - loss: 0.2253 - accuracy: 0.9062 41/146 [=======>......................] - ETA: 3:30 - loss: 0.2275 - accuracy: 0.9055 42/146 [=======>......................] - ETA: 3:27 - loss: 0.2249 - accuracy: 0.9070 43/146 [=======>......................] - ETA: 3:24 - loss: 0.2231 - accuracy: 0.9077 44/146 [========>.....................] - ETA: 3:21 - loss: 0.2202 - accuracy: 0.9091 45/146 [========>.....................] - ETA: 3:19 - loss: 0.2177 - accuracy: 0.9104 46/146 [========>.....................] - ETA: 3:16 - loss: 0.2202 - accuracy: 0.9096 47/146 [========>.....................] - ETA: 3:14 - loss: 0.2227 - accuracy: 0.9082 48/146 [========>.....................] - ETA: 3:12 - loss: 0.2246 - accuracy: 0.9069 49/146 [=========>....................] - ETA: 3:09 - loss: 0.2279 - accuracy: 0.9056 50/146 [=========>....................] - ETA: 3:07 - loss: 0.2313 - accuracy: 0.9050 51/146 [=========>....................] - ETA: 3:06 - loss: 0.2346 - accuracy: 0.9038 52/146 [=========>....................] - ETA: 3:03 - loss: 0.2334 - accuracy: 0.9050 53/146 [=========>....................] - ETA: 3:01 - loss: 0.2314 - accuracy: 0.9062 54/146 [==========>...................] - ETA: 2:59 - loss: 0.2309 - accuracy: 0.9062 55/146 [==========>...................] - ETA: 2:57 - loss: 0.2298 - accuracy: 0.9068 56/146 [==========>...................] - ETA: 2:56 - loss: 0.2293 - accuracy: 0.9074 57/146 [==========>...................] - ETA: 2:54 - loss: 0.2296 - accuracy: 0.9079 58/146 [==========>...................] - ETA: 2:52 - loss: 0.2330 - accuracy: 0.9057 59/146 [===========>..................] - ETA: 2:50 - loss: 0.2324 - accuracy: 0.9062 60/146 [===========>..................] - ETA: 2:48 - loss: 0.2327 - accuracy: 0.9057 61/146 [===========>..................] - ETA: 2:46 - loss: 0.2317 - accuracy: 0.9052 62/146 [===========>..................] - ETA: 2:44 - loss: 0.2311 - accuracy: 0.9057 63/146 [===========>..................] - ETA: 2:43 - loss: 0.2304 - accuracy: 0.9058 64/146 [============>.................] - ETA: 2:41 - loss: 0.2293 - accuracy: 0.9072 65/146 [============>.................] - ETA: 2:39 - loss: 0.2311 - accuracy: 0.9053 66/146 [============>.................] - ETA: 2:37 - loss: 0.2318 - accuracy: 0.9053 67/146 [============>.................] - ETA: 2:35 - loss: 0.2309 - accuracy: 0.9062 68/146 [============>.................] - ETA: 2:33 - loss: 0.2297 - accuracy: 0.9072 69/146 [=============>................] - ETA: 2:31 - loss: 0.2299 - accuracy: 0.9081 70/146 [=============>................] - ETA: 2:29 - loss: 0.2291 - accuracy: 0.9085 71/146 [=============>................] - ETA: 2:27 - loss: 0.2278 - accuracy: 0.9093 72/146 [=============>................] - ETA: 2:26 - loss: 0.2276 - accuracy: 0.9097 73/146 [==============>...............] - ETA: 2:23 - loss: 0.2255 - accuracy: 0.9105 74/146 [==============>...............] - ETA: 2:21 - loss: 0.2288 - accuracy: 0.9092 75/146 [==============>...............] - ETA: 2:19 - loss: 0.2279 - accuracy: 0.9092 76/146 [==============>...............] - ETA: 2:17 - loss: 0.2276 - accuracy: 0.9091 77/146 [==============>...............] - ETA: 2:15 - loss: 0.2299 - accuracy: 0.9087 78/146 [===============>..............] - ETA: 2:13 - loss: 0.2284 - accuracy: 0.9095 79/146 [===============>..............] - ETA: 2:11 - loss: 0.2296 - accuracy: 0.9090 80/146 [===============>..............] - ETA: 2:08 - loss: 0.2293 - accuracy: 0.9090 81/146 [===============>..............] - ETA: 2:06 - loss: 0.2301 - accuracy: 0.9086 82/146 [===============>..............] - ETA: 2:04 - loss: 0.2301 - accuracy: 0.9082 83/146 [================>.............] - ETA: 2:02 - loss: 0.2283 - accuracy: 0.9089 84/146 [================>.............] - ETA: 2:00 - loss: 0.2280 - accuracy: 0.9089 85/146 [================>.............] - ETA: 1:58 - loss: 0.2298 - accuracy: 0.9081 86/146 [================>.............] - ETA: 1:56 - loss: 0.2306 - accuracy: 0.9077 87/146 [================>.............] - ETA: 1:54 - loss: 0.2299 - accuracy: 0.9084 88/146 [=================>............] - ETA: 1:52 - loss: 0.2306 - accuracy: 0.9077 89/146 [=================>............] - ETA: 1:50 - loss: 0.2303 - accuracy: 0.9077 90/146 [=================>............] - ETA: 1:48 - loss: 0.2287 - accuracy: 0.9083 91/146 [=================>............] - ETA: 1:46 - loss: 0.2272 - accuracy: 0.9090 92/146 [=================>............] - ETA: 1:44 - loss: 0.2290 - accuracy: 0.9079 93/146 [==================>...........] - ETA: 1:42 - loss: 0.2277 - accuracy: 0.9086 94/146 [==================>...........] - ETA: 1:40 - loss: 0.2308 - accuracy: 0.9072 95/146 [==================>...........] - ETA: 1:38 - loss: 0.2298 - accuracy: 0.9072 96/146 [==================>...........] - ETA: 1:36 - loss: 0.2302 - accuracy: 0.9072 97/146 [==================>...........] - ETA: 1:35 - loss: 0.2298 - accuracy: 0.9069 98/146 [===================>..........] - ETA: 1:33 - loss: 0.2312 - accuracy: 0.9062 99/146 [===================>..........] - ETA: 1:31 - loss: 0.2305 - accuracy: 0.9059100/146 [===================>..........] - ETA: 1:29 - loss: 0.2301 - accuracy: 0.9056101/146 [===================>..........] - ETA: 1:27 - loss: 0.2302 - accuracy: 0.9056102/146 [===================>..........] - ETA: 1:25 - loss: 0.2304 - accuracy: 0.9053103/146 [====================>.........] - ETA: 1:23 - loss: 0.2321 - accuracy: 0.9044104/146 [====================>.........] - ETA: 1:21 - loss: 0.2317 - accuracy: 0.9047105/146 [====================>.........] - ETA: 1:19 - loss: 0.2309 - accuracy: 0.9051106/146 [====================>.........] - ETA: 1:17 - loss: 0.2316 - accuracy: 0.9045107/146 [====================>.........] - ETA: 1:15 - loss: 0.2308 - accuracy: 0.9051108/146 [=====================>........] - ETA: 1:13 - loss: 0.2303 - accuracy: 0.9057109/146 [=====================>........] - ETA: 1:11 - loss: 0.2323 - accuracy: 0.9051110/146 [=====================>........] - ETA: 1:09 - loss: 0.2321 - accuracy: 0.9051111/146 [=====================>........] - ETA: 1:07 - loss: 0.2325 - accuracy: 0.9046112/146 [======================>.......] - ETA: 1:06 - loss: 0.2327 - accuracy: 0.9051113/146 [======================>.......] - ETA: 1:04 - loss: 0.2346 - accuracy: 0.9046114/146 [======================>.......] - ETA: 1:02 - loss: 0.2346 - accuracy: 0.9043115/146 [======================>.......] - ETA: 1:00 - loss: 0.2371 - accuracy: 0.9038116/146 [======================>.......] - ETA: 58s - loss: 0.2375 - accuracy: 0.9038 117/146 [=======================>......] - ETA: 56s - loss: 0.2382 - accuracy: 0.9030118/146 [=======================>......] - ETA: 54s - loss: 0.2383 - accuracy: 0.9028119/146 [=======================>......] - ETA: 52s - loss: 0.2380 - accuracy: 0.9028120/146 [=======================>......] - ETA: 50s - loss: 0.2379 - accuracy: 0.9034121/146 [=======================>......] - ETA: 48s - loss: 0.2395 - accuracy: 0.9021122/146 [========================>.....] - ETA: 46s - loss: 0.2394 - accuracy: 0.9024123/146 [========================>.....] - ETA: 44s - loss: 0.2396 - accuracy: 0.9027124/146 [========================>.....] - ETA: 42s - loss: 0.2396 - accuracy: 0.9027125/146 [========================>.....] - ETA: 40s - loss: 0.2397 - accuracy: 0.9025126/146 [========================>.....] - ETA: 38s - loss: 0.2388 - accuracy: 0.9033127/146 [=========================>....] - ETA: 36s - loss: 0.2386 - accuracy: 0.9035128/146 [=========================>....] - ETA: 35s - loss: 0.2383 - accuracy: 0.9041129/146 [=========================>....] - ETA: 33s - loss: 0.2382 - accuracy: 0.9043130/146 [=========================>....] - ETA: 31s - loss: 0.2395 - accuracy: 0.9038131/146 [=========================>....] - ETA: 29s - loss: 0.2394 - accuracy: 0.9039132/146 [==========================>...] - ETA: 27s - loss: 0.2387 - accuracy: 0.9044133/146 [==========================>...] - ETA: 25s - loss: 0.2377 - accuracy: 0.9048134/146 [==========================>...] - ETA: 23s - loss: 0.2370 - accuracy: 0.9053135/146 [==========================>...] - ETA: 21s - loss: 0.2363 - accuracy: 0.9056136/146 [==========================>...] - ETA: 19s - loss: 0.2364 - accuracy: 0.9053137/146 [===========================>..] - ETA: 17s - loss: 0.2364 - accuracy: 0.9056138/146 [===========================>..] - ETA: 15s - loss: 0.2366 - accuracy: 0.9056139/146 [===========================>..] - ETA: 13s - loss: 0.2360 - accuracy: 0.9060140/146 [===========================>..] - ETA: 11s - loss: 0.2354 - accuracy: 0.9062141/146 [===========================>..] - ETA: 9s - loss: 0.2355 - accuracy: 0.9067 142/146 [============================>.] - ETA: 7s - loss: 0.2350 - accuracy: 0.9071143/146 [============================>.] - ETA: 5s - loss: 0.2354 - accuracy: 0.9069144/146 [============================>.] - ETA: 3s - loss: 0.2365 - accuracy: 0.9069145/146 [============================>.] - ETA: 1s - loss: 0.2360 - accuracy: 0.9071146/146 [==============================] - ETA: 0s - loss: 0.2359 - accuracy: 0.9072146/146 [==============================] - 323s 2s/step - loss: 0.2359 - accuracy: 0.9072 - val_loss: 0.2924 - val_accuracy: 0.8892
Epoch 11/108
  1/146 [..............................] - ETA: 5:04 - loss: 0.1597 - accuracy: 0.9375  2/146 [..............................] - ETA: 4:26 - loss: 0.1544 - accuracy: 0.9531  3/146 [..............................] - ETA: 4:30 - loss: 0.1495 - accuracy: 0.9479  4/146 [..............................] - ETA: 4:28 - loss: 0.1625 - accuracy: 0.9531  5/146 [>.............................] - ETA: 4:17 - loss: 0.1800 - accuracy: 0.9375  6/146 [>.............................] - ETA: 4:13 - loss: 0.1713 - accuracy: 0.9479  7/146 [>.............................] - ETA: 4:12 - loss: 0.1843 - accuracy: 0.9420  8/146 [>.............................] - ETA: 4:12 - loss: 0.1991 - accuracy: 0.9375  9/146 [>.............................] - ETA: 4:11 - loss: 0.1880 - accuracy: 0.9410 10/146 [=>............................] - ETA: 4:11 - loss: 0.1941 - accuracy: 0.9375 11/146 [=>............................] - ETA: 4:10 - loss: 0.1816 - accuracy: 0.9403 12/146 [=>............................] - ETA: 4:11 - loss: 0.2071 - accuracy: 0.9297 13/146 [=>............................] - ETA: 4:10 - loss: 0.2096 - accuracy: 0.9279 14/146 [=>............................] - ETA: 4:09 - loss: 0.2147 - accuracy: 0.9241 15/146 [==>...........................] - ETA: 4:08 - loss: 0.2155 - accuracy: 0.9229 16/146 [==>...........................] - ETA: 4:08 - loss: 0.2189 - accuracy: 0.9219 17/146 [==>...........................] - ETA: 4:07 - loss: 0.2168 - accuracy: 0.9228 18/146 [==>...........................] - ETA: 4:06 - loss: 0.2127 - accuracy: 0.9236 19/146 [==>...........................] - ETA: 4:04 - loss: 0.2114 - accuracy: 0.9227 20/146 [===>..........................] - ETA: 4:02 - loss: 0.2127 - accuracy: 0.9187 21/146 [===>..........................] - ETA: 4:01 - loss: 0.2143 - accuracy: 0.9196 22/146 [===>..........................] - ETA: 3:59 - loss: 0.2072 - accuracy: 0.9219 23/146 [===>..........................] - ETA: 3:58 - loss: 0.2144 - accuracy: 0.9198 24/146 [===>..........................] - ETA: 3:56 - loss: 0.2126 - accuracy: 0.9206 25/146 [====>.........................] - ETA: 3:55 - loss: 0.2134 - accuracy: 0.9187 26/146 [====>.........................] - ETA: 3:53 - loss: 0.2121 - accuracy: 0.9183 27/146 [====>.........................] - ETA: 3:51 - loss: 0.2089 - accuracy: 0.9190 28/146 [====>.........................] - ETA: 3:49 - loss: 0.2067 - accuracy: 0.9196 29/146 [====>.........................] - ETA: 3:47 - loss: 0.2120 - accuracy: 0.9170 30/146 [=====>........................] - ETA: 3:46 - loss: 0.2077 - accuracy: 0.9198 31/146 [=====>........................] - ETA: 3:44 - loss: 0.2138 - accuracy: 0.9163 32/146 [=====>........................] - ETA: 3:42 - loss: 0.2142 - accuracy: 0.9160 33/146 [=====>........................] - ETA: 3:40 - loss: 0.2184 - accuracy: 0.9148 34/146 [=====>........................] - ETA: 3:39 - loss: 0.2147 - accuracy: 0.9164 35/146 [======>.......................] - ETA: 3:37 - loss: 0.2157 - accuracy: 0.9161 36/146 [======>.......................] - ETA: 3:34 - loss: 0.2191 - accuracy: 0.9141 37/146 [======>.......................] - ETA: 3:32 - loss: 0.2160 - accuracy: 0.9155 38/146 [======>.......................] - ETA: 3:30 - loss: 0.2208 - accuracy: 0.9153 39/146 [=======>......................] - ETA: 3:28 - loss: 0.2185 - accuracy: 0.9159 40/146 [=======>......................] - ETA: 3:26 - loss: 0.2252 - accuracy: 0.9141 41/146 [=======>......................] - ETA: 3:24 - loss: 0.2253 - accuracy: 0.9146 42/146 [=======>......................] - ETA: 3:22 - loss: 0.2238 - accuracy: 0.9152 43/146 [=======>......................] - ETA: 3:19 - loss: 0.2244 - accuracy: 0.9157 44/146 [========>.....................] - ETA: 3:17 - loss: 0.2258 - accuracy: 0.9155 45/146 [========>.....................] - ETA: 3:15 - loss: 0.2282 - accuracy: 0.9125 46/146 [========>.....................] - ETA: 3:14 - loss: 0.2291 - accuracy: 0.9117 47/146 [========>.....................] - ETA: 3:12 - loss: 0.2331 - accuracy: 0.9096 48/146 [========>.....................] - ETA: 3:10 - loss: 0.2346 - accuracy: 0.9095 49/146 [=========>....................] - ETA: 3:08 - loss: 0.2338 - accuracy: 0.9107 50/146 [=========>....................] - ETA: 3:06 - loss: 0.2367 - accuracy: 0.9100 51/146 [=========>....................] - ETA: 3:04 - loss: 0.2352 - accuracy: 0.9105 52/146 [=========>....................] - ETA: 3:02 - loss: 0.2365 - accuracy: 0.9087 53/146 [=========>....................] - ETA: 3:00 - loss: 0.2375 - accuracy: 0.9074 54/146 [==========>...................] - ETA: 2:58 - loss: 0.2383 - accuracy: 0.9074 55/146 [==========>...................] - ETA: 2:56 - loss: 0.2423 - accuracy: 0.9062 56/146 [==========>...................] - ETA: 2:55 - loss: 0.2411 - accuracy: 0.9068 57/146 [==========>...................] - ETA: 2:53 - loss: 0.2392 - accuracy: 0.9079 58/146 [==========>...................] - ETA: 2:51 - loss: 0.2431 - accuracy: 0.9057 59/146 [===========>..................] - ETA: 2:49 - loss: 0.2427 - accuracy: 0.9057 60/146 [===========>..................] - ETA: 2:47 - loss: 0.2429 - accuracy: 0.9042 61/146 [===========>..................] - ETA: 2:45 - loss: 0.2447 - accuracy: 0.9042 62/146 [===========>..................] - ETA: 2:43 - loss: 0.2447 - accuracy: 0.9042 63/146 [===========>..................] - ETA: 2:41 - loss: 0.2458 - accuracy: 0.9038 64/146 [============>.................] - ETA: 2:39 - loss: 0.2440 - accuracy: 0.9053 65/146 [============>.................] - ETA: 2:37 - loss: 0.2432 - accuracy: 0.9058 66/146 [============>.................] - ETA: 2:35 - loss: 0.2426 - accuracy: 0.9072 67/146 [============>.................] - ETA: 2:34 - loss: 0.2422 - accuracy: 0.9076 68/146 [============>.................] - ETA: 2:32 - loss: 0.2436 - accuracy: 0.9062 69/146 [=============>................] - ETA: 2:30 - loss: 0.2443 - accuracy: 0.9058 70/146 [=============>................] - ETA: 2:28 - loss: 0.2434 - accuracy: 0.9062 71/146 [=============>................] - ETA: 2:26 - loss: 0.2424 - accuracy: 0.9067 72/146 [=============>................] - ETA: 2:24 - loss: 0.2405 - accuracy: 0.9076 73/146 [==============>...............] - ETA: 2:22 - loss: 0.2401 - accuracy: 0.9075 74/146 [==============>...............] - ETA: 2:20 - loss: 0.2402 - accuracy: 0.9079 75/146 [==============>...............] - ETA: 2:18 - loss: 0.2399 - accuracy: 0.9075 76/146 [==============>...............] - ETA: 2:16 - loss: 0.2405 - accuracy: 0.9075 77/146 [==============>...............] - ETA: 2:15 - loss: 0.2395 - accuracy: 0.9079 78/146 [===============>..............] - ETA: 2:13 - loss: 0.2402 - accuracy: 0.9075 79/146 [===============>..............] - ETA: 2:11 - loss: 0.2389 - accuracy: 0.9082 80/146 [===============>..............] - ETA: 2:09 - loss: 0.2405 - accuracy: 0.9078 81/146 [===============>..............] - ETA: 2:07 - loss: 0.2394 - accuracy: 0.9082 82/146 [===============>..............] - ETA: 2:05 - loss: 0.2396 - accuracy: 0.9082 83/146 [================>.............] - ETA: 2:03 - loss: 0.2382 - accuracy: 0.9089 84/146 [================>.............] - ETA: 2:01 - loss: 0.2369 - accuracy: 0.9092 85/146 [================>.............] - ETA: 1:59 - loss: 0.2362 - accuracy: 0.9096 86/146 [================>.............] - ETA: 1:57 - loss: 0.2355 - accuracy: 0.9099 87/146 [================>.............] - ETA: 1:55 - loss: 0.2342 - accuracy: 0.9106 88/146 [=================>............] - ETA: 1:53 - loss: 0.2342 - accuracy: 0.9105 89/146 [=================>............] - ETA: 1:51 - loss: 0.2342 - accuracy: 0.9105 90/146 [=================>............] - ETA: 1:49 - loss: 0.2353 - accuracy: 0.9101 91/146 [=================>............] - ETA: 1:47 - loss: 0.2340 - accuracy: 0.9104 92/146 [=================>............] - ETA: 1:45 - loss: 0.2337 - accuracy: 0.9107 93/146 [==================>...........] - ETA: 1:43 - loss: 0.2340 - accuracy: 0.9106 94/146 [==================>...........] - ETA: 1:41 - loss: 0.2327 - accuracy: 0.9112 95/146 [==================>...........] - ETA: 1:39 - loss: 0.2312 - accuracy: 0.9118 96/146 [==================>...........] - ETA: 1:38 - loss: 0.2309 - accuracy: 0.9118 97/146 [==================>...........] - ETA: 1:36 - loss: 0.2302 - accuracy: 0.9124 98/146 [===================>..........] - ETA: 1:34 - loss: 0.2316 - accuracy: 0.9123 99/146 [===================>..........] - ETA: 1:32 - loss: 0.2307 - accuracy: 0.9126100/146 [===================>..........] - ETA: 1:30 - loss: 0.2319 - accuracy: 0.9125101/146 [===================>..........] - ETA: 1:28 - loss: 0.2316 - accuracy: 0.9131102/146 [===================>..........] - ETA: 1:26 - loss: 0.2301 - accuracy: 0.9136103/146 [====================>.........] - ETA: 1:24 - loss: 0.2298 - accuracy: 0.9138104/146 [====================>.........] - ETA: 1:22 - loss: 0.2298 - accuracy: 0.9141105/146 [====================>.........] - ETA: 1:20 - loss: 0.2310 - accuracy: 0.9134106/146 [====================>.........] - ETA: 1:18 - loss: 0.2306 - accuracy: 0.9139107/146 [====================>.........] - ETA: 1:16 - loss: 0.2294 - accuracy: 0.9141108/146 [=====================>........] - ETA: 1:14 - loss: 0.2283 - accuracy: 0.9146109/146 [=====================>........] - ETA: 1:12 - loss: 0.2285 - accuracy: 0.9143110/146 [=====================>........] - ETA: 1:10 - loss: 0.2271 - accuracy: 0.9148111/146 [=====================>........] - ETA: 1:08 - loss: 0.2287 - accuracy: 0.9141112/146 [======================>.......] - ETA: 1:06 - loss: 0.2308 - accuracy: 0.9138113/146 [======================>.......] - ETA: 1:05 - loss: 0.2305 - accuracy: 0.9137114/146 [======================>.......] - ETA: 1:03 - loss: 0.2302 - accuracy: 0.9137115/146 [======================>.......] - ETA: 1:01 - loss: 0.2303 - accuracy: 0.9133116/146 [======================>.......] - ETA: 59s - loss: 0.2304 - accuracy: 0.9127 117/146 [=======================>......] - ETA: 57s - loss: 0.2303 - accuracy: 0.9124118/146 [=======================>......] - ETA: 55s - loss: 0.2296 - accuracy: 0.9126119/146 [=======================>......] - ETA: 53s - loss: 0.2292 - accuracy: 0.9131120/146 [=======================>......] - ETA: 51s - loss: 0.2286 - accuracy: 0.9135121/146 [=======================>......] - ETA: 49s - loss: 0.2279 - accuracy: 0.9135122/146 [========================>.....] - ETA: 47s - loss: 0.2266 - accuracy: 0.9139123/146 [========================>.....] - ETA: 45s - loss: 0.2282 - accuracy: 0.9131124/146 [========================>.....] - ETA: 43s - loss: 0.2269 - accuracy: 0.9138125/146 [========================>.....] - ETA: 41s - loss: 0.2268 - accuracy: 0.9140126/146 [========================>.....] - ETA: 39s - loss: 0.2259 - accuracy: 0.9144127/146 [=========================>....] - ETA: 37s - loss: 0.2259 - accuracy: 0.9146128/146 [=========================>....] - ETA: 35s - loss: 0.2275 - accuracy: 0.9141129/146 [=========================>....] - ETA: 33s - loss: 0.2275 - accuracy: 0.9140130/146 [=========================>....] - ETA: 31s - loss: 0.2273 - accuracy: 0.9142131/146 [=========================>....] - ETA: 29s - loss: 0.2272 - accuracy: 0.9144132/146 [==========================>...] - ETA: 27s - loss: 0.2271 - accuracy: 0.9145133/146 [==========================>...] - ETA: 25s - loss: 0.2269 - accuracy: 0.9145134/146 [==========================>...] - ETA: 23s - loss: 0.2270 - accuracy: 0.9146135/146 [==========================>...] - ETA: 21s - loss: 0.2270 - accuracy: 0.9146136/146 [==========================>...] - ETA: 19s - loss: 0.2270 - accuracy: 0.9143137/146 [===========================>..] - ETA: 17s - loss: 0.2264 - accuracy: 0.9145138/146 [===========================>..] - ETA: 15s - loss: 0.2265 - accuracy: 0.9146139/146 [===========================>..] - ETA: 13s - loss: 0.2274 - accuracy: 0.9143140/146 [===========================>..] - ETA: 11s - loss: 0.2278 - accuracy: 0.9145141/146 [===========================>..] - ETA: 9s - loss: 0.2271 - accuracy: 0.9149 142/146 [============================>.] - ETA: 7s - loss: 0.2262 - accuracy: 0.9153143/146 [============================>.] - ETA: 5s - loss: 0.2272 - accuracy: 0.9150144/146 [============================>.] - ETA: 3s - loss: 0.2274 - accuracy: 0.9149145/146 [============================>.] - ETA: 1s - loss: 0.2269 - accuracy: 0.9149146/146 [==============================] - ETA: 0s - loss: 0.2268 - accuracy: 0.9149146/146 [==============================] - 323s 2s/step - loss: 0.2268 - accuracy: 0.9149 - val_loss: 0.2877 - val_accuracy: 0.8909
Epoch 12/108
  1/146 [..............................] - ETA: 4:26 - loss: 0.3158 - accuracy: 0.9375  2/146 [..............................] - ETA: 4:06 - loss: 0.2366 - accuracy: 0.9688  3/146 [..............................] - ETA: 4:23 - loss: 0.2465 - accuracy: 0.9271  4/146 [..............................] - ETA: 4:25 - loss: 0.2105 - accuracy: 0.9375  5/146 [>.............................] - ETA: 4:22 - loss: 0.2384 - accuracy: 0.9062  6/146 [>.............................] - ETA: 4:24 - loss: 0.2328 - accuracy: 0.9115  7/146 [>.............................] - ETA: 4:27 - loss: 0.2161 - accuracy: 0.9152  8/146 [>.............................] - ETA: 4:28 - loss: 0.1979 - accuracy: 0.9258  9/146 [>.............................] - ETA: 4:25 - loss: 0.1895 - accuracy: 0.9306 10/146 [=>............................] - ETA: 4:25 - loss: 0.2113 - accuracy: 0.9187 11/146 [=>............................] - ETA: 4:24 - loss: 0.2009 - accuracy: 0.9233 12/146 [=>............................] - ETA: 4:21 - loss: 0.1952 - accuracy: 0.9245 13/146 [=>............................] - ETA: 4:19 - loss: 0.1955 - accuracy: 0.9231 14/146 [=>............................] - ETA: 4:17 - loss: 0.2073 - accuracy: 0.9196 15/146 [==>...........................] - ETA: 4:15 - loss: 0.1994 - accuracy: 0.9229 16/146 [==>...........................] - ETA: 4:11 - loss: 0.2030 - accuracy: 0.9219 17/146 [==>...........................] - ETA: 4:10 - loss: 0.2042 - accuracy: 0.9210 18/146 [==>...........................] - ETA: 4:09 - loss: 0.2002 - accuracy: 0.9219 19/146 [==>...........................] - ETA: 4:08 - loss: 0.1978 - accuracy: 0.9211 20/146 [===>..........................] - ETA: 4:05 - loss: 0.1992 - accuracy: 0.9219 21/146 [===>..........................] - ETA: 4:04 - loss: 0.2013 - accuracy: 0.9211 22/146 [===>..........................] - ETA: 4:01 - loss: 0.1957 - accuracy: 0.9233 23/146 [===>..........................] - ETA: 3:58 - loss: 0.1953 - accuracy: 0.9239 24/146 [===>..........................] - ETA: 3:55 - loss: 0.1955 - accuracy: 0.9245 25/146 [====>.........................] - ETA: 3:52 - loss: 0.1921 - accuracy: 0.9262 26/146 [====>.........................] - ETA: 3:49 - loss: 0.1950 - accuracy: 0.9255 27/146 [====>.........................] - ETA: 3:47 - loss: 0.1907 - accuracy: 0.9271 28/146 [====>.........................] - ETA: 3:44 - loss: 0.1904 - accuracy: 0.9275 29/146 [====>.........................] - ETA: 3:41 - loss: 0.1890 - accuracy: 0.9289 30/146 [=====>........................] - ETA: 3:38 - loss: 0.1887 - accuracy: 0.9292 31/146 [=====>........................] - ETA: 3:36 - loss: 0.1870 - accuracy: 0.9304 32/146 [=====>........................] - ETA: 3:33 - loss: 0.1881 - accuracy: 0.9307 33/146 [=====>........................] - ETA: 3:31 - loss: 0.1867 - accuracy: 0.9309 34/146 [=====>........................] - ETA: 3:29 - loss: 0.1922 - accuracy: 0.9283 35/146 [======>.......................] - ETA: 3:27 - loss: 0.1915 - accuracy: 0.9295 36/146 [======>.......................] - ETA: 3:26 - loss: 0.1913 - accuracy: 0.9306 37/146 [======>.......................] - ETA: 3:24 - loss: 0.1888 - accuracy: 0.9316 38/146 [======>.......................] - ETA: 3:23 - loss: 0.1911 - accuracy: 0.9301 39/146 [=======>......................] - ETA: 3:21 - loss: 0.1947 - accuracy: 0.9295 40/146 [=======>......................] - ETA: 3:19 - loss: 0.1970 - accuracy: 0.9273 41/146 [=======>......................] - ETA: 3:18 - loss: 0.2007 - accuracy: 0.9261 42/146 [=======>......................] - ETA: 3:16 - loss: 0.1971 - accuracy: 0.9278 43/146 [=======>......................] - ETA: 3:14 - loss: 0.1972 - accuracy: 0.9281 44/146 [========>.....................] - ETA: 3:12 - loss: 0.1985 - accuracy: 0.9276 45/146 [========>.....................] - ETA: 3:10 - loss: 0.2012 - accuracy: 0.9250 46/146 [========>.....................] - ETA: 3:09 - loss: 0.2013 - accuracy: 0.9260 47/146 [========>.....................] - ETA: 3:07 - loss: 0.2030 - accuracy: 0.9255 48/146 [========>.....................] - ETA: 3:05 - loss: 0.2024 - accuracy: 0.9251 49/146 [=========>....................] - ETA: 3:03 - loss: 0.2015 - accuracy: 0.9260 50/146 [=========>....................] - ETA: 3:02 - loss: 0.2000 - accuracy: 0.9275 51/146 [=========>....................] - ETA: 3:00 - loss: 0.2000 - accuracy: 0.9283 52/146 [=========>....................] - ETA: 2:58 - loss: 0.1990 - accuracy: 0.9285 53/146 [=========>....................] - ETA: 2:57 - loss: 0.2058 - accuracy: 0.9263 54/146 [==========>...................] - ETA: 2:55 - loss: 0.2081 - accuracy: 0.9248 55/146 [==========>...................] - ETA: 2:53 - loss: 0.2102 - accuracy: 0.9233 56/146 [==========>...................] - ETA: 2:52 - loss: 0.2091 - accuracy: 0.9235 57/146 [==========>...................] - ETA: 2:50 - loss: 0.2078 - accuracy: 0.9243 58/146 [==========>...................] - ETA: 2:48 - loss: 0.2077 - accuracy: 0.9246 59/146 [===========>..................] - ETA: 2:46 - loss: 0.2115 - accuracy: 0.9232 60/146 [===========>..................] - ETA: 2:45 - loss: 0.2130 - accuracy: 0.9224 61/146 [===========>..................] - ETA: 2:43 - loss: 0.2127 - accuracy: 0.9216 62/146 [===========>..................] - ETA: 2:41 - loss: 0.2130 - accuracy: 0.9214 63/146 [===========>..................] - ETA: 2:39 - loss: 0.2132 - accuracy: 0.9216 64/146 [============>.................] - ETA: 2:38 - loss: 0.2137 - accuracy: 0.9224 65/146 [============>.................] - ETA: 2:36 - loss: 0.2120 - accuracy: 0.9236 66/146 [============>.................] - ETA: 2:34 - loss: 0.2108 - accuracy: 0.9247 67/146 [============>.................] - ETA: 2:32 - loss: 0.2118 - accuracy: 0.9240 68/146 [============>.................] - ETA: 2:30 - loss: 0.2113 - accuracy: 0.9233 69/146 [=============>................] - ETA: 2:28 - loss: 0.2106 - accuracy: 0.9235 70/146 [=============>................] - ETA: 2:26 - loss: 0.2143 - accuracy: 0.9214 71/146 [=============>................] - ETA: 2:25 - loss: 0.2149 - accuracy: 0.9203 72/146 [=============>................] - ETA: 2:23 - loss: 0.2144 - accuracy: 0.9201 73/146 [==============>...............] - ETA: 2:21 - loss: 0.2141 - accuracy: 0.9208 74/146 [==============>...............] - ETA: 2:19 - loss: 0.2155 - accuracy: 0.9198 75/146 [==============>...............] - ETA: 2:17 - loss: 0.2154 - accuracy: 0.9200 76/146 [==============>...............] - ETA: 2:16 - loss: 0.2153 - accuracy: 0.9202 77/146 [==============>...............] - ETA: 2:14 - loss: 0.2172 - accuracy: 0.9200 78/146 [===============>..............] - ETA: 2:12 - loss: 0.2166 - accuracy: 0.9203 79/146 [===============>..............] - ETA: 2:10 - loss: 0.2167 - accuracy: 0.9201 80/146 [===============>..............] - ETA: 2:08 - loss: 0.2164 - accuracy: 0.9203 81/146 [===============>..............] - ETA: 2:06 - loss: 0.2156 - accuracy: 0.9213 82/146 [===============>..............] - ETA: 2:04 - loss: 0.2158 - accuracy: 0.9211 83/146 [================>.............] - ETA: 2:02 - loss: 0.2162 - accuracy: 0.9213 84/146 [================>.............] - ETA: 2:00 - loss: 0.2156 - accuracy: 0.9208 85/146 [================>.............] - ETA: 1:58 - loss: 0.2167 - accuracy: 0.9206 86/146 [================>.............] - ETA: 1:56 - loss: 0.2186 - accuracy: 0.9201 87/146 [================>.............] - ETA: 1:54 - loss: 0.2183 - accuracy: 0.9203 88/146 [=================>............] - ETA: 1:52 - loss: 0.2182 - accuracy: 0.9205 89/146 [=================>............] - ETA: 1:50 - loss: 0.2190 - accuracy: 0.9196 90/146 [=================>............] - ETA: 1:49 - loss: 0.2184 - accuracy: 0.9198 91/146 [=================>............] - ETA: 1:47 - loss: 0.2197 - accuracy: 0.9179 92/146 [=================>............] - ETA: 1:45 - loss: 0.2197 - accuracy: 0.9181 93/146 [==================>...........] - ETA: 1:43 - loss: 0.2201 - accuracy: 0.9177 94/146 [==================>...........] - ETA: 1:41 - loss: 0.2197 - accuracy: 0.9179 95/146 [==================>...........] - ETA: 1:39 - loss: 0.2190 - accuracy: 0.9181 96/146 [==================>...........] - ETA: 1:37 - loss: 0.2194 - accuracy: 0.9180 97/146 [==================>...........] - ETA: 1:34 - loss: 0.2184 - accuracy: 0.9188 98/146 [===================>..........] - ETA: 1:32 - loss: 0.2187 - accuracy: 0.9184 99/146 [===================>..........] - ETA: 1:30 - loss: 0.2181 - accuracy: 0.9189100/146 [===================>..........] - ETA: 1:28 - loss: 0.2169 - accuracy: 0.9194101/146 [===================>..........] - ETA: 1:26 - loss: 0.2159 - accuracy: 0.9199102/146 [===================>..........] - ETA: 1:24 - loss: 0.2152 - accuracy: 0.9200103/146 [====================>.........] - ETA: 1:22 - loss: 0.2153 - accuracy: 0.9199104/146 [====================>.........] - ETA: 1:20 - loss: 0.2144 - accuracy: 0.9207105/146 [====================>.........] - ETA: 1:18 - loss: 0.2144 - accuracy: 0.9205106/146 [====================>.........] - ETA: 1:16 - loss: 0.2136 - accuracy: 0.9207107/146 [====================>.........] - ETA: 1:15 - loss: 0.2126 - accuracy: 0.9211108/146 [=====================>........] - ETA: 1:13 - loss: 0.2119 - accuracy: 0.9213109/146 [=====================>........] - ETA: 1:11 - loss: 0.2108 - accuracy: 0.9212110/146 [=====================>........] - ETA: 1:09 - loss: 0.2097 - accuracy: 0.9216111/146 [=====================>........] - ETA: 1:07 - loss: 0.2099 - accuracy: 0.9215112/146 [======================>.......] - ETA: 1:05 - loss: 0.2118 - accuracy: 0.9205113/146 [======================>.......] - ETA: 1:03 - loss: 0.2109 - accuracy: 0.9209114/146 [======================>.......] - ETA: 1:01 - loss: 0.2125 - accuracy: 0.9205115/146 [======================>.......] - ETA: 59s - loss: 0.2115 - accuracy: 0.9209 116/146 [======================>.......] - ETA: 57s - loss: 0.2120 - accuracy: 0.9208117/146 [=======================>......] - ETA: 55s - loss: 0.2117 - accuracy: 0.9204118/146 [=======================>......] - ETA: 53s - loss: 0.2130 - accuracy: 0.9203119/146 [=======================>......] - ETA: 52s - loss: 0.2128 - accuracy: 0.9207120/146 [=======================>......] - ETA: 50s - loss: 0.2136 - accuracy: 0.9206121/146 [=======================>......] - ETA: 48s - loss: 0.2134 - accuracy: 0.9207122/146 [========================>.....] - ETA: 46s - loss: 0.2133 - accuracy: 0.9209123/146 [========================>.....] - ETA: 44s - loss: 0.2147 - accuracy: 0.9205124/146 [========================>.....] - ETA: 42s - loss: 0.2148 - accuracy: 0.9204125/146 [========================>.....] - ETA: 40s - loss: 0.2147 - accuracy: 0.9202126/146 [========================>.....] - ETA: 38s - loss: 0.2143 - accuracy: 0.9204127/146 [=========================>....] - ETA: 36s - loss: 0.2161 - accuracy: 0.9195128/146 [=========================>....] - ETA: 34s - loss: 0.2162 - accuracy: 0.9199129/146 [=========================>....] - ETA: 32s - loss: 0.2170 - accuracy: 0.9191130/146 [=========================>....] - ETA: 30s - loss: 0.2169 - accuracy: 0.9190131/146 [=========================>....] - ETA: 28s - loss: 0.2163 - accuracy: 0.9194132/146 [==========================>...] - ETA: 26s - loss: 0.2159 - accuracy: 0.9200133/146 [==========================>...] - ETA: 24s - loss: 0.2160 - accuracy: 0.9201134/146 [==========================>...] - ETA: 22s - loss: 0.2152 - accuracy: 0.9205135/146 [==========================>...] - ETA: 20s - loss: 0.2151 - accuracy: 0.9204136/146 [==========================>...] - ETA: 18s - loss: 0.2147 - accuracy: 0.9207137/146 [===========================>..] - ETA: 17s - loss: 0.2153 - accuracy: 0.9199138/146 [===========================>..] - ETA: 15s - loss: 0.2155 - accuracy: 0.9198139/146 [===========================>..] - ETA: 13s - loss: 0.2158 - accuracy: 0.9195140/146 [===========================>..] - ETA: 11s - loss: 0.2162 - accuracy: 0.9192141/146 [===========================>..] - ETA: 9s - loss: 0.2166 - accuracy: 0.9191 142/146 [============================>.] - ETA: 7s - loss: 0.2160 - accuracy: 0.9192143/146 [============================>.] - ETA: 5s - loss: 0.2163 - accuracy: 0.9189144/146 [============================>.] - ETA: 3s - loss: 0.2156 - accuracy: 0.9193145/146 [============================>.] - ETA: 1s - loss: 0.2161 - accuracy: 0.9187146/146 [==============================] - ETA: 0s - loss: 0.2161 - accuracy: 0.9188146/146 [==============================] - 317s 2s/step - loss: 0.2161 - accuracy: 0.9188 - val_loss: 0.2693 - val_accuracy: 0.9013
Epoch 13/108
  1/146 [..............................] - ETA: 5:03 - loss: 0.0925 - accuracy: 1.0000  2/146 [..............................] - ETA: 4:49 - loss: 0.1082 - accuracy: 0.9844  3/146 [..............................] - ETA: 5:03 - loss: 0.1443 - accuracy: 0.9688  4/146 [..............................] - ETA: 4:51 - loss: 0.1699 - accuracy: 0.9531  5/146 [>.............................] - ETA: 4:49 - loss: 0.1541 - accuracy: 0.9625  6/146 [>.............................] - ETA: 4:52 - loss: 0.1776 - accuracy: 0.9479  7/146 [>.............................] - ETA: 4:51 - loss: 0.1791 - accuracy: 0.9464  8/146 [>.............................] - ETA: 4:48 - loss: 0.1741 - accuracy: 0.9414  9/146 [>.............................] - ETA: 4:44 - loss: 0.2068 - accuracy: 0.9306 10/146 [=>............................] - ETA: 4:40 - loss: 0.2033 - accuracy: 0.9281 11/146 [=>............................] - ETA: 4:37 - loss: 0.1961 - accuracy: 0.9290 12/146 [=>............................] - ETA: 4:32 - loss: 0.1934 - accuracy: 0.9323 13/146 [=>............................] - ETA: 4:31 - loss: 0.1893 - accuracy: 0.9351 14/146 [=>............................] - ETA: 4:27 - loss: 0.1907 - accuracy: 0.9330 15/146 [==>...........................] - ETA: 4:25 - loss: 0.1941 - accuracy: 0.9312 16/146 [==>...........................] - ETA: 4:25 - loss: 0.1881 - accuracy: 0.9336 17/146 [==>...........................] - ETA: 4:22 - loss: 0.1862 - accuracy: 0.9338 18/146 [==>...........................] - ETA: 4:20 - loss: 0.1824 - accuracy: 0.9358 19/146 [==>...........................] - ETA: 4:17 - loss: 0.1885 - accuracy: 0.9375 20/146 [===>..........................] - ETA: 4:15 - loss: 0.1850 - accuracy: 0.9391 21/146 [===>..........................] - ETA: 4:13 - loss: 0.1881 - accuracy: 0.9375 22/146 [===>..........................] - ETA: 4:11 - loss: 0.1929 - accuracy: 0.9347 23/146 [===>..........................] - ETA: 4:09 - loss: 0.1888 - accuracy: 0.9348 24/146 [===>..........................] - ETA: 4:06 - loss: 0.1974 - accuracy: 0.9349 25/146 [====>.........................] - ETA: 4:04 - loss: 0.1949 - accuracy: 0.9350 26/146 [====>.........................] - ETA: 4:01 - loss: 0.2040 - accuracy: 0.9315 27/146 [====>.........................] - ETA: 3:59 - loss: 0.1982 - accuracy: 0.9340 28/146 [====>.........................] - ETA: 3:57 - loss: 0.2015 - accuracy: 0.9330 29/146 [====>.........................] - ETA: 3:55 - loss: 0.1991 - accuracy: 0.9332 30/146 [=====>........................] - ETA: 3:53 - loss: 0.1991 - accuracy: 0.9323 31/146 [=====>........................] - ETA: 3:50 - loss: 0.2002 - accuracy: 0.9315 32/146 [=====>........................] - ETA: 3:49 - loss: 0.1980 - accuracy: 0.9307 33/146 [=====>........................] - ETA: 3:46 - loss: 0.1998 - accuracy: 0.9309 34/146 [=====>........................] - ETA: 3:44 - loss: 0.1994 - accuracy: 0.9301 35/146 [======>.......................] - ETA: 3:42 - loss: 0.1977 - accuracy: 0.9295 36/146 [======>.......................] - ETA: 3:41 - loss: 0.1979 - accuracy: 0.9280 37/146 [======>.......................] - ETA: 3:38 - loss: 0.1942 - accuracy: 0.9299 38/146 [======>.......................] - ETA: 3:36 - loss: 0.1944 - accuracy: 0.9301 39/146 [=======>......................] - ETA: 3:34 - loss: 0.1928 - accuracy: 0.9303 40/146 [=======>......................] - ETA: 3:32 - loss: 0.1983 - accuracy: 0.9289 41/146 [=======>......................] - ETA: 3:30 - loss: 0.2008 - accuracy: 0.9284 42/146 [=======>......................] - ETA: 3:28 - loss: 0.2033 - accuracy: 0.9263 43/146 [=======>......................] - ETA: 3:26 - loss: 0.2026 - accuracy: 0.9259 44/146 [========>.....................] - ETA: 3:24 - loss: 0.2027 - accuracy: 0.9240 45/146 [========>.....................] - ETA: 3:22 - loss: 0.2046 - accuracy: 0.9229 46/146 [========>.....................] - ETA: 3:20 - loss: 0.2068 - accuracy: 0.9205 47/146 [========>.....................] - ETA: 3:18 - loss: 0.2074 - accuracy: 0.9202 48/146 [========>.....................] - ETA: 3:16 - loss: 0.2081 - accuracy: 0.9186 49/146 [=========>....................] - ETA: 3:14 - loss: 0.2141 - accuracy: 0.9171 50/146 [=========>....................] - ETA: 3:12 - loss: 0.2169 - accuracy: 0.9162 51/146 [=========>....................] - ETA: 3:10 - loss: 0.2169 - accuracy: 0.9161 52/146 [=========>....................] - ETA: 3:07 - loss: 0.2167 - accuracy: 0.9165 53/146 [=========>....................] - ETA: 3:05 - loss: 0.2173 - accuracy: 0.9157 54/146 [==========>...................] - ETA: 3:03 - loss: 0.2171 - accuracy: 0.9155 55/146 [==========>...................] - ETA: 3:01 - loss: 0.2180 - accuracy: 0.9148 56/146 [==========>...................] - ETA: 2:59 - loss: 0.2196 - accuracy: 0.9135 57/146 [==========>...................] - ETA: 2:57 - loss: 0.2196 - accuracy: 0.9134 58/146 [==========>...................] - ETA: 2:55 - loss: 0.2196 - accuracy: 0.9133 59/146 [===========>..................] - ETA: 2:53 - loss: 0.2224 - accuracy: 0.9126 60/146 [===========>..................] - ETA: 2:51 - loss: 0.2233 - accuracy: 0.9125 61/146 [===========>..................] - ETA: 2:49 - loss: 0.2239 - accuracy: 0.9114 62/146 [===========>..................] - ETA: 2:46 - loss: 0.2244 - accuracy: 0.9103 63/146 [===========>..................] - ETA: 2:44 - loss: 0.2248 - accuracy: 0.9102 64/146 [============>.................] - ETA: 2:42 - loss: 0.2244 - accuracy: 0.9106 65/146 [============>.................] - ETA: 2:40 - loss: 0.2245 - accuracy: 0.9111 66/146 [============>.................] - ETA: 2:38 - loss: 0.2240 - accuracy: 0.9119 67/146 [============>.................] - ETA: 2:36 - loss: 0.2245 - accuracy: 0.9104 68/146 [============>.................] - ETA: 2:34 - loss: 0.2232 - accuracy: 0.9113 69/146 [=============>................] - ETA: 2:31 - loss: 0.2222 - accuracy: 0.9117 70/146 [=============>................] - ETA: 2:29 - loss: 0.2226 - accuracy: 0.9121 71/146 [=============>................] - ETA: 2:27 - loss: 0.2222 - accuracy: 0.9129 72/146 [=============>................] - ETA: 2:25 - loss: 0.2230 - accuracy: 0.9123 73/146 [==============>...............] - ETA: 2:24 - loss: 0.2213 - accuracy: 0.9135 74/146 [==============>...............] - ETA: 2:21 - loss: 0.2210 - accuracy: 0.9134 75/146 [==============>...............] - ETA: 2:19 - loss: 0.2193 - accuracy: 0.9142 76/146 [==============>...............] - ETA: 2:17 - loss: 0.2189 - accuracy: 0.9145 77/146 [==============>...............] - ETA: 2:15 - loss: 0.2184 - accuracy: 0.9148 78/146 [===============>..............] - ETA: 2:13 - loss: 0.2195 - accuracy: 0.9147 79/146 [===============>..............] - ETA: 2:11 - loss: 0.2194 - accuracy: 0.9150 80/146 [===============>..............] - ETA: 2:09 - loss: 0.2198 - accuracy: 0.9141 81/146 [===============>..............] - ETA: 2:08 - loss: 0.2196 - accuracy: 0.9144 82/146 [===============>..............] - ETA: 2:05 - loss: 0.2182 - accuracy: 0.9154 83/146 [================>.............] - ETA: 2:04 - loss: 0.2167 - accuracy: 0.9160 84/146 [================>.............] - ETA: 2:02 - loss: 0.2166 - accuracy: 0.9159 85/146 [================>.............] - ETA: 2:00 - loss: 0.2150 - accuracy: 0.9165 86/146 [================>.............] - ETA: 1:58 - loss: 0.2147 - accuracy: 0.9164 87/146 [================>.............] - ETA: 1:56 - loss: 0.2134 - accuracy: 0.9170 88/146 [=================>............] - ETA: 1:54 - loss: 0.2140 - accuracy: 0.9169 89/146 [=================>............] - ETA: 1:52 - loss: 0.2132 - accuracy: 0.9171 90/146 [=================>............] - ETA: 1:50 - loss: 0.2125 - accuracy: 0.9174 91/146 [=================>............] - ETA: 1:48 - loss: 0.2120 - accuracy: 0.9179 92/146 [=================>............] - ETA: 1:46 - loss: 0.2121 - accuracy: 0.9178 93/146 [==================>...........] - ETA: 1:44 - loss: 0.2113 - accuracy: 0.9180 94/146 [==================>...........] - ETA: 1:42 - loss: 0.2112 - accuracy: 0.9176 95/146 [==================>...........] - ETA: 1:40 - loss: 0.2104 - accuracy: 0.9178 96/146 [==================>...........] - ETA: 1:38 - loss: 0.2097 - accuracy: 0.9176 97/146 [==================>...........] - ETA: 1:36 - loss: 0.2090 - accuracy: 0.9178 98/146 [===================>..........] - ETA: 1:34 - loss: 0.2102 - accuracy: 0.9174 99/146 [===================>..........] - ETA: 1:32 - loss: 0.2116 - accuracy: 0.9176100/146 [===================>..........] - ETA: 1:30 - loss: 0.2138 - accuracy: 0.9172101/146 [===================>..........] - ETA: 1:28 - loss: 0.2128 - accuracy: 0.9177102/146 [===================>..........] - ETA: 1:26 - loss: 0.2116 - accuracy: 0.9182103/146 [====================>.........] - ETA: 1:24 - loss: 0.2127 - accuracy: 0.9181104/146 [====================>.........] - ETA: 1:22 - loss: 0.2122 - accuracy: 0.9183105/146 [====================>.........] - ETA: 1:20 - loss: 0.2112 - accuracy: 0.9187106/146 [====================>.........] - ETA: 1:18 - loss: 0.2121 - accuracy: 0.9183107/146 [====================>.........] - ETA: 1:16 - loss: 0.2108 - accuracy: 0.9191108/146 [=====================>........] - ETA: 1:14 - loss: 0.2100 - accuracy: 0.9190109/146 [=====================>........] - ETA: 1:12 - loss: 0.2138 - accuracy: 0.9186110/146 [=====================>........] - ETA: 1:10 - loss: 0.2132 - accuracy: 0.9190111/146 [=====================>........] - ETA: 1:08 - loss: 0.2148 - accuracy: 0.9184112/146 [======================>.......] - ETA: 1:06 - loss: 0.2151 - accuracy: 0.9180113/146 [======================>.......] - ETA: 1:04 - loss: 0.2137 - accuracy: 0.9187114/146 [======================>.......] - ETA: 1:02 - loss: 0.2132 - accuracy: 0.9189115/146 [======================>.......] - ETA: 1:00 - loss: 0.2124 - accuracy: 0.9193116/146 [======================>.......] - ETA: 58s - loss: 0.2121 - accuracy: 0.9197 117/146 [=======================>......] - ETA: 56s - loss: 0.2115 - accuracy: 0.9201118/146 [=======================>......] - ETA: 54s - loss: 0.2123 - accuracy: 0.9203119/146 [=======================>......] - ETA: 52s - loss: 0.2125 - accuracy: 0.9204120/146 [=======================>......] - ETA: 50s - loss: 0.2124 - accuracy: 0.9206121/146 [=======================>......] - ETA: 48s - loss: 0.2119 - accuracy: 0.9205122/146 [========================>.....] - ETA: 47s - loss: 0.2107 - accuracy: 0.9206123/146 [========================>.....] - ETA: 45s - loss: 0.2109 - accuracy: 0.9202124/146 [========================>.....] - ETA: 43s - loss: 0.2106 - accuracy: 0.9206125/146 [========================>.....] - ETA: 41s - loss: 0.2109 - accuracy: 0.9202126/146 [========================>.....] - ETA: 39s - loss: 0.2107 - accuracy: 0.9204127/146 [=========================>....] - ETA: 37s - loss: 0.2107 - accuracy: 0.9195128/146 [=========================>....] - ETA: 35s - loss: 0.2100 - accuracy: 0.9197129/146 [=========================>....] - ETA: 33s - loss: 0.2094 - accuracy: 0.9203130/146 [=========================>....] - ETA: 31s - loss: 0.2101 - accuracy: 0.9204131/146 [=========================>....] - ETA: 29s - loss: 0.2102 - accuracy: 0.9206132/146 [==========================>...] - ETA: 27s - loss: 0.2110 - accuracy: 0.9197133/146 [==========================>...] - ETA: 25s - loss: 0.2102 - accuracy: 0.9203134/146 [==========================>...] - ETA: 23s - loss: 0.2097 - accuracy: 0.9207135/146 [==========================>...] - ETA: 21s - loss: 0.2099 - accuracy: 0.9206136/146 [==========================>...] - ETA: 19s - loss: 0.2093 - accuracy: 0.9207137/146 [===========================>..] - ETA: 17s - loss: 0.2087 - accuracy: 0.9211138/146 [===========================>..] - ETA: 15s - loss: 0.2081 - accuracy: 0.9214139/146 [===========================>..] - ETA: 13s - loss: 0.2088 - accuracy: 0.9206140/146 [===========================>..] - ETA: 11s - loss: 0.2100 - accuracy: 0.9203141/146 [===========================>..] - ETA: 9s - loss: 0.2108 - accuracy: 0.9200 142/146 [============================>.] - ETA: 7s - loss: 0.2100 - accuracy: 0.9203143/146 [============================>.] - ETA: 5s - loss: 0.2105 - accuracy: 0.9196144/146 [============================>.] - ETA: 3s - loss: 0.2097 - accuracy: 0.9201145/146 [============================>.] - ETA: 1s - loss: 0.2087 - accuracy: 0.9207146/146 [==============================] - ETA: 0s - loss: 0.2089 - accuracy: 0.9203146/146 [==============================] - 311s 2s/step - loss: 0.2089 - accuracy: 0.9203 - val_loss: 0.3694 - val_accuracy: 0.8571
Epoch 14/108
  1/146 [..............................] - ETA: 4:54 - loss: 0.4160 - accuracy: 0.8750  2/146 [..............................] - ETA: 4:59 - loss: 0.5088 - accuracy: 0.8281  3/146 [..............................] - ETA: 4:45 - loss: 0.5446 - accuracy: 0.7917  4/146 [..............................] - ETA: 4:42 - loss: 0.4719 - accuracy: 0.8203  5/146 [>.............................] - ETA: 4:39 - loss: 0.4367 - accuracy: 0.8375  6/146 [>.............................] - ETA: 4:36 - loss: 0.3804 - accuracy: 0.8594  7/146 [>.............................] - ETA: 4:34 - loss: 0.3542 - accuracy: 0.8750  8/146 [>.............................] - ETA: 4:31 - loss: 0.3528 - accuracy: 0.8711  9/146 [>.............................] - ETA: 4:32 - loss: 0.3275 - accuracy: 0.8785 10/146 [=>............................] - ETA: 4:32 - loss: 0.3308 - accuracy: 0.8719 11/146 [=>............................] - ETA: 4:30 - loss: 0.3320 - accuracy: 0.8722 12/146 [=>............................] - ETA: 4:25 - loss: 0.3438 - accuracy: 0.8646 13/146 [=>............................] - ETA: 4:23 - loss: 0.3262 - accuracy: 0.8726 14/146 [=>............................] - ETA: 4:19 - loss: 0.3292 - accuracy: 0.8683 15/146 [==>...........................] - ETA: 4:17 - loss: 0.3210 - accuracy: 0.8729 16/146 [==>...........................] - ETA: 4:15 - loss: 0.3184 - accuracy: 0.8730 17/146 [==>...........................] - ETA: 4:12 - loss: 0.3131 - accuracy: 0.8713 18/146 [==>...........................] - ETA: 4:09 - loss: 0.3117 - accuracy: 0.8698 19/146 [==>...........................] - ETA: 4:06 - loss: 0.3168 - accuracy: 0.8668 20/146 [===>..........................] - ETA: 4:03 - loss: 0.3108 - accuracy: 0.8672 21/146 [===>..........................] - ETA: 4:01 - loss: 0.3089 - accuracy: 0.8676 22/146 [===>..........................] - ETA: 3:59 - loss: 0.3041 - accuracy: 0.8707 23/146 [===>..........................] - ETA: 3:56 - loss: 0.2997 - accuracy: 0.8723 24/146 [===>..........................] - ETA: 3:54 - loss: 0.2920 - accuracy: 0.8750 25/146 [====>.........................] - ETA: 3:53 - loss: 0.2858 - accuracy: 0.8775 26/146 [====>.........................] - ETA: 3:51 - loss: 0.2850 - accuracy: 0.8774 27/146 [====>.........................] - ETA: 3:49 - loss: 0.2856 - accuracy: 0.8773 28/146 [====>.........................] - ETA: 3:47 - loss: 0.2822 - accuracy: 0.8795 29/146 [====>.........................] - ETA: 3:45 - loss: 0.2765 - accuracy: 0.8825 30/146 [=====>........................] - ETA: 3:43 - loss: 0.2804 - accuracy: 0.8781 31/146 [=====>........................] - ETA: 3:42 - loss: 0.2771 - accuracy: 0.8800 32/146 [=====>........................] - ETA: 3:40 - loss: 0.2766 - accuracy: 0.8789 33/146 [=====>........................] - ETA: 3:38 - loss: 0.2707 - accuracy: 0.8826 34/146 [=====>........................] - ETA: 3:37 - loss: 0.2704 - accuracy: 0.8824 35/146 [======>.......................] - ETA: 3:36 - loss: 0.2687 - accuracy: 0.8839 36/146 [======>.......................] - ETA: 3:34 - loss: 0.2659 - accuracy: 0.8854 37/146 [======>.......................] - ETA: 3:32 - loss: 0.2638 - accuracy: 0.8860 38/146 [======>.......................] - ETA: 3:30 - loss: 0.2667 - accuracy: 0.8849 39/146 [=======>......................] - ETA: 3:28 - loss: 0.2702 - accuracy: 0.8838 40/146 [=======>......................] - ETA: 3:26 - loss: 0.2666 - accuracy: 0.8859 41/146 [=======>......................] - ETA: 3:24 - loss: 0.2635 - accuracy: 0.8880 42/146 [=======>......................] - ETA: 3:22 - loss: 0.2622 - accuracy: 0.8884 43/146 [=======>......................] - ETA: 3:21 - loss: 0.2605 - accuracy: 0.8895 44/146 [========>.....................] - ETA: 3:19 - loss: 0.2598 - accuracy: 0.8892 45/146 [========>.....................] - ETA: 3:17 - loss: 0.2582 - accuracy: 0.8896 46/146 [========>.....................] - ETA: 3:15 - loss: 0.2586 - accuracy: 0.8899 47/146 [========>.....................] - ETA: 3:13 - loss: 0.2605 - accuracy: 0.8896 48/146 [========>.....................] - ETA: 3:11 - loss: 0.2588 - accuracy: 0.8900 49/146 [=========>....................] - ETA: 3:09 - loss: 0.2592 - accuracy: 0.8897 50/146 [=========>....................] - ETA: 3:08 - loss: 0.2568 - accuracy: 0.8913 51/146 [=========>....................] - ETA: 3:06 - loss: 0.2566 - accuracy: 0.8903 52/146 [=========>....................] - ETA: 3:04 - loss: 0.2579 - accuracy: 0.8894 53/146 [=========>....................] - ETA: 3:02 - loss: 0.2566 - accuracy: 0.8903 54/146 [==========>...................] - ETA: 3:00 - loss: 0.2548 - accuracy: 0.8918 55/146 [==========>...................] - ETA: 2:58 - loss: 0.2546 - accuracy: 0.8915 56/146 [==========>...................] - ETA: 2:56 - loss: 0.2518 - accuracy: 0.8934 57/146 [==========>...................] - ETA: 2:54 - loss: 0.2497 - accuracy: 0.8947 58/146 [==========>...................] - ETA: 2:53 - loss: 0.2500 - accuracy: 0.8944 59/146 [===========>..................] - ETA: 2:51 - loss: 0.2468 - accuracy: 0.8962 60/146 [===========>..................] - ETA: 2:49 - loss: 0.2456 - accuracy: 0.8964 61/146 [===========>..................] - ETA: 2:47 - loss: 0.2440 - accuracy: 0.8975 62/146 [===========>..................] - ETA: 2:45 - loss: 0.2426 - accuracy: 0.8987 63/146 [===========>..................] - ETA: 2:43 - loss: 0.2404 - accuracy: 0.8998 64/146 [============>.................] - ETA: 2:41 - loss: 0.2388 - accuracy: 0.8999 65/146 [============>.................] - ETA: 2:39 - loss: 0.2367 - accuracy: 0.9005 66/146 [============>.................] - ETA: 2:36 - loss: 0.2343 - accuracy: 0.9015 67/146 [============>.................] - ETA: 2:34 - loss: 0.2330 - accuracy: 0.9021 68/146 [============>.................] - ETA: 2:32 - loss: 0.2325 - accuracy: 0.9026 69/146 [=============>................] - ETA: 2:30 - loss: 0.2317 - accuracy: 0.9026 70/146 [=============>................] - ETA: 2:29 - loss: 0.2298 - accuracy: 0.9040 71/146 [=============>................] - ETA: 2:26 - loss: 0.2299 - accuracy: 0.9040 72/146 [=============>................] - ETA: 2:24 - loss: 0.2288 - accuracy: 0.9049 73/146 [==============>...............] - ETA: 2:22 - loss: 0.2276 - accuracy: 0.9058 74/146 [==============>...............] - ETA: 2:20 - loss: 0.2268 - accuracy: 0.9058 75/146 [==============>...............] - ETA: 2:17 - loss: 0.2265 - accuracy: 0.9062 76/146 [==============>...............] - ETA: 2:15 - loss: 0.2260 - accuracy: 0.9062 77/146 [==============>...............] - ETA: 2:13 - loss: 0.2282 - accuracy: 0.9054 78/146 [===============>..............] - ETA: 2:11 - loss: 0.2290 - accuracy: 0.9054 79/146 [===============>..............] - ETA: 2:09 - loss: 0.2284 - accuracy: 0.9055 80/146 [===============>..............] - ETA: 2:07 - loss: 0.2306 - accuracy: 0.9047 81/146 [===============>..............] - ETA: 2:05 - loss: 0.2304 - accuracy: 0.9051 82/146 [===============>..............] - ETA: 2:03 - loss: 0.2295 - accuracy: 0.9055 83/146 [================>.............] - ETA: 2:01 - loss: 0.2286 - accuracy: 0.9062 84/146 [================>.............] - ETA: 2:00 - loss: 0.2276 - accuracy: 0.9066 85/146 [================>.............] - ETA: 1:58 - loss: 0.2268 - accuracy: 0.9070 86/146 [================>.............] - ETA: 1:56 - loss: 0.2282 - accuracy: 0.9055 87/146 [================>.............] - ETA: 1:54 - loss: 0.2273 - accuracy: 0.9059 88/146 [=================>............] - ETA: 1:52 - loss: 0.2270 - accuracy: 0.9062 89/146 [=================>............] - ETA: 1:50 - loss: 0.2268 - accuracy: 0.9062 90/146 [=================>............] - ETA: 1:48 - loss: 0.2256 - accuracy: 0.9069 91/146 [=================>............] - ETA: 1:46 - loss: 0.2253 - accuracy: 0.9069 92/146 [=================>............] - ETA: 1:44 - loss: 0.2234 - accuracy: 0.9079 93/146 [==================>...........] - ETA: 1:42 - loss: 0.2232 - accuracy: 0.9079 94/146 [==================>...........] - ETA: 1:41 - loss: 0.2236 - accuracy: 0.9082 95/146 [==================>...........] - ETA: 1:39 - loss: 0.2232 - accuracy: 0.9089 96/146 [==================>...........] - ETA: 1:37 - loss: 0.2220 - accuracy: 0.9095 97/146 [==================>...........] - ETA: 1:35 - loss: 0.2245 - accuracy: 0.9082 98/146 [===================>..........] - ETA: 1:33 - loss: 0.2232 - accuracy: 0.9088 99/146 [===================>..........] - ETA: 1:31 - loss: 0.2235 - accuracy: 0.9088100/146 [===================>..........] - ETA: 1:29 - loss: 0.2231 - accuracy: 0.9087101/146 [===================>..........] - ETA: 1:27 - loss: 0.2222 - accuracy: 0.9093102/146 [===================>..........] - ETA: 1:25 - loss: 0.2214 - accuracy: 0.9099103/146 [====================>.........] - ETA: 1:23 - loss: 0.2223 - accuracy: 0.9099104/146 [====================>.........] - ETA: 1:21 - loss: 0.2229 - accuracy: 0.9093105/146 [====================>.........] - ETA: 1:19 - loss: 0.2226 - accuracy: 0.9098106/146 [====================>.........] - ETA: 1:17 - loss: 0.2211 - accuracy: 0.9107107/146 [====================>.........] - ETA: 1:15 - loss: 0.2212 - accuracy: 0.9106108/146 [=====================>........] - ETA: 1:14 - loss: 0.2211 - accuracy: 0.9109109/146 [=====================>........] - ETA: 1:12 - loss: 0.2207 - accuracy: 0.9108110/146 [=====================>........] - ETA: 1:10 - loss: 0.2204 - accuracy: 0.9111111/146 [=====================>........] - ETA: 1:08 - loss: 0.2201 - accuracy: 0.9113112/146 [======================>.......] - ETA: 1:06 - loss: 0.2188 - accuracy: 0.9121113/146 [======================>.......] - ETA: 1:04 - loss: 0.2189 - accuracy: 0.9121114/146 [======================>.......] - ETA: 1:02 - loss: 0.2190 - accuracy: 0.9117115/146 [======================>.......] - ETA: 1:00 - loss: 0.2202 - accuracy: 0.9106116/146 [======================>.......] - ETA: 58s - loss: 0.2201 - accuracy: 0.9103 117/146 [=======================>......] - ETA: 56s - loss: 0.2195 - accuracy: 0.9105118/146 [=======================>......] - ETA: 54s - loss: 0.2199 - accuracy: 0.9102119/146 [=======================>......] - ETA: 52s - loss: 0.2189 - accuracy: 0.9107120/146 [=======================>......] - ETA: 50s - loss: 0.2195 - accuracy: 0.9104121/146 [=======================>......] - ETA: 48s - loss: 0.2204 - accuracy: 0.9096122/146 [========================>.....] - ETA: 46s - loss: 0.2215 - accuracy: 0.9101123/146 [========================>.....] - ETA: 44s - loss: 0.2215 - accuracy: 0.9106124/146 [========================>.....] - ETA: 42s - loss: 0.2227 - accuracy: 0.9103125/146 [========================>.....] - ETA: 40s - loss: 0.2232 - accuracy: 0.9103126/146 [========================>.....] - ETA: 38s - loss: 0.2228 - accuracy: 0.9105127/146 [=========================>....] - ETA: 36s - loss: 0.2232 - accuracy: 0.9107128/146 [=========================>....] - ETA: 35s - loss: 0.2236 - accuracy: 0.9109129/146 [=========================>....] - ETA: 33s - loss: 0.2228 - accuracy: 0.9113130/146 [=========================>....] - ETA: 31s - loss: 0.2220 - accuracy: 0.9118131/146 [=========================>....] - ETA: 29s - loss: 0.2214 - accuracy: 0.9122132/146 [==========================>...] - ETA: 27s - loss: 0.2210 - accuracy: 0.9124133/146 [==========================>...] - ETA: 25s - loss: 0.2202 - accuracy: 0.9131134/146 [==========================>...] - ETA: 23s - loss: 0.2195 - accuracy: 0.9130135/146 [==========================>...] - ETA: 21s - loss: 0.2187 - accuracy: 0.9134136/146 [==========================>...] - ETA: 19s - loss: 0.2175 - accuracy: 0.9138137/146 [===========================>..] - ETA: 17s - loss: 0.2179 - accuracy: 0.9135138/146 [===========================>..] - ETA: 15s - loss: 0.2192 - accuracy: 0.9133139/146 [===========================>..] - ETA: 13s - loss: 0.2197 - accuracy: 0.9132140/146 [===========================>..] - ETA: 11s - loss: 0.2196 - accuracy: 0.9129141/146 [===========================>..] - ETA: 9s - loss: 0.2205 - accuracy: 0.9122 142/146 [============================>.] - ETA: 7s - loss: 0.2202 - accuracy: 0.9120143/146 [============================>.] - ETA: 5s - loss: 0.2193 - accuracy: 0.9124144/146 [============================>.] - ETA: 3s - loss: 0.2196 - accuracy: 0.9123145/146 [============================>.] - ETA: 1s - loss: 0.2206 - accuracy: 0.9112146/146 [==============================] - ETA: 0s - loss: 0.2205 - accuracy: 0.9112146/146 [==============================] - 308s 2s/step - loss: 0.2205 - accuracy: 0.9112 - val_loss: 0.3175 - val_accuracy: 0.8684
Epoch 15/108
  1/146 [..............................] - ETA: 4:13 - loss: 0.3283 - accuracy: 0.8750  2/146 [..............................] - ETA: 4:18 - loss: 0.2443 - accuracy: 0.9219  3/146 [..............................] - ETA: 4:25 - loss: 0.2040 - accuracy: 0.9375  4/146 [..............................] - ETA: 4:36 - loss: 0.1850 - accuracy: 0.9531  5/146 [>.............................] - ETA: 4:39 - loss: 0.1748 - accuracy: 0.9563  6/146 [>.............................] - ETA: 4:39 - loss: 0.1678 - accuracy: 0.9531  7/146 [>.............................] - ETA: 4:33 - loss: 0.1980 - accuracy: 0.9330  8/146 [>.............................] - ETA: 4:35 - loss: 0.1913 - accuracy: 0.9375  9/146 [>.............................] - ETA: 4:31 - loss: 0.1845 - accuracy: 0.9340 10/146 [=>............................] - ETA: 4:30 - loss: 0.1815 - accuracy: 0.9344 11/146 [=>............................] - ETA: 4:29 - loss: 0.1818 - accuracy: 0.9290 12/146 [=>............................] - ETA: 4:27 - loss: 0.1805 - accuracy: 0.9297 13/146 [=>............................] - ETA: 4:23 - loss: 0.1789 - accuracy: 0.9303 14/146 [=>............................] - ETA: 4:22 - loss: 0.1761 - accuracy: 0.9308 15/146 [==>...........................] - ETA: 4:21 - loss: 0.1723 - accuracy: 0.9333 16/146 [==>...........................] - ETA: 4:18 - loss: 0.1780 - accuracy: 0.9297 17/146 [==>...........................] - ETA: 4:15 - loss: 0.1825 - accuracy: 0.9265 18/146 [==>...........................] - ETA: 4:14 - loss: 0.1751 - accuracy: 0.9306 19/146 [==>...........................] - ETA: 4:11 - loss: 0.1720 - accuracy: 0.9326 20/146 [===>..........................] - ETA: 4:10 - loss: 0.1662 - accuracy: 0.9359 21/146 [===>..........................] - ETA: 4:08 - loss: 0.1766 - accuracy: 0.9286 22/146 [===>..........................] - ETA: 4:06 - loss: 0.1727 - accuracy: 0.9304 23/146 [===>..........................] - ETA: 4:05 - loss: 0.1765 - accuracy: 0.9293 24/146 [===>..........................] - ETA: 4:03 - loss: 0.1760 - accuracy: 0.9310 25/146 [====>.........................] - ETA: 4:01 - loss: 0.1777 - accuracy: 0.9312 26/146 [====>.........................] - ETA: 3:58 - loss: 0.1762 - accuracy: 0.9315 27/146 [====>.........................] - ETA: 3:56 - loss: 0.1796 - accuracy: 0.9282 28/146 [====>.........................] - ETA: 3:54 - loss: 0.1824 - accuracy: 0.9275 29/146 [====>.........................] - ETA: 3:51 - loss: 0.1811 - accuracy: 0.9278 30/146 [=====>........................] - ETA: 3:49 - loss: 0.1807 - accuracy: 0.9271 31/146 [=====>........................] - ETA: 3:48 - loss: 0.1862 - accuracy: 0.9264 32/146 [=====>........................] - ETA: 3:46 - loss: 0.1886 - accuracy: 0.9248 33/146 [=====>........................] - ETA: 3:44 - loss: 0.1870 - accuracy: 0.9242 34/146 [=====>........................] - ETA: 3:42 - loss: 0.1930 - accuracy: 0.9246 35/146 [======>.......................] - ETA: 3:39 - loss: 0.1979 - accuracy: 0.9232 36/146 [======>.......................] - ETA: 3:38 - loss: 0.2021 - accuracy: 0.9227 37/146 [======>.......................] - ETA: 3:37 - loss: 0.2025 - accuracy: 0.9223 38/146 [======>.......................] - ETA: 3:35 - loss: 0.2049 - accuracy: 0.9227 39/146 [=======>......................] - ETA: 3:33 - loss: 0.2039 - accuracy: 0.9231 40/146 [=======>......................] - ETA: 3:30 - loss: 0.2023 - accuracy: 0.9234 41/146 [=======>......................] - ETA: 3:28 - loss: 0.2010 - accuracy: 0.9245 42/146 [=======>......................] - ETA: 3:26 - loss: 0.2029 - accuracy: 0.9241 43/146 [=======>......................] - ETA: 3:24 - loss: 0.2018 - accuracy: 0.9237 44/146 [========>.....................] - ETA: 3:22 - loss: 0.2007 - accuracy: 0.9240 45/146 [========>.....................] - ETA: 3:20 - loss: 0.2042 - accuracy: 0.9215 46/146 [========>.....................] - ETA: 3:18 - loss: 0.2039 - accuracy: 0.9212 47/146 [========>.....................] - ETA: 3:16 - loss: 0.2040 - accuracy: 0.9209 48/146 [========>.....................] - ETA: 3:13 - loss: 0.2040 - accuracy: 0.9206 49/146 [=========>....................] - ETA: 3:11 - loss: 0.2023 - accuracy: 0.9216 50/146 [=========>....................] - ETA: 3:09 - loss: 0.2007 - accuracy: 0.9219 51/146 [=========>....................] - ETA: 3:07 - loss: 0.1996 - accuracy: 0.9228 52/146 [=========>....................] - ETA: 3:05 - loss: 0.1987 - accuracy: 0.9231 53/146 [=========>....................] - ETA: 3:02 - loss: 0.1970 - accuracy: 0.9233 54/146 [==========>...................] - ETA: 3:00 - loss: 0.1951 - accuracy: 0.9242 55/146 [==========>...................] - ETA: 2:58 - loss: 0.1953 - accuracy: 0.9239 56/146 [==========>...................] - ETA: 2:56 - loss: 0.1936 - accuracy: 0.9247 57/146 [==========>...................] - ETA: 2:54 - loss: 0.1925 - accuracy: 0.9243 58/146 [==========>...................] - ETA: 2:51 - loss: 0.1908 - accuracy: 0.9256 59/146 [===========>..................] - ETA: 2:49 - loss: 0.1886 - accuracy: 0.9269 60/146 [===========>..................] - ETA: 2:47 - loss: 0.1870 - accuracy: 0.9276 61/146 [===========>..................] - ETA: 2:44 - loss: 0.1889 - accuracy: 0.9267 62/146 [===========>..................] - ETA: 2:42 - loss: 0.1882 - accuracy: 0.9264 63/146 [===========>..................] - ETA: 2:40 - loss: 0.1873 - accuracy: 0.9271 64/146 [============>.................] - ETA: 2:38 - loss: 0.1864 - accuracy: 0.9272 65/146 [============>.................] - ETA: 2:36 - loss: 0.1852 - accuracy: 0.9279 66/146 [============>.................] - ETA: 2:34 - loss: 0.1852 - accuracy: 0.9280 67/146 [============>.................] - ETA: 2:32 - loss: 0.1847 - accuracy: 0.9282 68/146 [============>.................] - ETA: 2:30 - loss: 0.1829 - accuracy: 0.9288 69/146 [=============>................] - ETA: 2:28 - loss: 0.1819 - accuracy: 0.9289 70/146 [=============>................] - ETA: 2:26 - loss: 0.1806 - accuracy: 0.9290 71/146 [=============>................] - ETA: 2:24 - loss: 0.1804 - accuracy: 0.9283 72/146 [=============>................] - ETA: 2:22 - loss: 0.1832 - accuracy: 0.9280 73/146 [==============>...............] - ETA: 2:19 - loss: 0.1827 - accuracy: 0.9281 74/146 [==============>...............] - ETA: 2:17 - loss: 0.1815 - accuracy: 0.9286 75/146 [==============>...............] - ETA: 2:15 - loss: 0.1809 - accuracy: 0.9283 76/146 [==============>...............] - ETA: 2:13 - loss: 0.1824 - accuracy: 0.9272 77/146 [==============>...............] - ETA: 2:11 - loss: 0.1832 - accuracy: 0.9265 78/146 [===============>..............] - ETA: 2:09 - loss: 0.1830 - accuracy: 0.9263 79/146 [===============>..............] - ETA: 2:07 - loss: 0.1840 - accuracy: 0.9260 80/146 [===============>..............] - ETA: 2:05 - loss: 0.1829 - accuracy: 0.9266 81/146 [===============>..............] - ETA: 2:03 - loss: 0.1819 - accuracy: 0.9271 82/146 [===============>..............] - ETA: 2:01 - loss: 0.1805 - accuracy: 0.9280 83/146 [================>.............] - ETA: 1:59 - loss: 0.1803 - accuracy: 0.9281 84/146 [================>.............] - ETA: 1:57 - loss: 0.1795 - accuracy: 0.9282 85/146 [================>.............] - ETA: 1:55 - loss: 0.1798 - accuracy: 0.9283 86/146 [================>.............] - ETA: 1:54 - loss: 0.1795 - accuracy: 0.9288 87/146 [================>.............] - ETA: 1:52 - loss: 0.1796 - accuracy: 0.9292 88/146 [=================>............] - ETA: 1:50 - loss: 0.1803 - accuracy: 0.9290 89/146 [=================>............] - ETA: 1:48 - loss: 0.1799 - accuracy: 0.9294 90/146 [=================>............] - ETA: 1:46 - loss: 0.1807 - accuracy: 0.9285 91/146 [=================>............] - ETA: 1:44 - loss: 0.1798 - accuracy: 0.9289 92/146 [=================>............] - ETA: 1:42 - loss: 0.1791 - accuracy: 0.9293 93/146 [==================>...........] - ETA: 1:41 - loss: 0.1855 - accuracy: 0.9281 94/146 [==================>...........] - ETA: 1:39 - loss: 0.1847 - accuracy: 0.9285 95/146 [==================>...........] - ETA: 1:37 - loss: 0.1875 - accuracy: 0.9280 96/146 [==================>...........] - ETA: 1:35 - loss: 0.1883 - accuracy: 0.9277 97/146 [==================>...........] - ETA: 1:33 - loss: 0.1893 - accuracy: 0.9275 98/146 [===================>..........] - ETA: 1:32 - loss: 0.1890 - accuracy: 0.9276 99/146 [===================>..........] - ETA: 1:30 - loss: 0.1891 - accuracy: 0.9280100/146 [===================>..........] - ETA: 1:28 - loss: 0.1899 - accuracy: 0.9278101/146 [===================>..........] - ETA: 1:26 - loss: 0.1908 - accuracy: 0.9276102/146 [===================>..........] - ETA: 1:24 - loss: 0.1916 - accuracy: 0.9271103/146 [====================>.........] - ETA: 1:22 - loss: 0.1934 - accuracy: 0.9263104/146 [====================>.........] - ETA: 1:20 - loss: 0.1934 - accuracy: 0.9267105/146 [====================>.........] - ETA: 1:18 - loss: 0.1935 - accuracy: 0.9265106/146 [====================>.........] - ETA: 1:16 - loss: 0.1940 - accuracy: 0.9269107/146 [====================>.........] - ETA: 1:15 - loss: 0.1939 - accuracy: 0.9264108/146 [=====================>........] - ETA: 1:13 - loss: 0.1932 - accuracy: 0.9268109/146 [=====================>........] - ETA: 1:11 - loss: 0.1927 - accuracy: 0.9269110/146 [=====================>........] - ETA: 1:09 - loss: 0.1947 - accuracy: 0.9259111/146 [=====================>........] - ETA: 1:07 - loss: 0.1956 - accuracy: 0.9254112/146 [======================>.......] - ETA: 1:05 - loss: 0.1947 - accuracy: 0.9255113/146 [======================>.......] - ETA: 1:03 - loss: 0.1946 - accuracy: 0.9256114/146 [======================>.......] - ETA: 1:01 - loss: 0.1942 - accuracy: 0.9257115/146 [======================>.......] - ETA: 59s - loss: 0.1955 - accuracy: 0.9253 116/146 [======================>.......] - ETA: 57s - loss: 0.1956 - accuracy: 0.9251117/146 [=======================>......] - ETA: 55s - loss: 0.1953 - accuracy: 0.9249118/146 [=======================>......] - ETA: 53s - loss: 0.1972 - accuracy: 0.9243119/146 [=======================>......] - ETA: 51s - loss: 0.1976 - accuracy: 0.9238120/146 [=======================>......] - ETA: 49s - loss: 0.1982 - accuracy: 0.9232121/146 [=======================>......] - ETA: 47s - loss: 0.1993 - accuracy: 0.9228122/146 [========================>.....] - ETA: 45s - loss: 0.1989 - accuracy: 0.9229123/146 [========================>.....] - ETA: 44s - loss: 0.1978 - accuracy: 0.9235124/146 [========================>.....] - ETA: 42s - loss: 0.1975 - accuracy: 0.9239125/146 [========================>.....] - ETA: 40s - loss: 0.1968 - accuracy: 0.9243126/146 [========================>.....] - ETA: 38s - loss: 0.1973 - accuracy: 0.9241127/146 [=========================>....] - ETA: 36s - loss: 0.1968 - accuracy: 0.9242128/146 [=========================>....] - ETA: 34s - loss: 0.1970 - accuracy: 0.9243129/146 [=========================>....] - ETA: 32s - loss: 0.1970 - accuracy: 0.9242130/146 [=========================>....] - ETA: 30s - loss: 0.1960 - accuracy: 0.9248131/146 [=========================>....] - ETA: 28s - loss: 0.1965 - accuracy: 0.9244132/146 [==========================>...] - ETA: 26s - loss: 0.1955 - accuracy: 0.9250133/146 [==========================>...] - ETA: 24s - loss: 0.1964 - accuracy: 0.9243134/146 [==========================>...] - ETA: 22s - loss: 0.1956 - accuracy: 0.9247135/146 [==========================>...] - ETA: 21s - loss: 0.1952 - accuracy: 0.9248136/146 [==========================>...] - ETA: 19s - loss: 0.1942 - accuracy: 0.9253137/146 [===========================>..] - ETA: 17s - loss: 0.1936 - accuracy: 0.9256138/146 [===========================>..] - ETA: 15s - loss: 0.1940 - accuracy: 0.9253139/146 [===========================>..] - ETA: 13s - loss: 0.1937 - accuracy: 0.9251140/146 [===========================>..] - ETA: 11s - loss: 0.1930 - accuracy: 0.9257141/146 [===========================>..] - ETA: 9s - loss: 0.1925 - accuracy: 0.9258 142/146 [============================>.] - ETA: 7s - loss: 0.1924 - accuracy: 0.9258143/146 [============================>.] - ETA: 5s - loss: 0.1924 - accuracy: 0.9257144/146 [============================>.] - ETA: 3s - loss: 0.1918 - accuracy: 0.9258145/146 [============================>.] - ETA: 1s - loss: 0.1911 - accuracy: 0.9261146/146 [==============================] - ETA: 0s - loss: 0.1910 - accuracy: 0.9261146/146 [==============================] - 307s 2s/step - loss: 0.1910 - accuracy: 0.9261 - val_loss: 0.3095 - val_accuracy: 0.8957
Epoch 16/108
  1/146 [..............................] - ETA: 4:42 - loss: 0.0701 - accuracy: 1.0000  2/146 [..............................] - ETA: 4:26 - loss: 0.1044 - accuracy: 0.9688  3/146 [..............................] - ETA: 4:45 - loss: 0.0870 - accuracy: 0.9792  4/146 [..............................] - ETA: 4:44 - loss: 0.0916 - accuracy: 0.9766  5/146 [>.............................] - ETA: 4:46 - loss: 0.0868 - accuracy: 0.9750  6/146 [>.............................] - ETA: 4:43 - loss: 0.1111 - accuracy: 0.9583  7/146 [>.............................] - ETA: 4:38 - loss: 0.1229 - accuracy: 0.9464  8/146 [>.............................] - ETA: 4:34 - loss: 0.1435 - accuracy: 0.9375  9/146 [>.............................] - ETA: 4:32 - loss: 0.1708 - accuracy: 0.9201 10/146 [=>............................] - ETA: 4:26 - loss: 0.1627 - accuracy: 0.9250 11/146 [=>............................] - ETA: 4:24 - loss: 0.1656 - accuracy: 0.9290 12/146 [=>............................] - ETA: 4:21 - loss: 0.1636 - accuracy: 0.9297 13/146 [=>............................] - ETA: 4:21 - loss: 0.1544 - accuracy: 0.9327 14/146 [=>............................] - ETA: 4:17 - loss: 0.1556 - accuracy: 0.9286 15/146 [==>...........................] - ETA: 4:15 - loss: 0.1596 - accuracy: 0.9271 16/146 [==>...........................] - ETA: 4:12 - loss: 0.1575 - accuracy: 0.9258 17/146 [==>...........................] - ETA: 4:10 - loss: 0.1542 - accuracy: 0.9283 18/146 [==>...........................] - ETA: 4:09 - loss: 0.1563 - accuracy: 0.9288 19/146 [==>...........................] - ETA: 4:07 - loss: 0.1566 - accuracy: 0.9293 20/146 [===>..........................] - ETA: 4:05 - loss: 0.1536 - accuracy: 0.9312 21/146 [===>..........................] - ETA: 4:03 - loss: 0.1549 - accuracy: 0.9330 22/146 [===>..........................] - ETA: 4:01 - loss: 0.1590 - accuracy: 0.9290 23/146 [===>..........................] - ETA: 3:59 - loss: 0.1558 - accuracy: 0.9293 24/146 [===>..........................] - ETA: 3:57 - loss: 0.1529 - accuracy: 0.9323 25/146 [====>.........................] - ETA: 3:54 - loss: 0.1559 - accuracy: 0.9300 26/146 [====>.........................] - ETA: 3:52 - loss: 0.1617 - accuracy: 0.9267 27/146 [====>.........................] - ETA: 3:50 - loss: 0.1631 - accuracy: 0.9271 28/146 [====>.........................] - ETA: 3:48 - loss: 0.1638 - accuracy: 0.9263 29/146 [====>.........................] - ETA: 3:46 - loss: 0.1630 - accuracy: 0.9278 30/146 [=====>........................] - ETA: 3:44 - loss: 0.1614 - accuracy: 0.9281 31/146 [=====>........................] - ETA: 3:42 - loss: 0.1588 - accuracy: 0.9294 32/146 [=====>........................] - ETA: 3:39 - loss: 0.1616 - accuracy: 0.9277 33/146 [=====>........................] - ETA: 3:38 - loss: 0.1594 - accuracy: 0.9299 34/146 [=====>........................] - ETA: 3:36 - loss: 0.1642 - accuracy: 0.9283 35/146 [======>.......................] - ETA: 3:34 - loss: 0.1621 - accuracy: 0.9295 36/146 [======>.......................] - ETA: 3:32 - loss: 0.1606 - accuracy: 0.9306 37/146 [======>.......................] - ETA: 3:31 - loss: 0.1587 - accuracy: 0.9316 38/146 [======>.......................] - ETA: 3:29 - loss: 0.1593 - accuracy: 0.9301 39/146 [=======>......................] - ETA: 3:27 - loss: 0.1611 - accuracy: 0.9303 40/146 [=======>......................] - ETA: 3:26 - loss: 0.1637 - accuracy: 0.9297 41/146 [=======>......................] - ETA: 3:24 - loss: 0.1669 - accuracy: 0.9284 42/146 [=======>......................] - ETA: 3:22 - loss: 0.1693 - accuracy: 0.9271 43/146 [=======>......................] - ETA: 3:20 - loss: 0.1697 - accuracy: 0.9266 44/146 [========>.....................] - ETA: 3:18 - loss: 0.1671 - accuracy: 0.9283 45/146 [========>.....................] - ETA: 3:16 - loss: 0.1664 - accuracy: 0.9292 46/146 [========>.....................] - ETA: 3:15 - loss: 0.1642 - accuracy: 0.9307 47/146 [========>.....................] - ETA: 3:13 - loss: 0.1642 - accuracy: 0.9315 48/146 [========>.....................] - ETA: 3:10 - loss: 0.1623 - accuracy: 0.9329 49/146 [=========>....................] - ETA: 3:08 - loss: 0.1631 - accuracy: 0.9324 50/146 [=========>....................] - ETA: 3:06 - loss: 0.1638 - accuracy: 0.9319 51/146 [=========>....................] - ETA: 3:05 - loss: 0.1671 - accuracy: 0.9314 52/146 [=========>....................] - ETA: 3:03 - loss: 0.1667 - accuracy: 0.9321 53/146 [=========>....................] - ETA: 3:01 - loss: 0.1661 - accuracy: 0.9322 54/146 [==========>...................] - ETA: 2:59 - loss: 0.1671 - accuracy: 0.9317 55/146 [==========>...................] - ETA: 2:56 - loss: 0.1667 - accuracy: 0.9324 56/146 [==========>...................] - ETA: 2:55 - loss: 0.1691 - accuracy: 0.9319 57/146 [==========>...................] - ETA: 2:53 - loss: 0.1698 - accuracy: 0.9309 58/146 [==========>...................] - ETA: 2:51 - loss: 0.1687 - accuracy: 0.9321 59/146 [===========>..................] - ETA: 2:49 - loss: 0.1699 - accuracy: 0.9322 60/146 [===========>..................] - ETA: 2:47 - loss: 0.1686 - accuracy: 0.9328 61/146 [===========>..................] - ETA: 2:45 - loss: 0.1709 - accuracy: 0.9314 62/146 [===========>..................] - ETA: 2:43 - loss: 0.1694 - accuracy: 0.9325 63/146 [===========>..................] - ETA: 2:41 - loss: 0.1687 - accuracy: 0.9325 64/146 [============>.................] - ETA: 2:39 - loss: 0.1684 - accuracy: 0.9321 65/146 [============>.................] - ETA: 2:37 - loss: 0.1681 - accuracy: 0.9322 66/146 [============>.................] - ETA: 2:36 - loss: 0.1677 - accuracy: 0.9323 67/146 [============>.................] - ETA: 2:34 - loss: 0.1680 - accuracy: 0.9319 68/146 [============>.................] - ETA: 2:32 - loss: 0.1684 - accuracy: 0.9320 69/146 [=============>................] - ETA: 2:30 - loss: 0.1682 - accuracy: 0.9325 70/146 [=============>................] - ETA: 2:28 - loss: 0.1671 - accuracy: 0.9330 71/146 [=============>................] - ETA: 2:26 - loss: 0.1665 - accuracy: 0.9335 72/146 [=============>................] - ETA: 2:24 - loss: 0.1667 - accuracy: 0.9340 73/146 [==============>...............] - ETA: 2:23 - loss: 0.1669 - accuracy: 0.9345 74/146 [==============>...............] - ETA: 2:21 - loss: 0.1654 - accuracy: 0.9354 75/146 [==============>...............] - ETA: 2:19 - loss: 0.1646 - accuracy: 0.9358 76/146 [==============>...............] - ETA: 2:17 - loss: 0.1664 - accuracy: 0.9342 77/146 [==============>...............] - ETA: 2:15 - loss: 0.1683 - accuracy: 0.9338 78/146 [===============>..............] - ETA: 2:13 - loss: 0.1676 - accuracy: 0.9343 79/146 [===============>..............] - ETA: 2:11 - loss: 0.1680 - accuracy: 0.9331 80/146 [===============>..............] - ETA: 2:09 - loss: 0.1666 - accuracy: 0.9340 81/146 [===============>..............] - ETA: 2:07 - loss: 0.1709 - accuracy: 0.9333 82/146 [===============>..............] - ETA: 2:05 - loss: 0.1697 - accuracy: 0.9333 83/146 [================>.............] - ETA: 2:03 - loss: 0.1683 - accuracy: 0.9337 84/146 [================>.............] - ETA: 2:01 - loss: 0.1689 - accuracy: 0.9338 85/146 [================>.............] - ETA: 1:59 - loss: 0.1717 - accuracy: 0.9327 86/146 [================>.............] - ETA: 1:57 - loss: 0.1702 - accuracy: 0.9335 87/146 [================>.............] - ETA: 1:55 - loss: 0.1700 - accuracy: 0.9335 88/146 [=================>............] - ETA: 1:53 - loss: 0.1686 - accuracy: 0.9343 89/146 [=================>............] - ETA: 1:51 - loss: 0.1688 - accuracy: 0.9336 90/146 [=================>............] - ETA: 1:49 - loss: 0.1681 - accuracy: 0.9344 91/146 [=================>............] - ETA: 1:47 - loss: 0.1671 - accuracy: 0.9348 92/146 [=================>............] - ETA: 1:45 - loss: 0.1670 - accuracy: 0.9351 93/146 [==================>...........] - ETA: 1:43 - loss: 0.1678 - accuracy: 0.9351 94/146 [==================>...........] - ETA: 1:41 - loss: 0.1668 - accuracy: 0.9355 95/146 [==================>...........] - ETA: 1:39 - loss: 0.1662 - accuracy: 0.9362 96/146 [==================>...........] - ETA: 1:37 - loss: 0.1649 - accuracy: 0.9368 97/146 [==================>...........] - ETA: 1:35 - loss: 0.1647 - accuracy: 0.9372 98/146 [===================>..........] - ETA: 1:33 - loss: 0.1647 - accuracy: 0.9372 99/146 [===================>..........] - ETA: 1:31 - loss: 0.1661 - accuracy: 0.9366100/146 [===================>..........] - ETA: 1:29 - loss: 0.1653 - accuracy: 0.9369101/146 [===================>..........] - ETA: 1:27 - loss: 0.1656 - accuracy: 0.9366102/146 [===================>..........] - ETA: 1:25 - loss: 0.1673 - accuracy: 0.9366103/146 [====================>.........] - ETA: 1:23 - loss: 0.1681 - accuracy: 0.9360104/146 [====================>.........] - ETA: 1:22 - loss: 0.1672 - accuracy: 0.9366105/146 [====================>.........] - ETA: 1:20 - loss: 0.1678 - accuracy: 0.9363106/146 [====================>.........] - ETA: 1:18 - loss: 0.1682 - accuracy: 0.9360107/146 [====================>.........] - ETA: 1:16 - loss: 0.1677 - accuracy: 0.9360108/146 [=====================>........] - ETA: 1:14 - loss: 0.1671 - accuracy: 0.9363109/146 [=====================>........] - ETA: 1:12 - loss: 0.1671 - accuracy: 0.9364110/146 [=====================>........] - ETA: 1:10 - loss: 0.1672 - accuracy: 0.9364111/146 [=====================>........] - ETA: 1:08 - loss: 0.1663 - accuracy: 0.9367112/146 [======================>.......] - ETA: 1:06 - loss: 0.1682 - accuracy: 0.9361113/146 [======================>.......] - ETA: 1:04 - loss: 0.1682 - accuracy: 0.9358114/146 [======================>.......] - ETA: 1:02 - loss: 0.1677 - accuracy: 0.9359115/146 [======================>.......] - ETA: 1:00 - loss: 0.1688 - accuracy: 0.9353116/146 [======================>.......] - ETA: 58s - loss: 0.1686 - accuracy: 0.9356 117/146 [=======================>......] - ETA: 56s - loss: 0.1694 - accuracy: 0.9359118/146 [=======================>......] - ETA: 54s - loss: 0.1688 - accuracy: 0.9364119/146 [=======================>......] - ETA: 52s - loss: 0.1683 - accuracy: 0.9367120/146 [=======================>......] - ETA: 50s - loss: 0.1683 - accuracy: 0.9365121/146 [=======================>......] - ETA: 48s - loss: 0.1687 - accuracy: 0.9362122/146 [========================>.....] - ETA: 46s - loss: 0.1680 - accuracy: 0.9365123/146 [========================>.....] - ETA: 44s - loss: 0.1672 - accuracy: 0.9367124/146 [========================>.....] - ETA: 42s - loss: 0.1678 - accuracy: 0.9367125/146 [========================>.....] - ETA: 40s - loss: 0.1679 - accuracy: 0.9367126/146 [========================>.....] - ETA: 38s - loss: 0.1679 - accuracy: 0.9365127/146 [=========================>....] - ETA: 36s - loss: 0.1671 - accuracy: 0.9370128/146 [=========================>....] - ETA: 34s - loss: 0.1663 - accuracy: 0.9373129/146 [=========================>....] - ETA: 33s - loss: 0.1661 - accuracy: 0.9375130/146 [=========================>....] - ETA: 31s - loss: 0.1653 - accuracy: 0.9380131/146 [=========================>....] - ETA: 29s - loss: 0.1648 - accuracy: 0.9382132/146 [==========================>...] - ETA: 27s - loss: 0.1653 - accuracy: 0.9382133/146 [==========================>...] - ETA: 25s - loss: 0.1653 - accuracy: 0.9380134/146 [==========================>...] - ETA: 23s - loss: 0.1649 - accuracy: 0.9382135/146 [==========================>...] - ETA: 21s - loss: 0.1661 - accuracy: 0.9380136/146 [==========================>...] - ETA: 19s - loss: 0.1668 - accuracy: 0.9377137/146 [===========================>..] - ETA: 17s - loss: 0.1671 - accuracy: 0.9375138/146 [===========================>..] - ETA: 15s - loss: 0.1673 - accuracy: 0.9370139/146 [===========================>..] - ETA: 13s - loss: 0.1677 - accuracy: 0.9366140/146 [===========================>..] - ETA: 11s - loss: 0.1668 - accuracy: 0.9371141/146 [===========================>..] - ETA: 9s - loss: 0.1673 - accuracy: 0.9368 142/146 [============================>.] - ETA: 7s - loss: 0.1674 - accuracy: 0.9368143/146 [============================>.] - ETA: 5s - loss: 0.1677 - accuracy: 0.9366144/146 [============================>.] - ETA: 3s - loss: 0.1674 - accuracy: 0.9368145/146 [============================>.] - ETA: 1s - loss: 0.1667 - accuracy: 0.9373146/146 [==============================] - ETA: 0s - loss: 0.1666 - accuracy: 0.9373146/146 [==============================] - 323s 2s/step - loss: 0.1666 - accuracy: 0.9373 - val_loss: 0.3354 - val_accuracy: 0.8997
Epoch 17/108
  1/146 [..............................] - ETA: 3:54 - loss: 0.0410 - accuracy: 1.0000  2/146 [..............................] - ETA: 4:29 - loss: 0.1071 - accuracy: 0.9531  3/146 [..............................] - ETA: 4:15 - loss: 0.0993 - accuracy: 0.9583  4/146 [..............................] - ETA: 4:09 - loss: 0.0978 - accuracy: 0.9609  5/146 [>.............................] - ETA: 4:07 - loss: 0.1034 - accuracy: 0.9563  6/146 [>.............................] - ETA: 4:06 - loss: 0.1077 - accuracy: 0.9531  7/146 [>.............................] - ETA: 4:00 - loss: 0.1202 - accuracy: 0.9464  8/146 [>.............................] - ETA: 4:01 - loss: 0.1272 - accuracy: 0.9492  9/146 [>.............................] - ETA: 4:02 - loss: 0.1352 - accuracy: 0.9479 10/146 [=>............................] - ETA: 4:02 - loss: 0.1333 - accuracy: 0.9500 11/146 [=>............................] - ETA: 4:02 - loss: 0.1389 - accuracy: 0.9489 12/146 [=>............................] - ETA: 4:01 - loss: 0.1333 - accuracy: 0.9505 13/146 [=>............................] - ETA: 4:00 - loss: 0.1343 - accuracy: 0.9495 14/146 [=>............................] - ETA: 3:58 - loss: 0.1337 - accuracy: 0.9487 15/146 [==>...........................] - ETA: 3:56 - loss: 0.1319 - accuracy: 0.9479 16/146 [==>...........................] - ETA: 3:54 - loss: 0.1316 - accuracy: 0.9492 17/146 [==>...........................] - ETA: 3:54 - loss: 0.1368 - accuracy: 0.9485 18/146 [==>...........................] - ETA: 3:52 - loss: 0.1304 - accuracy: 0.9514 19/146 [==>...........................] - ETA: 3:50 - loss: 0.1304 - accuracy: 0.9490 20/146 [===>..........................] - ETA: 3:48 - loss: 0.1385 - accuracy: 0.9469 21/146 [===>..........................] - ETA: 3:46 - loss: 0.1344 - accuracy: 0.9479 22/146 [===>..........................] - ETA: 3:44 - loss: 0.1308 - accuracy: 0.9489 23/146 [===>..........................] - ETA: 3:42 - loss: 0.1346 - accuracy: 0.9484 24/146 [===>..........................] - ETA: 3:40 - loss: 0.1322 - accuracy: 0.9492 25/146 [====>.........................] - ETA: 3:37 - loss: 0.1326 - accuracy: 0.9488 26/146 [====>.........................] - ETA: 3:35 - loss: 0.1296 - accuracy: 0.9507 27/146 [====>.........................] - ETA: 3:33 - loss: 0.1289 - accuracy: 0.9525 28/146 [====>.........................] - ETA: 3:31 - loss: 0.1310 - accuracy: 0.9520 29/146 [====>.........................] - ETA: 3:29 - loss: 0.1365 - accuracy: 0.9504 30/146 [=====>........................] - ETA: 3:28 - loss: 0.1373 - accuracy: 0.9500 31/146 [=====>........................] - ETA: 3:27 - loss: 0.1395 - accuracy: 0.9486 32/146 [=====>........................] - ETA: 3:26 - loss: 0.1427 - accuracy: 0.9482 33/146 [=====>........................] - ETA: 3:25 - loss: 0.1467 - accuracy: 0.9479 34/146 [=====>........................] - ETA: 3:24 - loss: 0.1497 - accuracy: 0.9476 35/146 [======>.......................] - ETA: 3:22 - loss: 0.1520 - accuracy: 0.9455 36/146 [======>.......................] - ETA: 3:21 - loss: 0.1519 - accuracy: 0.9453 37/146 [======>.......................] - ETA: 3:20 - loss: 0.1505 - accuracy: 0.9459 38/146 [======>.......................] - ETA: 3:19 - loss: 0.1489 - accuracy: 0.9474 39/146 [=======>......................] - ETA: 3:17 - loss: 0.1490 - accuracy: 0.9479 40/146 [=======>......................] - ETA: 3:15 - loss: 0.1506 - accuracy: 0.9469 41/146 [=======>......................] - ETA: 3:14 - loss: 0.1550 - accuracy: 0.9444 42/146 [=======>......................] - ETA: 3:12 - loss: 0.1544 - accuracy: 0.9442 43/146 [=======>......................] - ETA: 3:11 - loss: 0.1537 - accuracy: 0.9440 44/146 [========>.....................] - ETA: 3:09 - loss: 0.1537 - accuracy: 0.9446 45/146 [========>.....................] - ETA: 3:07 - loss: 0.1533 - accuracy: 0.9444 46/146 [========>.....................] - ETA: 3:05 - loss: 0.1535 - accuracy: 0.9429 47/146 [========>.....................] - ETA: 3:03 - loss: 0.1569 - accuracy: 0.9408 48/146 [========>.....................] - ETA: 3:01 - loss: 0.1562 - accuracy: 0.9401 49/146 [=========>....................] - ETA: 3:00 - loss: 0.1543 - accuracy: 0.9413 50/146 [=========>....................] - ETA: 2:58 - loss: 0.1543 - accuracy: 0.9413 51/146 [=========>....................] - ETA: 2:56 - loss: 0.1529 - accuracy: 0.9424 52/146 [=========>....................] - ETA: 2:54 - loss: 0.1513 - accuracy: 0.9435 53/146 [=========>....................] - ETA: 2:52 - loss: 0.1535 - accuracy: 0.9434 54/146 [==========>...................] - ETA: 2:50 - loss: 0.1518 - accuracy: 0.9439 55/146 [==========>...................] - ETA: 2:48 - loss: 0.1507 - accuracy: 0.9443 56/146 [==========>...................] - ETA: 2:46 - loss: 0.1535 - accuracy: 0.9431 57/146 [==========>...................] - ETA: 2:44 - loss: 0.1546 - accuracy: 0.9419 58/146 [==========>...................] - ETA: 2:43 - loss: 0.1548 - accuracy: 0.9413 59/146 [===========>..................] - ETA: 2:41 - loss: 0.1539 - accuracy: 0.9417 60/146 [===========>..................] - ETA: 2:39 - loss: 0.1533 - accuracy: 0.9417 61/146 [===========>..................] - ETA: 2:38 - loss: 0.1563 - accuracy: 0.9401 62/146 [===========>..................] - ETA: 2:36 - loss: 0.1559 - accuracy: 0.9400 63/146 [===========>..................] - ETA: 2:34 - loss: 0.1544 - accuracy: 0.9410 64/146 [============>.................] - ETA: 2:32 - loss: 0.1534 - accuracy: 0.9414 65/146 [============>.................] - ETA: 2:30 - loss: 0.1525 - accuracy: 0.9418 66/146 [============>.................] - ETA: 2:28 - loss: 0.1533 - accuracy: 0.9403 67/146 [============>.................] - ETA: 2:27 - loss: 0.1532 - accuracy: 0.9398 68/146 [============>.................] - ETA: 2:25 - loss: 0.1531 - accuracy: 0.9398 69/146 [=============>................] - ETA: 2:23 - loss: 0.1525 - accuracy: 0.9402 70/146 [=============>................] - ETA: 2:22 - loss: 0.1520 - accuracy: 0.9406 71/146 [=============>................] - ETA: 2:20 - loss: 0.1508 - accuracy: 0.9410 72/146 [=============>................] - ETA: 2:18 - loss: 0.1515 - accuracy: 0.9405 73/146 [==============>...............] - ETA: 2:16 - loss: 0.1506 - accuracy: 0.9409 74/146 [==============>...............] - ETA: 2:15 - loss: 0.1501 - accuracy: 0.9409 75/146 [==============>...............] - ETA: 2:13 - loss: 0.1495 - accuracy: 0.9404 76/146 [==============>...............] - ETA: 2:11 - loss: 0.1483 - accuracy: 0.9408 77/146 [==============>...............] - ETA: 2:09 - loss: 0.1475 - accuracy: 0.9412 78/146 [===============>..............] - ETA: 2:07 - loss: 0.1462 - accuracy: 0.9415 79/146 [===============>..............] - ETA: 2:06 - loss: 0.1454 - accuracy: 0.9419 80/146 [===============>..............] - ETA: 2:04 - loss: 0.1458 - accuracy: 0.9422 81/146 [===============>..............] - ETA: 2:02 - loss: 0.1471 - accuracy: 0.9421 82/146 [===============>..............] - ETA: 2:00 - loss: 0.1475 - accuracy: 0.9417 83/146 [================>.............] - ETA: 1:59 - loss: 0.1495 - accuracy: 0.9409 84/146 [================>.............] - ETA: 1:57 - loss: 0.1502 - accuracy: 0.9408 85/146 [================>.............] - ETA: 1:55 - loss: 0.1500 - accuracy: 0.9412 86/146 [================>.............] - ETA: 1:53 - loss: 0.1532 - accuracy: 0.9397 87/146 [================>.............] - ETA: 1:51 - loss: 0.1526 - accuracy: 0.9404 88/146 [=================>............] - ETA: 1:50 - loss: 0.1536 - accuracy: 0.9400 89/146 [=================>............] - ETA: 1:48 - loss: 0.1540 - accuracy: 0.9403 90/146 [=================>............] - ETA: 1:46 - loss: 0.1530 - accuracy: 0.9406 91/146 [=================>............] - ETA: 1:44 - loss: 0.1527 - accuracy: 0.9406 92/146 [=================>............] - ETA: 1:42 - loss: 0.1529 - accuracy: 0.9402 93/146 [==================>...........] - ETA: 1:40 - loss: 0.1523 - accuracy: 0.9405 94/146 [==================>...........] - ETA: 1:39 - loss: 0.1521 - accuracy: 0.9408 95/146 [==================>...........] - ETA: 1:37 - loss: 0.1515 - accuracy: 0.9411 96/146 [==================>...........] - ETA: 1:35 - loss: 0.1514 - accuracy: 0.9414 97/146 [==================>...........] - ETA: 1:33 - loss: 0.1508 - accuracy: 0.9417 98/146 [===================>..........] - ETA: 1:31 - loss: 0.1503 - accuracy: 0.9423 99/146 [===================>..........] - ETA: 1:29 - loss: 0.1495 - accuracy: 0.9429100/146 [===================>..........] - ETA: 1:28 - loss: 0.1496 - accuracy: 0.9428101/146 [===================>..........] - ETA: 1:26 - loss: 0.1498 - accuracy: 0.9428102/146 [===================>..........] - ETA: 1:24 - loss: 0.1499 - accuracy: 0.9424103/146 [====================>.........] - ETA: 1:22 - loss: 0.1496 - accuracy: 0.9424104/146 [====================>.........] - ETA: 1:20 - loss: 0.1488 - accuracy: 0.9429105/146 [====================>.........] - ETA: 1:18 - loss: 0.1493 - accuracy: 0.9420106/146 [====================>.........] - ETA: 1:16 - loss: 0.1520 - accuracy: 0.9407107/146 [====================>.........] - ETA: 1:14 - loss: 0.1512 - accuracy: 0.9410108/146 [=====================>........] - ETA: 1:13 - loss: 0.1510 - accuracy: 0.9413109/146 [=====================>........] - ETA: 1:11 - loss: 0.1508 - accuracy: 0.9415110/146 [=====================>........] - ETA: 1:09 - loss: 0.1522 - accuracy: 0.9412111/146 [=====================>........] - ETA: 1:07 - loss: 0.1511 - accuracy: 0.9417112/146 [======================>.......] - ETA: 1:05 - loss: 0.1515 - accuracy: 0.9417113/146 [======================>.......] - ETA: 1:03 - loss: 0.1509 - accuracy: 0.9422114/146 [======================>.......] - ETA: 1:01 - loss: 0.1518 - accuracy: 0.9419115/146 [======================>.......] - ETA: 59s - loss: 0.1541 - accuracy: 0.9408 116/146 [======================>.......] - ETA: 57s - loss: 0.1542 - accuracy: 0.9407117/146 [=======================>......] - ETA: 55s - loss: 0.1545 - accuracy: 0.9407118/146 [=======================>......] - ETA: 54s - loss: 0.1561 - accuracy: 0.9401119/146 [=======================>......] - ETA: 52s - loss: 0.1557 - accuracy: 0.9401120/146 [=======================>......] - ETA: 50s - loss: 0.1553 - accuracy: 0.9404121/146 [=======================>......] - ETA: 48s - loss: 0.1552 - accuracy: 0.9403122/146 [========================>.....] - ETA: 46s - loss: 0.1554 - accuracy: 0.9403123/146 [========================>.....] - ETA: 44s - loss: 0.1559 - accuracy: 0.9398124/146 [========================>.....] - ETA: 42s - loss: 0.1568 - accuracy: 0.9393125/146 [========================>.....] - ETA: 40s - loss: 0.1575 - accuracy: 0.9392126/146 [========================>.....] - ETA: 38s - loss: 0.1570 - accuracy: 0.9395127/146 [=========================>....] - ETA: 36s - loss: 0.1566 - accuracy: 0.9395128/146 [=========================>....] - ETA: 34s - loss: 0.1566 - accuracy: 0.9392129/146 [=========================>....] - ETA: 32s - loss: 0.1561 - accuracy: 0.9397130/146 [=========================>....] - ETA: 30s - loss: 0.1555 - accuracy: 0.9401131/146 [=========================>....] - ETA: 28s - loss: 0.1547 - accuracy: 0.9406132/146 [==========================>...] - ETA: 26s - loss: 0.1539 - accuracy: 0.9411133/146 [==========================>...] - ETA: 24s - loss: 0.1536 - accuracy: 0.9415134/146 [==========================>...] - ETA: 23s - loss: 0.1531 - accuracy: 0.9419135/146 [==========================>...] - ETA: 21s - loss: 0.1552 - accuracy: 0.9417136/146 [==========================>...] - ETA: 19s - loss: 0.1570 - accuracy: 0.9409137/146 [===========================>..] - ETA: 17s - loss: 0.1570 - accuracy: 0.9411138/146 [===========================>..] - ETA: 15s - loss: 0.1583 - accuracy: 0.9409139/146 [===========================>..] - ETA: 13s - loss: 0.1596 - accuracy: 0.9406140/146 [===========================>..] - ETA: 11s - loss: 0.1607 - accuracy: 0.9406141/146 [===========================>..] - ETA: 9s - loss: 0.1613 - accuracy: 0.9402 142/146 [============================>.] - ETA: 7s - loss: 0.1613 - accuracy: 0.9399143/146 [============================>.] - ETA: 5s - loss: 0.1614 - accuracy: 0.9397144/146 [============================>.] - ETA: 3s - loss: 0.1612 - accuracy: 0.9399145/146 [============================>.] - ETA: 1s - loss: 0.1620 - accuracy: 0.9394146/146 [==============================] - ETA: 0s - loss: 0.1619 - accuracy: 0.9395146/146 [==============================] - 304s 2s/step - loss: 0.1619 - accuracy: 0.9395 - val_loss: 0.2993 - val_accuracy: 0.8989
Epoch 18/108
  1/146 [..............................] - ETA: 3:57 - loss: 0.1672 - accuracy: 0.9375  2/146 [..............................] - ETA: 4:00 - loss: 0.1163 - accuracy: 0.9688  3/146 [..............................] - ETA: 4:01 - loss: 0.1087 - accuracy: 0.9688  4/146 [..............................] - ETA: 3:58 - loss: 0.1398 - accuracy: 0.9531  5/146 [>.............................] - ETA: 3:55 - loss: 0.1503 - accuracy: 0.9438  6/146 [>.............................] - ETA: 3:52 - loss: 0.1472 - accuracy: 0.9375  7/146 [>.............................] - ETA: 3:50 - loss: 0.1540 - accuracy: 0.9375  8/146 [>.............................] - ETA: 3:50 - loss: 0.1420 - accuracy: 0.9453  9/146 [>.............................] - ETA: 3:51 - loss: 0.1340 - accuracy: 0.9479 10/146 [=>............................] - ETA: 3:49 - loss: 0.1364 - accuracy: 0.9469 11/146 [=>............................] - ETA: 3:53 - loss: 0.1321 - accuracy: 0.9517 12/146 [=>............................] - ETA: 3:52 - loss: 0.1321 - accuracy: 0.9557 13/146 [=>............................] - ETA: 3:50 - loss: 0.1305 - accuracy: 0.9543 14/146 [=>............................] - ETA: 3:49 - loss: 0.1413 - accuracy: 0.9487 15/146 [==>...........................] - ETA: 3:49 - loss: 0.1385 - accuracy: 0.9521 16/146 [==>...........................] - ETA: 3:50 - loss: 0.1336 - accuracy: 0.9551 17/146 [==>...........................] - ETA: 3:49 - loss: 0.1380 - accuracy: 0.9504 18/146 [==>...........................] - ETA: 3:49 - loss: 0.1373 - accuracy: 0.9497 19/146 [==>...........................] - ETA: 3:49 - loss: 0.1320 - accuracy: 0.9523 20/146 [===>..........................] - ETA: 3:48 - loss: 0.1296 - accuracy: 0.9531 21/146 [===>..........................] - ETA: 3:47 - loss: 0.1260 - accuracy: 0.9539 22/146 [===>..........................] - ETA: 3:46 - loss: 0.1272 - accuracy: 0.9531 23/146 [===>..........................] - ETA: 3:46 - loss: 0.1233 - accuracy: 0.9552 24/146 [===>..........................] - ETA: 3:46 - loss: 0.1263 - accuracy: 0.9544 25/146 [====>.........................] - ETA: 3:45 - loss: 0.1242 - accuracy: 0.9550 26/146 [====>.........................] - ETA: 3:44 - loss: 0.1226 - accuracy: 0.9555 27/146 [====>.........................] - ETA: 3:43 - loss: 0.1229 - accuracy: 0.9549 28/146 [====>.........................] - ETA: 3:42 - loss: 0.1219 - accuracy: 0.9554 29/146 [====>.........................] - ETA: 3:41 - loss: 0.1254 - accuracy: 0.9558 30/146 [=====>........................] - ETA: 3:40 - loss: 0.1264 - accuracy: 0.9563 31/146 [=====>........................] - ETA: 3:39 - loss: 0.1247 - accuracy: 0.9567 32/146 [=====>........................] - ETA: 3:37 - loss: 0.1223 - accuracy: 0.9580 33/146 [=====>........................] - ETA: 3:36 - loss: 0.1292 - accuracy: 0.9536 34/146 [=====>........................] - ETA: 3:35 - loss: 0.1268 - accuracy: 0.9550 35/146 [======>.......................] - ETA: 3:33 - loss: 0.1251 - accuracy: 0.9554 36/146 [======>.......................] - ETA: 3:31 - loss: 0.1295 - accuracy: 0.9549 37/146 [======>.......................] - ETA: 3:30 - loss: 0.1336 - accuracy: 0.9527 38/146 [======>.......................] - ETA: 3:28 - loss: 0.1344 - accuracy: 0.9523 39/146 [=======>......................] - ETA: 3:26 - loss: 0.1363 - accuracy: 0.9511 40/146 [=======>......................] - ETA: 3:25 - loss: 0.1352 - accuracy: 0.9523 41/146 [=======>......................] - ETA: 3:22 - loss: 0.1354 - accuracy: 0.9520 42/146 [=======>......................] - ETA: 3:20 - loss: 0.1385 - accuracy: 0.9516 43/146 [=======>......................] - ETA: 3:19 - loss: 0.1414 - accuracy: 0.9484 44/146 [========>.....................] - ETA: 3:17 - loss: 0.1429 - accuracy: 0.9474 45/146 [========>.....................] - ETA: 3:15 - loss: 0.1416 - accuracy: 0.9486 46/146 [========>.....................] - ETA: 3:14 - loss: 0.1398 - accuracy: 0.9497 47/146 [========>.....................] - ETA: 3:12 - loss: 0.1454 - accuracy: 0.9488 48/146 [========>.....................] - ETA: 3:10 - loss: 0.1440 - accuracy: 0.9492 49/146 [=========>....................] - ETA: 3:08 - loss: 0.1457 - accuracy: 0.9471 50/146 [=========>....................] - ETA: 3:06 - loss: 0.1444 - accuracy: 0.9475 51/146 [=========>....................] - ETA: 3:04 - loss: 0.1433 - accuracy: 0.9479 52/146 [=========>....................] - ETA: 3:02 - loss: 0.1449 - accuracy: 0.9471 53/146 [=========>....................] - ETA: 3:00 - loss: 0.1440 - accuracy: 0.9475 54/146 [==========>...................] - ETA: 2:58 - loss: 0.1445 - accuracy: 0.9479 55/146 [==========>...................] - ETA: 2:56 - loss: 0.1480 - accuracy: 0.9466 56/146 [==========>...................] - ETA: 2:54 - loss: 0.1475 - accuracy: 0.9464 57/146 [==========>...................] - ETA: 2:52 - loss: 0.1476 - accuracy: 0.9457 58/146 [==========>...................] - ETA: 2:50 - loss: 0.1460 - accuracy: 0.9467 59/146 [===========>..................] - ETA: 2:49 - loss: 0.1457 - accuracy: 0.9465 60/146 [===========>..................] - ETA: 2:47 - loss: 0.1489 - accuracy: 0.9458 61/146 [===========>..................] - ETA: 2:44 - loss: 0.1490 - accuracy: 0.9457 62/146 [===========>..................] - ETA: 2:43 - loss: 0.1509 - accuracy: 0.9451 63/146 [===========>..................] - ETA: 2:41 - loss: 0.1523 - accuracy: 0.9439 64/146 [============>.................] - ETA: 2:39 - loss: 0.1533 - accuracy: 0.9443 65/146 [============>.................] - ETA: 2:37 - loss: 0.1530 - accuracy: 0.9452 66/146 [============>.................] - ETA: 2:35 - loss: 0.1533 - accuracy: 0.9451 67/146 [============>.................] - ETA: 2:33 - loss: 0.1531 - accuracy: 0.9450 68/146 [============>.................] - ETA: 2:31 - loss: 0.1548 - accuracy: 0.9439 69/146 [=============>................] - ETA: 2:30 - loss: 0.1535 - accuracy: 0.9447 70/146 [=============>................] - ETA: 2:28 - loss: 0.1536 - accuracy: 0.9442 71/146 [=============>................] - ETA: 2:26 - loss: 0.1573 - accuracy: 0.9432 72/146 [=============>................] - ETA: 2:24 - loss: 0.1596 - accuracy: 0.9427 73/146 [==============>...............] - ETA: 2:22 - loss: 0.1582 - accuracy: 0.9431 74/146 [==============>...............] - ETA: 2:20 - loss: 0.1579 - accuracy: 0.9430 75/146 [==============>...............] - ETA: 2:18 - loss: 0.1572 - accuracy: 0.9433 76/146 [==============>...............] - ETA: 2:16 - loss: 0.1563 - accuracy: 0.9437 77/146 [==============>...............] - ETA: 2:14 - loss: 0.1562 - accuracy: 0.9436 78/146 [===============>..............] - ETA: 2:12 - loss: 0.1567 - accuracy: 0.9431 79/146 [===============>..............] - ETA: 2:10 - loss: 0.1561 - accuracy: 0.9438 80/146 [===============>..............] - ETA: 2:08 - loss: 0.1588 - accuracy: 0.9430 81/146 [===============>..............] - ETA: 2:07 - loss: 0.1577 - accuracy: 0.9437 82/146 [===============>..............] - ETA: 2:05 - loss: 0.1600 - accuracy: 0.9432 83/146 [================>.............] - ETA: 2:03 - loss: 0.1596 - accuracy: 0.9431 84/146 [================>.............] - ETA: 2:01 - loss: 0.1585 - accuracy: 0.9438 85/146 [================>.............] - ETA: 1:59 - loss: 0.1591 - accuracy: 0.9434 86/146 [================>.............] - ETA: 1:57 - loss: 0.1605 - accuracy: 0.9426 87/146 [================>.............] - ETA: 1:55 - loss: 0.1609 - accuracy: 0.9422 88/146 [=================>............] - ETA: 1:53 - loss: 0.1617 - accuracy: 0.9421 89/146 [=================>............] - ETA: 1:51 - loss: 0.1611 - accuracy: 0.9428 90/146 [=================>............] - ETA: 1:49 - loss: 0.1600 - accuracy: 0.9434 91/146 [=================>............] - ETA: 1:47 - loss: 0.1592 - accuracy: 0.9437 92/146 [=================>............] - ETA: 1:45 - loss: 0.1592 - accuracy: 0.9440 93/146 [==================>...........] - ETA: 1:44 - loss: 0.1591 - accuracy: 0.9435 94/146 [==================>...........] - ETA: 1:42 - loss: 0.1593 - accuracy: 0.9432 95/146 [==================>...........] - ETA: 1:40 - loss: 0.1602 - accuracy: 0.9421 96/146 [==================>...........] - ETA: 1:38 - loss: 0.1598 - accuracy: 0.9424 97/146 [==================>...........] - ETA: 1:36 - loss: 0.1597 - accuracy: 0.9420 98/146 [===================>..........] - ETA: 1:34 - loss: 0.1589 - accuracy: 0.9420 99/146 [===================>..........] - ETA: 1:32 - loss: 0.1582 - accuracy: 0.9426100/146 [===================>..........] - ETA: 1:30 - loss: 0.1582 - accuracy: 0.9425101/146 [===================>..........] - ETA: 1:28 - loss: 0.1570 - accuracy: 0.9431102/146 [===================>..........] - ETA: 1:26 - loss: 0.1586 - accuracy: 0.9424103/146 [====================>.........] - ETA: 1:24 - loss: 0.1594 - accuracy: 0.9414104/146 [====================>.........] - ETA: 1:22 - loss: 0.1596 - accuracy: 0.9414105/146 [====================>.........] - ETA: 1:20 - loss: 0.1596 - accuracy: 0.9411106/146 [====================>.........] - ETA: 1:18 - loss: 0.1621 - accuracy: 0.9404107/146 [====================>.........] - ETA: 1:16 - loss: 0.1641 - accuracy: 0.9401108/146 [=====================>........] - ETA: 1:14 - loss: 0.1654 - accuracy: 0.9398109/146 [=====================>........] - ETA: 1:12 - loss: 0.1657 - accuracy: 0.9398110/146 [=====================>........] - ETA: 1:10 - loss: 0.1651 - accuracy: 0.9398111/146 [=====================>........] - ETA: 1:08 - loss: 0.1656 - accuracy: 0.9392112/146 [======================>.......] - ETA: 1:06 - loss: 0.1657 - accuracy: 0.9389113/146 [======================>.......] - ETA: 1:04 - loss: 0.1659 - accuracy: 0.9383114/146 [======================>.......] - ETA: 1:02 - loss: 0.1674 - accuracy: 0.9367115/146 [======================>.......] - ETA: 1:00 - loss: 0.1680 - accuracy: 0.9367116/146 [======================>.......] - ETA: 58s - loss: 0.1678 - accuracy: 0.9372 117/146 [=======================>......] - ETA: 56s - loss: 0.1682 - accuracy: 0.9372118/146 [=======================>......] - ETA: 54s - loss: 0.1677 - accuracy: 0.9375119/146 [=======================>......] - ETA: 52s - loss: 0.1679 - accuracy: 0.9378120/146 [=======================>......] - ETA: 50s - loss: 0.1675 - accuracy: 0.9380121/146 [=======================>......] - ETA: 48s - loss: 0.1680 - accuracy: 0.9380122/146 [========================>.....] - ETA: 46s - loss: 0.1675 - accuracy: 0.9383123/146 [========================>.....] - ETA: 45s - loss: 0.1680 - accuracy: 0.9383124/146 [========================>.....] - ETA: 43s - loss: 0.1698 - accuracy: 0.9372125/146 [========================>.....] - ETA: 41s - loss: 0.1689 - accuracy: 0.9377126/146 [========================>.....] - ETA: 39s - loss: 0.1692 - accuracy: 0.9377127/146 [=========================>....] - ETA: 37s - loss: 0.1688 - accuracy: 0.9382128/146 [=========================>....] - ETA: 35s - loss: 0.1692 - accuracy: 0.9380129/146 [=========================>....] - ETA: 33s - loss: 0.1690 - accuracy: 0.9380130/146 [=========================>....] - ETA: 31s - loss: 0.1703 - accuracy: 0.9375131/146 [=========================>....] - ETA: 29s - loss: 0.1712 - accuracy: 0.9373132/146 [==========================>...] - ETA: 27s - loss: 0.1708 - accuracy: 0.9375133/146 [==========================>...] - ETA: 25s - loss: 0.1713 - accuracy: 0.9373134/146 [==========================>...] - ETA: 23s - loss: 0.1709 - accuracy: 0.9375135/146 [==========================>...] - ETA: 21s - loss: 0.1702 - accuracy: 0.9377136/146 [==========================>...] - ETA: 19s - loss: 0.1706 - accuracy: 0.9377137/146 [===========================>..] - ETA: 17s - loss: 0.1707 - accuracy: 0.9377138/146 [===========================>..] - ETA: 15s - loss: 0.1719 - accuracy: 0.9373139/146 [===========================>..] - ETA: 13s - loss: 0.1717 - accuracy: 0.9371140/146 [===========================>..] - ETA: 11s - loss: 0.1710 - accuracy: 0.9371141/146 [===========================>..] - ETA: 9s - loss: 0.1705 - accuracy: 0.9371 142/146 [============================>.] - ETA: 7s - loss: 0.1702 - accuracy: 0.9371143/146 [============================>.] - ETA: 5s - loss: 0.1697 - accuracy: 0.9371144/146 [============================>.] - ETA: 3s - loss: 0.1692 - accuracy: 0.9375145/146 [============================>.] - ETA: 1s - loss: 0.1685 - accuracy: 0.9379146/146 [==============================] - ETA: 0s - loss: 0.1684 - accuracy: 0.9380146/146 [==============================] - 306s 2s/step - loss: 0.1684 - accuracy: 0.9380 - val_loss: 0.2914 - val_accuracy: 0.9013
Epoch 19/108
  1/146 [..............................] - ETA: 4:53 - loss: 0.0651 - accuracy: 1.0000  2/146 [..............................] - ETA: 4:44 - loss: 0.2335 - accuracy: 0.9531  3/146 [..............................] - ETA: 4:49 - loss: 0.2068 - accuracy: 0.9479  4/146 [..............................] - ETA: 4:48 - loss: 0.1677 - accuracy: 0.9609  5/146 [>.............................] - ETA: 4:48 - loss: 0.1647 - accuracy: 0.9625  6/146 [>.............................] - ETA: 4:47 - loss: 0.1690 - accuracy: 0.9531  7/146 [>.............................] - ETA: 4:44 - loss: 0.1579 - accuracy: 0.9598  8/146 [>.............................] - ETA: 4:41 - loss: 0.1588 - accuracy: 0.9609  9/146 [>.............................] - ETA: 4:37 - loss: 0.1464 - accuracy: 0.9653 10/146 [=>............................] - ETA: 4:37 - loss: 0.1479 - accuracy: 0.9594 11/146 [=>............................] - ETA: 4:33 - loss: 0.1386 - accuracy: 0.9631 12/146 [=>............................] - ETA: 4:30 - loss: 0.1306 - accuracy: 0.9661 13/146 [=>............................] - ETA: 4:24 - loss: 0.1310 - accuracy: 0.9591 14/146 [=>............................] - ETA: 4:21 - loss: 0.1301 - accuracy: 0.9598 15/146 [==>...........................] - ETA: 4:21 - loss: 0.1366 - accuracy: 0.9604 16/146 [==>...........................] - ETA: 4:19 - loss: 0.1414 - accuracy: 0.9570 17/146 [==>...........................] - ETA: 4:18 - loss: 0.1497 - accuracy: 0.9540 18/146 [==>...........................] - ETA: 4:15 - loss: 0.1496 - accuracy: 0.9514 19/146 [==>...........................] - ETA: 4:13 - loss: 0.1542 - accuracy: 0.9490 20/146 [===>..........................] - ETA: 4:11 - loss: 0.1604 - accuracy: 0.9453 21/146 [===>..........................] - ETA: 4:10 - loss: 0.1711 - accuracy: 0.9449 22/146 [===>..........................] - ETA: 4:08 - loss: 0.1759 - accuracy: 0.9418 23/146 [===>..........................] - ETA: 4:05 - loss: 0.1778 - accuracy: 0.9429 24/146 [===>..........................] - ETA: 4:03 - loss: 0.1790 - accuracy: 0.9388 25/146 [====>.........................] - ETA: 4:01 - loss: 0.1743 - accuracy: 0.9413 26/146 [====>.........................] - ETA: 3:59 - loss: 0.1729 - accuracy: 0.9411 27/146 [====>.........................] - ETA: 3:56 - loss: 0.1709 - accuracy: 0.9421 28/146 [====>.........................] - ETA: 3:54 - loss: 0.1696 - accuracy: 0.9431 29/146 [====>.........................] - ETA: 3:52 - loss: 0.1655 - accuracy: 0.9440 30/146 [=====>........................] - ETA: 3:50 - loss: 0.1753 - accuracy: 0.9385 31/146 [=====>........................] - ETA: 3:48 - loss: 0.1738 - accuracy: 0.9385 32/146 [=====>........................] - ETA: 3:46 - loss: 0.1781 - accuracy: 0.9355 33/146 [=====>........................] - ETA: 3:44 - loss: 0.1780 - accuracy: 0.9356 34/146 [=====>........................] - ETA: 3:42 - loss: 0.1769 - accuracy: 0.9366 35/146 [======>.......................] - ETA: 3:40 - loss: 0.1739 - accuracy: 0.9384 36/146 [======>.......................] - ETA: 3:38 - loss: 0.1721 - accuracy: 0.9401 37/146 [======>.......................] - ETA: 3:35 - loss: 0.1710 - accuracy: 0.9400 38/146 [======>.......................] - ETA: 3:33 - loss: 0.1702 - accuracy: 0.9408 39/146 [=======>......................] - ETA: 3:32 - loss: 0.1681 - accuracy: 0.9423 40/146 [=======>......................] - ETA: 3:30 - loss: 0.1668 - accuracy: 0.9430 41/146 [=======>......................] - ETA: 3:28 - loss: 0.1650 - accuracy: 0.9436 42/146 [=======>......................] - ETA: 3:25 - loss: 0.1654 - accuracy: 0.9435 43/146 [=======>......................] - ETA: 3:23 - loss: 0.1669 - accuracy: 0.9433 44/146 [========>.....................] - ETA: 3:21 - loss: 0.1645 - accuracy: 0.9439 45/146 [========>.....................] - ETA: 3:19 - loss: 0.1634 - accuracy: 0.9444 46/146 [========>.....................] - ETA: 3:17 - loss: 0.1621 - accuracy: 0.9443 47/146 [========>.....................] - ETA: 3:15 - loss: 0.1610 - accuracy: 0.9441 48/146 [========>.....................] - ETA: 3:13 - loss: 0.1651 - accuracy: 0.9434 49/146 [=========>....................] - ETA: 3:11 - loss: 0.1643 - accuracy: 0.9432 50/146 [=========>....................] - ETA: 3:09 - loss: 0.1648 - accuracy: 0.9419 51/146 [=========>....................] - ETA: 3:07 - loss: 0.1681 - accuracy: 0.9400 52/146 [=========>....................] - ETA: 3:05 - loss: 0.1662 - accuracy: 0.9411 53/146 [=========>....................] - ETA: 3:03 - loss: 0.1706 - accuracy: 0.9399 54/146 [==========>...................] - ETA: 3:01 - loss: 0.1722 - accuracy: 0.9381 55/146 [==========>...................] - ETA: 2:59 - loss: 0.1708 - accuracy: 0.9386 56/146 [==========>...................] - ETA: 2:57 - loss: 0.1685 - accuracy: 0.9397 57/146 [==========>...................] - ETA: 2:55 - loss: 0.1678 - accuracy: 0.9397 58/146 [==========>...................] - ETA: 2:53 - loss: 0.1671 - accuracy: 0.9397 59/146 [===========>..................] - ETA: 2:51 - loss: 0.1656 - accuracy: 0.9401 60/146 [===========>..................] - ETA: 2:49 - loss: 0.1706 - accuracy: 0.9380 61/146 [===========>..................] - ETA: 2:47 - loss: 0.1743 - accuracy: 0.9360 62/146 [===========>..................] - ETA: 2:46 - loss: 0.1726 - accuracy: 0.9370 63/146 [===========>..................] - ETA: 2:44 - loss: 0.1750 - accuracy: 0.9360 64/146 [============>.................] - ETA: 2:42 - loss: 0.1757 - accuracy: 0.9360 65/146 [============>.................] - ETA: 2:40 - loss: 0.1750 - accuracy: 0.9365 66/146 [============>.................] - ETA: 2:38 - loss: 0.1764 - accuracy: 0.9356 67/146 [============>.................] - ETA: 2:35 - loss: 0.1765 - accuracy: 0.9352 68/146 [============>.................] - ETA: 2:33 - loss: 0.1771 - accuracy: 0.9347 69/146 [=============>................] - ETA: 2:31 - loss: 0.1783 - accuracy: 0.9343 70/146 [=============>................] - ETA: 2:29 - loss: 0.1789 - accuracy: 0.9339 71/146 [=============>................] - ETA: 2:27 - loss: 0.1815 - accuracy: 0.9327 72/146 [=============>................] - ETA: 2:26 - loss: 0.1803 - accuracy: 0.9336 73/146 [==============>...............] - ETA: 2:23 - loss: 0.1786 - accuracy: 0.9345 74/146 [==============>...............] - ETA: 2:21 - loss: 0.1801 - accuracy: 0.9337 75/146 [==============>...............] - ETA: 2:19 - loss: 0.1793 - accuracy: 0.9342 76/146 [==============>...............] - ETA: 2:17 - loss: 0.1776 - accuracy: 0.9346 77/146 [==============>...............] - ETA: 2:15 - loss: 0.1780 - accuracy: 0.9347 78/146 [===============>..............] - ETA: 2:13 - loss: 0.1788 - accuracy: 0.9335 79/146 [===============>..............] - ETA: 2:11 - loss: 0.1780 - accuracy: 0.9339 80/146 [===============>..............] - ETA: 2:09 - loss: 0.1770 - accuracy: 0.9344 81/146 [===============>..............] - ETA: 2:07 - loss: 0.1763 - accuracy: 0.9344 82/146 [===============>..............] - ETA: 2:05 - loss: 0.1751 - accuracy: 0.9348 83/146 [================>.............] - ETA: 2:03 - loss: 0.1752 - accuracy: 0.9349 84/146 [================>.............] - ETA: 2:01 - loss: 0.1743 - accuracy: 0.9349 85/146 [================>.............] - ETA: 1:59 - loss: 0.1747 - accuracy: 0.9346 86/146 [================>.............] - ETA: 1:57 - loss: 0.1744 - accuracy: 0.9346 87/146 [================>.............] - ETA: 1:56 - loss: 0.1728 - accuracy: 0.9353 88/146 [=================>............] - ETA: 1:54 - loss: 0.1721 - accuracy: 0.9357 89/146 [=================>............] - ETA: 1:51 - loss: 0.1709 - accuracy: 0.9364 90/146 [=================>............] - ETA: 1:49 - loss: 0.1699 - accuracy: 0.9372 91/146 [=================>............] - ETA: 1:48 - loss: 0.1703 - accuracy: 0.9368 92/146 [=================>............] - ETA: 1:46 - loss: 0.1704 - accuracy: 0.9368 93/146 [==================>...........] - ETA: 1:44 - loss: 0.1696 - accuracy: 0.9372 94/146 [==================>...........] - ETA: 1:42 - loss: 0.1683 - accuracy: 0.9378 95/146 [==================>...........] - ETA: 1:40 - loss: 0.1672 - accuracy: 0.9382 96/146 [==================>...........] - ETA: 1:38 - loss: 0.1673 - accuracy: 0.9382 97/146 [==================>...........] - ETA: 1:36 - loss: 0.1685 - accuracy: 0.9385 98/146 [===================>..........] - ETA: 1:34 - loss: 0.1687 - accuracy: 0.9385 99/146 [===================>..........] - ETA: 1:32 - loss: 0.1685 - accuracy: 0.9384100/146 [===================>..........] - ETA: 1:30 - loss: 0.1687 - accuracy: 0.9381101/146 [===================>..........] - ETA: 1:28 - loss: 0.1689 - accuracy: 0.9381102/146 [===================>..........] - ETA: 1:26 - loss: 0.1689 - accuracy: 0.9381103/146 [====================>.........] - ETA: 1:24 - loss: 0.1678 - accuracy: 0.9387104/146 [====================>.........] - ETA: 1:22 - loss: 0.1678 - accuracy: 0.9390105/146 [====================>.........] - ETA: 1:20 - loss: 0.1692 - accuracy: 0.9384106/146 [====================>.........] - ETA: 1:18 - loss: 0.1688 - accuracy: 0.9381107/146 [====================>.........] - ETA: 1:16 - loss: 0.1688 - accuracy: 0.9378108/146 [=====================>........] - ETA: 1:14 - loss: 0.1693 - accuracy: 0.9375109/146 [=====================>........] - ETA: 1:12 - loss: 0.1686 - accuracy: 0.9378110/146 [=====================>........] - ETA: 1:10 - loss: 0.1690 - accuracy: 0.9381111/146 [=====================>........] - ETA: 1:08 - loss: 0.1689 - accuracy: 0.9378112/146 [======================>.......] - ETA: 1:06 - loss: 0.1685 - accuracy: 0.9378113/146 [======================>.......] - ETA: 1:04 - loss: 0.1681 - accuracy: 0.9381114/146 [======================>.......] - ETA: 1:02 - loss: 0.1679 - accuracy: 0.9380115/146 [======================>.......] - ETA: 1:00 - loss: 0.1683 - accuracy: 0.9380116/146 [======================>.......] - ETA: 58s - loss: 0.1677 - accuracy: 0.9386 117/146 [=======================>......] - ETA: 56s - loss: 0.1679 - accuracy: 0.9388118/146 [=======================>......] - ETA: 54s - loss: 0.1671 - accuracy: 0.9394119/146 [=======================>......] - ETA: 52s - loss: 0.1676 - accuracy: 0.9391120/146 [=======================>......] - ETA: 50s - loss: 0.1671 - accuracy: 0.9396121/146 [=======================>......] - ETA: 48s - loss: 0.1667 - accuracy: 0.9398122/146 [========================>.....] - ETA: 46s - loss: 0.1688 - accuracy: 0.9390123/146 [========================>.....] - ETA: 44s - loss: 0.1692 - accuracy: 0.9393124/146 [========================>.....] - ETA: 42s - loss: 0.1689 - accuracy: 0.9393125/146 [========================>.....] - ETA: 40s - loss: 0.1688 - accuracy: 0.9392126/146 [========================>.....] - ETA: 38s - loss: 0.1681 - accuracy: 0.9397127/146 [=========================>....] - ETA: 36s - loss: 0.1680 - accuracy: 0.9397128/146 [=========================>....] - ETA: 34s - loss: 0.1669 - accuracy: 0.9402129/146 [=========================>....] - ETA: 32s - loss: 0.1669 - accuracy: 0.9399130/146 [=========================>....] - ETA: 30s - loss: 0.1668 - accuracy: 0.9401131/146 [=========================>....] - ETA: 29s - loss: 0.1671 - accuracy: 0.9401132/146 [==========================>...] - ETA: 27s - loss: 0.1661 - accuracy: 0.9406133/146 [==========================>...] - ETA: 25s - loss: 0.1657 - accuracy: 0.9406134/146 [==========================>...] - ETA: 23s - loss: 0.1652 - accuracy: 0.9408135/146 [==========================>...] - ETA: 21s - loss: 0.1662 - accuracy: 0.9407136/146 [==========================>...] - ETA: 19s - loss: 0.1653 - accuracy: 0.9412137/146 [===========================>..] - ETA: 17s - loss: 0.1650 - accuracy: 0.9414138/146 [===========================>..] - ETA: 15s - loss: 0.1649 - accuracy: 0.9413139/146 [===========================>..] - ETA: 13s - loss: 0.1645 - accuracy: 0.9413140/146 [===========================>..] - ETA: 11s - loss: 0.1641 - accuracy: 0.9415141/146 [===========================>..] - ETA: 9s - loss: 0.1636 - accuracy: 0.9417 142/146 [============================>.] - ETA: 7s - loss: 0.1628 - accuracy: 0.9421143/146 [============================>.] - ETA: 5s - loss: 0.1630 - accuracy: 0.9419144/146 [============================>.] - ETA: 3s - loss: 0.1628 - accuracy: 0.9418145/146 [============================>.] - ETA: 1s - loss: 0.1626 - accuracy: 0.9418146/146 [==============================] - ETA: 0s - loss: 0.1626 - accuracy: 0.9418146/146 [==============================] - 306s 2s/step - loss: 0.1626 - accuracy: 0.9418 - val_loss: 0.3287 - val_accuracy: 0.8933
Epoch 20/108
  1/146 [..............................] - ETA: 4:24 - loss: 0.1422 - accuracy: 0.9688  2/146 [..............................] - ETA: 5:02 - loss: 0.0818 - accuracy: 0.9844  3/146 [..............................] - ETA: 4:52 - loss: 0.1413 - accuracy: 0.9479  4/146 [..............................] - ETA: 4:49 - loss: 0.1225 - accuracy: 0.9609  5/146 [>.............................] - ETA: 4:50 - loss: 0.1071 - accuracy: 0.9688  6/146 [>.............................] - ETA: 4:44 - loss: 0.1060 - accuracy: 0.9688  7/146 [>.............................] - ETA: 4:43 - loss: 0.1125 - accuracy: 0.9688  8/146 [>.............................] - ETA: 4:31 - loss: 0.1284 - accuracy: 0.9609  9/146 [>.............................] - ETA: 4:29 - loss: 0.1284 - accuracy: 0.9618 10/146 [=>............................] - ETA: 4:28 - loss: 0.1199 - accuracy: 0.9625 11/146 [=>............................] - ETA: 4:28 - loss: 0.1104 - accuracy: 0.9659 12/146 [=>............................] - ETA: 4:26 - loss: 0.1185 - accuracy: 0.9635 13/146 [=>............................] - ETA: 4:24 - loss: 0.1180 - accuracy: 0.9639 14/146 [=>............................] - ETA: 4:20 - loss: 0.1296 - accuracy: 0.9576 15/146 [==>...........................] - ETA: 4:18 - loss: 0.1297 - accuracy: 0.9563 16/146 [==>...........................] - ETA: 4:16 - loss: 0.1301 - accuracy: 0.9570 17/146 [==>...........................] - ETA: 4:15 - loss: 0.1439 - accuracy: 0.9522 18/146 [==>...........................] - ETA: 4:11 - loss: 0.1516 - accuracy: 0.9479 19/146 [==>...........................] - ETA: 4:09 - loss: 0.1520 - accuracy: 0.9474 20/146 [===>..........................] - ETA: 4:06 - loss: 0.1515 - accuracy: 0.9469 21/146 [===>..........................] - ETA: 4:04 - loss: 0.1470 - accuracy: 0.9494 22/146 [===>..........................] - ETA: 4:02 - loss: 0.1544 - accuracy: 0.9474 23/146 [===>..........................] - ETA: 4:00 - loss: 0.1509 - accuracy: 0.9497 24/146 [===>..........................] - ETA: 3:58 - loss: 0.1469 - accuracy: 0.9518 25/146 [====>.........................] - ETA: 3:55 - loss: 0.1444 - accuracy: 0.9525 26/146 [====>.........................] - ETA: 3:52 - loss: 0.1419 - accuracy: 0.9531 27/146 [====>.........................] - ETA: 3:50 - loss: 0.1476 - accuracy: 0.9514 28/146 [====>.........................] - ETA: 3:49 - loss: 0.1472 - accuracy: 0.9509 29/146 [====>.........................] - ETA: 3:47 - loss: 0.1438 - accuracy: 0.9526 30/146 [=====>........................] - ETA: 3:45 - loss: 0.1470 - accuracy: 0.9521 31/146 [=====>........................] - ETA: 3:44 - loss: 0.1445 - accuracy: 0.9526 32/146 [=====>........................] - ETA: 3:42 - loss: 0.1450 - accuracy: 0.9502 33/146 [=====>........................] - ETA: 3:40 - loss: 0.1415 - accuracy: 0.9517 34/146 [=====>........................] - ETA: 3:39 - loss: 0.1400 - accuracy: 0.9513 35/146 [======>.......................] - ETA: 3:37 - loss: 0.1386 - accuracy: 0.9518 36/146 [======>.......................] - ETA: 3:35 - loss: 0.1413 - accuracy: 0.9497 37/146 [======>.......................] - ETA: 3:33 - loss: 0.1392 - accuracy: 0.9502 38/146 [======>.......................] - ETA: 3:32 - loss: 0.1362 - accuracy: 0.9515 39/146 [=======>......................] - ETA: 3:29 - loss: 0.1344 - accuracy: 0.9527 40/146 [=======>......................] - ETA: 3:27 - loss: 0.1348 - accuracy: 0.9523 41/146 [=======>......................] - ETA: 3:25 - loss: 0.1369 - accuracy: 0.9520 42/146 [=======>......................] - ETA: 3:23 - loss: 0.1351 - accuracy: 0.9531 43/146 [=======>......................] - ETA: 3:20 - loss: 0.1359 - accuracy: 0.9528 44/146 [========>.....................] - ETA: 3:18 - loss: 0.1355 - accuracy: 0.9524 45/146 [========>.....................] - ETA: 3:16 - loss: 0.1347 - accuracy: 0.9521 46/146 [========>.....................] - ETA: 3:14 - loss: 0.1348 - accuracy: 0.9511 47/146 [========>.....................] - ETA: 3:12 - loss: 0.1383 - accuracy: 0.9495 48/146 [========>.....................] - ETA: 3:10 - loss: 0.1374 - accuracy: 0.9499 49/146 [=========>....................] - ETA: 3:08 - loss: 0.1377 - accuracy: 0.9496 50/146 [=========>....................] - ETA: 3:05 - loss: 0.1364 - accuracy: 0.9500 51/146 [=========>....................] - ETA: 3:03 - loss: 0.1381 - accuracy: 0.9504 52/146 [=========>....................] - ETA: 3:01 - loss: 0.1370 - accuracy: 0.9501 53/146 [=========>....................] - ETA: 2:58 - loss: 0.1370 - accuracy: 0.9493 54/146 [==========>...................] - ETA: 2:56 - loss: 0.1358 - accuracy: 0.9497 55/146 [==========>...................] - ETA: 2:53 - loss: 0.1348 - accuracy: 0.9500 56/146 [==========>...................] - ETA: 2:51 - loss: 0.1336 - accuracy: 0.9509 57/146 [==========>...................] - ETA: 2:49 - loss: 0.1325 - accuracy: 0.9512 58/146 [==========>...................] - ETA: 2:47 - loss: 0.1316 - accuracy: 0.9515 59/146 [===========>..................] - ETA: 2:44 - loss: 0.1307 - accuracy: 0.9518 60/146 [===========>..................] - ETA: 2:42 - loss: 0.1352 - accuracy: 0.9500 61/146 [===========>..................] - ETA: 2:40 - loss: 0.1337 - accuracy: 0.9508 62/146 [===========>..................] - ETA: 2:39 - loss: 0.1331 - accuracy: 0.9511 63/146 [===========>..................] - ETA: 2:37 - loss: 0.1318 - accuracy: 0.9514 64/146 [============>.................] - ETA: 2:35 - loss: 0.1307 - accuracy: 0.9517 65/146 [============>.................] - ETA: 2:33 - loss: 0.1292 - accuracy: 0.9524 66/146 [============>.................] - ETA: 2:31 - loss: 0.1285 - accuracy: 0.9527 67/146 [============>.................] - ETA: 2:30 - loss: 0.1271 - accuracy: 0.9534 68/146 [============>.................] - ETA: 2:28 - loss: 0.1261 - accuracy: 0.9540 69/146 [=============>................] - ETA: 2:26 - loss: 0.1268 - accuracy: 0.9534 70/146 [=============>................] - ETA: 2:24 - loss: 0.1274 - accuracy: 0.9527 71/146 [=============>................] - ETA: 2:23 - loss: 0.1266 - accuracy: 0.9533 72/146 [=============>................] - ETA: 2:20 - loss: 0.1265 - accuracy: 0.9536 73/146 [==============>...............] - ETA: 2:18 - loss: 0.1268 - accuracy: 0.9529 74/146 [==============>...............] - ETA: 2:16 - loss: 0.1267 - accuracy: 0.9523 75/146 [==============>...............] - ETA: 2:14 - loss: 0.1270 - accuracy: 0.9521 76/146 [==============>...............] - ETA: 2:12 - loss: 0.1269 - accuracy: 0.9519 77/146 [==============>...............] - ETA: 2:10 - loss: 0.1289 - accuracy: 0.9517 78/146 [===============>..............] - ETA: 2:08 - loss: 0.1297 - accuracy: 0.9515 79/146 [===============>..............] - ETA: 2:06 - loss: 0.1308 - accuracy: 0.9513 80/146 [===============>..............] - ETA: 2:04 - loss: 0.1316 - accuracy: 0.9512 81/146 [===============>..............] - ETA: 2:02 - loss: 0.1310 - accuracy: 0.9514 82/146 [===============>..............] - ETA: 2:00 - loss: 0.1315 - accuracy: 0.9512 83/146 [================>.............] - ETA: 1:58 - loss: 0.1305 - accuracy: 0.9518 84/146 [================>.............] - ETA: 1:56 - loss: 0.1307 - accuracy: 0.9516 85/146 [================>.............] - ETA: 1:54 - loss: 0.1315 - accuracy: 0.9515 86/146 [================>.............] - ETA: 1:52 - loss: 0.1356 - accuracy: 0.9502 87/146 [================>.............] - ETA: 1:50 - loss: 0.1375 - accuracy: 0.9494 88/146 [=================>............] - ETA: 1:48 - loss: 0.1386 - accuracy: 0.9489 89/146 [=================>............] - ETA: 1:46 - loss: 0.1392 - accuracy: 0.9484 90/146 [=================>............] - ETA: 1:44 - loss: 0.1384 - accuracy: 0.9486 91/146 [=================>............] - ETA: 1:42 - loss: 0.1370 - accuracy: 0.9492 92/146 [=================>............] - ETA: 1:40 - loss: 0.1369 - accuracy: 0.9490 93/146 [==================>...........] - ETA: 1:38 - loss: 0.1375 - accuracy: 0.9486 94/146 [==================>...........] - ETA: 1:36 - loss: 0.1362 - accuracy: 0.9491 95/146 [==================>...........] - ETA: 1:35 - loss: 0.1359 - accuracy: 0.9493 96/146 [==================>...........] - ETA: 1:33 - loss: 0.1351 - accuracy: 0.9499 97/146 [==================>...........] - ETA: 1:31 - loss: 0.1354 - accuracy: 0.9501 98/146 [===================>..........] - ETA: 1:29 - loss: 0.1347 - accuracy: 0.9506 99/146 [===================>..........] - ETA: 1:27 - loss: 0.1349 - accuracy: 0.9504100/146 [===================>..........] - ETA: 1:25 - loss: 0.1354 - accuracy: 0.9503101/146 [===================>..........] - ETA: 1:23 - loss: 0.1363 - accuracy: 0.9496102/146 [===================>..........] - ETA: 1:22 - loss: 0.1362 - accuracy: 0.9498103/146 [====================>.........] - ETA: 1:20 - loss: 0.1360 - accuracy: 0.9499104/146 [====================>.........] - ETA: 1:18 - loss: 0.1358 - accuracy: 0.9501105/146 [====================>.........] - ETA: 1:16 - loss: 0.1365 - accuracy: 0.9497106/146 [====================>.........] - ETA: 1:14 - loss: 0.1376 - accuracy: 0.9496107/146 [====================>.........] - ETA: 1:12 - loss: 0.1372 - accuracy: 0.9498108/146 [=====================>........] - ETA: 1:11 - loss: 0.1368 - accuracy: 0.9499109/146 [=====================>........] - ETA: 1:09 - loss: 0.1366 - accuracy: 0.9498110/146 [=====================>........] - ETA: 1:07 - loss: 0.1356 - accuracy: 0.9503111/146 [=====================>........] - ETA: 1:05 - loss: 0.1349 - accuracy: 0.9505112/146 [======================>.......] - ETA: 1:03 - loss: 0.1342 - accuracy: 0.9506113/146 [======================>.......] - ETA: 1:01 - loss: 0.1363 - accuracy: 0.9497114/146 [======================>.......] - ETA: 1:00 - loss: 0.1364 - accuracy: 0.9493115/146 [======================>.......] - ETA: 58s - loss: 0.1363 - accuracy: 0.9495 116/146 [======================>.......] - ETA: 56s - loss: 0.1367 - accuracy: 0.9494117/146 [=======================>......] - ETA: 54s - loss: 0.1389 - accuracy: 0.9490118/146 [=======================>......] - ETA: 52s - loss: 0.1394 - accuracy: 0.9484119/146 [=======================>......] - ETA: 50s - loss: 0.1388 - accuracy: 0.9488120/146 [=======================>......] - ETA: 48s - loss: 0.1381 - accuracy: 0.9492121/146 [=======================>......] - ETA: 47s - loss: 0.1382 - accuracy: 0.9491122/146 [========================>.....] - ETA: 45s - loss: 0.1384 - accuracy: 0.9490123/146 [========================>.....] - ETA: 43s - loss: 0.1395 - accuracy: 0.9482124/146 [========================>.....] - ETA: 41s - loss: 0.1388 - accuracy: 0.9483125/146 [========================>.....] - ETA: 39s - loss: 0.1382 - accuracy: 0.9488126/146 [========================>.....] - ETA: 37s - loss: 0.1406 - accuracy: 0.9487127/146 [=========================>....] - ETA: 35s - loss: 0.1409 - accuracy: 0.9483128/146 [=========================>....] - ETA: 33s - loss: 0.1403 - accuracy: 0.9482129/146 [=========================>....] - ETA: 32s - loss: 0.1404 - accuracy: 0.9482130/146 [=========================>....] - ETA: 30s - loss: 0.1411 - accuracy: 0.9481131/146 [=========================>....] - ETA: 28s - loss: 0.1411 - accuracy: 0.9480132/146 [==========================>...] - ETA: 26s - loss: 0.1410 - accuracy: 0.9482133/146 [==========================>...] - ETA: 24s - loss: 0.1410 - accuracy: 0.9481134/146 [==========================>...] - ETA: 22s - loss: 0.1417 - accuracy: 0.9478135/146 [==========================>...] - ETA: 20s - loss: 0.1409 - accuracy: 0.9481136/146 [==========================>...] - ETA: 18s - loss: 0.1408 - accuracy: 0.9483137/146 [===========================>..] - ETA: 17s - loss: 0.1414 - accuracy: 0.9480138/146 [===========================>..] - ETA: 15s - loss: 0.1412 - accuracy: 0.9481139/146 [===========================>..] - ETA: 13s - loss: 0.1414 - accuracy: 0.9478140/146 [===========================>..] - ETA: 11s - loss: 0.1413 - accuracy: 0.9478141/146 [===========================>..] - ETA: 9s - loss: 0.1413 - accuracy: 0.9477 142/146 [============================>.] - ETA: 7s - loss: 0.1419 - accuracy: 0.9474143/146 [============================>.] - ETA: 5s - loss: 0.1419 - accuracy: 0.9473144/146 [============================>.] - ETA: 3s - loss: 0.1416 - accuracy: 0.9475145/146 [============================>.] - ETA: 1s - loss: 0.1421 - accuracy: 0.9474146/146 [==============================] - ETA: 0s - loss: 0.1420 - accuracy: 0.9474146/146 [==============================] - 316s 2s/step - loss: 0.1420 - accuracy: 0.9474 - val_loss: 0.3098 - val_accuracy: 0.8796
Epoch 21/108
  1/146 [..............................] - ETA: 4:24 - loss: 0.1677 - accuracy: 0.9062  2/146 [..............................] - ETA: 4:39 - loss: 0.1368 - accuracy: 0.9219  3/146 [..............................] - ETA: 4:27 - loss: 0.1346 - accuracy: 0.9167  4/146 [..............................] - ETA: 4:30 - loss: 0.1353 - accuracy: 0.9297  5/146 [>.............................] - ETA: 4:27 - loss: 0.1585 - accuracy: 0.9250  6/146 [>.............................] - ETA: 4:28 - loss: 0.1520 - accuracy: 0.9271  7/146 [>.............................] - ETA: 4:28 - loss: 0.1418 - accuracy: 0.9375  8/146 [>.............................] - ETA: 4:26 - loss: 0.1348 - accuracy: 0.9375  9/146 [>.............................] - ETA: 4:26 - loss: 0.1467 - accuracy: 0.9375 10/146 [=>............................] - ETA: 4:25 - loss: 0.1359 - accuracy: 0.9406 11/146 [=>............................] - ETA: 4:24 - loss: 0.1410 - accuracy: 0.9403 12/146 [=>............................] - ETA: 4:21 - loss: 0.1433 - accuracy: 0.9375 13/146 [=>............................] - ETA: 4:18 - loss: 0.1423 - accuracy: 0.9399 14/146 [=>............................] - ETA: 4:16 - loss: 0.1347 - accuracy: 0.9442 15/146 [==>...........................] - ETA: 4:13 - loss: 0.1274 - accuracy: 0.9479 16/146 [==>...........................] - ETA: 4:11 - loss: 0.1268 - accuracy: 0.9492 17/146 [==>...........................] - ETA: 4:09 - loss: 0.1215 - accuracy: 0.9522 18/146 [==>...........................] - ETA: 4:06 - loss: 0.1194 - accuracy: 0.9531 19/146 [==>...........................] - ETA: 4:05 - loss: 0.1175 - accuracy: 0.9539 20/146 [===>..........................] - ETA: 4:04 - loss: 0.1139 - accuracy: 0.9563 21/146 [===>..........................] - ETA: 4:01 - loss: 0.1109 - accuracy: 0.9568 22/146 [===>..........................] - ETA: 3:59 - loss: 0.1087 - accuracy: 0.9574 23/146 [===>..........................] - ETA: 3:56 - loss: 0.1139 - accuracy: 0.9565 24/146 [===>..........................] - ETA: 3:54 - loss: 0.1094 - accuracy: 0.9583 25/146 [====>.........................] - ETA: 3:51 - loss: 0.1105 - accuracy: 0.9575 26/146 [====>.........................] - ETA: 3:48 - loss: 0.1077 - accuracy: 0.9591 27/146 [====>.........................] - ETA: 3:45 - loss: 0.1090 - accuracy: 0.9572 28/146 [====>.........................] - ETA: 3:42 - loss: 0.1154 - accuracy: 0.9554 29/146 [====>.........................] - ETA: 3:39 - loss: 0.1142 - accuracy: 0.9558 30/146 [=====>........................] - ETA: 3:36 - loss: 0.1160 - accuracy: 0.9542 31/146 [=====>........................] - ETA: 3:33 - loss: 0.1133 - accuracy: 0.9556 32/146 [=====>........................] - ETA: 3:30 - loss: 0.1114 - accuracy: 0.9570 33/146 [=====>........................] - ETA: 3:27 - loss: 0.1089 - accuracy: 0.9583 34/146 [=====>........................] - ETA: 3:24 - loss: 0.1115 - accuracy: 0.9577 35/146 [======>.......................] - ETA: 3:21 - loss: 0.1115 - accuracy: 0.9571 36/146 [======>.......................] - ETA: 3:18 - loss: 0.1101 - accuracy: 0.9583 37/146 [======>.......................] - ETA: 3:16 - loss: 0.1132 - accuracy: 0.9586 38/146 [======>.......................] - ETA: 3:13 - loss: 0.1133 - accuracy: 0.9589 39/146 [=======>......................] - ETA: 3:11 - loss: 0.1126 - accuracy: 0.9583 40/146 [=======>......................] - ETA: 3:09 - loss: 0.1142 - accuracy: 0.9570 41/146 [=======>......................] - ETA: 3:07 - loss: 0.1134 - accuracy: 0.9581 42/146 [=======>......................] - ETA: 3:05 - loss: 0.1142 - accuracy: 0.9568 43/146 [=======>......................] - ETA: 3:04 - loss: 0.1158 - accuracy: 0.9557 44/146 [========>.....................] - ETA: 3:03 - loss: 0.1167 - accuracy: 0.9553 45/146 [========>.....................] - ETA: 3:01 - loss: 0.1230 - accuracy: 0.9542 46/146 [========>.....................] - ETA: 2:59 - loss: 0.1236 - accuracy: 0.9545 47/146 [========>.....................] - ETA: 2:58 - loss: 0.1233 - accuracy: 0.9555 48/146 [========>.....................] - ETA: 2:56 - loss: 0.1220 - accuracy: 0.9557 49/146 [=========>....................] - ETA: 2:55 - loss: 0.1230 - accuracy: 0.9554 50/146 [=========>....................] - ETA: 2:53 - loss: 0.1228 - accuracy: 0.9550 51/146 [=========>....................] - ETA: 2:51 - loss: 0.1216 - accuracy: 0.9559 52/146 [=========>....................] - ETA: 2:50 - loss: 0.1196 - accuracy: 0.9567 53/146 [=========>....................] - ETA: 2:48 - loss: 0.1200 - accuracy: 0.9570 54/146 [==========>...................] - ETA: 2:47 - loss: 0.1225 - accuracy: 0.9549 55/146 [==========>...................] - ETA: 2:45 - loss: 0.1221 - accuracy: 0.9551 56/146 [==========>...................] - ETA: 2:43 - loss: 0.1211 - accuracy: 0.9554 57/146 [==========>...................] - ETA: 2:42 - loss: 0.1214 - accuracy: 0.9545 58/146 [==========>...................] - ETA: 2:40 - loss: 0.1223 - accuracy: 0.9531 59/146 [===========>..................] - ETA: 2:38 - loss: 0.1239 - accuracy: 0.9523 60/146 [===========>..................] - ETA: 2:36 - loss: 0.1256 - accuracy: 0.9516 61/146 [===========>..................] - ETA: 2:34 - loss: 0.1252 - accuracy: 0.9518 62/146 [===========>..................] - ETA: 2:33 - loss: 0.1256 - accuracy: 0.9521 63/146 [===========>..................] - ETA: 2:31 - loss: 0.1262 - accuracy: 0.9519 64/146 [============>.................] - ETA: 2:29 - loss: 0.1259 - accuracy: 0.9521 65/146 [============>.................] - ETA: 2:27 - loss: 0.1299 - accuracy: 0.9510 66/146 [============>.................] - ETA: 2:25 - loss: 0.1296 - accuracy: 0.9512 67/146 [============>.................] - ETA: 2:23 - loss: 0.1327 - accuracy: 0.9501 68/146 [============>.................] - ETA: 2:21 - loss: 0.1334 - accuracy: 0.9504 69/146 [=============>................] - ETA: 2:19 - loss: 0.1329 - accuracy: 0.9502 70/146 [=============>................] - ETA: 2:18 - loss: 0.1324 - accuracy: 0.9504 71/146 [=============>................] - ETA: 2:16 - loss: 0.1328 - accuracy: 0.9507 72/146 [=============>................] - ETA: 2:14 - loss: 0.1341 - accuracy: 0.9497 73/146 [==============>...............] - ETA: 2:13 - loss: 0.1335 - accuracy: 0.9503 74/146 [==============>...............] - ETA: 2:11 - loss: 0.1346 - accuracy: 0.9485 75/146 [==============>...............] - ETA: 2:09 - loss: 0.1346 - accuracy: 0.9488 76/146 [==============>...............] - ETA: 2:07 - loss: 0.1350 - accuracy: 0.9482 77/146 [==============>...............] - ETA: 2:06 - loss: 0.1353 - accuracy: 0.9481 78/146 [===============>..............] - ETA: 2:04 - loss: 0.1357 - accuracy: 0.9471 79/146 [===============>..............] - ETA: 2:02 - loss: 0.1355 - accuracy: 0.9470 80/146 [===============>..............] - ETA: 2:01 - loss: 0.1347 - accuracy: 0.9473 81/146 [===============>..............] - ETA: 1:59 - loss: 0.1355 - accuracy: 0.9468 82/146 [===============>..............] - ETA: 1:57 - loss: 0.1359 - accuracy: 0.9470 83/146 [================>.............] - ETA: 1:56 - loss: 0.1367 - accuracy: 0.9469 84/146 [================>.............] - ETA: 1:54 - loss: 0.1365 - accuracy: 0.9464 85/146 [================>.............] - ETA: 1:52 - loss: 0.1363 - accuracy: 0.9460 86/146 [================>.............] - ETA: 1:50 - loss: 0.1358 - accuracy: 0.9459 87/146 [================>.............] - ETA: 1:49 - loss: 0.1351 - accuracy: 0.9458 88/146 [=================>............] - ETA: 1:47 - loss: 0.1348 - accuracy: 0.9460 89/146 [=================>............] - ETA: 1:45 - loss: 0.1341 - accuracy: 0.9466 90/146 [=================>............] - ETA: 1:43 - loss: 0.1336 - accuracy: 0.9469 91/146 [=================>............] - ETA: 1:41 - loss: 0.1329 - accuracy: 0.9475 92/146 [=================>............] - ETA: 1:40 - loss: 0.1327 - accuracy: 0.9477 93/146 [==================>...........] - ETA: 1:38 - loss: 0.1338 - accuracy: 0.9469 94/146 [==================>...........] - ETA: 1:36 - loss: 0.1346 - accuracy: 0.9468 95/146 [==================>...........] - ETA: 1:34 - loss: 0.1351 - accuracy: 0.9464 96/146 [==================>...........] - ETA: 1:33 - loss: 0.1344 - accuracy: 0.9466 97/146 [==================>...........] - ETA: 1:31 - loss: 0.1346 - accuracy: 0.9468 98/146 [===================>..........] - ETA: 1:29 - loss: 0.1352 - accuracy: 0.9461 99/146 [===================>..........] - ETA: 1:27 - loss: 0.1344 - accuracy: 0.9467100/146 [===================>..........] - ETA: 1:25 - loss: 0.1352 - accuracy: 0.9469101/146 [===================>..........] - ETA: 1:23 - loss: 0.1349 - accuracy: 0.9468102/146 [===================>..........] - ETA: 1:22 - loss: 0.1354 - accuracy: 0.9461103/146 [====================>.........] - ETA: 1:20 - loss: 0.1370 - accuracy: 0.9460104/146 [====================>.........] - ETA: 1:18 - loss: 0.1365 - accuracy: 0.9462105/146 [====================>.........] - ETA: 1:16 - loss: 0.1375 - accuracy: 0.9461106/146 [====================>.........] - ETA: 1:14 - loss: 0.1368 - accuracy: 0.9466107/146 [====================>.........] - ETA: 1:13 - loss: 0.1366 - accuracy: 0.9466108/146 [=====================>........] - ETA: 1:11 - loss: 0.1364 - accuracy: 0.9465109/146 [=====================>........] - ETA: 1:09 - loss: 0.1367 - accuracy: 0.9461110/146 [=====================>........] - ETA: 1:07 - loss: 0.1366 - accuracy: 0.9463111/146 [=====================>........] - ETA: 1:05 - loss: 0.1380 - accuracy: 0.9459112/146 [======================>.......] - ETA: 1:03 - loss: 0.1401 - accuracy: 0.9453113/146 [======================>.......] - ETA: 1:01 - loss: 0.1398 - accuracy: 0.9452114/146 [======================>.......] - ETA: 1:00 - loss: 0.1395 - accuracy: 0.9454115/146 [======================>.......] - ETA: 58s - loss: 0.1388 - accuracy: 0.9457 116/146 [======================>.......] - ETA: 56s - loss: 0.1428 - accuracy: 0.9448117/146 [=======================>......] - ETA: 54s - loss: 0.1424 - accuracy: 0.9444118/146 [=======================>......] - ETA: 52s - loss: 0.1446 - accuracy: 0.9431119/146 [=======================>......] - ETA: 50s - loss: 0.1451 - accuracy: 0.9428120/146 [=======================>......] - ETA: 49s - loss: 0.1453 - accuracy: 0.9422121/146 [=======================>......] - ETA: 47s - loss: 0.1459 - accuracy: 0.9416122/146 [========================>.....] - ETA: 45s - loss: 0.1454 - accuracy: 0.9421123/146 [========================>.....] - ETA: 43s - loss: 0.1460 - accuracy: 0.9418124/146 [========================>.....] - ETA: 41s - loss: 0.1472 - accuracy: 0.9408125/146 [========================>.....] - ETA: 39s - loss: 0.1468 - accuracy: 0.9413126/146 [========================>.....] - ETA: 37s - loss: 0.1472 - accuracy: 0.9412127/146 [=========================>....] - ETA: 35s - loss: 0.1476 - accuracy: 0.9417128/146 [=========================>....] - ETA: 34s - loss: 0.1478 - accuracy: 0.9419129/146 [=========================>....] - ETA: 32s - loss: 0.1484 - accuracy: 0.9419130/146 [=========================>....] - ETA: 30s - loss: 0.1482 - accuracy: 0.9418131/146 [=========================>....] - ETA: 28s - loss: 0.1480 - accuracy: 0.9420132/146 [==========================>...] - ETA: 26s - loss: 0.1485 - accuracy: 0.9422133/146 [==========================>...] - ETA: 24s - loss: 0.1489 - accuracy: 0.9422134/146 [==========================>...] - ETA: 22s - loss: 0.1483 - accuracy: 0.9424135/146 [==========================>...] - ETA: 20s - loss: 0.1484 - accuracy: 0.9421136/146 [==========================>...] - ETA: 18s - loss: 0.1500 - accuracy: 0.9416137/146 [===========================>..] - ETA: 17s - loss: 0.1500 - accuracy: 0.9416138/146 [===========================>..] - ETA: 15s - loss: 0.1497 - accuracy: 0.9416139/146 [===========================>..] - ETA: 13s - loss: 0.1495 - accuracy: 0.9413140/146 [===========================>..] - ETA: 11s - loss: 0.1488 - accuracy: 0.9417141/146 [===========================>..] - ETA: 9s - loss: 0.1489 - accuracy: 0.9415 142/146 [============================>.] - ETA: 7s - loss: 0.1492 - accuracy: 0.9412143/146 [============================>.] - ETA: 5s - loss: 0.1495 - accuracy: 0.9412144/146 [============================>.] - ETA: 3s - loss: 0.1489 - accuracy: 0.9416145/146 [============================>.] - ETA: 1s - loss: 0.1488 - accuracy: 0.9418146/146 [==============================] - ETA: 0s - loss: 0.1488 - accuracy: 0.9418146/146 [==============================] - 316s 2s/step - loss: 0.1488 - accuracy: 0.9418 - val_loss: 0.2917 - val_accuracy: 0.8957
Epoch 22/108
  1/146 [..............................] - ETA: 4:34 - loss: 0.1332 - accuracy: 0.9688  2/146 [..............................] - ETA: 4:36 - loss: 0.1643 - accuracy: 0.9531  3/146 [..............................] - ETA: 4:42 - loss: 0.1551 - accuracy: 0.9479  4/146 [..............................] - ETA: 4:35 - loss: 0.1462 - accuracy: 0.9531  5/146 [>.............................] - ETA: 4:38 - loss: 0.1713 - accuracy: 0.9563  6/146 [>.............................] - ETA: 4:37 - loss: 0.1621 - accuracy: 0.9583  7/146 [>.............................] - ETA: 4:36 - loss: 0.1554 - accuracy: 0.9598  8/146 [>.............................] - ETA: 4:36 - loss: 0.1478 - accuracy: 0.9609  9/146 [>.............................] - ETA: 4:35 - loss: 0.1364 - accuracy: 0.9653 10/146 [=>............................] - ETA: 4:30 - loss: 0.1288 - accuracy: 0.9656 11/146 [=>............................] - ETA: 4:28 - loss: 0.1276 - accuracy: 0.9659 12/146 [=>............................] - ETA: 4:29 - loss: 0.1308 - accuracy: 0.9635 13/146 [=>............................] - ETA: 4:24 - loss: 0.1237 - accuracy: 0.9663 14/146 [=>............................] - ETA: 4:23 - loss: 0.1200 - accuracy: 0.9688 15/146 [==>...........................] - ETA: 4:21 - loss: 0.1316 - accuracy: 0.9646 16/146 [==>...........................] - ETA: 4:20 - loss: 0.1257 - accuracy: 0.9648 17/146 [==>...........................] - ETA: 4:17 - loss: 0.1490 - accuracy: 0.9614 18/146 [==>...........................] - ETA: 4:15 - loss: 0.1416 - accuracy: 0.9635 19/146 [==>...........................] - ETA: 4:12 - loss: 0.1417 - accuracy: 0.9622 20/146 [===>..........................] - ETA: 4:10 - loss: 0.1457 - accuracy: 0.9609 21/146 [===>..........................] - ETA: 4:08 - loss: 0.1443 - accuracy: 0.9613 22/146 [===>..........................] - ETA: 4:06 - loss: 0.1501 - accuracy: 0.9574 23/146 [===>..........................] - ETA: 4:04 - loss: 0.1476 - accuracy: 0.9579 24/146 [===>..........................] - ETA: 4:01 - loss: 0.1481 - accuracy: 0.9570 25/146 [====>.........................] - ETA: 4:00 - loss: 0.1527 - accuracy: 0.9563 26/146 [====>.........................] - ETA: 3:57 - loss: 0.1511 - accuracy: 0.9555 27/146 [====>.........................] - ETA: 3:55 - loss: 0.1473 - accuracy: 0.9572 28/146 [====>.........................] - ETA: 3:54 - loss: 0.1479 - accuracy: 0.9565 29/146 [====>.........................] - ETA: 3:51 - loss: 0.1509 - accuracy: 0.9547 30/146 [=====>........................] - ETA: 3:49 - loss: 0.1475 - accuracy: 0.9563 31/146 [=====>........................] - ETA: 3:46 - loss: 0.1453 - accuracy: 0.9567 32/146 [=====>........................] - ETA: 3:44 - loss: 0.1444 - accuracy: 0.9561 33/146 [=====>........................] - ETA: 3:40 - loss: 0.1444 - accuracy: 0.9564 34/146 [=====>........................] - ETA: 3:38 - loss: 0.1470 - accuracy: 0.9559 35/146 [======>.......................] - ETA: 3:35 - loss: 0.1455 - accuracy: 0.9563 36/146 [======>.......................] - ETA: 3:33 - loss: 0.1428 - accuracy: 0.9575 37/146 [======>.......................] - ETA: 3:30 - loss: 0.1454 - accuracy: 0.9561 38/146 [======>.......................] - ETA: 3:27 - loss: 0.1457 - accuracy: 0.9556 39/146 [=======>......................] - ETA: 3:25 - loss: 0.1438 - accuracy: 0.9559 40/146 [=======>......................] - ETA: 3:23 - loss: 0.1429 - accuracy: 0.9555 41/146 [=======>......................] - ETA: 3:21 - loss: 0.1427 - accuracy: 0.9558 42/146 [=======>......................] - ETA: 3:19 - loss: 0.1412 - accuracy: 0.9568 43/146 [=======>......................] - ETA: 3:17 - loss: 0.1415 - accuracy: 0.9571 44/146 [========>.....................] - ETA: 3:16 - loss: 0.1390 - accuracy: 0.9581 45/146 [========>.....................] - ETA: 3:14 - loss: 0.1380 - accuracy: 0.9576 46/146 [========>.....................] - ETA: 3:11 - loss: 0.1397 - accuracy: 0.9579 47/146 [========>.....................] - ETA: 3:09 - loss: 0.1386 - accuracy: 0.9581 48/146 [========>.....................] - ETA: 3:08 - loss: 0.1375 - accuracy: 0.9577 49/146 [=========>....................] - ETA: 3:06 - loss: 0.1382 - accuracy: 0.9579 50/146 [=========>....................] - ETA: 3:04 - loss: 0.1360 - accuracy: 0.9588 51/146 [=========>....................] - ETA: 3:02 - loss: 0.1370 - accuracy: 0.9577 52/146 [=========>....................] - ETA: 3:00 - loss: 0.1366 - accuracy: 0.9579 53/146 [=========>....................] - ETA: 2:58 - loss: 0.1365 - accuracy: 0.9581 54/146 [==========>...................] - ETA: 2:57 - loss: 0.1360 - accuracy: 0.9583 55/146 [==========>...................] - ETA: 2:55 - loss: 0.1338 - accuracy: 0.9591 56/146 [==========>...................] - ETA: 2:53 - loss: 0.1331 - accuracy: 0.9593 57/146 [==========>...................] - ETA: 2:52 - loss: 0.1316 - accuracy: 0.9600 58/146 [==========>...................] - ETA: 2:50 - loss: 0.1311 - accuracy: 0.9601 59/146 [===========>..................] - ETA: 2:48 - loss: 0.1320 - accuracy: 0.9603 60/146 [===========>..................] - ETA: 2:46 - loss: 0.1334 - accuracy: 0.9594 61/146 [===========>..................] - ETA: 2:45 - loss: 0.1323 - accuracy: 0.9595 62/146 [===========>..................] - ETA: 2:43 - loss: 0.1315 - accuracy: 0.9597 63/146 [===========>..................] - ETA: 2:41 - loss: 0.1308 - accuracy: 0.9598 64/146 [============>.................] - ETA: 2:39 - loss: 0.1295 - accuracy: 0.9600 65/146 [============>.................] - ETA: 2:37 - loss: 0.1289 - accuracy: 0.9596 66/146 [============>.................] - ETA: 2:35 - loss: 0.1282 - accuracy: 0.9602 67/146 [============>.................] - ETA: 2:34 - loss: 0.1273 - accuracy: 0.9604 68/146 [============>.................] - ETA: 2:32 - loss: 0.1262 - accuracy: 0.9609 69/146 [=============>................] - ETA: 2:30 - loss: 0.1253 - accuracy: 0.9611 70/146 [=============>................] - ETA: 2:28 - loss: 0.1254 - accuracy: 0.9603 71/146 [=============>................] - ETA: 2:26 - loss: 0.1248 - accuracy: 0.9599 72/146 [=============>................] - ETA: 2:24 - loss: 0.1244 - accuracy: 0.9596 73/146 [==============>...............] - ETA: 2:22 - loss: 0.1243 - accuracy: 0.9598 74/146 [==============>...............] - ETA: 2:20 - loss: 0.1254 - accuracy: 0.9595 75/146 [==============>...............] - ETA: 2:18 - loss: 0.1244 - accuracy: 0.9596 76/146 [==============>...............] - ETA: 2:16 - loss: 0.1231 - accuracy: 0.9601 77/146 [==============>...............] - ETA: 2:14 - loss: 0.1245 - accuracy: 0.9594 78/146 [===============>..............] - ETA: 2:12 - loss: 0.1240 - accuracy: 0.9595 79/146 [===============>..............] - ETA: 2:10 - loss: 0.1240 - accuracy: 0.9589 80/146 [===============>..............] - ETA: 2:08 - loss: 0.1228 - accuracy: 0.9594 81/146 [===============>..............] - ETA: 2:07 - loss: 0.1231 - accuracy: 0.9591 82/146 [===============>..............] - ETA: 2:04 - loss: 0.1224 - accuracy: 0.9588 83/146 [================>.............] - ETA: 2:03 - loss: 0.1214 - accuracy: 0.9593 84/146 [================>.............] - ETA: 2:01 - loss: 0.1205 - accuracy: 0.9594 85/146 [================>.............] - ETA: 1:59 - loss: 0.1202 - accuracy: 0.9596 86/146 [================>.............] - ETA: 1:57 - loss: 0.1195 - accuracy: 0.9597 87/146 [================>.............] - ETA: 1:55 - loss: 0.1197 - accuracy: 0.9591 88/146 [=================>............] - ETA: 1:53 - loss: 0.1217 - accuracy: 0.9588 89/146 [=================>............] - ETA: 1:51 - loss: 0.1206 - accuracy: 0.9593 90/146 [=================>............] - ETA: 1:49 - loss: 0.1194 - accuracy: 0.9597 91/146 [=================>............] - ETA: 1:48 - loss: 0.1191 - accuracy: 0.9602 92/146 [=================>............] - ETA: 1:46 - loss: 0.1195 - accuracy: 0.9599 93/146 [==================>...........] - ETA: 1:44 - loss: 0.1211 - accuracy: 0.9593 94/146 [==================>...........] - ETA: 1:42 - loss: 0.1205 - accuracy: 0.9594 95/146 [==================>...........] - ETA: 1:40 - loss: 0.1208 - accuracy: 0.9592 96/146 [==================>...........] - ETA: 1:38 - loss: 0.1234 - accuracy: 0.9590 97/146 [==================>...........] - ETA: 1:36 - loss: 0.1240 - accuracy: 0.9591 98/146 [===================>..........] - ETA: 1:34 - loss: 0.1243 - accuracy: 0.9589 99/146 [===================>..........] - ETA: 1:32 - loss: 0.1243 - accuracy: 0.9586100/146 [===================>..........] - ETA: 1:30 - loss: 0.1234 - accuracy: 0.9591101/146 [===================>..........] - ETA: 1:28 - loss: 0.1239 - accuracy: 0.9585102/146 [===================>..........] - ETA: 1:26 - loss: 0.1267 - accuracy: 0.9568103/146 [====================>.........] - ETA: 1:24 - loss: 0.1270 - accuracy: 0.9566104/146 [====================>.........] - ETA: 1:22 - loss: 0.1263 - accuracy: 0.9570105/146 [====================>.........] - ETA: 1:20 - loss: 0.1267 - accuracy: 0.9565106/146 [====================>.........] - ETA: 1:18 - loss: 0.1277 - accuracy: 0.9564107/146 [====================>.........] - ETA: 1:16 - loss: 0.1280 - accuracy: 0.9559108/146 [=====================>........] - ETA: 1:14 - loss: 0.1285 - accuracy: 0.9557109/146 [=====================>........] - ETA: 1:12 - loss: 0.1286 - accuracy: 0.9556110/146 [=====================>........] - ETA: 1:11 - loss: 0.1284 - accuracy: 0.9557111/146 [=====================>........] - ETA: 1:09 - loss: 0.1286 - accuracy: 0.9558112/146 [======================>.......] - ETA: 1:07 - loss: 0.1285 - accuracy: 0.9559113/146 [======================>.......] - ETA: 1:05 - loss: 0.1289 - accuracy: 0.9555114/146 [======================>.......] - ETA: 1:03 - loss: 0.1284 - accuracy: 0.9559115/146 [======================>.......] - ETA: 1:01 - loss: 0.1285 - accuracy: 0.9557116/146 [======================>.......] - ETA: 59s - loss: 0.1299 - accuracy: 0.9550 117/146 [=======================>......] - ETA: 57s - loss: 0.1311 - accuracy: 0.9546118/146 [=======================>......] - ETA: 55s - loss: 0.1305 - accuracy: 0.9550119/146 [=======================>......] - ETA: 53s - loss: 0.1304 - accuracy: 0.9548120/146 [=======================>......] - ETA: 51s - loss: 0.1302 - accuracy: 0.9547121/146 [=======================>......] - ETA: 49s - loss: 0.1296 - accuracy: 0.9551122/146 [========================>.....] - ETA: 46s - loss: 0.1293 - accuracy: 0.9554123/146 [========================>.....] - ETA: 44s - loss: 0.1299 - accuracy: 0.9553124/146 [========================>.....] - ETA: 42s - loss: 0.1294 - accuracy: 0.9554125/146 [========================>.....] - ETA: 40s - loss: 0.1295 - accuracy: 0.9553126/146 [========================>.....] - ETA: 38s - loss: 0.1293 - accuracy: 0.9554127/146 [=========================>....] - ETA: 36s - loss: 0.1291 - accuracy: 0.9552128/146 [=========================>....] - ETA: 35s - loss: 0.1298 - accuracy: 0.9546129/146 [=========================>....] - ETA: 33s - loss: 0.1295 - accuracy: 0.9549130/146 [=========================>....] - ETA: 31s - loss: 0.1289 - accuracy: 0.9553131/146 [=========================>....] - ETA: 29s - loss: 0.1286 - accuracy: 0.9554132/146 [==========================>...] - ETA: 27s - loss: 0.1288 - accuracy: 0.9553133/146 [==========================>...] - ETA: 25s - loss: 0.1286 - accuracy: 0.9551134/146 [==========================>...] - ETA: 23s - loss: 0.1283 - accuracy: 0.9552135/146 [==========================>...] - ETA: 21s - loss: 0.1295 - accuracy: 0.9551136/146 [==========================>...] - ETA: 19s - loss: 0.1293 - accuracy: 0.9550137/146 [===========================>..] - ETA: 17s - loss: 0.1290 - accuracy: 0.9548138/146 [===========================>..] - ETA: 15s - loss: 0.1284 - accuracy: 0.9549139/146 [===========================>..] - ETA: 13s - loss: 0.1287 - accuracy: 0.9548140/146 [===========================>..] - ETA: 11s - loss: 0.1290 - accuracy: 0.9547141/146 [===========================>..] - ETA: 9s - loss: 0.1284 - accuracy: 0.9550 142/146 [============================>.] - ETA: 7s - loss: 0.1284 - accuracy: 0.9551143/146 [============================>.] - ETA: 5s - loss: 0.1286 - accuracy: 0.9550144/146 [============================>.] - ETA: 3s - loss: 0.1285 - accuracy: 0.9551145/146 [============================>.] - ETA: 1s - loss: 0.1280 - accuracy: 0.9552146/146 [==============================] - ETA: 0s - loss: 0.1280 - accuracy: 0.9552146/146 [==============================] - 322s 2s/step - loss: 0.1280 - accuracy: 0.9552 - val_loss: 0.3845 - val_accuracy: 0.8997
Epoch 23/108
  1/146 [..............................] - ETA: 5:03 - loss: 0.1745 - accuracy: 0.9375  2/146 [..............................] - ETA: 5:01 - loss: 0.1165 - accuracy: 0.9531  3/146 [..............................] - ETA: 4:36 - loss: 0.0976 - accuracy: 0.9583  4/146 [..............................] - ETA: 4:46 - loss: 0.1365 - accuracy: 0.9531  5/146 [>.............................] - ETA: 4:49 - loss: 0.1590 - accuracy: 0.9500  6/146 [>.............................] - ETA: 4:45 - loss: 0.1493 - accuracy: 0.9531  7/146 [>.............................] - ETA: 4:41 - loss: 0.1800 - accuracy: 0.9464  8/146 [>.............................] - ETA: 4:38 - loss: 0.1723 - accuracy: 0.9492  9/146 [>.............................] - ETA: 4:35 - loss: 0.1670 - accuracy: 0.9514 10/146 [=>............................] - ETA: 4:33 - loss: 0.1539 - accuracy: 0.9563 11/146 [=>............................] - ETA: 4:31 - loss: 0.1518 - accuracy: 0.9545 12/146 [=>............................] - ETA: 4:26 - loss: 0.1469 - accuracy: 0.9531 13/146 [=>............................] - ETA: 4:23 - loss: 0.1420 - accuracy: 0.9543 14/146 [=>............................] - ETA: 4:21 - loss: 0.1345 - accuracy: 0.9576 15/146 [==>...........................] - ETA: 4:19 - loss: 0.1426 - accuracy: 0.9563 16/146 [==>...........................] - ETA: 4:16 - loss: 0.1369 - accuracy: 0.9590 17/146 [==>...........................] - ETA: 4:15 - loss: 0.1416 - accuracy: 0.9559 18/146 [==>...........................] - ETA: 4:12 - loss: 0.1440 - accuracy: 0.9549 19/146 [==>...........................] - ETA: 4:09 - loss: 0.1405 - accuracy: 0.9556 20/146 [===>..........................] - ETA: 4:07 - loss: 0.1356 - accuracy: 0.9578 21/146 [===>..........................] - ETA: 4:04 - loss: 0.1308 - accuracy: 0.9598 22/146 [===>..........................] - ETA: 4:01 - loss: 0.1310 - accuracy: 0.9602 23/146 [===>..........................] - ETA: 4:00 - loss: 0.1313 - accuracy: 0.9606 24/146 [===>..........................] - ETA: 3:58 - loss: 0.1280 - accuracy: 0.9609 25/146 [====>.........................] - ETA: 3:57 - loss: 0.1243 - accuracy: 0.9625 26/146 [====>.........................] - ETA: 3:56 - loss: 0.1223 - accuracy: 0.9627 27/146 [====>.........................] - ETA: 3:53 - loss: 0.1216 - accuracy: 0.9630 28/146 [====>.........................] - ETA: 3:51 - loss: 0.1219 - accuracy: 0.9621 29/146 [====>.........................] - ETA: 3:49 - loss: 0.1242 - accuracy: 0.9612 30/146 [=====>........................] - ETA: 3:47 - loss: 0.1220 - accuracy: 0.9625 31/146 [=====>........................] - ETA: 3:45 - loss: 0.1202 - accuracy: 0.9627 32/146 [=====>........................] - ETA: 3:43 - loss: 0.1202 - accuracy: 0.9629 33/146 [=====>........................] - ETA: 3:41 - loss: 0.1199 - accuracy: 0.9631 34/146 [=====>........................] - ETA: 3:39 - loss: 0.1174 - accuracy: 0.9642 35/146 [======>.......................] - ETA: 3:37 - loss: 0.1221 - accuracy: 0.9625 36/146 [======>.......................] - ETA: 3:35 - loss: 0.1249 - accuracy: 0.9609 37/146 [======>.......................] - ETA: 3:34 - loss: 0.1239 - accuracy: 0.9620 38/146 [======>.......................] - ETA: 3:32 - loss: 0.1239 - accuracy: 0.9613 39/146 [=======>......................] - ETA: 3:30 - loss: 0.1257 - accuracy: 0.9607 40/146 [=======>......................] - ETA: 3:28 - loss: 0.1251 - accuracy: 0.9609 41/146 [=======>......................] - ETA: 3:27 - loss: 0.1291 - accuracy: 0.9588 42/146 [=======>......................] - ETA: 3:25 - loss: 0.1294 - accuracy: 0.9591 43/146 [=======>......................] - ETA: 3:23 - loss: 0.1333 - accuracy: 0.9571 44/146 [========>.....................] - ETA: 3:21 - loss: 0.1342 - accuracy: 0.9574 45/146 [========>.....................] - ETA: 3:19 - loss: 0.1364 - accuracy: 0.9563 46/146 [========>.....................] - ETA: 3:17 - loss: 0.1353 - accuracy: 0.9558 47/146 [========>.....................] - ETA: 3:15 - loss: 0.1352 - accuracy: 0.9555 48/146 [========>.....................] - ETA: 3:14 - loss: 0.1372 - accuracy: 0.9551 49/146 [=========>....................] - ETA: 3:12 - loss: 0.1358 - accuracy: 0.9554 50/146 [=========>....................] - ETA: 3:10 - loss: 0.1344 - accuracy: 0.9563 51/146 [=========>....................] - ETA: 3:08 - loss: 0.1332 - accuracy: 0.9559 52/146 [=========>....................] - ETA: 3:06 - loss: 0.1338 - accuracy: 0.9549 53/146 [=========>....................] - ETA: 3:04 - loss: 0.1331 - accuracy: 0.9558 54/146 [==========>...................] - ETA: 3:03 - loss: 0.1339 - accuracy: 0.9560 55/146 [==========>...................] - ETA: 3:01 - loss: 0.1334 - accuracy: 0.9557 56/146 [==========>...................] - ETA: 2:59 - loss: 0.1329 - accuracy: 0.9565 57/146 [==========>...................] - ETA: 2:56 - loss: 0.1320 - accuracy: 0.9567 58/146 [==========>...................] - ETA: 2:54 - loss: 0.1303 - accuracy: 0.9574 59/146 [===========>..................] - ETA: 2:52 - loss: 0.1290 - accuracy: 0.9576 60/146 [===========>..................] - ETA: 2:50 - loss: 0.1279 - accuracy: 0.9578 61/146 [===========>..................] - ETA: 2:48 - loss: 0.1272 - accuracy: 0.9580 62/146 [===========>..................] - ETA: 2:47 - loss: 0.1256 - accuracy: 0.9587 63/146 [===========>..................] - ETA: 2:45 - loss: 0.1241 - accuracy: 0.9593 64/146 [============>.................] - ETA: 2:43 - loss: 0.1231 - accuracy: 0.9590 65/146 [============>.................] - ETA: 2:40 - loss: 0.1246 - accuracy: 0.9587 66/146 [============>.................] - ETA: 2:38 - loss: 0.1246 - accuracy: 0.9583 67/146 [============>.................] - ETA: 2:36 - loss: 0.1271 - accuracy: 0.9571 68/146 [============>.................] - ETA: 2:34 - loss: 0.1269 - accuracy: 0.9573 69/146 [=============>................] - ETA: 2:32 - loss: 0.1262 - accuracy: 0.9570 70/146 [=============>................] - ETA: 2:31 - loss: 0.1247 - accuracy: 0.9576 71/146 [=============>................] - ETA: 2:29 - loss: 0.1245 - accuracy: 0.9573 72/146 [=============>................] - ETA: 2:27 - loss: 0.1237 - accuracy: 0.9575 73/146 [==============>...............] - ETA: 2:25 - loss: 0.1223 - accuracy: 0.9580 74/146 [==============>...............] - ETA: 2:22 - loss: 0.1218 - accuracy: 0.9582 75/146 [==============>...............] - ETA: 2:20 - loss: 0.1213 - accuracy: 0.9583 76/146 [==============>...............] - ETA: 2:18 - loss: 0.1223 - accuracy: 0.9572 77/146 [==============>...............] - ETA: 2:16 - loss: 0.1226 - accuracy: 0.9566 78/146 [===============>..............] - ETA: 2:15 - loss: 0.1240 - accuracy: 0.9555 79/146 [===============>..............] - ETA: 2:12 - loss: 0.1237 - accuracy: 0.9557 80/146 [===============>..............] - ETA: 2:10 - loss: 0.1249 - accuracy: 0.9551 81/146 [===============>..............] - ETA: 2:08 - loss: 0.1239 - accuracy: 0.9556 82/146 [===============>..............] - ETA: 2:06 - loss: 0.1232 - accuracy: 0.9558 83/146 [================>.............] - ETA: 2:04 - loss: 0.1231 - accuracy: 0.9559 84/146 [================>.............] - ETA: 2:02 - loss: 0.1229 - accuracy: 0.9557 85/146 [================>.............] - ETA: 2:00 - loss: 0.1245 - accuracy: 0.9551 86/146 [================>.............] - ETA: 1:58 - loss: 0.1248 - accuracy: 0.9553 87/146 [================>.............] - ETA: 1:56 - loss: 0.1251 - accuracy: 0.9551 88/146 [=================>............] - ETA: 1:54 - loss: 0.1255 - accuracy: 0.9549 89/146 [=================>............] - ETA: 1:52 - loss: 0.1249 - accuracy: 0.9551 90/146 [=================>............] - ETA: 1:50 - loss: 0.1243 - accuracy: 0.9552 91/146 [=================>............] - ETA: 1:48 - loss: 0.1239 - accuracy: 0.9554 92/146 [=================>............] - ETA: 1:46 - loss: 0.1234 - accuracy: 0.9555 93/146 [==================>...........] - ETA: 1:44 - loss: 0.1226 - accuracy: 0.9560 94/146 [==================>...........] - ETA: 1:42 - loss: 0.1218 - accuracy: 0.9564 95/146 [==================>...........] - ETA: 1:40 - loss: 0.1219 - accuracy: 0.9563 96/146 [==================>...........] - ETA: 1:38 - loss: 0.1217 - accuracy: 0.9567 97/146 [==================>...........] - ETA: 1:36 - loss: 0.1210 - accuracy: 0.9572 98/146 [===================>..........] - ETA: 1:34 - loss: 0.1203 - accuracy: 0.9576 99/146 [===================>..........] - ETA: 1:33 - loss: 0.1195 - accuracy: 0.9580100/146 [===================>..........] - ETA: 1:31 - loss: 0.1201 - accuracy: 0.9575101/146 [===================>..........] - ETA: 1:29 - loss: 0.1200 - accuracy: 0.9573102/146 [===================>..........] - ETA: 1:27 - loss: 0.1203 - accuracy: 0.9571103/146 [====================>.........] - ETA: 1:25 - loss: 0.1217 - accuracy: 0.9566104/146 [====================>.........] - ETA: 1:23 - loss: 0.1206 - accuracy: 0.9570105/146 [====================>.........] - ETA: 1:21 - loss: 0.1197 - accuracy: 0.9574106/146 [====================>.........] - ETA: 1:19 - loss: 0.1191 - accuracy: 0.9578107/146 [====================>.........] - ETA: 1:17 - loss: 0.1193 - accuracy: 0.9579108/146 [=====================>........] - ETA: 1:15 - loss: 0.1192 - accuracy: 0.9580109/146 [=====================>........] - ETA: 1:13 - loss: 0.1187 - accuracy: 0.9581110/146 [=====================>........] - ETA: 1:11 - loss: 0.1190 - accuracy: 0.9580111/146 [=====================>........] - ETA: 1:09 - loss: 0.1191 - accuracy: 0.9578112/146 [======================>.......] - ETA: 1:07 - loss: 0.1193 - accuracy: 0.9576113/146 [======================>.......] - ETA: 1:05 - loss: 0.1190 - accuracy: 0.9580114/146 [======================>.......] - ETA: 1:03 - loss: 0.1187 - accuracy: 0.9581115/146 [======================>.......] - ETA: 1:01 - loss: 0.1178 - accuracy: 0.9584116/146 [======================>.......] - ETA: 59s - loss: 0.1179 - accuracy: 0.9580 117/146 [=======================>......] - ETA: 57s - loss: 0.1184 - accuracy: 0.9573118/146 [=======================>......] - ETA: 55s - loss: 0.1183 - accuracy: 0.9574119/146 [=======================>......] - ETA: 53s - loss: 0.1181 - accuracy: 0.9572120/146 [=======================>......] - ETA: 51s - loss: 0.1198 - accuracy: 0.9568121/146 [=======================>......] - ETA: 49s - loss: 0.1198 - accuracy: 0.9564122/146 [========================>.....] - ETA: 47s - loss: 0.1193 - accuracy: 0.9565123/146 [========================>.....] - ETA: 45s - loss: 0.1189 - accuracy: 0.9566124/146 [========================>.....] - ETA: 43s - loss: 0.1191 - accuracy: 0.9567125/146 [========================>.....] - ETA: 41s - loss: 0.1184 - accuracy: 0.9570126/146 [========================>.....] - ETA: 39s - loss: 0.1186 - accuracy: 0.9568127/146 [=========================>....] - ETA: 37s - loss: 0.1180 - accuracy: 0.9572128/146 [=========================>....] - ETA: 35s - loss: 0.1182 - accuracy: 0.9570129/146 [=========================>....] - ETA: 33s - loss: 0.1186 - accuracy: 0.9566130/146 [=========================>....] - ETA: 31s - loss: 0.1183 - accuracy: 0.9567131/146 [=========================>....] - ETA: 29s - loss: 0.1181 - accuracy: 0.9568132/146 [==========================>...] - ETA: 27s - loss: 0.1180 - accuracy: 0.9569133/146 [==========================>...] - ETA: 25s - loss: 0.1184 - accuracy: 0.9565134/146 [==========================>...] - ETA: 23s - loss: 0.1206 - accuracy: 0.9557135/146 [==========================>...] - ETA: 21s - loss: 0.1202 - accuracy: 0.9558136/146 [==========================>...] - ETA: 19s - loss: 0.1203 - accuracy: 0.9557137/146 [===========================>..] - ETA: 17s - loss: 0.1201 - accuracy: 0.9557138/146 [===========================>..] - ETA: 15s - loss: 0.1200 - accuracy: 0.9558139/146 [===========================>..] - ETA: 13s - loss: 0.1196 - accuracy: 0.9562140/146 [===========================>..] - ETA: 11s - loss: 0.1206 - accuracy: 0.9556141/146 [===========================>..] - ETA: 9s - loss: 0.1216 - accuracy: 0.9552 142/146 [============================>.] - ETA: 7s - loss: 0.1226 - accuracy: 0.9547143/146 [============================>.] - ETA: 5s - loss: 0.1237 - accuracy: 0.9539144/146 [============================>.] - ETA: 3s - loss: 0.1238 - accuracy: 0.9540145/146 [============================>.] - ETA: 1s - loss: 0.1240 - accuracy: 0.9539146/146 [==============================] - ETA: 0s - loss: 0.1240 - accuracy: 0.9539146/146 [==============================] - 311s 2s/step - loss: 0.1240 - accuracy: 0.9539 - val_loss: 0.3182 - val_accuracy: 0.8900
Epoch 24/108
  1/146 [..............................] - ETA: 4:34 - loss: 0.0886 - accuracy: 0.9375  2/146 [..............................] - ETA: 4:36 - loss: 0.0818 - accuracy: 0.9688  3/146 [..............................] - ETA: 4:38 - loss: 0.0817 - accuracy: 0.9792  4/146 [..............................] - ETA: 4:38 - loss: 0.0788 - accuracy: 0.9766  5/146 [>.............................] - ETA: 4:36 - loss: 0.0715 - accuracy: 0.9812  6/146 [>.............................] - ETA: 4:35 - loss: 0.0902 - accuracy: 0.9688  7/146 [>.............................] - ETA: 4:35 - loss: 0.1250 - accuracy: 0.9598  8/146 [>.............................] - ETA: 4:35 - loss: 0.1151 - accuracy: 0.9609  9/146 [>.............................] - ETA: 4:35 - loss: 0.1102 - accuracy: 0.9618 10/146 [=>............................] - ETA: 4:31 - loss: 0.1085 - accuracy: 0.9594 11/146 [=>............................] - ETA: 4:28 - loss: 0.1112 - accuracy: 0.9602 12/146 [=>............................] - ETA: 4:29 - loss: 0.1083 - accuracy: 0.9609 13/146 [=>............................] - ETA: 4:28 - loss: 0.1160 - accuracy: 0.9591 14/146 [=>............................] - ETA: 4:25 - loss: 0.1144 - accuracy: 0.9598 15/146 [==>...........................] - ETA: 4:25 - loss: 0.1128 - accuracy: 0.9604 16/146 [==>...........................] - ETA: 4:23 - loss: 0.1125 - accuracy: 0.9590 17/146 [==>...........................] - ETA: 4:21 - loss: 0.1157 - accuracy: 0.9559 18/146 [==>...........................] - ETA: 4:18 - loss: 0.1126 - accuracy: 0.9583 19/146 [==>...........................] - ETA: 4:16 - loss: 0.1116 - accuracy: 0.9589 20/146 [===>..........................] - ETA: 4:14 - loss: 0.1095 - accuracy: 0.9609 21/146 [===>..........................] - ETA: 4:12 - loss: 0.1067 - accuracy: 0.9628 22/146 [===>..........................] - ETA: 4:10 - loss: 0.1049 - accuracy: 0.9631 23/146 [===>..........................] - ETA: 4:07 - loss: 0.1048 - accuracy: 0.9606 24/146 [===>..........................] - ETA: 4:06 - loss: 0.1105 - accuracy: 0.9583 25/146 [====>.........................] - ETA: 4:04 - loss: 0.1112 - accuracy: 0.9588 26/146 [====>.........................] - ETA: 4:01 - loss: 0.1093 - accuracy: 0.9603 27/146 [====>.........................] - ETA: 3:59 - loss: 0.1068 - accuracy: 0.9618 28/146 [====>.........................] - ETA: 3:57 - loss: 0.1042 - accuracy: 0.9632 29/146 [====>.........................] - ETA: 3:56 - loss: 0.1030 - accuracy: 0.9634 30/146 [=====>........................] - ETA: 3:54 - loss: 0.1027 - accuracy: 0.9635 31/146 [=====>........................] - ETA: 3:53 - loss: 0.1010 - accuracy: 0.9637 32/146 [=====>........................] - ETA: 3:50 - loss: 0.1003 - accuracy: 0.9629 33/146 [=====>........................] - ETA: 3:48 - loss: 0.0976 - accuracy: 0.9640 34/146 [=====>........................] - ETA: 3:46 - loss: 0.1022 - accuracy: 0.9632 35/146 [======>.......................] - ETA: 3:44 - loss: 0.1009 - accuracy: 0.9634 36/146 [======>.......................] - ETA: 3:42 - loss: 0.1007 - accuracy: 0.9635 37/146 [======>.......................] - ETA: 3:40 - loss: 0.1001 - accuracy: 0.9637 38/146 [======>.......................] - ETA: 3:38 - loss: 0.1013 - accuracy: 0.9638 39/146 [=======>......................] - ETA: 3:36 - loss: 0.0991 - accuracy: 0.9647 40/146 [=======>......................] - ETA: 3:33 - loss: 0.0980 - accuracy: 0.9648 41/146 [=======>......................] - ETA: 3:31 - loss: 0.1062 - accuracy: 0.9634 42/146 [=======>......................] - ETA: 3:29 - loss: 0.1047 - accuracy: 0.9643 43/146 [=======>......................] - ETA: 3:26 - loss: 0.1050 - accuracy: 0.9637 44/146 [========>.....................] - ETA: 3:24 - loss: 0.1049 - accuracy: 0.9638 45/146 [========>.....................] - ETA: 3:22 - loss: 0.1034 - accuracy: 0.9639 46/146 [========>.....................] - ETA: 3:19 - loss: 0.1067 - accuracy: 0.9626 47/146 [========>.....................] - ETA: 3:17 - loss: 0.1051 - accuracy: 0.9634 48/146 [========>.....................] - ETA: 3:14 - loss: 0.1075 - accuracy: 0.9616 49/146 [=========>....................] - ETA: 3:12 - loss: 0.1064 - accuracy: 0.9624 50/146 [=========>....................] - ETA: 3:09 - loss: 0.1061 - accuracy: 0.9619 51/146 [=========>....................] - ETA: 3:07 - loss: 0.1057 - accuracy: 0.9620 52/146 [=========>....................] - ETA: 3:04 - loss: 0.1054 - accuracy: 0.9627 53/146 [=========>....................] - ETA: 3:02 - loss: 0.1053 - accuracy: 0.9629 54/146 [==========>...................] - ETA: 3:00 - loss: 0.1059 - accuracy: 0.9618 55/146 [==========>...................] - ETA: 2:58 - loss: 0.1050 - accuracy: 0.9619 56/146 [==========>...................] - ETA: 2:56 - loss: 0.1058 - accuracy: 0.9621 57/146 [==========>...................] - ETA: 2:54 - loss: 0.1087 - accuracy: 0.9605 58/146 [==========>...................] - ETA: 2:52 - loss: 0.1079 - accuracy: 0.9612 59/146 [===========>..................] - ETA: 2:50 - loss: 0.1092 - accuracy: 0.9603 60/146 [===========>..................] - ETA: 2:48 - loss: 0.1095 - accuracy: 0.9604 61/146 [===========>..................] - ETA: 2:46 - loss: 0.1079 - accuracy: 0.9611 62/146 [===========>..................] - ETA: 2:43 - loss: 0.1090 - accuracy: 0.9597 63/146 [===========>..................] - ETA: 2:41 - loss: 0.1086 - accuracy: 0.9593 64/146 [============>.................] - ETA: 2:39 - loss: 0.1223 - accuracy: 0.9570 65/146 [============>.................] - ETA: 2:36 - loss: 0.1256 - accuracy: 0.9563 66/146 [============>.................] - ETA: 2:34 - loss: 0.1274 - accuracy: 0.9550 67/146 [============>.................] - ETA: 2:31 - loss: 0.1265 - accuracy: 0.9552 68/146 [============>.................] - ETA: 2:29 - loss: 0.1266 - accuracy: 0.9550 69/146 [=============>................] - ETA: 2:27 - loss: 0.1256 - accuracy: 0.9556 70/146 [=============>................] - ETA: 2:25 - loss: 0.1247 - accuracy: 0.9558 71/146 [=============>................] - ETA: 2:22 - loss: 0.1251 - accuracy: 0.9560 72/146 [=============>................] - ETA: 2:20 - loss: 0.1246 - accuracy: 0.9557 73/146 [==============>...............] - ETA: 2:18 - loss: 0.1238 - accuracy: 0.9559 74/146 [==============>...............] - ETA: 2:17 - loss: 0.1238 - accuracy: 0.9552 75/146 [==============>...............] - ETA: 2:14 - loss: 0.1229 - accuracy: 0.9554 76/146 [==============>...............] - ETA: 2:12 - loss: 0.1225 - accuracy: 0.9560 77/146 [==============>...............] - ETA: 2:10 - loss: 0.1215 - accuracy: 0.9566 78/146 [===============>..............] - ETA: 2:09 - loss: 0.1208 - accuracy: 0.9571 79/146 [===============>..............] - ETA: 2:07 - loss: 0.1204 - accuracy: 0.9573 80/146 [===============>..............] - ETA: 2:05 - loss: 0.1195 - accuracy: 0.9578 81/146 [===============>..............] - ETA: 2:03 - loss: 0.1194 - accuracy: 0.9576 82/146 [===============>..............] - ETA: 2:01 - loss: 0.1197 - accuracy: 0.9573 83/146 [================>.............] - ETA: 2:00 - loss: 0.1209 - accuracy: 0.9571 84/146 [================>.............] - ETA: 1:58 - loss: 0.1210 - accuracy: 0.9572 85/146 [================>.............] - ETA: 1:56 - loss: 0.1207 - accuracy: 0.9574 86/146 [================>.............] - ETA: 1:54 - loss: 0.1204 - accuracy: 0.9575 87/146 [================>.............] - ETA: 1:52 - loss: 0.1207 - accuracy: 0.9576 88/146 [=================>............] - ETA: 1:50 - loss: 0.1203 - accuracy: 0.9577 89/146 [=================>............] - ETA: 1:48 - loss: 0.1208 - accuracy: 0.9572 90/146 [=================>............] - ETA: 1:46 - loss: 0.1208 - accuracy: 0.9573 91/146 [=================>............] - ETA: 1:45 - loss: 0.1210 - accuracy: 0.9571 92/146 [=================>............] - ETA: 1:43 - loss: 0.1201 - accuracy: 0.9575 93/146 [==================>...........] - ETA: 1:41 - loss: 0.1215 - accuracy: 0.9573 94/146 [==================>...........] - ETA: 1:39 - loss: 0.1207 - accuracy: 0.9574 95/146 [==================>...........] - ETA: 1:37 - loss: 0.1208 - accuracy: 0.9572 96/146 [==================>...........] - ETA: 1:35 - loss: 0.1203 - accuracy: 0.9574 97/146 [==================>...........] - ETA: 1:33 - loss: 0.1197 - accuracy: 0.9578 98/146 [===================>..........] - ETA: 1:31 - loss: 0.1204 - accuracy: 0.9576 99/146 [===================>..........] - ETA: 1:30 - loss: 0.1196 - accuracy: 0.9580100/146 [===================>..........] - ETA: 1:28 - loss: 0.1205 - accuracy: 0.9578101/146 [===================>..........] - ETA: 1:26 - loss: 0.1206 - accuracy: 0.9573102/146 [===================>..........] - ETA: 1:24 - loss: 0.1201 - accuracy: 0.9577103/146 [====================>.........] - ETA: 1:22 - loss: 0.1212 - accuracy: 0.9572104/146 [====================>.........] - ETA: 1:20 - loss: 0.1217 - accuracy: 0.9570105/146 [====================>.........] - ETA: 1:18 - loss: 0.1209 - accuracy: 0.9574106/146 [====================>.........] - ETA: 1:16 - loss: 0.1211 - accuracy: 0.9567107/146 [====================>.........] - ETA: 1:14 - loss: 0.1205 - accuracy: 0.9568108/146 [=====================>........] - ETA: 1:12 - loss: 0.1206 - accuracy: 0.9569109/146 [=====================>........] - ETA: 1:10 - loss: 0.1196 - accuracy: 0.9573110/146 [=====================>........] - ETA: 1:08 - loss: 0.1198 - accuracy: 0.9568111/146 [=====================>........] - ETA: 1:06 - loss: 0.1194 - accuracy: 0.9566112/146 [======================>.......] - ETA: 1:04 - loss: 0.1187 - accuracy: 0.9568113/146 [======================>.......] - ETA: 1:02 - loss: 0.1188 - accuracy: 0.9566114/146 [======================>.......] - ETA: 1:01 - loss: 0.1193 - accuracy: 0.9567115/146 [======================>.......] - ETA: 59s - loss: 0.1185 - accuracy: 0.9571 116/146 [======================>.......] - ETA: 57s - loss: 0.1188 - accuracy: 0.9572117/146 [=======================>......] - ETA: 55s - loss: 0.1188 - accuracy: 0.9570118/146 [=======================>......] - ETA: 53s - loss: 0.1192 - accuracy: 0.9566119/146 [=======================>......] - ETA: 51s - loss: 0.1199 - accuracy: 0.9561120/146 [=======================>......] - ETA: 49s - loss: 0.1205 - accuracy: 0.9557121/146 [=======================>......] - ETA: 47s - loss: 0.1201 - accuracy: 0.9558122/146 [========================>.....] - ETA: 45s - loss: 0.1195 - accuracy: 0.9559123/146 [========================>.....] - ETA: 44s - loss: 0.1198 - accuracy: 0.9560124/146 [========================>.....] - ETA: 42s - loss: 0.1192 - accuracy: 0.9561125/146 [========================>.....] - ETA: 40s - loss: 0.1202 - accuracy: 0.9555126/146 [========================>.....] - ETA: 38s - loss: 0.1198 - accuracy: 0.9556127/146 [=========================>....] - ETA: 36s - loss: 0.1197 - accuracy: 0.9555128/146 [=========================>....] - ETA: 34s - loss: 0.1191 - accuracy: 0.9556129/146 [=========================>....] - ETA: 32s - loss: 0.1190 - accuracy: 0.9557130/146 [=========================>....] - ETA: 30s - loss: 0.1189 - accuracy: 0.9555131/146 [=========================>....] - ETA: 28s - loss: 0.1189 - accuracy: 0.9554132/146 [==========================>...] - ETA: 26s - loss: 0.1185 - accuracy: 0.9557133/146 [==========================>...] - ETA: 24s - loss: 0.1186 - accuracy: 0.9556134/146 [==========================>...] - ETA: 22s - loss: 0.1186 - accuracy: 0.9555135/146 [==========================>...] - ETA: 21s - loss: 0.1186 - accuracy: 0.9553136/146 [==========================>...] - ETA: 19s - loss: 0.1191 - accuracy: 0.9552137/146 [===========================>..] - ETA: 17s - loss: 0.1208 - accuracy: 0.9548138/146 [===========================>..] - ETA: 15s - loss: 0.1210 - accuracy: 0.9545139/146 [===========================>..] - ETA: 13s - loss: 0.1209 - accuracy: 0.9544140/146 [===========================>..] - ETA: 11s - loss: 0.1206 - accuracy: 0.9547141/146 [===========================>..] - ETA: 9s - loss: 0.1212 - accuracy: 0.9543 142/146 [============================>.] - ETA: 7s - loss: 0.1218 - accuracy: 0.9542143/146 [============================>.] - ETA: 5s - loss: 0.1212 - accuracy: 0.9545144/146 [============================>.] - ETA: 3s - loss: 0.1211 - accuracy: 0.9546145/146 [============================>.] - ETA: 1s - loss: 0.1210 - accuracy: 0.9547146/146 [==============================] - ETA: 0s - loss: 0.1210 - accuracy: 0.9548146/146 [==============================] - 305s 2s/step - loss: 0.1210 - accuracy: 0.9548 - val_loss: 0.3943 - val_accuracy: 0.8933
Epoch 25/108
  1/146 [..............................] - ETA: 5:16 - loss: 0.0413 - accuracy: 1.0000  2/146 [..............................] - ETA: 4:37 - loss: 0.0655 - accuracy: 0.9844  3/146 [..............................] - ETA: 5:00 - loss: 0.0599 - accuracy: 0.9896  4/146 [..............................] - ETA: 5:00 - loss: 0.0667 - accuracy: 0.9844  5/146 [>.............................] - ETA: 5:01 - loss: 0.0672 - accuracy: 0.9875  6/146 [>.............................] - ETA: 4:55 - loss: 0.1355 - accuracy: 0.9688  7/146 [>.............................] - ETA: 4:46 - loss: 0.1394 - accuracy: 0.9554  8/146 [>.............................] - ETA: 4:42 - loss: 0.1270 - accuracy: 0.9609  9/146 [>.............................] - ETA: 4:38 - loss: 0.1238 - accuracy: 0.9583 10/146 [=>............................] - ETA: 4:34 - loss: 0.1261 - accuracy: 0.9594 11/146 [=>............................] - ETA: 4:32 - loss: 0.1316 - accuracy: 0.9574 12/146 [=>............................] - ETA: 4:29 - loss: 0.1376 - accuracy: 0.9531 13/146 [=>............................] - ETA: 4:25 - loss: 0.1414 - accuracy: 0.9519 14/146 [=>............................] - ETA: 4:20 - loss: 0.1346 - accuracy: 0.9554 15/146 [==>...........................] - ETA: 4:16 - loss: 0.1308 - accuracy: 0.9563 16/146 [==>...........................] - ETA: 4:12 - loss: 0.1245 - accuracy: 0.9590 17/146 [==>...........................] - ETA: 4:09 - loss: 0.1193 - accuracy: 0.9614 18/146 [==>...........................] - ETA: 4:07 - loss: 0.1138 - accuracy: 0.9635 19/146 [==>...........................] - ETA: 4:05 - loss: 0.1209 - accuracy: 0.9638 20/146 [===>..........................] - ETA: 4:02 - loss: 0.1280 - accuracy: 0.9609 21/146 [===>..........................] - ETA: 3:59 - loss: 0.1249 - accuracy: 0.9628 22/146 [===>..........................] - ETA: 3:56 - loss: 0.1219 - accuracy: 0.9631 23/146 [===>..........................] - ETA: 3:55 - loss: 0.1193 - accuracy: 0.9633 24/146 [===>..........................] - ETA: 3:52 - loss: 0.1181 - accuracy: 0.9635 25/146 [====>.........................] - ETA: 3:51 - loss: 0.1151 - accuracy: 0.9638 26/146 [====>.........................] - ETA: 3:49 - loss: 0.1156 - accuracy: 0.9627 27/146 [====>.........................] - ETA: 3:48 - loss: 0.1177 - accuracy: 0.9630 28/146 [====>.........................] - ETA: 3:46 - loss: 0.1156 - accuracy: 0.9632 29/146 [====>.........................] - ETA: 3:45 - loss: 0.1124 - accuracy: 0.9644 30/146 [=====>........................] - ETA: 3:42 - loss: 0.1100 - accuracy: 0.9656 31/146 [=====>........................] - ETA: 3:40 - loss: 0.1118 - accuracy: 0.9647 32/146 [=====>........................] - ETA: 3:38 - loss: 0.1198 - accuracy: 0.9629 33/146 [=====>........................] - ETA: 3:36 - loss: 0.1263 - accuracy: 0.9593 34/146 [=====>........................] - ETA: 3:34 - loss: 0.1255 - accuracy: 0.9586 35/146 [======>.......................] - ETA: 3:32 - loss: 0.1234 - accuracy: 0.9589 36/146 [======>.......................] - ETA: 3:29 - loss: 0.1239 - accuracy: 0.9583 37/146 [======>.......................] - ETA: 3:28 - loss: 0.1218 - accuracy: 0.9595 38/146 [======>.......................] - ETA: 3:26 - loss: 0.1205 - accuracy: 0.9597 39/146 [=======>......................] - ETA: 3:24 - loss: 0.1230 - accuracy: 0.9567 40/146 [=======>......................] - ETA: 3:22 - loss: 0.1215 - accuracy: 0.9578 41/146 [=======>......................] - ETA: 3:20 - loss: 0.1217 - accuracy: 0.9566 42/146 [=======>......................] - ETA: 3:18 - loss: 0.1201 - accuracy: 0.9576 43/146 [=======>......................] - ETA: 3:16 - loss: 0.1193 - accuracy: 0.9578 44/146 [========>.....................] - ETA: 3:13 - loss: 0.1220 - accuracy: 0.9574 45/146 [========>.....................] - ETA: 3:11 - loss: 0.1229 - accuracy: 0.9576 46/146 [========>.....................] - ETA: 3:09 - loss: 0.1217 - accuracy: 0.9579 47/146 [========>.....................] - ETA: 3:07 - loss: 0.1243 - accuracy: 0.9574 48/146 [========>.....................] - ETA: 3:05 - loss: 0.1233 - accuracy: 0.9583 49/146 [=========>....................] - ETA: 3:02 - loss: 0.1222 - accuracy: 0.9585 50/146 [=========>....................] - ETA: 3:00 - loss: 0.1202 - accuracy: 0.9594 51/146 [=========>....................] - ETA: 2:58 - loss: 0.1192 - accuracy: 0.9596 52/146 [=========>....................] - ETA: 2:56 - loss: 0.1196 - accuracy: 0.9585 53/146 [=========>....................] - ETA: 2:54 - loss: 0.1178 - accuracy: 0.9593 54/146 [==========>...................] - ETA: 2:52 - loss: 0.1166 - accuracy: 0.9601 55/146 [==========>...................] - ETA: 2:51 - loss: 0.1152 - accuracy: 0.9608 56/146 [==========>...................] - ETA: 2:49 - loss: 0.1210 - accuracy: 0.9598 57/146 [==========>...................] - ETA: 2:47 - loss: 0.1210 - accuracy: 0.9600 58/146 [==========>...................] - ETA: 2:45 - loss: 0.1207 - accuracy: 0.9596 59/146 [===========>..................] - ETA: 2:44 - loss: 0.1219 - accuracy: 0.9592 60/146 [===========>..................] - ETA: 2:42 - loss: 0.1223 - accuracy: 0.9583 61/146 [===========>..................] - ETA: 2:40 - loss: 0.1220 - accuracy: 0.9580 62/146 [===========>..................] - ETA: 2:38 - loss: 0.1225 - accuracy: 0.9582 63/146 [===========>..................] - ETA: 2:37 - loss: 0.1226 - accuracy: 0.9578 64/146 [============>.................] - ETA: 2:35 - loss: 0.1225 - accuracy: 0.9575 65/146 [============>.................] - ETA: 2:33 - loss: 0.1233 - accuracy: 0.9567 66/146 [============>.................] - ETA: 2:32 - loss: 0.1242 - accuracy: 0.9555 67/146 [============>.................] - ETA: 2:30 - loss: 0.1228 - accuracy: 0.9562 68/146 [============>.................] - ETA: 2:28 - loss: 0.1219 - accuracy: 0.9563 69/146 [=============>................] - ETA: 2:26 - loss: 0.1228 - accuracy: 0.9565 70/146 [=============>................] - ETA: 2:25 - loss: 0.1222 - accuracy: 0.9567 71/146 [=============>................] - ETA: 2:23 - loss: 0.1217 - accuracy: 0.9569 72/146 [=============>................] - ETA: 2:21 - loss: 0.1210 - accuracy: 0.9570 73/146 [==============>...............] - ETA: 2:19 - loss: 0.1254 - accuracy: 0.9555 74/146 [==============>...............] - ETA: 2:17 - loss: 0.1266 - accuracy: 0.9548 75/146 [==============>...............] - ETA: 2:15 - loss: 0.1262 - accuracy: 0.9546 76/146 [==============>...............] - ETA: 2:13 - loss: 0.1269 - accuracy: 0.9544 77/146 [==============>...............] - ETA: 2:11 - loss: 0.1266 - accuracy: 0.9541 78/146 [===============>..............] - ETA: 2:09 - loss: 0.1264 - accuracy: 0.9543 79/146 [===============>..............] - ETA: 2:07 - loss: 0.1252 - accuracy: 0.9549 80/146 [===============>..............] - ETA: 2:05 - loss: 0.1247 - accuracy: 0.9547 81/146 [===============>..............] - ETA: 2:03 - loss: 0.1259 - accuracy: 0.9537 82/146 [===============>..............] - ETA: 2:01 - loss: 0.1247 - accuracy: 0.9543 83/146 [================>.............] - ETA: 2:00 - loss: 0.1243 - accuracy: 0.9544 84/146 [================>.............] - ETA: 1:58 - loss: 0.1237 - accuracy: 0.9546 85/146 [================>.............] - ETA: 1:56 - loss: 0.1228 - accuracy: 0.9551 86/146 [================>.............] - ETA: 1:54 - loss: 0.1221 - accuracy: 0.9557 87/146 [================>.............] - ETA: 1:52 - loss: 0.1214 - accuracy: 0.9558 88/146 [=================>............] - ETA: 1:50 - loss: 0.1205 - accuracy: 0.9563 89/146 [=================>............] - ETA: 1:49 - loss: 0.1212 - accuracy: 0.9561 90/146 [=================>............] - ETA: 1:47 - loss: 0.1202 - accuracy: 0.9566 91/146 [=================>............] - ETA: 1:45 - loss: 0.1201 - accuracy: 0.9564 92/146 [=================>............] - ETA: 1:43 - loss: 0.1212 - accuracy: 0.9558 93/146 [==================>...........] - ETA: 1:41 - loss: 0.1214 - accuracy: 0.9560 94/146 [==================>...........] - ETA: 1:39 - loss: 0.1218 - accuracy: 0.9558 95/146 [==================>...........] - ETA: 1:37 - loss: 0.1208 - accuracy: 0.9563 96/146 [==================>...........] - ETA: 1:35 - loss: 0.1216 - accuracy: 0.9561 97/146 [==================>...........] - ETA: 1:34 - loss: 0.1215 - accuracy: 0.9562 98/146 [===================>..........] - ETA: 1:32 - loss: 0.1219 - accuracy: 0.9557 99/146 [===================>..........] - ETA: 1:30 - loss: 0.1211 - accuracy: 0.9561100/146 [===================>..........] - ETA: 1:28 - loss: 0.1204 - accuracy: 0.9566101/146 [===================>..........] - ETA: 1:26 - loss: 0.1200 - accuracy: 0.9567102/146 [===================>..........] - ETA: 1:24 - loss: 0.1195 - accuracy: 0.9568103/146 [====================>.........] - ETA: 1:22 - loss: 0.1186 - accuracy: 0.9572104/146 [====================>.........] - ETA: 1:20 - loss: 0.1187 - accuracy: 0.9573105/146 [====================>.........] - ETA: 1:18 - loss: 0.1178 - accuracy: 0.9577106/146 [====================>.........] - ETA: 1:17 - loss: 0.1179 - accuracy: 0.9575107/146 [====================>.........] - ETA: 1:15 - loss: 0.1177 - accuracy: 0.9577108/146 [=====================>........] - ETA: 1:13 - loss: 0.1177 - accuracy: 0.9575109/146 [=====================>........] - ETA: 1:11 - loss: 0.1175 - accuracy: 0.9576110/146 [=====================>........] - ETA: 1:09 - loss: 0.1168 - accuracy: 0.9577111/146 [=====================>........] - ETA: 1:07 - loss: 0.1186 - accuracy: 0.9572112/146 [======================>.......] - ETA: 1:05 - loss: 0.1192 - accuracy: 0.9570113/146 [======================>.......] - ETA: 1:03 - loss: 0.1184 - accuracy: 0.9574114/146 [======================>.......] - ETA: 1:01 - loss: 0.1208 - accuracy: 0.9575115/146 [======================>.......] - ETA: 59s - loss: 0.1202 - accuracy: 0.9579 116/146 [======================>.......] - ETA: 57s - loss: 0.1194 - accuracy: 0.9582117/146 [=======================>......] - ETA: 55s - loss: 0.1190 - accuracy: 0.9583118/146 [=======================>......] - ETA: 54s - loss: 0.1197 - accuracy: 0.9582119/146 [=======================>......] - ETA: 52s - loss: 0.1195 - accuracy: 0.9582120/146 [=======================>......] - ETA: 50s - loss: 0.1204 - accuracy: 0.9581121/146 [=======================>......] - ETA: 48s - loss: 0.1202 - accuracy: 0.9582122/146 [========================>.....] - ETA: 46s - loss: 0.1198 - accuracy: 0.9582123/146 [========================>.....] - ETA: 44s - loss: 0.1192 - accuracy: 0.9586124/146 [========================>.....] - ETA: 42s - loss: 0.1194 - accuracy: 0.9587125/146 [========================>.....] - ETA: 40s - loss: 0.1189 - accuracy: 0.9588126/146 [========================>.....] - ETA: 38s - loss: 0.1183 - accuracy: 0.9591127/146 [=========================>....] - ETA: 36s - loss: 0.1180 - accuracy: 0.9592128/146 [=========================>....] - ETA: 34s - loss: 0.1189 - accuracy: 0.9590129/146 [=========================>....] - ETA: 32s - loss: 0.1189 - accuracy: 0.9588130/146 [=========================>....] - ETA: 30s - loss: 0.1184 - accuracy: 0.9591131/146 [=========================>....] - ETA: 28s - loss: 0.1182 - accuracy: 0.9590132/146 [==========================>...] - ETA: 26s - loss: 0.1187 - accuracy: 0.9590133/146 [==========================>...] - ETA: 24s - loss: 0.1183 - accuracy: 0.9589134/146 [==========================>...] - ETA: 23s - loss: 0.1186 - accuracy: 0.9590135/146 [==========================>...] - ETA: 21s - loss: 0.1196 - accuracy: 0.9588136/146 [==========================>...] - ETA: 19s - loss: 0.1192 - accuracy: 0.9589137/146 [===========================>..] - ETA: 17s - loss: 0.1192 - accuracy: 0.9589138/146 [===========================>..] - ETA: 15s - loss: 0.1189 - accuracy: 0.9590139/146 [===========================>..] - ETA: 13s - loss: 0.1185 - accuracy: 0.9593140/146 [===========================>..] - ETA: 11s - loss: 0.1180 - accuracy: 0.9594141/146 [===========================>..] - ETA: 9s - loss: 0.1180 - accuracy: 0.9594 142/146 [============================>.] - ETA: 7s - loss: 0.1199 - accuracy: 0.9584143/146 [============================>.] - ETA: 5s - loss: 0.1198 - accuracy: 0.9583144/146 [============================>.] - ETA: 3s - loss: 0.1206 - accuracy: 0.9581145/146 [============================>.] - ETA: 1s - loss: 0.1207 - accuracy: 0.9580146/146 [==============================] - ETA: 0s - loss: 0.1206 - accuracy: 0.9580146/146 [==============================] - 306s 2s/step - loss: 0.1206 - accuracy: 0.9580 - val_loss: 0.3089 - val_accuracy: 0.9005
Epoch 26/108
  1/146 [..............................] - ETA: 5:02 - loss: 0.0733 - accuracy: 0.9688  2/146 [..............................] - ETA: 4:36 - loss: 0.1420 - accuracy: 0.9375  3/146 [..............................] - ETA: 4:52 - loss: 0.1343 - accuracy: 0.9375  4/146 [..............................] - ETA: 4:50 - loss: 0.1666 - accuracy: 0.9375  5/146 [>.............................] - ETA: 4:46 - loss: 0.1650 - accuracy: 0.9250  6/146 [>.............................] - ETA: 4:47 - loss: 0.1663 - accuracy: 0.9271  7/146 [>.............................] - ETA: 4:44 - loss: 0.1650 - accuracy: 0.9196  8/146 [>.............................] - ETA: 4:42 - loss: 0.1619 - accuracy: 0.9219  9/146 [>.............................] - ETA: 4:43 - loss: 0.1561 - accuracy: 0.9236 10/146 [=>............................] - ETA: 4:42 - loss: 0.1463 - accuracy: 0.9281 11/146 [=>............................] - ETA: 4:38 - loss: 0.1444 - accuracy: 0.9261 12/146 [=>............................] - ETA: 4:34 - loss: 0.1387 - accuracy: 0.9323 13/146 [=>............................] - ETA: 4:30 - loss: 0.1345 - accuracy: 0.9351 14/146 [=>............................] - ETA: 4:25 - loss: 0.1349 - accuracy: 0.9375 15/146 [==>...........................] - ETA: 4:22 - loss: 0.1334 - accuracy: 0.9396 16/146 [==>...........................] - ETA: 4:18 - loss: 0.1291 - accuracy: 0.9434 17/146 [==>...........................] - ETA: 4:16 - loss: 0.1339 - accuracy: 0.9412 18/146 [==>...........................] - ETA: 4:12 - loss: 0.1312 - accuracy: 0.9444 19/146 [==>...........................] - ETA: 4:10 - loss: 0.1265 - accuracy: 0.9474 20/146 [===>..........................] - ETA: 4:09 - loss: 0.1223 - accuracy: 0.9500 21/146 [===>..........................] - ETA: 4:06 - loss: 0.1212 - accuracy: 0.9509 22/146 [===>..........................] - ETA: 4:04 - loss: 0.1203 - accuracy: 0.9517 23/146 [===>..........................] - ETA: 4:02 - loss: 0.1245 - accuracy: 0.9497 24/146 [===>..........................] - ETA: 3:59 - loss: 0.1260 - accuracy: 0.9492 25/146 [====>.........................] - ETA: 3:57 - loss: 0.1267 - accuracy: 0.9475 26/146 [====>.........................] - ETA: 3:56 - loss: 0.1242 - accuracy: 0.9483 27/146 [====>.........................] - ETA: 3:54 - loss: 0.1216 - accuracy: 0.9491 28/146 [====>.........................] - ETA: 3:52 - loss: 0.1186 - accuracy: 0.9498 29/146 [====>.........................] - ETA: 3:50 - loss: 0.1175 - accuracy: 0.9504 30/146 [=====>........................] - ETA: 3:48 - loss: 0.1169 - accuracy: 0.9510 31/146 [=====>........................] - ETA: 3:46 - loss: 0.1178 - accuracy: 0.9506 32/146 [=====>........................] - ETA: 3:44 - loss: 0.1166 - accuracy: 0.9512 33/146 [=====>........................] - ETA: 3:42 - loss: 0.1177 - accuracy: 0.9508 34/146 [=====>........................] - ETA: 3:40 - loss: 0.1165 - accuracy: 0.9513 35/146 [======>.......................] - ETA: 3:39 - loss: 0.1172 - accuracy: 0.9509 36/146 [======>.......................] - ETA: 3:37 - loss: 0.1184 - accuracy: 0.9497 37/146 [======>.......................] - ETA: 3:34 - loss: 0.1166 - accuracy: 0.9510 38/146 [======>.......................] - ETA: 3:32 - loss: 0.1179 - accuracy: 0.9507 39/146 [=======>......................] - ETA: 3:30 - loss: 0.1154 - accuracy: 0.9519 40/146 [=======>......................] - ETA: 3:28 - loss: 0.1153 - accuracy: 0.9523 41/146 [=======>......................] - ETA: 3:26 - loss: 0.1142 - accuracy: 0.9527 42/146 [=======>......................] - ETA: 3:25 - loss: 0.1133 - accuracy: 0.9531 43/146 [=======>......................] - ETA: 3:23 - loss: 0.1161 - accuracy: 0.9506 44/146 [========>.....................] - ETA: 3:21 - loss: 0.1150 - accuracy: 0.9517 45/146 [========>.....................] - ETA: 3:19 - loss: 0.1132 - accuracy: 0.9528 46/146 [========>.....................] - ETA: 3:17 - loss: 0.1126 - accuracy: 0.9524 47/146 [========>.....................] - ETA: 3:15 - loss: 0.1114 - accuracy: 0.9528 48/146 [========>.....................] - ETA: 3:13 - loss: 0.1120 - accuracy: 0.9525 49/146 [=========>....................] - ETA: 3:11 - loss: 0.1103 - accuracy: 0.9534 50/146 [=========>....................] - ETA: 3:09 - loss: 0.1090 - accuracy: 0.9538 51/146 [=========>....................] - ETA: 3:07 - loss: 0.1088 - accuracy: 0.9540 52/146 [=========>....................] - ETA: 3:05 - loss: 0.1079 - accuracy: 0.9543 53/146 [=========>....................] - ETA: 3:03 - loss: 0.1072 - accuracy: 0.9546 54/146 [==========>...................] - ETA: 3:01 - loss: 0.1057 - accuracy: 0.9554 55/146 [==========>...................] - ETA: 2:59 - loss: 0.1045 - accuracy: 0.9563 56/146 [==========>...................] - ETA: 2:56 - loss: 0.1049 - accuracy: 0.9559 57/146 [==========>...................] - ETA: 2:54 - loss: 0.1035 - accuracy: 0.9567 58/146 [==========>...................] - ETA: 2:52 - loss: 0.1023 - accuracy: 0.9574 59/146 [===========>..................] - ETA: 2:50 - loss: 0.1011 - accuracy: 0.9582 60/146 [===========>..................] - ETA: 2:47 - loss: 0.0999 - accuracy: 0.9589 61/146 [===========>..................] - ETA: 2:45 - loss: 0.0991 - accuracy: 0.9590 62/146 [===========>..................] - ETA: 2:43 - loss: 0.0997 - accuracy: 0.9582 63/146 [===========>..................] - ETA: 2:41 - loss: 0.1012 - accuracy: 0.9578 64/146 [============>.................] - ETA: 2:39 - loss: 0.1010 - accuracy: 0.9575 65/146 [============>.................] - ETA: 2:38 - loss: 0.1013 - accuracy: 0.9577 66/146 [============>.................] - ETA: 2:36 - loss: 0.1021 - accuracy: 0.9579 67/146 [============>.................] - ETA: 2:34 - loss: 0.1014 - accuracy: 0.9580 68/146 [============>.................] - ETA: 2:32 - loss: 0.1006 - accuracy: 0.9586 69/146 [=============>................] - ETA: 2:30 - loss: 0.1009 - accuracy: 0.9583 70/146 [=============>................] - ETA: 2:28 - loss: 0.1012 - accuracy: 0.9576 71/146 [=============>................] - ETA: 2:26 - loss: 0.1015 - accuracy: 0.9573 72/146 [=============>................] - ETA: 2:24 - loss: 0.1004 - accuracy: 0.9579 73/146 [==============>...............] - ETA: 2:22 - loss: 0.1012 - accuracy: 0.9572 74/146 [==============>...............] - ETA: 2:21 - loss: 0.1002 - accuracy: 0.9578 75/146 [==============>...............] - ETA: 2:18 - loss: 0.0995 - accuracy: 0.9583 76/146 [==============>...............] - ETA: 2:17 - loss: 0.1004 - accuracy: 0.9581 77/146 [==============>...............] - ETA: 2:15 - loss: 0.1002 - accuracy: 0.9582 78/146 [===============>..............] - ETA: 2:13 - loss: 0.1002 - accuracy: 0.9579 79/146 [===============>..............] - ETA: 2:11 - loss: 0.0992 - accuracy: 0.9585 80/146 [===============>..............] - ETA: 2:09 - loss: 0.0992 - accuracy: 0.9586 81/146 [===============>..............] - ETA: 2:07 - loss: 0.0986 - accuracy: 0.9587 82/146 [===============>..............] - ETA: 2:05 - loss: 0.0992 - accuracy: 0.9581 83/146 [================>.............] - ETA: 2:03 - loss: 0.0989 - accuracy: 0.9578 84/146 [================>.............] - ETA: 2:01 - loss: 0.0985 - accuracy: 0.9583 85/146 [================>.............] - ETA: 1:59 - loss: 0.0991 - accuracy: 0.9581 86/146 [================>.............] - ETA: 1:57 - loss: 0.0982 - accuracy: 0.9586 87/146 [================>.............] - ETA: 1:56 - loss: 0.0982 - accuracy: 0.9583 88/146 [=================>............] - ETA: 1:54 - loss: 0.0981 - accuracy: 0.9585 89/146 [=================>............] - ETA: 1:52 - loss: 0.0973 - accuracy: 0.9589 90/146 [=================>............] - ETA: 1:50 - loss: 0.0979 - accuracy: 0.9587 91/146 [=================>............] - ETA: 1:48 - loss: 0.0976 - accuracy: 0.9588 92/146 [=================>............] - ETA: 1:46 - loss: 0.0978 - accuracy: 0.9586 93/146 [==================>...........] - ETA: 1:44 - loss: 0.0984 - accuracy: 0.9587 94/146 [==================>...........] - ETA: 1:42 - loss: 0.0978 - accuracy: 0.9588 95/146 [==================>...........] - ETA: 1:40 - loss: 0.0977 - accuracy: 0.9589 96/146 [==================>...........] - ETA: 1:38 - loss: 0.0979 - accuracy: 0.9587 97/146 [==================>...........] - ETA: 1:36 - loss: 0.0976 - accuracy: 0.9591 98/146 [===================>..........] - ETA: 1:34 - loss: 0.0987 - accuracy: 0.9585 99/146 [===================>..........] - ETA: 1:32 - loss: 0.0983 - accuracy: 0.9586100/146 [===================>..........] - ETA: 1:31 - loss: 0.0980 - accuracy: 0.9588101/146 [===================>..........] - ETA: 1:29 - loss: 0.0975 - accuracy: 0.9592102/146 [===================>..........] - ETA: 1:27 - loss: 0.0976 - accuracy: 0.9589103/146 [====================>.........] - ETA: 1:25 - loss: 0.0976 - accuracy: 0.9590104/146 [====================>.........] - ETA: 1:23 - loss: 0.0978 - accuracy: 0.9588105/146 [====================>.........] - ETA: 1:21 - loss: 0.0973 - accuracy: 0.9592106/146 [====================>.........] - ETA: 1:19 - loss: 0.0982 - accuracy: 0.9584107/146 [====================>.........] - ETA: 1:17 - loss: 0.0986 - accuracy: 0.9585108/146 [=====================>........] - ETA: 1:15 - loss: 0.0982 - accuracy: 0.9586109/146 [=====================>........] - ETA: 1:13 - loss: 0.0983 - accuracy: 0.9587110/146 [=====================>........] - ETA: 1:11 - loss: 0.0986 - accuracy: 0.9582111/146 [=====================>........] - ETA: 1:09 - loss: 0.0991 - accuracy: 0.9581112/146 [======================>.......] - ETA: 1:07 - loss: 0.0984 - accuracy: 0.9584113/146 [======================>.......] - ETA: 1:05 - loss: 0.1015 - accuracy: 0.9577114/146 [======================>.......] - ETA: 1:03 - loss: 0.1014 - accuracy: 0.9578115/146 [======================>.......] - ETA: 1:01 - loss: 0.1015 - accuracy: 0.9579116/146 [======================>.......] - ETA: 59s - loss: 0.1022 - accuracy: 0.9572 117/146 [=======================>......] - ETA: 57s - loss: 0.1018 - accuracy: 0.9573118/146 [=======================>......] - ETA: 55s - loss: 0.1016 - accuracy: 0.9571119/146 [=======================>......] - ETA: 53s - loss: 0.1012 - accuracy: 0.9572120/146 [=======================>......] - ETA: 51s - loss: 0.1006 - accuracy: 0.9576121/146 [=======================>......] - ETA: 49s - loss: 0.1008 - accuracy: 0.9574122/146 [========================>.....] - ETA: 47s - loss: 0.1009 - accuracy: 0.9570123/146 [========================>.....] - ETA: 45s - loss: 0.1005 - accuracy: 0.9573124/146 [========================>.....] - ETA: 43s - loss: 0.1002 - accuracy: 0.9577125/146 [========================>.....] - ETA: 41s - loss: 0.1000 - accuracy: 0.9578126/146 [========================>.....] - ETA: 39s - loss: 0.1003 - accuracy: 0.9578127/146 [=========================>....] - ETA: 37s - loss: 0.1000 - accuracy: 0.9579128/146 [=========================>....] - ETA: 35s - loss: 0.1013 - accuracy: 0.9580129/146 [=========================>....] - ETA: 33s - loss: 0.1007 - accuracy: 0.9583130/146 [=========================>....] - ETA: 31s - loss: 0.1009 - accuracy: 0.9582131/146 [=========================>....] - ETA: 29s - loss: 0.1012 - accuracy: 0.9578132/146 [==========================>...] - ETA: 27s - loss: 0.1010 - accuracy: 0.9579133/146 [==========================>...] - ETA: 25s - loss: 0.1014 - accuracy: 0.9577134/146 [==========================>...] - ETA: 23s - loss: 0.1011 - accuracy: 0.9578135/146 [==========================>...] - ETA: 21s - loss: 0.1039 - accuracy: 0.9574136/146 [==========================>...] - ETA: 19s - loss: 0.1033 - accuracy: 0.9577137/146 [===========================>..] - ETA: 17s - loss: 0.1038 - accuracy: 0.9573138/146 [===========================>..] - ETA: 15s - loss: 0.1038 - accuracy: 0.9572139/146 [===========================>..] - ETA: 13s - loss: 0.1046 - accuracy: 0.9566140/146 [===========================>..] - ETA: 11s - loss: 0.1050 - accuracy: 0.9567141/146 [===========================>..] - ETA: 9s - loss: 0.1051 - accuracy: 0.9570 142/146 [============================>.] - ETA: 7s - loss: 0.1057 - accuracy: 0.9566143/146 [============================>.] - ETA: 5s - loss: 0.1055 - accuracy: 0.9567144/146 [============================>.] - ETA: 3s - loss: 0.1060 - accuracy: 0.9568145/146 [============================>.] - ETA: 1s - loss: 0.1072 - accuracy: 0.9565146/146 [==============================] - ETA: 0s - loss: 0.1073 - accuracy: 0.9565146/146 [==============================] - 310s 2s/step - loss: 0.1073 - accuracy: 0.9565 - val_loss: 0.4047 - val_accuracy: 0.8965
Epoch 27/108
  1/146 [..............................] - ETA: 4:03 - loss: 0.0400 - accuracy: 0.9688  2/146 [..............................] - ETA: 4:21 - loss: 0.1073 - accuracy: 0.9375  3/146 [..............................] - ETA: 4:21 - loss: 0.2471 - accuracy: 0.9167  4/146 [..............................] - ETA: 4:31 - loss: 0.2721 - accuracy: 0.9062  5/146 [>.............................] - ETA: 4:38 - loss: 0.2659 - accuracy: 0.9062  6/146 [>.............................] - ETA: 4:37 - loss: 0.2740 - accuracy: 0.9010  7/146 [>.............................] - ETA: 4:37 - loss: 0.2449 - accuracy: 0.9107  8/146 [>.............................] - ETA: 4:35 - loss: 0.2442 - accuracy: 0.9062  9/146 [>.............................] - ETA: 4:34 - loss: 0.2301 - accuracy: 0.9097 10/146 [=>............................] - ETA: 4:31 - loss: 0.2361 - accuracy: 0.9031 11/146 [=>............................] - ETA: 4:31 - loss: 0.2298 - accuracy: 0.9062 12/146 [=>............................] - ETA: 4:28 - loss: 0.2289 - accuracy: 0.9089 13/146 [=>............................] - ETA: 4:27 - loss: 0.2229 - accuracy: 0.9111 14/146 [=>............................] - ETA: 4:26 - loss: 0.2123 - accuracy: 0.9174 15/146 [==>...........................] - ETA: 4:23 - loss: 0.2069 - accuracy: 0.9187 16/146 [==>...........................] - ETA: 4:20 - loss: 0.2149 - accuracy: 0.9121 17/146 [==>...........................] - ETA: 4:17 - loss: 0.2031 - accuracy: 0.9173 18/146 [==>...........................] - ETA: 4:14 - loss: 0.1977 - accuracy: 0.9184 19/146 [==>...........................] - ETA: 4:10 - loss: 0.1958 - accuracy: 0.9178 20/146 [===>..........................] - ETA: 4:07 - loss: 0.1928 - accuracy: 0.9172 21/146 [===>..........................] - ETA: 4:06 - loss: 0.1894 - accuracy: 0.9196 22/146 [===>..........................] - ETA: 4:04 - loss: 0.1878 - accuracy: 0.9205 23/146 [===>..........................] - ETA: 4:02 - loss: 0.1829 - accuracy: 0.9239 24/146 [===>..........................] - ETA: 4:00 - loss: 0.1816 - accuracy: 0.9219 25/146 [====>.........................] - ETA: 3:58 - loss: 0.1773 - accuracy: 0.9225 26/146 [====>.........................] - ETA: 3:56 - loss: 0.1720 - accuracy: 0.9255 27/146 [====>.........................] - ETA: 3:54 - loss: 0.1742 - accuracy: 0.9248 28/146 [====>.........................] - ETA: 3:52 - loss: 0.1696 - accuracy: 0.9275 29/146 [====>.........................] - ETA: 3:50 - loss: 0.1717 - accuracy: 0.9256 30/146 [=====>........................] - ETA: 3:48 - loss: 0.1690 - accuracy: 0.9260 31/146 [=====>........................] - ETA: 3:47 - loss: 0.1687 - accuracy: 0.9264 32/146 [=====>........................] - ETA: 3:44 - loss: 0.1654 - accuracy: 0.9287 33/146 [=====>........................] - ETA: 3:42 - loss: 0.1628 - accuracy: 0.9299 34/146 [=====>........................] - ETA: 3:40 - loss: 0.1678 - accuracy: 0.9292 35/146 [======>.......................] - ETA: 3:38 - loss: 0.1663 - accuracy: 0.9304 36/146 [======>.......................] - ETA: 3:36 - loss: 0.1691 - accuracy: 0.9306 37/146 [======>.......................] - ETA: 3:35 - loss: 0.1652 - accuracy: 0.9324 38/146 [======>.......................] - ETA: 3:32 - loss: 0.1632 - accuracy: 0.9334 39/146 [=======>......................] - ETA: 3:31 - loss: 0.1605 - accuracy: 0.9343 40/146 [=======>......................] - ETA: 3:29 - loss: 0.1581 - accuracy: 0.9352 41/146 [=======>......................] - ETA: 3:27 - loss: 0.1589 - accuracy: 0.9352 42/146 [=======>......................] - ETA: 3:25 - loss: 0.1577 - accuracy: 0.9360 43/146 [=======>......................] - ETA: 3:23 - loss: 0.1561 - accuracy: 0.9368 44/146 [========>.....................] - ETA: 3:21 - loss: 0.1557 - accuracy: 0.9361 45/146 [========>.....................] - ETA: 3:19 - loss: 0.1532 - accuracy: 0.9375 46/146 [========>.....................] - ETA: 3:18 - loss: 0.1511 - accuracy: 0.9389 47/146 [========>.....................] - ETA: 3:16 - loss: 0.1494 - accuracy: 0.9402 48/146 [========>.....................] - ETA: 3:14 - loss: 0.1489 - accuracy: 0.9401 49/146 [=========>....................] - ETA: 3:12 - loss: 0.1468 - accuracy: 0.9413 50/146 [=========>....................] - ETA: 3:11 - loss: 0.1481 - accuracy: 0.9419 51/146 [=========>....................] - ETA: 3:09 - loss: 0.1458 - accuracy: 0.9430 52/146 [=========>....................] - ETA: 3:07 - loss: 0.1441 - accuracy: 0.9435 53/146 [=========>....................] - ETA: 3:05 - loss: 0.1447 - accuracy: 0.9434 54/146 [==========>...................] - ETA: 3:03 - loss: 0.1453 - accuracy: 0.9433 55/146 [==========>...................] - ETA: 3:01 - loss: 0.1439 - accuracy: 0.9443 56/146 [==========>...................] - ETA: 2:59 - loss: 0.1419 - accuracy: 0.9453 57/146 [==========>...................] - ETA: 2:57 - loss: 0.1409 - accuracy: 0.9457 58/146 [==========>...................] - ETA: 2:55 - loss: 0.1404 - accuracy: 0.9456 59/146 [===========>..................] - ETA: 2:53 - loss: 0.1412 - accuracy: 0.9454 60/146 [===========>..................] - ETA: 2:50 - loss: 0.1402 - accuracy: 0.9458 61/146 [===========>..................] - ETA: 2:48 - loss: 0.1407 - accuracy: 0.9462 62/146 [===========>..................] - ETA: 2:46 - loss: 0.1407 - accuracy: 0.9461 63/146 [===========>..................] - ETA: 2:44 - loss: 0.1402 - accuracy: 0.9464 64/146 [============>.................] - ETA: 2:42 - loss: 0.1398 - accuracy: 0.9468 65/146 [============>.................] - ETA: 2:40 - loss: 0.1385 - accuracy: 0.9471 66/146 [============>.................] - ETA: 2:38 - loss: 0.1385 - accuracy: 0.9470 67/146 [============>.................] - ETA: 2:36 - loss: 0.1378 - accuracy: 0.9473 68/146 [============>.................] - ETA: 2:34 - loss: 0.1378 - accuracy: 0.9472 69/146 [=============>................] - ETA: 2:32 - loss: 0.1372 - accuracy: 0.9479 70/146 [=============>................] - ETA: 2:30 - loss: 0.1382 - accuracy: 0.9473 71/146 [=============>................] - ETA: 2:28 - loss: 0.1381 - accuracy: 0.9476 72/146 [=============>................] - ETA: 2:26 - loss: 0.1365 - accuracy: 0.9484 73/146 [==============>...............] - ETA: 2:24 - loss: 0.1352 - accuracy: 0.9491 74/146 [==============>...............] - ETA: 2:22 - loss: 0.1350 - accuracy: 0.9497 75/146 [==============>...............] - ETA: 2:20 - loss: 0.1344 - accuracy: 0.9504 76/146 [==============>...............] - ETA: 2:18 - loss: 0.1333 - accuracy: 0.9511 77/146 [==============>...............] - ETA: 2:16 - loss: 0.1319 - accuracy: 0.9517 78/146 [===============>..............] - ETA: 2:14 - loss: 0.1311 - accuracy: 0.9519 79/146 [===============>..............] - ETA: 2:12 - loss: 0.1304 - accuracy: 0.9521 80/146 [===============>..............] - ETA: 2:10 - loss: 0.1301 - accuracy: 0.9520 81/146 [===============>..............] - ETA: 2:08 - loss: 0.1286 - accuracy: 0.9525 82/146 [===============>..............] - ETA: 2:06 - loss: 0.1291 - accuracy: 0.9520 83/146 [================>.............] - ETA: 2:04 - loss: 0.1293 - accuracy: 0.9518 84/146 [================>.............] - ETA: 2:02 - loss: 0.1287 - accuracy: 0.9520 85/146 [================>.............] - ETA: 2:01 - loss: 0.1281 - accuracy: 0.9522 86/146 [================>.............] - ETA: 1:59 - loss: 0.1279 - accuracy: 0.9520 87/146 [================>.............] - ETA: 1:57 - loss: 0.1269 - accuracy: 0.9526 88/146 [=================>............] - ETA: 1:55 - loss: 0.1277 - accuracy: 0.9517 89/146 [=================>............] - ETA: 1:53 - loss: 0.1267 - accuracy: 0.9522 90/146 [=================>............] - ETA: 1:51 - loss: 0.1257 - accuracy: 0.9528 91/146 [=================>............] - ETA: 1:49 - loss: 0.1252 - accuracy: 0.9530 92/146 [=================>............] - ETA: 1:47 - loss: 0.1269 - accuracy: 0.9528 93/146 [==================>...........] - ETA: 1:45 - loss: 0.1259 - accuracy: 0.9533 94/146 [==================>...........] - ETA: 1:43 - loss: 0.1255 - accuracy: 0.9531 95/146 [==================>...........] - ETA: 1:41 - loss: 0.1244 - accuracy: 0.9536 96/146 [==================>...........] - ETA: 1:39 - loss: 0.1236 - accuracy: 0.9541 97/146 [==================>...........] - ETA: 1:37 - loss: 0.1225 - accuracy: 0.9546 98/146 [===================>..........] - ETA: 1:35 - loss: 0.1219 - accuracy: 0.9547 99/146 [===================>..........] - ETA: 1:33 - loss: 0.1212 - accuracy: 0.9549100/146 [===================>..........] - ETA: 1:31 - loss: 0.1203 - accuracy: 0.9553101/146 [===================>..........] - ETA: 1:29 - loss: 0.1193 - accuracy: 0.9558102/146 [===================>..........] - ETA: 1:27 - loss: 0.1206 - accuracy: 0.9559103/146 [====================>.........] - ETA: 1:25 - loss: 0.1197 - accuracy: 0.9563104/146 [====================>.........] - ETA: 1:23 - loss: 0.1205 - accuracy: 0.9558105/146 [====================>.........] - ETA: 1:21 - loss: 0.1196 - accuracy: 0.9563106/146 [====================>.........] - ETA: 1:19 - loss: 0.1194 - accuracy: 0.9564107/146 [====================>.........] - ETA: 1:17 - loss: 0.1200 - accuracy: 0.9556108/146 [=====================>........] - ETA: 1:15 - loss: 0.1191 - accuracy: 0.9560109/146 [=====================>........] - ETA: 1:13 - loss: 0.1186 - accuracy: 0.9561110/146 [=====================>........] - ETA: 1:11 - loss: 0.1192 - accuracy: 0.9560111/146 [=====================>........] - ETA: 1:09 - loss: 0.1185 - accuracy: 0.9564112/146 [======================>.......] - ETA: 1:07 - loss: 0.1186 - accuracy: 0.9562113/146 [======================>.......] - ETA: 1:05 - loss: 0.1179 - accuracy: 0.9566114/146 [======================>.......] - ETA: 1:03 - loss: 0.1186 - accuracy: 0.9567115/146 [======================>.......] - ETA: 1:01 - loss: 0.1180 - accuracy: 0.9571116/146 [======================>.......] - ETA: 59s - loss: 0.1186 - accuracy: 0.9564 117/146 [=======================>......] - ETA: 57s - loss: 0.1178 - accuracy: 0.9567118/146 [=======================>......] - ETA: 55s - loss: 0.1177 - accuracy: 0.9566119/146 [=======================>......] - ETA: 53s - loss: 0.1172 - accuracy: 0.9567120/146 [=======================>......] - ETA: 51s - loss: 0.1163 - accuracy: 0.9570121/146 [=======================>......] - ETA: 49s - loss: 0.1156 - accuracy: 0.9574122/146 [========================>.....] - ETA: 47s - loss: 0.1149 - accuracy: 0.9577123/146 [========================>.....] - ETA: 45s - loss: 0.1154 - accuracy: 0.9578124/146 [========================>.....] - ETA: 43s - loss: 0.1147 - accuracy: 0.9582125/146 [========================>.....] - ETA: 41s - loss: 0.1152 - accuracy: 0.9578126/146 [========================>.....] - ETA: 39s - loss: 0.1149 - accuracy: 0.9578127/146 [=========================>....] - ETA: 37s - loss: 0.1143 - accuracy: 0.9579128/146 [=========================>....] - ETA: 35s - loss: 0.1138 - accuracy: 0.9583129/146 [=========================>....] - ETA: 33s - loss: 0.1140 - accuracy: 0.9581130/146 [=========================>....] - ETA: 31s - loss: 0.1134 - accuracy: 0.9582131/146 [=========================>....] - ETA: 29s - loss: 0.1129 - accuracy: 0.9583132/146 [==========================>...] - ETA: 27s - loss: 0.1122 - accuracy: 0.9586133/146 [==========================>...] - ETA: 25s - loss: 0.1114 - accuracy: 0.9589134/146 [==========================>...] - ETA: 23s - loss: 0.1107 - accuracy: 0.9592135/146 [==========================>...] - ETA: 21s - loss: 0.1116 - accuracy: 0.9588136/146 [==========================>...] - ETA: 19s - loss: 0.1115 - accuracy: 0.9586137/146 [===========================>..] - ETA: 17s - loss: 0.1116 - accuracy: 0.9587138/146 [===========================>..] - ETA: 15s - loss: 0.1123 - accuracy: 0.9583139/146 [===========================>..] - ETA: 13s - loss: 0.1121 - accuracy: 0.9584140/146 [===========================>..] - ETA: 11s - loss: 0.1122 - accuracy: 0.9585141/146 [===========================>..] - ETA: 9s - loss: 0.1119 - accuracy: 0.9583 142/146 [============================>.] - ETA: 7s - loss: 0.1141 - accuracy: 0.9577143/146 [============================>.] - ETA: 5s - loss: 0.1136 - accuracy: 0.9580144/146 [============================>.] - ETA: 3s - loss: 0.1134 - accuracy: 0.9581145/146 [============================>.] - ETA: 1s - loss: 0.1132 - accuracy: 0.9582146/146 [==============================] - ETA: 0s - loss: 0.1132 - accuracy: 0.9582146/146 [==============================] - 324s 2s/step - loss: 0.1132 - accuracy: 0.9582 - val_loss: 0.3323 - val_accuracy: 0.9013
Epoch 28/108
  1/146 [..............................] - ETA: 5:21 - loss: 0.0254 - accuracy: 1.0000  2/146 [..............................] - ETA: 5:08 - loss: 0.0527 - accuracy: 0.9844  3/146 [..............................] - ETA: 5:17 - loss: 0.0543 - accuracy: 0.9792  4/146 [..............................] - ETA: 5:14 - loss: 0.0778 - accuracy: 0.9688  5/146 [>.............................] - ETA: 5:09 - loss: 0.0685 - accuracy: 0.9750  6/146 [>.............................] - ETA: 5:02 - loss: 0.0665 - accuracy: 0.9792  7/146 [>.............................] - ETA: 4:56 - loss: 0.0685 - accuracy: 0.9777  8/146 [>.............................] - ETA: 4:52 - loss: 0.0709 - accuracy: 0.9766  9/146 [>.............................] - ETA: 4:44 - loss: 0.0729 - accuracy: 0.9757 10/146 [=>............................] - ETA: 4:40 - loss: 0.0802 - accuracy: 0.9750 11/146 [=>............................] - ETA: 4:36 - loss: 0.0784 - accuracy: 0.9744 12/146 [=>............................] - ETA: 4:33 - loss: 0.0883 - accuracy: 0.9740 13/146 [=>............................] - ETA: 4:31 - loss: 0.0862 - accuracy: 0.9760 14/146 [=>............................] - ETA: 4:29 - loss: 0.0842 - accuracy: 0.9777 15/146 [==>...........................] - ETA: 4:24 - loss: 0.0837 - accuracy: 0.9771 16/146 [==>...........................] - ETA: 4:21 - loss: 0.0899 - accuracy: 0.9727 17/146 [==>...........................] - ETA: 4:19 - loss: 0.0906 - accuracy: 0.9724 18/146 [==>...........................] - ETA: 4:16 - loss: 0.0903 - accuracy: 0.9722 19/146 [==>...........................] - ETA: 4:14 - loss: 0.0909 - accuracy: 0.9720 20/146 [===>..........................] - ETA: 4:13 - loss: 0.0929 - accuracy: 0.9719 21/146 [===>..........................] - ETA: 4:10 - loss: 0.0937 - accuracy: 0.9702 22/146 [===>..........................] - ETA: 4:09 - loss: 0.1010 - accuracy: 0.9645 23/146 [===>..........................] - ETA: 4:08 - loss: 0.1059 - accuracy: 0.9620 24/146 [===>..........................] - ETA: 4:06 - loss: 0.1057 - accuracy: 0.9609 25/146 [====>.........................] - ETA: 4:04 - loss: 0.1068 - accuracy: 0.9588 26/146 [====>.........................] - ETA: 4:02 - loss: 0.1039 - accuracy: 0.9603 27/146 [====>.........................] - ETA: 4:01 - loss: 0.1032 - accuracy: 0.9606 28/146 [====>.........................] - ETA: 3:59 - loss: 0.1060 - accuracy: 0.9587 29/146 [====>.........................] - ETA: 3:57 - loss: 0.1059 - accuracy: 0.9591 30/146 [=====>........................] - ETA: 3:55 - loss: 0.1054 - accuracy: 0.9594 31/146 [=====>........................] - ETA: 3:53 - loss: 0.1045 - accuracy: 0.9597 32/146 [=====>........................] - ETA: 3:50 - loss: 0.1020 - accuracy: 0.9609 33/146 [=====>........................] - ETA: 3:47 - loss: 0.1002 - accuracy: 0.9621 34/146 [=====>........................] - ETA: 3:45 - loss: 0.1013 - accuracy: 0.9614 35/146 [======>.......................] - ETA: 3:43 - loss: 0.1043 - accuracy: 0.9607 36/146 [======>.......................] - ETA: 3:40 - loss: 0.1038 - accuracy: 0.9601 37/146 [======>.......................] - ETA: 3:39 - loss: 0.1022 - accuracy: 0.9611 38/146 [======>.......................] - ETA: 3:36 - loss: 0.1014 - accuracy: 0.9613 39/146 [=======>......................] - ETA: 3:34 - loss: 0.1014 - accuracy: 0.9615 40/146 [=======>......................] - ETA: 3:32 - loss: 0.0997 - accuracy: 0.9625 41/146 [=======>......................] - ETA: 3:30 - loss: 0.0992 - accuracy: 0.9627 42/146 [=======>......................] - ETA: 3:28 - loss: 0.0982 - accuracy: 0.9628 43/146 [=======>......................] - ETA: 3:26 - loss: 0.0981 - accuracy: 0.9622 44/146 [========>.....................] - ETA: 3:25 - loss: 0.0975 - accuracy: 0.9631 45/146 [========>.....................] - ETA: 3:23 - loss: 0.0957 - accuracy: 0.9639 46/146 [========>.....................] - ETA: 3:21 - loss: 0.0945 - accuracy: 0.9647 47/146 [========>.....................] - ETA: 3:19 - loss: 0.0928 - accuracy: 0.9654 48/146 [========>.....................] - ETA: 3:17 - loss: 0.0914 - accuracy: 0.9661 49/146 [=========>....................] - ETA: 3:15 - loss: 0.0912 - accuracy: 0.9662 50/146 [=========>....................] - ETA: 3:13 - loss: 0.0910 - accuracy: 0.9663 51/146 [=========>....................] - ETA: 3:11 - loss: 0.0903 - accuracy: 0.9663 52/146 [=========>....................] - ETA: 3:09 - loss: 0.0888 - accuracy: 0.9669 53/146 [=========>....................] - ETA: 3:06 - loss: 0.0881 - accuracy: 0.9670 54/146 [==========>...................] - ETA: 3:04 - loss: 0.0907 - accuracy: 0.9664 55/146 [==========>...................] - ETA: 3:02 - loss: 0.0898 - accuracy: 0.9665 56/146 [==========>...................] - ETA: 3:00 - loss: 0.0893 - accuracy: 0.9665 57/146 [==========>...................] - ETA: 2:58 - loss: 0.0893 - accuracy: 0.9666 58/146 [==========>...................] - ETA: 2:56 - loss: 0.0897 - accuracy: 0.9666 59/146 [===========>..................] - ETA: 2:54 - loss: 0.0886 - accuracy: 0.9672 60/146 [===========>..................] - ETA: 2:52 - loss: 0.0902 - accuracy: 0.9672 61/146 [===========>..................] - ETA: 2:50 - loss: 0.0891 - accuracy: 0.9677 62/146 [===========>..................] - ETA: 2:48 - loss: 0.0910 - accuracy: 0.9677 63/146 [===========>..................] - ETA: 2:46 - loss: 0.0906 - accuracy: 0.9678 64/146 [============>.................] - ETA: 2:44 - loss: 0.0897 - accuracy: 0.9678 65/146 [============>.................] - ETA: 2:43 - loss: 0.0885 - accuracy: 0.9683 66/146 [============>.................] - ETA: 2:41 - loss: 0.0877 - accuracy: 0.9683 67/146 [============>.................] - ETA: 2:39 - loss: 0.0877 - accuracy: 0.9683 68/146 [============>.................] - ETA: 2:37 - loss: 0.0875 - accuracy: 0.9683 69/146 [=============>................] - ETA: 2:35 - loss: 0.0881 - accuracy: 0.9678 70/146 [=============>................] - ETA: 2:33 - loss: 0.0872 - accuracy: 0.9683 71/146 [=============>................] - ETA: 2:31 - loss: 0.0860 - accuracy: 0.9688 72/146 [=============>................] - ETA: 2:29 - loss: 0.0858 - accuracy: 0.9688 73/146 [==============>...............] - ETA: 2:26 - loss: 0.0849 - accuracy: 0.9692 74/146 [==============>...............] - ETA: 2:25 - loss: 0.0842 - accuracy: 0.9696 75/146 [==============>...............] - ETA: 2:23 - loss: 0.0834 - accuracy: 0.9700 76/146 [==============>...............] - ETA: 2:21 - loss: 0.0868 - accuracy: 0.9688 77/146 [==============>...............] - ETA: 2:19 - loss: 0.0865 - accuracy: 0.9688 78/146 [===============>..............] - ETA: 2:17 - loss: 0.0860 - accuracy: 0.9688 79/146 [===============>..............] - ETA: 2:15 - loss: 0.0870 - accuracy: 0.9684 80/146 [===============>..............] - ETA: 2:13 - loss: 0.0888 - accuracy: 0.9680 81/146 [===============>..............] - ETA: 2:11 - loss: 0.0886 - accuracy: 0.9680 82/146 [===============>..............] - ETA: 2:09 - loss: 0.0884 - accuracy: 0.9676 83/146 [================>.............] - ETA: 2:07 - loss: 0.0886 - accuracy: 0.9676 84/146 [================>.............] - ETA: 2:05 - loss: 0.0904 - accuracy: 0.9665 85/146 [================>.............] - ETA: 2:03 - loss: 0.0921 - accuracy: 0.9662 86/146 [================>.............] - ETA: 2:01 - loss: 0.0932 - accuracy: 0.9658 87/146 [================>.............] - ETA: 1:59 - loss: 0.0936 - accuracy: 0.9655 88/146 [=================>............] - ETA: 1:57 - loss: 0.0927 - accuracy: 0.9659 89/146 [=================>............] - ETA: 1:55 - loss: 0.0921 - accuracy: 0.9663 90/146 [=================>............] - ETA: 1:53 - loss: 0.0939 - accuracy: 0.9660 91/146 [=================>............] - ETA: 1:51 - loss: 0.0942 - accuracy: 0.9657 92/146 [=================>............] - ETA: 1:48 - loss: 0.0936 - accuracy: 0.9660 93/146 [==================>...........] - ETA: 1:46 - loss: 0.0932 - accuracy: 0.9664 94/146 [==================>...........] - ETA: 1:44 - loss: 0.0935 - accuracy: 0.9664 95/146 [==================>...........] - ETA: 1:42 - loss: 0.0933 - accuracy: 0.9668 96/146 [==================>...........] - ETA: 1:40 - loss: 0.0931 - accuracy: 0.9668 97/146 [==================>...........] - ETA: 1:38 - loss: 0.0934 - accuracy: 0.9662 98/146 [===================>..........] - ETA: 1:36 - loss: 0.0930 - accuracy: 0.9665 99/146 [===================>..........] - ETA: 1:34 - loss: 0.0931 - accuracy: 0.9665100/146 [===================>..........] - ETA: 1:32 - loss: 0.0963 - accuracy: 0.9653101/146 [===================>..........] - ETA: 1:30 - loss: 0.0982 - accuracy: 0.9641102/146 [===================>..........] - ETA: 1:28 - loss: 0.0977 - accuracy: 0.9645103/146 [====================>.........] - ETA: 1:26 - loss: 0.0980 - accuracy: 0.9645104/146 [====================>.........] - ETA: 1:24 - loss: 0.0975 - accuracy: 0.9648105/146 [====================>.........] - ETA: 1:22 - loss: 0.0967 - accuracy: 0.9652106/146 [====================>.........] - ETA: 1:20 - loss: 0.0971 - accuracy: 0.9652107/146 [====================>.........] - ETA: 1:18 - loss: 0.0983 - accuracy: 0.9650108/146 [=====================>........] - ETA: 1:16 - loss: 0.0990 - accuracy: 0.9644109/146 [=====================>........] - ETA: 1:14 - loss: 0.1004 - accuracy: 0.9636110/146 [=====================>........] - ETA: 1:12 - loss: 0.0997 - accuracy: 0.9639111/146 [=====================>........] - ETA: 1:10 - loss: 0.0994 - accuracy: 0.9640112/146 [======================>.......] - ETA: 1:08 - loss: 0.0991 - accuracy: 0.9640113/146 [======================>.......] - ETA: 1:06 - loss: 0.0995 - accuracy: 0.9638114/146 [======================>.......] - ETA: 1:04 - loss: 0.0988 - accuracy: 0.9641115/146 [======================>.......] - ETA: 1:02 - loss: 0.0985 - accuracy: 0.9641116/146 [======================>.......] - ETA: 1:00 - loss: 0.0985 - accuracy: 0.9642117/146 [=======================>......] - ETA: 58s - loss: 0.0986 - accuracy: 0.9642 118/146 [=======================>......] - ETA: 56s - loss: 0.0992 - accuracy: 0.9637119/146 [=======================>......] - ETA: 54s - loss: 0.0988 - accuracy: 0.9640120/146 [=======================>......] - ETA: 52s - loss: 0.0984 - accuracy: 0.9641121/146 [=======================>......] - ETA: 50s - loss: 0.0983 - accuracy: 0.9638122/146 [========================>.....] - ETA: 48s - loss: 0.0976 - accuracy: 0.9641123/146 [========================>.....] - ETA: 46s - loss: 0.0980 - accuracy: 0.9639124/146 [========================>.....] - ETA: 44s - loss: 0.0983 - accuracy: 0.9640125/146 [========================>.....] - ETA: 42s - loss: 0.0984 - accuracy: 0.9640126/146 [========================>.....] - ETA: 40s - loss: 0.0984 - accuracy: 0.9638127/146 [=========================>....] - ETA: 37s - loss: 0.0980 - accuracy: 0.9641128/146 [=========================>....] - ETA: 35s - loss: 0.0977 - accuracy: 0.9641129/146 [=========================>....] - ETA: 33s - loss: 0.0976 - accuracy: 0.9641130/146 [=========================>....] - ETA: 31s - loss: 0.0972 - accuracy: 0.9644131/146 [=========================>....] - ETA: 29s - loss: 0.0973 - accuracy: 0.9642132/146 [==========================>...] - ETA: 27s - loss: 0.0977 - accuracy: 0.9643133/146 [==========================>...] - ETA: 25s - loss: 0.0984 - accuracy: 0.9641134/146 [==========================>...] - ETA: 23s - loss: 0.0982 - accuracy: 0.9641135/146 [==========================>...] - ETA: 21s - loss: 0.0978 - accuracy: 0.9641136/146 [==========================>...] - ETA: 19s - loss: 0.0977 - accuracy: 0.9644137/146 [===========================>..] - ETA: 17s - loss: 0.0978 - accuracy: 0.9644138/146 [===========================>..] - ETA: 15s - loss: 0.0975 - accuracy: 0.9647139/146 [===========================>..] - ETA: 13s - loss: 0.0978 - accuracy: 0.9645140/146 [===========================>..] - ETA: 11s - loss: 0.0978 - accuracy: 0.9645141/146 [===========================>..] - ETA: 9s - loss: 0.0978 - accuracy: 0.9643 142/146 [============================>.] - ETA: 7s - loss: 0.0988 - accuracy: 0.9641143/146 [============================>.] - ETA: 5s - loss: 0.0996 - accuracy: 0.9635144/146 [============================>.] - ETA: 3s - loss: 0.0996 - accuracy: 0.9633145/146 [============================>.] - ETA: 1s - loss: 0.0992 - accuracy: 0.9636146/146 [==============================] - ETA: 0s - loss: 0.0991 - accuracy: 0.9636146/146 [==============================] - 312s 2s/step - loss: 0.0991 - accuracy: 0.9636 - val_loss: 0.3266 - val_accuracy: 0.9005
Epoch 29/108
  1/146 [..............................] - ETA: 4:15 - loss: 0.0481 - accuracy: 1.0000  2/146 [..............................] - ETA: 4:23 - loss: 0.0670 - accuracy: 0.9844  3/146 [..............................] - ETA: 4:07 - loss: 0.1010 - accuracy: 0.9792  4/146 [..............................] - ETA: 4:05 - loss: 0.0915 - accuracy: 0.9844  5/146 [>.............................] - ETA: 4:10 - loss: 0.0945 - accuracy: 0.9750  6/146 [>.............................] - ETA: 4:16 - loss: 0.0873 - accuracy: 0.9740  7/146 [>.............................] - ETA: 4:16 - loss: 0.0861 - accuracy: 0.9732  8/146 [>.............................] - ETA: 4:19 - loss: 0.0781 - accuracy: 0.9766  9/146 [>.............................] - ETA: 4:20 - loss: 0.0779 - accuracy: 0.9722 10/146 [=>............................] - ETA: 4:16 - loss: 0.0714 - accuracy: 0.9750 11/146 [=>............................] - ETA: 4:17 - loss: 0.0705 - accuracy: 0.9744 12/146 [=>............................] - ETA: 4:17 - loss: 0.0699 - accuracy: 0.9766 13/146 [=>............................] - ETA: 4:15 - loss: 0.0687 - accuracy: 0.9760 14/146 [=>............................] - ETA: 4:12 - loss: 0.0656 - accuracy: 0.9777 15/146 [==>...........................] - ETA: 4:11 - loss: 0.0646 - accuracy: 0.9771 16/146 [==>...........................] - ETA: 4:09 - loss: 0.0635 - accuracy: 0.9785 17/146 [==>...........................] - ETA: 4:08 - loss: 0.0602 - accuracy: 0.9798 18/146 [==>...........................] - ETA: 4:06 - loss: 0.0574 - accuracy: 0.9809 19/146 [==>...........................] - ETA: 4:04 - loss: 0.0555 - accuracy: 0.9819 20/146 [===>..........................] - ETA: 4:02 - loss: 0.0564 - accuracy: 0.9812 21/146 [===>..........................] - ETA: 4:01 - loss: 0.0546 - accuracy: 0.9821 22/146 [===>..........................] - ETA: 3:59 - loss: 0.0616 - accuracy: 0.9801 23/146 [===>..........................] - ETA: 3:58 - loss: 0.0605 - accuracy: 0.9796 24/146 [===>..........................] - ETA: 3:57 - loss: 0.0595 - accuracy: 0.9805 25/146 [====>.........................] - ETA: 3:55 - loss: 0.0575 - accuracy: 0.9812 26/146 [====>.........................] - ETA: 3:54 - loss: 0.0567 - accuracy: 0.9820 27/146 [====>.........................] - ETA: 3:53 - loss: 0.0586 - accuracy: 0.9803 28/146 [====>.........................] - ETA: 3:52 - loss: 0.0581 - accuracy: 0.9799 29/146 [====>.........................] - ETA: 3:51 - loss: 0.0601 - accuracy: 0.9795 30/146 [=====>........................] - ETA: 3:49 - loss: 0.0615 - accuracy: 0.9792 31/146 [=====>........................] - ETA: 3:48 - loss: 0.0677 - accuracy: 0.9788 32/146 [=====>........................] - ETA: 3:46 - loss: 0.0668 - accuracy: 0.9795 33/146 [=====>........................] - ETA: 3:44 - loss: 0.0685 - accuracy: 0.9782 34/146 [=====>........................] - ETA: 3:42 - loss: 0.0683 - accuracy: 0.9789 35/146 [======>.......................] - ETA: 3:40 - loss: 0.0703 - accuracy: 0.9777 36/146 [======>.......................] - ETA: 3:38 - loss: 0.0749 - accuracy: 0.9766 37/146 [======>.......................] - ETA: 3:36 - loss: 0.0740 - accuracy: 0.9772 38/146 [======>.......................] - ETA: 3:34 - loss: 0.0760 - accuracy: 0.9762 39/146 [=======>......................] - ETA: 3:32 - loss: 0.0747 - accuracy: 0.9768 40/146 [=======>......................] - ETA: 3:30 - loss: 0.0751 - accuracy: 0.9758 41/146 [=======>......................] - ETA: 3:28 - loss: 0.0753 - accuracy: 0.9756 42/146 [=======>......................] - ETA: 3:26 - loss: 0.0739 - accuracy: 0.9762 43/146 [=======>......................] - ETA: 3:24 - loss: 0.0736 - accuracy: 0.9760 44/146 [========>.....................] - ETA: 3:22 - loss: 0.0725 - accuracy: 0.9766 45/146 [========>.....................] - ETA: 3:21 - loss: 0.0714 - accuracy: 0.9771 46/146 [========>.....................] - ETA: 3:19 - loss: 0.0711 - accuracy: 0.9769 47/146 [========>.....................] - ETA: 3:17 - loss: 0.0727 - accuracy: 0.9761 48/146 [========>.....................] - ETA: 3:15 - loss: 0.0729 - accuracy: 0.9759 49/146 [=========>....................] - ETA: 3:13 - loss: 0.0717 - accuracy: 0.9764 50/146 [=========>....................] - ETA: 3:11 - loss: 0.0717 - accuracy: 0.9762 51/146 [=========>....................] - ETA: 3:09 - loss: 0.0717 - accuracy: 0.9755 52/146 [=========>....................] - ETA: 3:07 - loss: 0.0712 - accuracy: 0.9754 53/146 [=========>....................] - ETA: 3:05 - loss: 0.0783 - accuracy: 0.9735 54/146 [==========>...................] - ETA: 3:03 - loss: 0.0777 - accuracy: 0.9740 55/146 [==========>...................] - ETA: 3:01 - loss: 0.0868 - accuracy: 0.9716 56/146 [==========>...................] - ETA: 2:59 - loss: 0.0870 - accuracy: 0.9710 57/146 [==========>...................] - ETA: 2:57 - loss: 0.0867 - accuracy: 0.9709 58/146 [==========>...................] - ETA: 2:56 - loss: 0.0879 - accuracy: 0.9704 59/146 [===========>..................] - ETA: 2:54 - loss: 0.0879 - accuracy: 0.9703 60/146 [===========>..................] - ETA: 2:52 - loss: 0.0873 - accuracy: 0.9703 61/146 [===========>..................] - ETA: 2:50 - loss: 0.0864 - accuracy: 0.9708 62/146 [===========>..................] - ETA: 2:47 - loss: 0.0869 - accuracy: 0.9703 63/146 [===========>..................] - ETA: 2:45 - loss: 0.0871 - accuracy: 0.9702 64/146 [============>.................] - ETA: 2:43 - loss: 0.0859 - accuracy: 0.9707 65/146 [============>.................] - ETA: 2:41 - loss: 0.0850 - accuracy: 0.9712 66/146 [============>.................] - ETA: 2:40 - loss: 0.0858 - accuracy: 0.9711 67/146 [============>.................] - ETA: 2:37 - loss: 0.0851 - accuracy: 0.9711 68/146 [============>.................] - ETA: 2:35 - loss: 0.0845 - accuracy: 0.9710 69/146 [=============>................] - ETA: 2:33 - loss: 0.0841 - accuracy: 0.9710 70/146 [=============>................] - ETA: 2:31 - loss: 0.0833 - accuracy: 0.9714 71/146 [=============>................] - ETA: 2:29 - loss: 0.0833 - accuracy: 0.9714 72/146 [=============>................] - ETA: 2:27 - loss: 0.0849 - accuracy: 0.9709 73/146 [==============>...............] - ETA: 2:25 - loss: 0.0847 - accuracy: 0.9705 74/146 [==============>...............] - ETA: 2:23 - loss: 0.0844 - accuracy: 0.9704 75/146 [==============>...............] - ETA: 2:21 - loss: 0.0834 - accuracy: 0.9708 76/146 [==============>...............] - ETA: 2:19 - loss: 0.0837 - accuracy: 0.9704 77/146 [==============>...............] - ETA: 2:18 - loss: 0.0833 - accuracy: 0.9708 78/146 [===============>..............] - ETA: 2:16 - loss: 0.0829 - accuracy: 0.9708 79/146 [===============>..............] - ETA: 2:13 - loss: 0.0828 - accuracy: 0.9707 80/146 [===============>..............] - ETA: 2:11 - loss: 0.0844 - accuracy: 0.9695 81/146 [===============>..............] - ETA: 2:10 - loss: 0.0837 - accuracy: 0.9699 82/146 [===============>..............] - ETA: 2:08 - loss: 0.0832 - accuracy: 0.9703 83/146 [================>.............] - ETA: 2:06 - loss: 0.0828 - accuracy: 0.9703 84/146 [================>.............] - ETA: 2:04 - loss: 0.0826 - accuracy: 0.9702 85/146 [================>.............] - ETA: 2:02 - loss: 0.0836 - accuracy: 0.9699 86/146 [================>.............] - ETA: 2:00 - loss: 0.0832 - accuracy: 0.9702 87/146 [================>.............] - ETA: 1:58 - loss: 0.0837 - accuracy: 0.9698 88/146 [=================>............] - ETA: 1:56 - loss: 0.0838 - accuracy: 0.9698 89/146 [=================>............] - ETA: 1:54 - loss: 0.0834 - accuracy: 0.9702 90/146 [=================>............] - ETA: 1:52 - loss: 0.0831 - accuracy: 0.9705 91/146 [=================>............] - ETA: 1:50 - loss: 0.0832 - accuracy: 0.9701 92/146 [=================>............] - ETA: 1:48 - loss: 0.0829 - accuracy: 0.9704 93/146 [==================>...........] - ETA: 1:46 - loss: 0.0821 - accuracy: 0.9708 94/146 [==================>...........] - ETA: 1:44 - loss: 0.0814 - accuracy: 0.9711 95/146 [==================>...........] - ETA: 1:42 - loss: 0.0812 - accuracy: 0.9711 96/146 [==================>...........] - ETA: 1:40 - loss: 0.0806 - accuracy: 0.9714 97/146 [==================>...........] - ETA: 1:38 - loss: 0.0803 - accuracy: 0.9713 98/146 [===================>..........] - ETA: 1:36 - loss: 0.0800 - accuracy: 0.9713 99/146 [===================>..........] - ETA: 1:33 - loss: 0.0803 - accuracy: 0.9713100/146 [===================>..........] - ETA: 1:31 - loss: 0.0819 - accuracy: 0.9703101/146 [===================>..........] - ETA: 1:29 - loss: 0.0813 - accuracy: 0.9706102/146 [===================>..........] - ETA: 1:27 - loss: 0.0821 - accuracy: 0.9706103/146 [====================>.........] - ETA: 1:25 - loss: 0.0819 - accuracy: 0.9706104/146 [====================>.........] - ETA: 1:23 - loss: 0.0823 - accuracy: 0.9703105/146 [====================>.........] - ETA: 1:21 - loss: 0.0822 - accuracy: 0.9702106/146 [====================>.........] - ETA: 1:19 - loss: 0.0820 - accuracy: 0.9702107/146 [====================>.........] - ETA: 1:17 - loss: 0.0830 - accuracy: 0.9699108/146 [=====================>........] - ETA: 1:15 - loss: 0.0828 - accuracy: 0.9699109/146 [=====================>........] - ETA: 1:13 - loss: 0.0826 - accuracy: 0.9699110/146 [=====================>........] - ETA: 1:11 - loss: 0.0826 - accuracy: 0.9702111/146 [=====================>........] - ETA: 1:09 - loss: 0.0839 - accuracy: 0.9699112/146 [======================>.......] - ETA: 1:07 - loss: 0.0834 - accuracy: 0.9701113/146 [======================>.......] - ETA: 1:05 - loss: 0.0828 - accuracy: 0.9704114/146 [======================>.......] - ETA: 1:03 - loss: 0.0835 - accuracy: 0.9701115/146 [======================>.......] - ETA: 1:01 - loss: 0.0830 - accuracy: 0.9704116/146 [======================>.......] - ETA: 59s - loss: 0.0838 - accuracy: 0.9704 117/146 [=======================>......] - ETA: 57s - loss: 0.0834 - accuracy: 0.9706118/146 [=======================>......] - ETA: 55s - loss: 0.0833 - accuracy: 0.9706119/146 [=======================>......] - ETA: 53s - loss: 0.0835 - accuracy: 0.9703120/146 [=======================>......] - ETA: 51s - loss: 0.0830 - accuracy: 0.9706121/146 [=======================>......] - ETA: 49s - loss: 0.0827 - accuracy: 0.9706122/146 [========================>.....] - ETA: 47s - loss: 0.0824 - accuracy: 0.9708123/146 [========================>.....] - ETA: 45s - loss: 0.0820 - accuracy: 0.9708124/146 [========================>.....] - ETA: 43s - loss: 0.0831 - accuracy: 0.9703125/146 [========================>.....] - ETA: 41s - loss: 0.0826 - accuracy: 0.9705126/146 [========================>.....] - ETA: 39s - loss: 0.0823 - accuracy: 0.9707127/146 [=========================>....] - ETA: 37s - loss: 0.0826 - accuracy: 0.9707128/146 [=========================>....] - ETA: 35s - loss: 0.0830 - accuracy: 0.9705129/146 [=========================>....] - ETA: 33s - loss: 0.0827 - accuracy: 0.9707130/146 [=========================>....] - ETA: 31s - loss: 0.0821 - accuracy: 0.9709131/146 [=========================>....] - ETA: 29s - loss: 0.0818 - accuracy: 0.9709132/146 [==========================>...] - ETA: 27s - loss: 0.0814 - accuracy: 0.9711133/146 [==========================>...] - ETA: 25s - loss: 0.0814 - accuracy: 0.9711134/146 [==========================>...] - ETA: 23s - loss: 0.0812 - accuracy: 0.9711135/146 [==========================>...] - ETA: 21s - loss: 0.0811 - accuracy: 0.9711136/146 [==========================>...] - ETA: 19s - loss: 0.0810 - accuracy: 0.9710137/146 [===========================>..] - ETA: 17s - loss: 0.0806 - accuracy: 0.9713138/146 [===========================>..] - ETA: 15s - loss: 0.0803 - accuracy: 0.9715139/146 [===========================>..] - ETA: 13s - loss: 0.0802 - accuracy: 0.9714140/146 [===========================>..] - ETA: 11s - loss: 0.0808 - accuracy: 0.9712141/146 [===========================>..] - ETA: 9s - loss: 0.0820 - accuracy: 0.9710 142/146 [============================>.] - ETA: 7s - loss: 0.0819 - accuracy: 0.9710143/146 [============================>.] - ETA: 5s - loss: 0.0820 - accuracy: 0.9709144/146 [============================>.] - ETA: 3s - loss: 0.0817 - accuracy: 0.9711145/146 [============================>.] - ETA: 1s - loss: 0.0819 - accuracy: 0.9709146/146 [==============================] - ETA: 0s - loss: 0.0819 - accuracy: 0.9709146/146 [==============================] - 327s 2s/step - loss: 0.0819 - accuracy: 0.9709 - val_loss: 0.4299 - val_accuracy: 0.8868
Epoch 30/108
  1/146 [..............................] - ETA: 5:15 - loss: 0.0092 - accuracy: 1.0000  2/146 [..............................] - ETA: 5:02 - loss: 0.0466 - accuracy: 0.9688  3/146 [..............................] - ETA: 4:53 - loss: 0.0584 - accuracy: 0.9688  4/146 [..............................] - ETA: 4:49 - loss: 0.0658 - accuracy: 0.9766  5/146 [>.............................] - ETA: 4:55 - loss: 0.0676 - accuracy: 0.9750  6/146 [>.............................] - ETA: 4:47 - loss: 0.0650 - accuracy: 0.9740  7/146 [>.............................] - ETA: 4:44 - loss: 0.0576 - accuracy: 0.9777  8/146 [>.............................] - ETA: 4:39 - loss: 0.0596 - accuracy: 0.9766  9/146 [>.............................] - ETA: 4:38 - loss: 0.0695 - accuracy: 0.9757 10/146 [=>............................] - ETA: 4:34 - loss: 0.0944 - accuracy: 0.9719 11/146 [=>............................] - ETA: 4:31 - loss: 0.0936 - accuracy: 0.9716 12/146 [=>............................] - ETA: 4:29 - loss: 0.0898 - accuracy: 0.9740 13/146 [=>............................] - ETA: 4:28 - loss: 0.0901 - accuracy: 0.9712 14/146 [=>............................] - ETA: 4:25 - loss: 0.0882 - accuracy: 0.9710 15/146 [==>...........................] - ETA: 4:22 - loss: 0.0851 - accuracy: 0.9729 16/146 [==>...........................] - ETA: 4:21 - loss: 0.0870 - accuracy: 0.9727 17/146 [==>...........................] - ETA: 4:19 - loss: 0.0848 - accuracy: 0.9743 18/146 [==>...........................] - ETA: 4:17 - loss: 0.0844 - accuracy: 0.9740 19/146 [==>...........................] - ETA: 4:16 - loss: 0.0863 - accuracy: 0.9737 20/146 [===>..........................] - ETA: 4:14 - loss: 0.0841 - accuracy: 0.9750 21/146 [===>..........................] - ETA: 4:12 - loss: 0.0811 - accuracy: 0.9762 22/146 [===>..........................] - ETA: 4:11 - loss: 0.0812 - accuracy: 0.9759 23/146 [===>..........................] - ETA: 4:09 - loss: 0.0781 - accuracy: 0.9769 24/146 [===>..........................] - ETA: 4:07 - loss: 0.0754 - accuracy: 0.9779 25/146 [====>.........................] - ETA: 4:04 - loss: 0.0743 - accuracy: 0.9775 26/146 [====>.........................] - ETA: 4:02 - loss: 0.0732 - accuracy: 0.9772 27/146 [====>.........................] - ETA: 4:00 - loss: 0.0765 - accuracy: 0.9757 28/146 [====>.........................] - ETA: 3:57 - loss: 0.0758 - accuracy: 0.9754 29/146 [====>.........................] - ETA: 3:55 - loss: 0.0759 - accuracy: 0.9752 30/146 [=====>........................] - ETA: 3:53 - loss: 0.0747 - accuracy: 0.9750 31/146 [=====>........................] - ETA: 3:50 - loss: 0.0742 - accuracy: 0.9748 32/146 [=====>........................] - ETA: 3:48 - loss: 0.0722 - accuracy: 0.9756 33/146 [=====>........................] - ETA: 3:46 - loss: 0.0720 - accuracy: 0.9754 34/146 [=====>........................] - ETA: 3:44 - loss: 0.0735 - accuracy: 0.9743 35/146 [======>.......................] - ETA: 3:40 - loss: 0.0723 - accuracy: 0.9750 36/146 [======>.......................] - ETA: 3:37 - loss: 0.0714 - accuracy: 0.9748 37/146 [======>.......................] - ETA: 3:35 - loss: 0.0717 - accuracy: 0.9738 38/146 [======>.......................] - ETA: 3:32 - loss: 0.0759 - accuracy: 0.9729 39/146 [=======>......................] - ETA: 3:30 - loss: 0.0751 - accuracy: 0.9728 40/146 [=======>......................] - ETA: 3:27 - loss: 0.0739 - accuracy: 0.9734 41/146 [=======>......................] - ETA: 3:24 - loss: 0.0750 - accuracy: 0.9726 42/146 [=======>......................] - ETA: 3:22 - loss: 0.0738 - accuracy: 0.9732 43/146 [=======>......................] - ETA: 3:19 - loss: 0.0727 - accuracy: 0.9738 44/146 [========>.....................] - ETA: 3:16 - loss: 0.0728 - accuracy: 0.9730 45/146 [========>.....................] - ETA: 3:15 - loss: 0.0721 - accuracy: 0.9736 46/146 [========>.....................] - ETA: 3:13 - loss: 0.0706 - accuracy: 0.9742 47/146 [========>.....................] - ETA: 3:11 - loss: 0.0693 - accuracy: 0.9747 48/146 [========>.....................] - ETA: 3:10 - loss: 0.0705 - accuracy: 0.9740 49/146 [=========>....................] - ETA: 3:08 - loss: 0.0724 - accuracy: 0.9732 50/146 [=========>....................] - ETA: 3:06 - loss: 0.0713 - accuracy: 0.9737 51/146 [=========>....................] - ETA: 3:04 - loss: 0.0738 - accuracy: 0.9737 52/146 [=========>....................] - ETA: 3:02 - loss: 0.0731 - accuracy: 0.9742 53/146 [=========>....................] - ETA: 3:01 - loss: 0.0719 - accuracy: 0.9746 54/146 [==========>...................] - ETA: 2:59 - loss: 0.0706 - accuracy: 0.9751 55/146 [==========>...................] - ETA: 2:57 - loss: 0.0727 - accuracy: 0.9750 56/146 [==========>...................] - ETA: 2:55 - loss: 0.0750 - accuracy: 0.9743 57/146 [==========>...................] - ETA: 2:53 - loss: 0.0745 - accuracy: 0.9742 58/146 [==========>...................] - ETA: 2:51 - loss: 0.0753 - accuracy: 0.9741 59/146 [===========>..................] - ETA: 2:49 - loss: 0.0756 - accuracy: 0.9740 60/146 [===========>..................] - ETA: 2:47 - loss: 0.0749 - accuracy: 0.9740 61/146 [===========>..................] - ETA: 2:45 - loss: 0.0752 - accuracy: 0.9734 62/146 [===========>..................] - ETA: 2:43 - loss: 0.0771 - accuracy: 0.9723 63/146 [===========>..................] - ETA: 2:41 - loss: 0.0771 - accuracy: 0.9722 64/146 [============>.................] - ETA: 2:39 - loss: 0.0766 - accuracy: 0.9722 65/146 [============>.................] - ETA: 2:37 - loss: 0.0768 - accuracy: 0.9716 66/146 [============>.................] - ETA: 2:35 - loss: 0.0765 - accuracy: 0.9716 67/146 [============>.................] - ETA: 2:33 - loss: 0.0761 - accuracy: 0.9715 68/146 [============>.................] - ETA: 2:31 - loss: 0.0752 - accuracy: 0.9720 69/146 [=============>................] - ETA: 2:29 - loss: 0.0755 - accuracy: 0.9719 70/146 [=============>................] - ETA: 2:27 - loss: 0.0745 - accuracy: 0.9723 71/146 [=============>................] - ETA: 2:25 - loss: 0.0737 - accuracy: 0.9727 72/146 [=============>................] - ETA: 2:24 - loss: 0.0753 - accuracy: 0.9722 73/146 [==============>...............] - ETA: 2:22 - loss: 0.0756 - accuracy: 0.9722 74/146 [==============>...............] - ETA: 2:20 - loss: 0.0750 - accuracy: 0.9726 75/146 [==============>...............] - ETA: 2:18 - loss: 0.0749 - accuracy: 0.9725 76/146 [==============>...............] - ETA: 2:16 - loss: 0.0746 - accuracy: 0.9729 77/146 [==============>...............] - ETA: 2:14 - loss: 0.0759 - accuracy: 0.9720 78/146 [===============>..............] - ETA: 2:12 - loss: 0.0753 - accuracy: 0.9724 79/146 [===============>..............] - ETA: 2:10 - loss: 0.0748 - accuracy: 0.9727 80/146 [===============>..............] - ETA: 2:08 - loss: 0.0745 - accuracy: 0.9727 81/146 [===============>..............] - ETA: 2:06 - loss: 0.0742 - accuracy: 0.9730 82/146 [===============>..............] - ETA: 2:05 - loss: 0.0738 - accuracy: 0.9729 83/146 [================>.............] - ETA: 2:03 - loss: 0.0747 - accuracy: 0.9729 84/146 [================>.............] - ETA: 2:01 - loss: 0.0740 - accuracy: 0.9732 85/146 [================>.............] - ETA: 1:59 - loss: 0.0735 - accuracy: 0.9735 86/146 [================>.............] - ETA: 1:57 - loss: 0.0734 - accuracy: 0.9735 87/146 [================>.............] - ETA: 1:55 - loss: 0.0746 - accuracy: 0.9727 88/146 [=================>............] - ETA: 1:53 - loss: 0.0737 - accuracy: 0.9730 89/146 [=================>............] - ETA: 1:51 - loss: 0.0738 - accuracy: 0.9730 90/146 [=================>............] - ETA: 1:49 - loss: 0.0732 - accuracy: 0.9733 91/146 [=================>............] - ETA: 1:47 - loss: 0.0728 - accuracy: 0.9736 92/146 [=================>............] - ETA: 1:45 - loss: 0.0730 - accuracy: 0.9735 93/146 [==================>...........] - ETA: 1:43 - loss: 0.0729 - accuracy: 0.9735 94/146 [==================>...........] - ETA: 1:41 - loss: 0.0739 - accuracy: 0.9727 95/146 [==================>...........] - ETA: 1:39 - loss: 0.0739 - accuracy: 0.9727 96/146 [==================>...........] - ETA: 1:38 - loss: 0.0742 - accuracy: 0.9727 97/146 [==================>...........] - ETA: 1:36 - loss: 0.0738 - accuracy: 0.9726 98/146 [===================>..........] - ETA: 1:34 - loss: 0.0737 - accuracy: 0.9726 99/146 [===================>..........] - ETA: 1:32 - loss: 0.0752 - accuracy: 0.9722100/146 [===================>..........] - ETA: 1:30 - loss: 0.0766 - accuracy: 0.9719101/146 [===================>..........] - ETA: 1:28 - loss: 0.0763 - accuracy: 0.9718102/146 [===================>..........] - ETA: 1:26 - loss: 0.0759 - accuracy: 0.9718103/146 [====================>.........] - ETA: 1:24 - loss: 0.0752 - accuracy: 0.9721104/146 [====================>.........] - ETA: 1:22 - loss: 0.0754 - accuracy: 0.9718105/146 [====================>.........] - ETA: 1:20 - loss: 0.0753 - accuracy: 0.9720106/146 [====================>.........] - ETA: 1:18 - loss: 0.0749 - accuracy: 0.9723107/146 [====================>.........] - ETA: 1:16 - loss: 0.0743 - accuracy: 0.9725108/146 [=====================>........] - ETA: 1:14 - loss: 0.0737 - accuracy: 0.9728109/146 [=====================>........] - ETA: 1:12 - loss: 0.0745 - accuracy: 0.9728110/146 [=====================>........] - ETA: 1:10 - loss: 0.0740 - accuracy: 0.9730111/146 [=====================>........] - ETA: 1:08 - loss: 0.0736 - accuracy: 0.9733112/146 [======================>.......] - ETA: 1:06 - loss: 0.0752 - accuracy: 0.9729113/146 [======================>.......] - ETA: 1:04 - loss: 0.0749 - accuracy: 0.9732114/146 [======================>.......] - ETA: 1:02 - loss: 0.0750 - accuracy: 0.9731115/146 [======================>.......] - ETA: 1:00 - loss: 0.0749 - accuracy: 0.9728116/146 [======================>.......] - ETA: 58s - loss: 0.0776 - accuracy: 0.9720 117/146 [=======================>......] - ETA: 56s - loss: 0.0775 - accuracy: 0.9720118/146 [=======================>......] - ETA: 54s - loss: 0.0806 - accuracy: 0.9709119/146 [=======================>......] - ETA: 52s - loss: 0.0804 - accuracy: 0.9711120/146 [=======================>......] - ETA: 50s - loss: 0.0821 - accuracy: 0.9708121/146 [=======================>......] - ETA: 49s - loss: 0.0824 - accuracy: 0.9706122/146 [========================>.....] - ETA: 47s - loss: 0.0830 - accuracy: 0.9703123/146 [========================>.....] - ETA: 45s - loss: 0.0840 - accuracy: 0.9700124/146 [========================>.....] - ETA: 43s - loss: 0.0845 - accuracy: 0.9698125/146 [========================>.....] - ETA: 41s - loss: 0.0846 - accuracy: 0.9697126/146 [========================>.....] - ETA: 39s - loss: 0.0861 - accuracy: 0.9697127/146 [=========================>....] - ETA: 37s - loss: 0.0862 - accuracy: 0.9697128/146 [=========================>....] - ETA: 35s - loss: 0.0864 - accuracy: 0.9695129/146 [=========================>....] - ETA: 33s - loss: 0.0860 - accuracy: 0.9697130/146 [=========================>....] - ETA: 31s - loss: 0.0864 - accuracy: 0.9695131/146 [=========================>....] - ETA: 29s - loss: 0.0865 - accuracy: 0.9692132/146 [==========================>...] - ETA: 27s - loss: 0.0862 - accuracy: 0.9695133/146 [==========================>...] - ETA: 25s - loss: 0.0870 - accuracy: 0.9690134/146 [==========================>...] - ETA: 23s - loss: 0.0865 - accuracy: 0.9692135/146 [==========================>...] - ETA: 21s - loss: 0.0883 - accuracy: 0.9690136/146 [==========================>...] - ETA: 19s - loss: 0.0886 - accuracy: 0.9688137/146 [===========================>..] - ETA: 17s - loss: 0.0889 - accuracy: 0.9688138/146 [===========================>..] - ETA: 15s - loss: 0.0885 - accuracy: 0.9690139/146 [===========================>..] - ETA: 13s - loss: 0.0885 - accuracy: 0.9690140/146 [===========================>..] - ETA: 11s - loss: 0.0880 - accuracy: 0.9692141/146 [===========================>..] - ETA: 9s - loss: 0.0877 - accuracy: 0.9694 142/146 [============================>.] - ETA: 7s - loss: 0.0877 - accuracy: 0.9692143/146 [============================>.] - ETA: 5s - loss: 0.0875 - accuracy: 0.9692144/146 [============================>.] - ETA: 3s - loss: 0.0874 - accuracy: 0.9694145/146 [============================>.] - ETA: 1s - loss: 0.0878 - accuracy: 0.9692146/146 [==============================] - ETA: 0s - loss: 0.0878 - accuracy: 0.9692146/146 [==============================] - 310s 2s/step - loss: 0.0878 - accuracy: 0.9692 - val_loss: 0.3847 - val_accuracy: 0.8917
Epoch 31/108
  1/146 [..............................] - ETA: 4:46 - loss: 0.0589 - accuracy: 1.0000  2/146 [..............................] - ETA: 4:31 - loss: 0.0825 - accuracy: 0.9844  3/146 [..............................] - ETA: 4:31 - loss: 0.0750 - accuracy: 0.9792  4/146 [..............................] - ETA: 4:24 - loss: 0.0946 - accuracy: 0.9531  5/146 [>.............................] - ETA: 4:16 - loss: 0.0823 - accuracy: 0.9625  6/146 [>.............................] - ETA: 4:13 - loss: 0.1066 - accuracy: 0.9531  7/146 [>.............................] - ETA: 4:12 - loss: 0.0989 - accuracy: 0.9554  8/146 [>.............................] - ETA: 4:11 - loss: 0.0963 - accuracy: 0.9570  9/146 [>.............................] - ETA: 4:12 - loss: 0.0898 - accuracy: 0.9618 10/146 [=>............................] - ETA: 4:12 - loss: 0.0900 - accuracy: 0.9625 11/146 [=>............................] - ETA: 4:10 - loss: 0.0830 - accuracy: 0.9659 12/146 [=>............................] - ETA: 4:10 - loss: 0.0764 - accuracy: 0.9688 13/146 [=>............................] - ETA: 4:09 - loss: 0.0723 - accuracy: 0.9712 14/146 [=>............................] - ETA: 4:08 - loss: 0.0699 - accuracy: 0.9732 15/146 [==>...........................] - ETA: 4:08 - loss: 0.0793 - accuracy: 0.9708 16/146 [==>...........................] - ETA: 4:07 - loss: 0.0793 - accuracy: 0.9707 17/146 [==>...........................] - ETA: 4:05 - loss: 0.0798 - accuracy: 0.9724 18/146 [==>...........................] - ETA: 4:04 - loss: 0.0793 - accuracy: 0.9722 19/146 [==>...........................] - ETA: 4:03 - loss: 0.0797 - accuracy: 0.9720 20/146 [===>..........................] - ETA: 4:02 - loss: 0.0791 - accuracy: 0.9703 21/146 [===>..........................] - ETA: 4:01 - loss: 0.0782 - accuracy: 0.9702 22/146 [===>..........................] - ETA: 4:00 - loss: 0.0765 - accuracy: 0.9716 23/146 [===>..........................] - ETA: 3:57 - loss: 0.0809 - accuracy: 0.9715 24/146 [===>..........................] - ETA: 3:55 - loss: 0.0827 - accuracy: 0.9688 25/146 [====>.........................] - ETA: 3:54 - loss: 0.0804 - accuracy: 0.9700 26/146 [====>.........................] - ETA: 3:53 - loss: 0.0786 - accuracy: 0.9712 27/146 [====>.........................] - ETA: 3:50 - loss: 0.0759 - accuracy: 0.9722 28/146 [====>.........................] - ETA: 3:48 - loss: 0.0771 - accuracy: 0.9721 29/146 [====>.........................] - ETA: 3:46 - loss: 0.0747 - accuracy: 0.9731 30/146 [=====>........................] - ETA: 3:44 - loss: 0.0729 - accuracy: 0.9740 31/146 [=====>........................] - ETA: 3:42 - loss: 0.0777 - accuracy: 0.9708 32/146 [=====>........................] - ETA: 3:40 - loss: 0.0770 - accuracy: 0.9717 33/146 [=====>........................] - ETA: 3:37 - loss: 0.0781 - accuracy: 0.9706 34/146 [=====>........................] - ETA: 3:36 - loss: 0.0800 - accuracy: 0.9688 35/146 [======>.......................] - ETA: 3:35 - loss: 0.0810 - accuracy: 0.9679 36/146 [======>.......................] - ETA: 3:32 - loss: 0.0798 - accuracy: 0.9688 37/146 [======>.......................] - ETA: 3:30 - loss: 0.0784 - accuracy: 0.9696 38/146 [======>.......................] - ETA: 3:29 - loss: 0.0793 - accuracy: 0.9688 39/146 [=======>......................] - ETA: 3:26 - loss: 0.0811 - accuracy: 0.9671 40/146 [=======>......................] - ETA: 3:24 - loss: 0.0813 - accuracy: 0.9672 41/146 [=======>......................] - ETA: 3:22 - loss: 0.0803 - accuracy: 0.9672 42/146 [=======>......................] - ETA: 3:20 - loss: 0.0812 - accuracy: 0.9665 43/146 [=======>......................] - ETA: 3:18 - loss: 0.0849 - accuracy: 0.9651 44/146 [========>.....................] - ETA: 3:16 - loss: 0.0836 - accuracy: 0.9659 45/146 [========>.....................] - ETA: 3:14 - loss: 0.0828 - accuracy: 0.9667 46/146 [========>.....................] - ETA: 3:12 - loss: 0.0824 - accuracy: 0.9667 47/146 [========>.....................] - ETA: 3:10 - loss: 0.0824 - accuracy: 0.9668 48/146 [========>.....................] - ETA: 3:08 - loss: 0.0811 - accuracy: 0.9674 49/146 [=========>....................] - ETA: 3:06 - loss: 0.0832 - accuracy: 0.9668 50/146 [=========>....................] - ETA: 3:05 - loss: 0.0829 - accuracy: 0.9669 51/146 [=========>....................] - ETA: 3:03 - loss: 0.0824 - accuracy: 0.9669 52/146 [=========>....................] - ETA: 3:01 - loss: 0.0810 - accuracy: 0.9675 53/146 [=========>....................] - ETA: 2:59 - loss: 0.0812 - accuracy: 0.9676 54/146 [==========>...................] - ETA: 2:57 - loss: 0.0835 - accuracy: 0.9670 55/146 [==========>...................] - ETA: 2:56 - loss: 0.0830 - accuracy: 0.9670 56/146 [==========>...................] - ETA: 2:54 - loss: 0.0821 - accuracy: 0.9676 57/146 [==========>...................] - ETA: 2:52 - loss: 0.0841 - accuracy: 0.9666 58/146 [==========>...................] - ETA: 2:50 - loss: 0.0853 - accuracy: 0.9655 59/146 [===========>..................] - ETA: 2:48 - loss: 0.0849 - accuracy: 0.9656 60/146 [===========>..................] - ETA: 2:46 - loss: 0.0845 - accuracy: 0.9661 61/146 [===========>..................] - ETA: 2:44 - loss: 0.0834 - accuracy: 0.9667 62/146 [===========>..................] - ETA: 2:42 - loss: 0.0828 - accuracy: 0.9672 63/146 [===========>..................] - ETA: 2:40 - loss: 0.0823 - accuracy: 0.9678 64/146 [============>.................] - ETA: 2:38 - loss: 0.0868 - accuracy: 0.9658 65/146 [============>.................] - ETA: 2:36 - loss: 0.0871 - accuracy: 0.9654 66/146 [============>.................] - ETA: 2:34 - loss: 0.0896 - accuracy: 0.9654 67/146 [============>.................] - ETA: 2:32 - loss: 0.0886 - accuracy: 0.9660 68/146 [============>.................] - ETA: 2:30 - loss: 0.0886 - accuracy: 0.9660 69/146 [=============>................] - ETA: 2:28 - loss: 0.0879 - accuracy: 0.9660 70/146 [=============>................] - ETA: 2:26 - loss: 0.0868 - accuracy: 0.9665 71/146 [=============>................] - ETA: 2:24 - loss: 0.0864 - accuracy: 0.9670 72/146 [=============>................] - ETA: 2:22 - loss: 0.0864 - accuracy: 0.9670 73/146 [==============>...............] - ETA: 2:21 - loss: 0.0861 - accuracy: 0.9675 74/146 [==============>...............] - ETA: 2:19 - loss: 0.0853 - accuracy: 0.9675 75/146 [==============>...............] - ETA: 2:17 - loss: 0.0846 - accuracy: 0.9679 76/146 [==============>...............] - ETA: 2:15 - loss: 0.0845 - accuracy: 0.9679 77/146 [==============>...............] - ETA: 2:13 - loss: 0.0845 - accuracy: 0.9679 78/146 [===============>..............] - ETA: 2:11 - loss: 0.0839 - accuracy: 0.9683 79/146 [===============>..............] - ETA: 2:08 - loss: 0.0833 - accuracy: 0.9688 80/146 [===============>..............] - ETA: 2:06 - loss: 0.0829 - accuracy: 0.9688 81/146 [===============>..............] - ETA: 2:04 - loss: 0.0835 - accuracy: 0.9684 82/146 [===============>..............] - ETA: 2:02 - loss: 0.0829 - accuracy: 0.9688 83/146 [================>.............] - ETA: 2:00 - loss: 0.0822 - accuracy: 0.9691 84/146 [================>.............] - ETA: 1:58 - loss: 0.0821 - accuracy: 0.9691 85/146 [================>.............] - ETA: 1:56 - loss: 0.0814 - accuracy: 0.9695 86/146 [================>.............] - ETA: 1:54 - loss: 0.0813 - accuracy: 0.9695 87/146 [================>.............] - ETA: 1:52 - loss: 0.0820 - accuracy: 0.9691 88/146 [=================>............] - ETA: 1:50 - loss: 0.0814 - accuracy: 0.9695 89/146 [=================>............] - ETA: 1:48 - loss: 0.0812 - accuracy: 0.9695 90/146 [=================>............] - ETA: 1:46 - loss: 0.0807 - accuracy: 0.9698 91/146 [=================>............] - ETA: 1:44 - loss: 0.0818 - accuracy: 0.9694 92/146 [=================>............] - ETA: 1:42 - loss: 0.0814 - accuracy: 0.9698 93/146 [==================>...........] - ETA: 1:40 - loss: 0.0809 - accuracy: 0.9701 94/146 [==================>...........] - ETA: 1:39 - loss: 0.0804 - accuracy: 0.9701 95/146 [==================>...........] - ETA: 1:37 - loss: 0.0798 - accuracy: 0.9704 96/146 [==================>...........] - ETA: 1:35 - loss: 0.0793 - accuracy: 0.9707 97/146 [==================>...........] - ETA: 1:33 - loss: 0.0802 - accuracy: 0.9704 98/146 [===================>..........] - ETA: 1:31 - loss: 0.0797 - accuracy: 0.9707 99/146 [===================>..........] - ETA: 1:29 - loss: 0.0793 - accuracy: 0.9710100/146 [===================>..........] - ETA: 1:27 - loss: 0.0790 - accuracy: 0.9709101/146 [===================>..........] - ETA: 1:25 - loss: 0.0788 - accuracy: 0.9709102/146 [===================>..........] - ETA: 1:24 - loss: 0.0791 - accuracy: 0.9709103/146 [====================>.........] - ETA: 1:22 - loss: 0.0791 - accuracy: 0.9709104/146 [====================>.........] - ETA: 1:20 - loss: 0.0785 - accuracy: 0.9712105/146 [====================>.........] - ETA: 1:18 - loss: 0.0781 - accuracy: 0.9714106/146 [====================>.........] - ETA: 1:16 - loss: 0.0778 - accuracy: 0.9714107/146 [====================>.........] - ETA: 1:14 - loss: 0.0776 - accuracy: 0.9714108/146 [=====================>........] - ETA: 1:12 - loss: 0.0787 - accuracy: 0.9714109/146 [=====================>........] - ETA: 1:11 - loss: 0.0781 - accuracy: 0.9716110/146 [=====================>........] - ETA: 1:09 - loss: 0.0777 - accuracy: 0.9719111/146 [=====================>........] - ETA: 1:07 - loss: 0.0773 - accuracy: 0.9721112/146 [======================>.......] - ETA: 1:05 - loss: 0.0779 - accuracy: 0.9721113/146 [======================>.......] - ETA: 1:03 - loss: 0.0787 - accuracy: 0.9712114/146 [======================>.......] - ETA: 1:01 - loss: 0.0790 - accuracy: 0.9709115/146 [======================>.......] - ETA: 59s - loss: 0.0800 - accuracy: 0.9709 116/146 [======================>.......] - ETA: 57s - loss: 0.0805 - accuracy: 0.9704117/146 [=======================>......] - ETA: 55s - loss: 0.0821 - accuracy: 0.9698118/146 [=======================>......] - ETA: 54s - loss: 0.0838 - accuracy: 0.9693119/146 [=======================>......] - ETA: 52s - loss: 0.0846 - accuracy: 0.9693120/146 [=======================>......] - ETA: 50s - loss: 0.0842 - accuracy: 0.9695121/146 [=======================>......] - ETA: 48s - loss: 0.0838 - accuracy: 0.9698122/146 [========================>.....] - ETA: 46s - loss: 0.0837 - accuracy: 0.9700123/146 [========================>.....] - ETA: 44s - loss: 0.0832 - accuracy: 0.9703124/146 [========================>.....] - ETA: 42s - loss: 0.0839 - accuracy: 0.9698125/146 [========================>.....] - ETA: 40s - loss: 0.0865 - accuracy: 0.9685126/146 [========================>.....] - ETA: 38s - loss: 0.0861 - accuracy: 0.9688127/146 [=========================>....] - ETA: 36s - loss: 0.0860 - accuracy: 0.9688128/146 [=========================>....] - ETA: 34s - loss: 0.0859 - accuracy: 0.9688129/146 [=========================>....] - ETA: 33s - loss: 0.0872 - accuracy: 0.9688130/146 [=========================>....] - ETA: 31s - loss: 0.0878 - accuracy: 0.9685131/146 [=========================>....] - ETA: 29s - loss: 0.0898 - accuracy: 0.9678132/146 [==========================>...] - ETA: 27s - loss: 0.0895 - accuracy: 0.9678133/146 [==========================>...] - ETA: 25s - loss: 0.0894 - accuracy: 0.9678134/146 [==========================>...] - ETA: 23s - loss: 0.0894 - accuracy: 0.9676135/146 [==========================>...] - ETA: 21s - loss: 0.0900 - accuracy: 0.9671136/146 [==========================>...] - ETA: 19s - loss: 0.0896 - accuracy: 0.9674137/146 [===========================>..] - ETA: 17s - loss: 0.0892 - accuracy: 0.9676138/146 [===========================>..] - ETA: 15s - loss: 0.0893 - accuracy: 0.9674139/146 [===========================>..] - ETA: 13s - loss: 0.0893 - accuracy: 0.9676140/146 [===========================>..] - ETA: 11s - loss: 0.0895 - accuracy: 0.9679141/146 [===========================>..] - ETA: 9s - loss: 0.0895 - accuracy: 0.9681 142/146 [============================>.] - ETA: 7s - loss: 0.0901 - accuracy: 0.9681143/146 [============================>.] - ETA: 5s - loss: 0.0901 - accuracy: 0.9681144/146 [============================>.] - ETA: 3s - loss: 0.0903 - accuracy: 0.9679145/146 [============================>.] - ETA: 1s - loss: 0.0904 - accuracy: 0.9679146/146 [==============================] - ETA: 0s - loss: 0.0904 - accuracy: 0.9679146/146 [==============================] - 308s 2s/step - loss: 0.0904 - accuracy: 0.9679 - val_loss: 0.3453 - val_accuracy: 0.9029
Epoch 32/108
  1/146 [..............................] - ETA: 5:00 - loss: 0.1333 - accuracy: 0.9688  2/146 [..............................] - ETA: 4:30 - loss: 0.0781 - accuracy: 0.9844  3/146 [..............................] - ETA: 4:43 - loss: 0.1894 - accuracy: 0.9479  4/146 [..............................] - ETA: 4:45 - loss: 0.1688 - accuracy: 0.9375  5/146 [>.............................] - ETA: 4:51 - loss: 0.1487 - accuracy: 0.9438  6/146 [>.............................] - ETA: 4:56 - loss: 0.1285 - accuracy: 0.9531  7/146 [>.............................] - ETA: 4:48 - loss: 0.1168 - accuracy: 0.9598  8/146 [>.............................] - ETA: 4:44 - loss: 0.1090 - accuracy: 0.9648  9/146 [>.............................] - ETA: 4:41 - loss: 0.1036 - accuracy: 0.9653 10/146 [=>............................] - ETA: 4:39 - loss: 0.0975 - accuracy: 0.9688 11/146 [=>............................] - ETA: 4:35 - loss: 0.0910 - accuracy: 0.9716 12/146 [=>............................] - ETA: 4:32 - loss: 0.0896 - accuracy: 0.9714 13/146 [=>............................] - ETA: 4:29 - loss: 0.0854 - accuracy: 0.9736 14/146 [=>............................] - ETA: 4:26 - loss: 0.0833 - accuracy: 0.9754 15/146 [==>...........................] - ETA: 4:25 - loss: 0.0800 - accuracy: 0.9771 16/146 [==>...........................] - ETA: 4:22 - loss: 0.0776 - accuracy: 0.9785 17/146 [==>...........................] - ETA: 4:20 - loss: 0.0755 - accuracy: 0.9798 18/146 [==>...........................] - ETA: 4:19 - loss: 0.0750 - accuracy: 0.9792 19/146 [==>...........................] - ETA: 4:17 - loss: 0.0730 - accuracy: 0.9803 20/146 [===>..........................] - ETA: 4:16 - loss: 0.0707 - accuracy: 0.9812 21/146 [===>..........................] - ETA: 4:15 - loss: 0.0685 - accuracy: 0.9821 22/146 [===>..........................] - ETA: 4:13 - loss: 0.0675 - accuracy: 0.9815 23/146 [===>..........................] - ETA: 4:11 - loss: 0.0653 - accuracy: 0.9823 24/146 [===>..........................] - ETA: 4:09 - loss: 0.0659 - accuracy: 0.9818 25/146 [====>.........................] - ETA: 4:06 - loss: 0.0636 - accuracy: 0.9825 26/146 [====>.........................] - ETA: 4:04 - loss: 0.0619 - accuracy: 0.9832 27/146 [====>.........................] - ETA: 4:02 - loss: 0.0639 - accuracy: 0.9826 28/146 [====>.........................] - ETA: 4:00 - loss: 0.0660 - accuracy: 0.9788 29/146 [====>.........................] - ETA: 3:58 - loss: 0.0646 - accuracy: 0.9795 30/146 [=====>........................] - ETA: 3:55 - loss: 0.0666 - accuracy: 0.9781 31/146 [=====>........................] - ETA: 3:52 - loss: 0.0649 - accuracy: 0.9788 32/146 [=====>........................] - ETA: 3:50 - loss: 0.0635 - accuracy: 0.9795 33/146 [=====>........................] - ETA: 3:47 - loss: 0.0658 - accuracy: 0.9782 34/146 [=====>........................] - ETA: 3:44 - loss: 0.0673 - accuracy: 0.9770 35/146 [======>.......................] - ETA: 3:42 - loss: 0.0661 - accuracy: 0.9777 36/146 [======>.......................] - ETA: 3:39 - loss: 0.0709 - accuracy: 0.9774 37/146 [======>.......................] - ETA: 3:38 - loss: 0.0694 - accuracy: 0.9780 38/146 [======>.......................] - ETA: 3:37 - loss: 0.0682 - accuracy: 0.9786 39/146 [=======>......................] - ETA: 3:36 - loss: 0.0721 - accuracy: 0.9776 40/146 [=======>......................] - ETA: 3:34 - loss: 0.0712 - accuracy: 0.9781 41/146 [=======>......................] - ETA: 3:33 - loss: 0.0702 - accuracy: 0.9787 42/146 [=======>......................] - ETA: 3:30 - loss: 0.0687 - accuracy: 0.9792 43/146 [=======>......................] - ETA: 3:28 - loss: 0.0678 - accuracy: 0.9789 44/146 [========>.....................] - ETA: 3:26 - loss: 0.0666 - accuracy: 0.9794 45/146 [========>.....................] - ETA: 3:24 - loss: 0.0658 - accuracy: 0.9799 46/146 [========>.....................] - ETA: 3:22 - loss: 0.0664 - accuracy: 0.9796 47/146 [========>.....................] - ETA: 3:20 - loss: 0.0655 - accuracy: 0.9801 48/146 [========>.....................] - ETA: 3:18 - loss: 0.0652 - accuracy: 0.9805 49/146 [=========>....................] - ETA: 3:17 - loss: 0.0647 - accuracy: 0.9802 50/146 [=========>....................] - ETA: 3:14 - loss: 0.0642 - accuracy: 0.9800 51/146 [=========>....................] - ETA: 3:12 - loss: 0.0641 - accuracy: 0.9798 52/146 [=========>....................] - ETA: 3:10 - loss: 0.0635 - accuracy: 0.9796 53/146 [=========>....................] - ETA: 3:08 - loss: 0.0682 - accuracy: 0.9776 54/146 [==========>...................] - ETA: 3:06 - loss: 0.0676 - accuracy: 0.9780 55/146 [==========>...................] - ETA: 3:05 - loss: 0.0673 - accuracy: 0.9784 56/146 [==========>...................] - ETA: 3:02 - loss: 0.0691 - accuracy: 0.9782 57/146 [==========>...................] - ETA: 3:01 - loss: 0.0686 - accuracy: 0.9781 58/146 [==========>...................] - ETA: 2:59 - loss: 0.0681 - accuracy: 0.9784 59/146 [===========>..................] - ETA: 2:57 - loss: 0.0674 - accuracy: 0.9788 60/146 [===========>..................] - ETA: 2:55 - loss: 0.0667 - accuracy: 0.9792 61/146 [===========>..................] - ETA: 2:53 - loss: 0.0691 - accuracy: 0.9780 62/146 [===========>..................] - ETA: 2:50 - loss: 0.0695 - accuracy: 0.9773 63/146 [===========>..................] - ETA: 2:49 - loss: 0.0695 - accuracy: 0.9772 64/146 [============>.................] - ETA: 2:47 - loss: 0.0686 - accuracy: 0.9775 65/146 [============>.................] - ETA: 2:45 - loss: 0.0689 - accuracy: 0.9774 66/146 [============>.................] - ETA: 2:43 - loss: 0.0683 - accuracy: 0.9773 67/146 [============>.................] - ETA: 2:41 - loss: 0.0705 - accuracy: 0.9762 68/146 [============>.................] - ETA: 2:39 - loss: 0.0697 - accuracy: 0.9766 69/146 [=============>................] - ETA: 2:37 - loss: 0.0699 - accuracy: 0.9755 70/146 [=============>................] - ETA: 2:35 - loss: 0.0704 - accuracy: 0.9750 71/146 [=============>................] - ETA: 2:33 - loss: 0.0708 - accuracy: 0.9745 72/146 [=============>................] - ETA: 2:31 - loss: 0.0704 - accuracy: 0.9744 73/146 [==============>...............] - ETA: 2:29 - loss: 0.0699 - accuracy: 0.9747 74/146 [==============>...............] - ETA: 2:27 - loss: 0.0691 - accuracy: 0.9751 75/146 [==============>...............] - ETA: 2:25 - loss: 0.0684 - accuracy: 0.9754 76/146 [==============>...............] - ETA: 2:23 - loss: 0.0699 - accuracy: 0.9745 77/146 [==============>...............] - ETA: 2:21 - loss: 0.0694 - accuracy: 0.9744 78/146 [===============>..............] - ETA: 2:19 - loss: 0.0699 - accuracy: 0.9744 79/146 [===============>..............] - ETA: 2:17 - loss: 0.0692 - accuracy: 0.9747 80/146 [===============>..............] - ETA: 2:15 - loss: 0.0686 - accuracy: 0.9750 81/146 [===============>..............] - ETA: 2:13 - loss: 0.0690 - accuracy: 0.9749 82/146 [===============>..............] - ETA: 2:11 - loss: 0.0702 - accuracy: 0.9741 83/146 [================>.............] - ETA: 2:09 - loss: 0.0697 - accuracy: 0.9740 84/146 [================>.............] - ETA: 2:07 - loss: 0.0701 - accuracy: 0.9736 85/146 [================>.............] - ETA: 2:05 - loss: 0.0696 - accuracy: 0.9739 86/146 [================>.............] - ETA: 2:03 - loss: 0.0701 - accuracy: 0.9735 87/146 [================>.............] - ETA: 2:01 - loss: 0.0696 - accuracy: 0.9734 88/146 [=================>............] - ETA: 1:59 - loss: 0.0713 - accuracy: 0.9727 89/146 [=================>............] - ETA: 1:57 - loss: 0.0711 - accuracy: 0.9730 90/146 [=================>............] - ETA: 1:55 - loss: 0.0712 - accuracy: 0.9729 91/146 [=================>............] - ETA: 1:53 - loss: 0.0735 - accuracy: 0.9725 92/146 [=================>............] - ETA: 1:51 - loss: 0.0729 - accuracy: 0.9728 93/146 [==================>...........] - ETA: 1:49 - loss: 0.0722 - accuracy: 0.9731 94/146 [==================>...........] - ETA: 1:47 - loss: 0.0720 - accuracy: 0.9731 95/146 [==================>...........] - ETA: 1:45 - loss: 0.0714 - accuracy: 0.9734 96/146 [==================>...........] - ETA: 1:43 - loss: 0.0710 - accuracy: 0.9736 97/146 [==================>...........] - ETA: 1:41 - loss: 0.0704 - accuracy: 0.9739 98/146 [===================>..........] - ETA: 1:39 - loss: 0.0704 - accuracy: 0.9739 99/146 [===================>..........] - ETA: 1:37 - loss: 0.0702 - accuracy: 0.9741100/146 [===================>..........] - ETA: 1:35 - loss: 0.0696 - accuracy: 0.9744101/146 [===================>..........] - ETA: 1:33 - loss: 0.0709 - accuracy: 0.9740102/146 [===================>..........] - ETA: 1:30 - loss: 0.0715 - accuracy: 0.9740103/146 [====================>.........] - ETA: 1:28 - loss: 0.0709 - accuracy: 0.9742104/146 [====================>.........] - ETA: 1:26 - loss: 0.0713 - accuracy: 0.9739105/146 [====================>.........] - ETA: 1:24 - loss: 0.0731 - accuracy: 0.9738106/146 [====================>.........] - ETA: 1:22 - loss: 0.0732 - accuracy: 0.9738107/146 [====================>.........] - ETA: 1:20 - loss: 0.0748 - accuracy: 0.9731108/146 [=====================>........] - ETA: 1:18 - loss: 0.0742 - accuracy: 0.9734109/146 [=====================>........] - ETA: 1:16 - loss: 0.0739 - accuracy: 0.9736110/146 [=====================>........] - ETA: 1:14 - loss: 0.0735 - accuracy: 0.9739111/146 [=====================>........] - ETA: 1:12 - loss: 0.0747 - accuracy: 0.9733112/146 [======================>.......] - ETA: 1:10 - loss: 0.0742 - accuracy: 0.9735113/146 [======================>.......] - ETA: 1:08 - loss: 0.0737 - accuracy: 0.9737114/146 [======================>.......] - ETA: 1:05 - loss: 0.0736 - accuracy: 0.9737115/146 [======================>.......] - ETA: 1:03 - loss: 0.0731 - accuracy: 0.9739116/146 [======================>.......] - ETA: 1:01 - loss: 0.0732 - accuracy: 0.9739117/146 [=======================>......] - ETA: 59s - loss: 0.0728 - accuracy: 0.9741 118/146 [=======================>......] - ETA: 57s - loss: 0.0741 - accuracy: 0.9735119/146 [=======================>......] - ETA: 55s - loss: 0.0737 - accuracy: 0.9737120/146 [=======================>......] - ETA: 53s - loss: 0.0734 - accuracy: 0.9740121/146 [=======================>......] - ETA: 51s - loss: 0.0733 - accuracy: 0.9739122/146 [========================>.....] - ETA: 49s - loss: 0.0730 - accuracy: 0.9741123/146 [========================>.....] - ETA: 47s - loss: 0.0726 - accuracy: 0.9743124/146 [========================>.....] - ETA: 45s - loss: 0.0722 - accuracy: 0.9745125/146 [========================>.....] - ETA: 43s - loss: 0.0718 - accuracy: 0.9747126/146 [========================>.....] - ETA: 41s - loss: 0.0714 - accuracy: 0.9750127/146 [=========================>....] - ETA: 39s - loss: 0.0711 - accuracy: 0.9751128/146 [=========================>....] - ETA: 36s - loss: 0.0710 - accuracy: 0.9751129/146 [=========================>....] - ETA: 34s - loss: 0.0715 - accuracy: 0.9748130/146 [=========================>....] - ETA: 32s - loss: 0.0714 - accuracy: 0.9748131/146 [=========================>....] - ETA: 30s - loss: 0.0722 - accuracy: 0.9747132/146 [==========================>...] - ETA: 28s - loss: 0.0719 - accuracy: 0.9749133/146 [==========================>...] - ETA: 26s - loss: 0.0721 - accuracy: 0.9749134/146 [==========================>...] - ETA: 24s - loss: 0.0718 - accuracy: 0.9750135/146 [==========================>...] - ETA: 22s - loss: 0.0716 - accuracy: 0.9752136/146 [==========================>...] - ETA: 20s - loss: 0.0718 - accuracy: 0.9752137/146 [===========================>..] - ETA: 18s - loss: 0.0715 - accuracy: 0.9754138/146 [===========================>..] - ETA: 16s - loss: 0.0711 - accuracy: 0.9755139/146 [===========================>..] - ETA: 14s - loss: 0.0708 - accuracy: 0.9757140/146 [===========================>..] - ETA: 12s - loss: 0.0704 - accuracy: 0.9759141/146 [===========================>..] - ETA: 10s - loss: 0.0705 - accuracy: 0.9758142/146 [============================>.] - ETA: 8s - loss: 0.0701 - accuracy: 0.9760 143/146 [============================>.] - ETA: 6s - loss: 0.0701 - accuracy: 0.9760144/146 [============================>.] - ETA: 4s - loss: 0.0699 - accuracy: 0.9761145/146 [============================>.] - ETA: 2s - loss: 0.0716 - accuracy: 0.9756146/146 [==============================] - ETA: 0s - loss: 0.0716 - accuracy: 0.9757146/146 [==============================] - 323s 2s/step - loss: 0.0716 - accuracy: 0.9757 - val_loss: 0.5419 - val_accuracy: 0.8515
Epoch 33/108
  1/146 [..............................] - ETA: 4:56 - loss: 0.0411 - accuracy: 1.0000  2/146 [..............................] - ETA: 5:16 - loss: 0.0506 - accuracy: 0.9844  3/146 [..............................] - ETA: 5:06 - loss: 0.0389 - accuracy: 0.9896  4/146 [..............................] - ETA: 4:59 - loss: 0.0364 - accuracy: 0.9922  5/146 [>.............................] - ETA: 4:52 - loss: 0.0409 - accuracy: 0.9875  6/146 [>.............................] - ETA: 4:55 - loss: 0.0462 - accuracy: 0.9844  7/146 [>.............................] - ETA: 4:56 - loss: 0.0497 - accuracy: 0.9866  8/146 [>.............................] - ETA: 4:53 - loss: 0.0546 - accuracy: 0.9844  9/146 [>.............................] - ETA: 4:51 - loss: 0.0670 - accuracy: 0.9757 10/146 [=>............................] - ETA: 4:47 - loss: 0.0611 - accuracy: 0.9781 11/146 [=>............................] - ETA: 4:41 - loss: 0.0647 - accuracy: 0.9773 12/146 [=>............................] - ETA: 4:38 - loss: 0.0661 - accuracy: 0.9740 13/146 [=>............................] - ETA: 4:34 - loss: 0.0636 - accuracy: 0.9760 14/146 [=>............................] - ETA: 4:31 - loss: 0.0718 - accuracy: 0.9710 15/146 [==>...........................] - ETA: 4:26 - loss: 0.0727 - accuracy: 0.9708 16/146 [==>...........................] - ETA: 4:24 - loss: 0.0699 - accuracy: 0.9727 17/146 [==>...........................] - ETA: 4:21 - loss: 0.0680 - accuracy: 0.9743 18/146 [==>...........................] - ETA: 4:18 - loss: 0.0725 - accuracy: 0.9705 19/146 [==>...........................] - ETA: 4:16 - loss: 0.0722 - accuracy: 0.9704 20/146 [===>..........................] - ETA: 4:13 - loss: 0.0696 - accuracy: 0.9719 21/146 [===>..........................] - ETA: 4:12 - loss: 0.0666 - accuracy: 0.9732 22/146 [===>..........................] - ETA: 4:11 - loss: 0.0638 - accuracy: 0.9744 23/146 [===>..........................] - ETA: 4:09 - loss: 0.0641 - accuracy: 0.9742 24/146 [===>..........................] - ETA: 4:07 - loss: 0.0663 - accuracy: 0.9740 25/146 [====>.........................] - ETA: 4:05 - loss: 0.0668 - accuracy: 0.9737 26/146 [====>.........................] - ETA: 4:04 - loss: 0.0686 - accuracy: 0.9724 27/146 [====>.........................] - ETA: 4:03 - loss: 0.0754 - accuracy: 0.9688 28/146 [====>.........................] - ETA: 4:01 - loss: 0.0732 - accuracy: 0.9699 29/146 [====>.........................] - ETA: 3:59 - loss: 0.0733 - accuracy: 0.9698 30/146 [=====>........................] - ETA: 3:57 - loss: 0.0739 - accuracy: 0.9688 31/146 [=====>........................] - ETA: 3:55 - loss: 0.0782 - accuracy: 0.9667 32/146 [=====>........................] - ETA: 3:53 - loss: 0.0770 - accuracy: 0.9678 33/146 [=====>........................] - ETA: 3:51 - loss: 0.0820 - accuracy: 0.9650 34/146 [=====>........................] - ETA: 3:48 - loss: 0.0812 - accuracy: 0.9651 35/146 [======>.......................] - ETA: 3:46 - loss: 0.0802 - accuracy: 0.9661 36/146 [======>.......................] - ETA: 3:44 - loss: 0.0792 - accuracy: 0.9661 37/146 [======>.......................] - ETA: 3:42 - loss: 0.0785 - accuracy: 0.9671 38/146 [======>.......................] - ETA: 3:40 - loss: 0.0788 - accuracy: 0.9671 39/146 [=======>......................] - ETA: 3:37 - loss: 0.0800 - accuracy: 0.9671 40/146 [=======>......................] - ETA: 3:35 - loss: 0.0785 - accuracy: 0.9680 41/146 [=======>......................] - ETA: 3:33 - loss: 0.0783 - accuracy: 0.9672 42/146 [=======>......................] - ETA: 3:31 - loss: 0.0774 - accuracy: 0.9673 43/146 [=======>......................] - ETA: 3:29 - loss: 0.0786 - accuracy: 0.9658 44/146 [========>.....................] - ETA: 3:27 - loss: 0.0779 - accuracy: 0.9659 45/146 [========>.....................] - ETA: 3:25 - loss: 0.0776 - accuracy: 0.9667 46/146 [========>.....................] - ETA: 3:23 - loss: 0.0770 - accuracy: 0.9674 47/146 [========>.....................] - ETA: 3:21 - loss: 0.0790 - accuracy: 0.9668 48/146 [========>.....................] - ETA: 3:19 - loss: 0.0790 - accuracy: 0.9668 49/146 [=========>....................] - ETA: 3:17 - loss: 0.0784 - accuracy: 0.9675 50/146 [=========>....................] - ETA: 3:15 - loss: 0.0776 - accuracy: 0.9681 51/146 [=========>....................] - ETA: 3:12 - loss: 0.0788 - accuracy: 0.9675 52/146 [=========>....................] - ETA: 3:11 - loss: 0.0782 - accuracy: 0.9681 53/146 [=========>....................] - ETA: 3:09 - loss: 0.0777 - accuracy: 0.9682 54/146 [==========>...................] - ETA: 3:07 - loss: 0.0768 - accuracy: 0.9688 55/146 [==========>...................] - ETA: 3:05 - loss: 0.0769 - accuracy: 0.9688 56/146 [==========>...................] - ETA: 3:03 - loss: 0.0801 - accuracy: 0.9682 57/146 [==========>...................] - ETA: 3:01 - loss: 0.0878 - accuracy: 0.9671 58/146 [==========>...................] - ETA: 2:59 - loss: 0.0875 - accuracy: 0.9671 59/146 [===========>..................] - ETA: 2:57 - loss: 0.0865 - accuracy: 0.9677 60/146 [===========>..................] - ETA: 2:55 - loss: 0.0856 - accuracy: 0.9682 61/146 [===========>..................] - ETA: 2:53 - loss: 0.0869 - accuracy: 0.9667 62/146 [===========>..................] - ETA: 2:51 - loss: 0.0859 - accuracy: 0.9672 63/146 [===========>..................] - ETA: 2:49 - loss: 0.0867 - accuracy: 0.9673 64/146 [============>.................] - ETA: 2:47 - loss: 0.0861 - accuracy: 0.9673 65/146 [============>.................] - ETA: 2:45 - loss: 0.0850 - accuracy: 0.9678 66/146 [============>.................] - ETA: 2:43 - loss: 0.0838 - accuracy: 0.9683 67/146 [============>.................] - ETA: 2:41 - loss: 0.0828 - accuracy: 0.9688 68/146 [============>.................] - ETA: 2:39 - loss: 0.0824 - accuracy: 0.9688 69/146 [=============>................] - ETA: 2:37 - loss: 0.0819 - accuracy: 0.9692 70/146 [=============>................] - ETA: 2:35 - loss: 0.0811 - accuracy: 0.9696 71/146 [=============>................] - ETA: 2:33 - loss: 0.0861 - accuracy: 0.9688 72/146 [=============>................] - ETA: 2:31 - loss: 0.0858 - accuracy: 0.9683 73/146 [==============>...............] - ETA: 2:29 - loss: 0.0860 - accuracy: 0.9679 74/146 [==============>...............] - ETA: 2:27 - loss: 0.0876 - accuracy: 0.9675 75/146 [==============>...............] - ETA: 2:25 - loss: 0.0906 - accuracy: 0.9671 76/146 [==============>...............] - ETA: 2:22 - loss: 0.0917 - accuracy: 0.9671 77/146 [==============>...............] - ETA: 2:20 - loss: 0.0913 - accuracy: 0.9671 78/146 [===============>..............] - ETA: 2:18 - loss: 0.0919 - accuracy: 0.9663 79/146 [===============>..............] - ETA: 2:16 - loss: 0.0919 - accuracy: 0.9656 80/146 [===============>..............] - ETA: 2:14 - loss: 0.0925 - accuracy: 0.9648 81/146 [===============>..............] - ETA: 2:12 - loss: 0.0917 - accuracy: 0.9653 82/146 [===============>..............] - ETA: 2:10 - loss: 0.0916 - accuracy: 0.9653 83/146 [================>.............] - ETA: 2:08 - loss: 0.0938 - accuracy: 0.9646 84/146 [================>.............] - ETA: 2:05 - loss: 0.0929 - accuracy: 0.9650 85/146 [================>.............] - ETA: 2:03 - loss: 0.0958 - accuracy: 0.9640 86/146 [================>.............] - ETA: 2:01 - loss: 0.0958 - accuracy: 0.9640 87/146 [================>.............] - ETA: 1:59 - loss: 0.0973 - accuracy: 0.9637 88/146 [=================>............] - ETA: 1:57 - loss: 0.0981 - accuracy: 0.9634 89/146 [=================>............] - ETA: 1:55 - loss: 0.0985 - accuracy: 0.9631 90/146 [=================>............] - ETA: 1:53 - loss: 0.1002 - accuracy: 0.9628 91/146 [=================>............] - ETA: 1:51 - loss: 0.0999 - accuracy: 0.9626 92/146 [=================>............] - ETA: 1:49 - loss: 0.1012 - accuracy: 0.9616 93/146 [==================>...........] - ETA: 1:47 - loss: 0.1003 - accuracy: 0.9620 94/146 [==================>...........] - ETA: 1:45 - loss: 0.1000 - accuracy: 0.9621 95/146 [==================>...........] - ETA: 1:43 - loss: 0.0999 - accuracy: 0.9618 96/146 [==================>...........] - ETA: 1:41 - loss: 0.0994 - accuracy: 0.9622 97/146 [==================>...........] - ETA: 1:39 - loss: 0.0996 - accuracy: 0.9620 98/146 [===================>..........] - ETA: 1:37 - loss: 0.0997 - accuracy: 0.9621 99/146 [===================>..........] - ETA: 1:35 - loss: 0.0993 - accuracy: 0.9621100/146 [===================>..........] - ETA: 1:33 - loss: 0.0987 - accuracy: 0.9625101/146 [===================>..........] - ETA: 1:31 - loss: 0.0983 - accuracy: 0.9626102/146 [===================>..........] - ETA: 1:29 - loss: 0.0984 - accuracy: 0.9626103/146 [====================>.........] - ETA: 1:27 - loss: 0.0980 - accuracy: 0.9627104/146 [====================>.........] - ETA: 1:25 - loss: 0.0972 - accuracy: 0.9630105/146 [====================>.........] - ETA: 1:23 - loss: 0.0974 - accuracy: 0.9631106/146 [====================>.........] - ETA: 1:21 - loss: 0.0968 - accuracy: 0.9634107/146 [====================>.........] - ETA: 1:18 - loss: 0.0966 - accuracy: 0.9635108/146 [=====================>........] - ETA: 1:16 - loss: 0.0964 - accuracy: 0.9635109/146 [=====================>........] - ETA: 1:14 - loss: 0.0961 - accuracy: 0.9639110/146 [=====================>........] - ETA: 1:12 - loss: 0.0954 - accuracy: 0.9642111/146 [=====================>........] - ETA: 1:10 - loss: 0.0955 - accuracy: 0.9642112/146 [======================>.......] - ETA: 1:08 - loss: 0.0947 - accuracy: 0.9646113/146 [======================>.......] - ETA: 1:06 - loss: 0.0947 - accuracy: 0.9646114/146 [======================>.......] - ETA: 1:04 - loss: 0.0943 - accuracy: 0.9649115/146 [======================>.......] - ETA: 1:02 - loss: 0.0939 - accuracy: 0.9652116/146 [======================>.......] - ETA: 1:00 - loss: 0.0934 - accuracy: 0.9655117/146 [=======================>......] - ETA: 58s - loss: 0.0932 - accuracy: 0.9653 118/146 [=======================>......] - ETA: 56s - loss: 0.0926 - accuracy: 0.9656119/146 [=======================>......] - ETA: 54s - loss: 0.0933 - accuracy: 0.9651120/146 [=======================>......] - ETA: 52s - loss: 0.0928 - accuracy: 0.9654121/146 [=======================>......] - ETA: 50s - loss: 0.0923 - accuracy: 0.9654122/146 [========================>.....] - ETA: 48s - loss: 0.0919 - accuracy: 0.9654123/146 [========================>.....] - ETA: 46s - loss: 0.0913 - accuracy: 0.9657124/146 [========================>.....] - ETA: 44s - loss: 0.0908 - accuracy: 0.9660125/146 [========================>.....] - ETA: 42s - loss: 0.0911 - accuracy: 0.9657126/146 [========================>.....] - ETA: 40s - loss: 0.0916 - accuracy: 0.9653127/146 [=========================>....] - ETA: 38s - loss: 0.0925 - accuracy: 0.9653128/146 [=========================>....] - ETA: 36s - loss: 0.0923 - accuracy: 0.9653129/146 [=========================>....] - ETA: 34s - loss: 0.0917 - accuracy: 0.9656130/146 [=========================>....] - ETA: 32s - loss: 0.0910 - accuracy: 0.9659131/146 [=========================>....] - ETA: 30s - loss: 0.0912 - accuracy: 0.9659132/146 [==========================>...] - ETA: 28s - loss: 0.0910 - accuracy: 0.9657133/146 [==========================>...] - ETA: 26s - loss: 0.0905 - accuracy: 0.9657134/146 [==========================>...] - ETA: 24s - loss: 0.0907 - accuracy: 0.9655135/146 [==========================>...] - ETA: 22s - loss: 0.0905 - accuracy: 0.9655136/146 [==========================>...] - ETA: 20s - loss: 0.0900 - accuracy: 0.9658137/146 [===========================>..] - ETA: 18s - loss: 0.0901 - accuracy: 0.9658138/146 [===========================>..] - ETA: 16s - loss: 0.0911 - accuracy: 0.9654139/146 [===========================>..] - ETA: 14s - loss: 0.0926 - accuracy: 0.9652140/146 [===========================>..] - ETA: 12s - loss: 0.0922 - accuracy: 0.9654141/146 [===========================>..] - ETA: 10s - loss: 0.0923 - accuracy: 0.9654142/146 [============================>.] - ETA: 8s - loss: 0.0924 - accuracy: 0.9654 143/146 [============================>.] - ETA: 6s - loss: 0.0922 - accuracy: 0.9655144/146 [============================>.] - ETA: 4s - loss: 0.0920 - accuracy: 0.9655145/146 [============================>.] - ETA: 2s - loss: 0.0917 - accuracy: 0.9655146/146 [==============================] - ETA: 0s - loss: 0.0917 - accuracy: 0.9655146/146 [==============================] - 332s 2s/step - loss: 0.0917 - accuracy: 0.9655 - val_loss: 0.4353 - val_accuracy: 0.8925
Epoch 34/108
  1/146 [..............................] - ETA: 5:31 - loss: 0.0128 - accuracy: 1.0000  2/146 [..............................] - ETA: 4:48 - loss: 0.0602 - accuracy: 0.9688  3/146 [..............................] - ETA: 4:49 - loss: 0.0855 - accuracy: 0.9583  4/146 [..............................] - ETA: 4:43 - loss: 0.0689 - accuracy: 0.9688  5/146 [>.............................] - ETA: 4:43 - loss: 0.0590 - accuracy: 0.9750  6/146 [>.............................] - ETA: 4:39 - loss: 0.0556 - accuracy: 0.9740  7/146 [>.............................] - ETA: 4:41 - loss: 0.0704 - accuracy: 0.9732  8/146 [>.............................] - ETA: 4:38 - loss: 0.0663 - accuracy: 0.9766  9/146 [>.............................] - ETA: 4:32 - loss: 0.0620 - accuracy: 0.9792 10/146 [=>............................] - ETA: 4:31 - loss: 0.0624 - accuracy: 0.9781 11/146 [=>............................] - ETA: 4:27 - loss: 0.0581 - accuracy: 0.9801 12/146 [=>............................] - ETA: 4:24 - loss: 0.0613 - accuracy: 0.9792 13/146 [=>............................] - ETA: 4:22 - loss: 0.0593 - accuracy: 0.9808 14/146 [=>............................] - ETA: 4:20 - loss: 0.0582 - accuracy: 0.9821 15/146 [==>...........................] - ETA: 4:17 - loss: 0.0645 - accuracy: 0.9792 16/146 [==>...........................] - ETA: 4:15 - loss: 0.0622 - accuracy: 0.9805 17/146 [==>...........................] - ETA: 4:11 - loss: 0.0609 - accuracy: 0.9816 18/146 [==>...........................] - ETA: 4:09 - loss: 0.0616 - accuracy: 0.9809 19/146 [==>...........................] - ETA: 4:07 - loss: 0.0590 - accuracy: 0.9819 20/146 [===>..........................] - ETA: 4:07 - loss: 0.0614 - accuracy: 0.9812 21/146 [===>..........................] - ETA: 4:05 - loss: 0.0591 - accuracy: 0.9821 22/146 [===>..........................] - ETA: 4:03 - loss: 0.0602 - accuracy: 0.9815 23/146 [===>..........................] - ETA: 4:01 - loss: 0.0607 - accuracy: 0.9810 24/146 [===>..........................] - ETA: 3:59 - loss: 0.0615 - accuracy: 0.9805 25/146 [====>.........................] - ETA: 3:57 - loss: 0.0613 - accuracy: 0.9787 26/146 [====>.........................] - ETA: 3:56 - loss: 0.0610 - accuracy: 0.9784 27/146 [====>.........................] - ETA: 3:54 - loss: 0.0619 - accuracy: 0.9780 28/146 [====>.........................] - ETA: 3:52 - loss: 0.0669 - accuracy: 0.9777 29/146 [====>.........................] - ETA: 3:50 - loss: 0.0679 - accuracy: 0.9774 30/146 [=====>........................] - ETA: 3:48 - loss: 0.0667 - accuracy: 0.9781 31/146 [=====>........................] - ETA: 3:46 - loss: 0.0661 - accuracy: 0.9788 32/146 [=====>........................] - ETA: 3:45 - loss: 0.0649 - accuracy: 0.9785 33/146 [=====>........................] - ETA: 3:43 - loss: 0.0647 - accuracy: 0.9782 34/146 [=====>........................] - ETA: 3:41 - loss: 0.0676 - accuracy: 0.9779 35/146 [======>.......................] - ETA: 3:39 - loss: 0.0664 - accuracy: 0.9786 36/146 [======>.......................] - ETA: 3:38 - loss: 0.0650 - accuracy: 0.9792 37/146 [======>.......................] - ETA: 3:36 - loss: 0.0671 - accuracy: 0.9780 38/146 [======>.......................] - ETA: 3:34 - loss: 0.0665 - accuracy: 0.9778 39/146 [=======>......................] - ETA: 3:32 - loss: 0.0675 - accuracy: 0.9768 40/146 [=======>......................] - ETA: 3:31 - loss: 0.0664 - accuracy: 0.9773 41/146 [=======>......................] - ETA: 3:29 - loss: 0.0652 - accuracy: 0.9779 42/146 [=======>......................] - ETA: 3:27 - loss: 0.0640 - accuracy: 0.9784 43/146 [=======>......................] - ETA: 3:26 - loss: 0.0643 - accuracy: 0.9782 44/146 [========>.....................] - ETA: 3:23 - loss: 0.0630 - accuracy: 0.9787 45/146 [========>.....................] - ETA: 3:21 - loss: 0.0630 - accuracy: 0.9792 46/146 [========>.....................] - ETA: 3:19 - loss: 0.0624 - accuracy: 0.9789 47/146 [========>.....................] - ETA: 3:17 - loss: 0.0613 - accuracy: 0.9794 48/146 [========>.....................] - ETA: 3:15 - loss: 0.0607 - accuracy: 0.9798 49/146 [=========>....................] - ETA: 3:13 - loss: 0.0620 - accuracy: 0.9796 50/146 [=========>....................] - ETA: 3:11 - loss: 0.0614 - accuracy: 0.9794 51/146 [=========>....................] - ETA: 3:09 - loss: 0.0607 - accuracy: 0.9792 52/146 [=========>....................] - ETA: 3:07 - loss: 0.0601 - accuracy: 0.9796 53/146 [=========>....................] - ETA: 3:04 - loss: 0.0593 - accuracy: 0.9800 54/146 [==========>...................] - ETA: 3:02 - loss: 0.0595 - accuracy: 0.9803 55/146 [==========>...................] - ETA: 2:59 - loss: 0.0589 - accuracy: 0.9807 56/146 [==========>...................] - ETA: 2:57 - loss: 0.0585 - accuracy: 0.9810 57/146 [==========>...................] - ETA: 2:55 - loss: 0.0579 - accuracy: 0.9814 58/146 [==========>...................] - ETA: 2:53 - loss: 0.0580 - accuracy: 0.9811 59/146 [===========>..................] - ETA: 2:50 - loss: 0.0583 - accuracy: 0.9809 60/146 [===========>..................] - ETA: 2:48 - loss: 0.0584 - accuracy: 0.9807 61/146 [===========>..................] - ETA: 2:46 - loss: 0.0579 - accuracy: 0.9810 62/146 [===========>..................] - ETA: 2:44 - loss: 0.0581 - accuracy: 0.9808 63/146 [===========>..................] - ETA: 2:42 - loss: 0.0577 - accuracy: 0.9812 64/146 [============>.................] - ETA: 2:40 - loss: 0.0574 - accuracy: 0.9814 65/146 [============>.................] - ETA: 2:38 - loss: 0.0595 - accuracy: 0.9808 66/146 [============>.................] - ETA: 2:36 - loss: 0.0590 - accuracy: 0.9811 67/146 [============>.................] - ETA: 2:35 - loss: 0.0595 - accuracy: 0.9804 68/146 [============>.................] - ETA: 2:33 - loss: 0.0596 - accuracy: 0.9802 69/146 [=============>................] - ETA: 2:31 - loss: 0.0594 - accuracy: 0.9801 70/146 [=============>................] - ETA: 2:29 - loss: 0.0610 - accuracy: 0.9790 71/146 [=============>................] - ETA: 2:27 - loss: 0.0611 - accuracy: 0.9789 72/146 [=============>................] - ETA: 2:25 - loss: 0.0604 - accuracy: 0.9792 73/146 [==============>...............] - ETA: 2:24 - loss: 0.0599 - accuracy: 0.9795 74/146 [==============>...............] - ETA: 2:22 - loss: 0.0608 - accuracy: 0.9789 75/146 [==============>...............] - ETA: 2:20 - loss: 0.0606 - accuracy: 0.9787 76/146 [==============>...............] - ETA: 2:18 - loss: 0.0611 - accuracy: 0.9782 77/146 [==============>...............] - ETA: 2:16 - loss: 0.0607 - accuracy: 0.9781 78/146 [===============>..............] - ETA: 2:14 - loss: 0.0601 - accuracy: 0.9784 79/146 [===============>..............] - ETA: 2:12 - loss: 0.0597 - accuracy: 0.9786 80/146 [===============>..............] - ETA: 2:09 - loss: 0.0608 - accuracy: 0.9781 81/146 [===============>..............] - ETA: 2:07 - loss: 0.0603 - accuracy: 0.9784 82/146 [===============>..............] - ETA: 2:05 - loss: 0.0597 - accuracy: 0.9787 83/146 [================>.............] - ETA: 2:03 - loss: 0.0591 - accuracy: 0.9789 84/146 [================>.............] - ETA: 2:01 - loss: 0.0586 - accuracy: 0.9792 85/146 [================>.............] - ETA: 1:59 - loss: 0.0582 - accuracy: 0.9794 86/146 [================>.............] - ETA: 1:57 - loss: 0.0578 - accuracy: 0.9797 87/146 [================>.............] - ETA: 1:55 - loss: 0.0580 - accuracy: 0.9795 88/146 [=================>............] - ETA: 1:53 - loss: 0.0578 - accuracy: 0.9798 89/146 [=================>............] - ETA: 1:51 - loss: 0.0573 - accuracy: 0.9800 90/146 [=================>............] - ETA: 1:49 - loss: 0.0582 - accuracy: 0.9795 91/146 [=================>............] - ETA: 1:47 - loss: 0.0579 - accuracy: 0.9797 92/146 [=================>............] - ETA: 1:45 - loss: 0.0582 - accuracy: 0.9793 93/146 [==================>...........] - ETA: 1:43 - loss: 0.0577 - accuracy: 0.9795 94/146 [==================>...........] - ETA: 1:41 - loss: 0.0578 - accuracy: 0.9794 95/146 [==================>...........] - ETA: 1:39 - loss: 0.0573 - accuracy: 0.9796 96/146 [==================>...........] - ETA: 1:37 - loss: 0.0571 - accuracy: 0.9795 97/146 [==================>...........] - ETA: 1:35 - loss: 0.0566 - accuracy: 0.9797 98/146 [===================>..........] - ETA: 1:33 - loss: 0.0563 - accuracy: 0.9799 99/146 [===================>..........] - ETA: 1:31 - loss: 0.0562 - accuracy: 0.9798100/146 [===================>..........] - ETA: 1:29 - loss: 0.0559 - accuracy: 0.9800101/146 [===================>..........] - ETA: 1:27 - loss: 0.0561 - accuracy: 0.9799102/146 [===================>..........] - ETA: 1:25 - loss: 0.0556 - accuracy: 0.9801103/146 [====================>.........] - ETA: 1:23 - loss: 0.0555 - accuracy: 0.9800104/146 [====================>.........] - ETA: 1:21 - loss: 0.0557 - accuracy: 0.9799105/146 [====================>.........] - ETA: 1:19 - loss: 0.0556 - accuracy: 0.9801106/146 [====================>.........] - ETA: 1:17 - loss: 0.0553 - accuracy: 0.9802107/146 [====================>.........] - ETA: 1:15 - loss: 0.0555 - accuracy: 0.9801108/146 [=====================>........] - ETA: 1:13 - loss: 0.0553 - accuracy: 0.9803109/146 [=====================>........] - ETA: 1:11 - loss: 0.0555 - accuracy: 0.9802110/146 [=====================>........] - ETA: 1:09 - loss: 0.0569 - accuracy: 0.9798111/146 [=====================>........] - ETA: 1:07 - loss: 0.0565 - accuracy: 0.9800112/146 [======================>.......] - ETA: 1:05 - loss: 0.0568 - accuracy: 0.9799113/146 [======================>.......] - ETA: 1:03 - loss: 0.0568 - accuracy: 0.9798114/146 [======================>.......] - ETA: 1:01 - loss: 0.0563 - accuracy: 0.9800115/146 [======================>.......] - ETA: 59s - loss: 0.0562 - accuracy: 0.9799 116/146 [======================>.......] - ETA: 57s - loss: 0.0560 - accuracy: 0.9801117/146 [=======================>......] - ETA: 55s - loss: 0.0556 - accuracy: 0.9802118/146 [=======================>......] - ETA: 53s - loss: 0.0558 - accuracy: 0.9799119/146 [=======================>......] - ETA: 51s - loss: 0.0554 - accuracy: 0.9800120/146 [=======================>......] - ETA: 49s - loss: 0.0553 - accuracy: 0.9799121/146 [=======================>......] - ETA: 47s - loss: 0.0558 - accuracy: 0.9799122/146 [========================>.....] - ETA: 45s - loss: 0.0554 - accuracy: 0.9800123/146 [========================>.....] - ETA: 43s - loss: 0.0556 - accuracy: 0.9799124/146 [========================>.....] - ETA: 42s - loss: 0.0552 - accuracy: 0.9801125/146 [========================>.....] - ETA: 40s - loss: 0.0555 - accuracy: 0.9800126/146 [========================>.....] - ETA: 38s - loss: 0.0559 - accuracy: 0.9799127/146 [=========================>....] - ETA: 36s - loss: 0.0556 - accuracy: 0.9801128/146 [=========================>....] - ETA: 34s - loss: 0.0573 - accuracy: 0.9797129/146 [=========================>....] - ETA: 32s - loss: 0.0572 - accuracy: 0.9799130/146 [=========================>....] - ETA: 30s - loss: 0.0572 - accuracy: 0.9798131/146 [=========================>....] - ETA: 28s - loss: 0.0571 - accuracy: 0.9797132/146 [==========================>...] - ETA: 26s - loss: 0.0576 - accuracy: 0.9796133/146 [==========================>...] - ETA: 24s - loss: 0.0573 - accuracy: 0.9798134/146 [==========================>...] - ETA: 23s - loss: 0.0570 - accuracy: 0.9799135/146 [==========================>...] - ETA: 21s - loss: 0.0576 - accuracy: 0.9796136/146 [==========================>...] - ETA: 19s - loss: 0.0580 - accuracy: 0.9795137/146 [===========================>..] - ETA: 17s - loss: 0.0580 - accuracy: 0.9795138/146 [===========================>..] - ETA: 15s - loss: 0.0577 - accuracy: 0.9796139/146 [===========================>..] - ETA: 13s - loss: 0.0574 - accuracy: 0.9798140/146 [===========================>..] - ETA: 11s - loss: 0.0571 - accuracy: 0.9799141/146 [===========================>..] - ETA: 9s - loss: 0.0568 - accuracy: 0.9801 142/146 [============================>.] - ETA: 7s - loss: 0.0564 - accuracy: 0.9802143/146 [============================>.] - ETA: 5s - loss: 0.0562 - accuracy: 0.9803144/146 [============================>.] - ETA: 3s - loss: 0.0561 - accuracy: 0.9803145/146 [============================>.] - ETA: 1s - loss: 0.0559 - accuracy: 0.9804146/146 [==============================] - ETA: 0s - loss: 0.0559 - accuracy: 0.9804146/146 [==============================] - 321s 2s/step - loss: 0.0559 - accuracy: 0.9804 - val_loss: 0.5575 - val_accuracy: 0.8949
Epoch 35/108
  1/146 [..............................] - ETA: 5:01 - loss: 0.0437 - accuracy: 0.9688  2/146 [..............................] - ETA: 5:01 - loss: 0.0341 - accuracy: 0.9844  3/146 [..............................] - ETA: 4:59 - loss: 0.0271 - accuracy: 0.9896  4/146 [..............................] - ETA: 4:55 - loss: 0.1162 - accuracy: 0.9688  5/146 [>.............................] - ETA: 4:54 - loss: 0.1228 - accuracy: 0.9688  6/146 [>.............................] - ETA: 4:54 - loss: 0.1147 - accuracy: 0.9688  7/146 [>.............................] - ETA: 4:50 - loss: 0.1129 - accuracy: 0.9688  8/146 [>.............................] - ETA: 4:47 - loss: 0.1120 - accuracy: 0.9688  9/146 [>.............................] - ETA: 4:44 - loss: 0.1050 - accuracy: 0.9688 10/146 [=>............................] - ETA: 4:40 - loss: 0.1000 - accuracy: 0.9719 11/146 [=>............................] - ETA: 4:37 - loss: 0.0954 - accuracy: 0.9716 12/146 [=>............................] - ETA: 4:37 - loss: 0.0957 - accuracy: 0.9714 13/146 [=>............................] - ETA: 4:34 - loss: 0.0938 - accuracy: 0.9712 14/146 [=>............................] - ETA: 4:30 - loss: 0.0886 - accuracy: 0.9732 15/146 [==>...........................] - ETA: 4:26 - loss: 0.0855 - accuracy: 0.9729 16/146 [==>...........................] - ETA: 4:22 - loss: 0.0856 - accuracy: 0.9727 17/146 [==>...........................] - ETA: 4:19 - loss: 0.0840 - accuracy: 0.9724 18/146 [==>...........................] - ETA: 4:17 - loss: 0.0974 - accuracy: 0.9705 19/146 [==>...........................] - ETA: 4:14 - loss: 0.0962 - accuracy: 0.9704 20/146 [===>..........................] - ETA: 4:11 - loss: 0.0932 - accuracy: 0.9703 21/146 [===>..........................] - ETA: 4:09 - loss: 0.0900 - accuracy: 0.9702 22/146 [===>..........................] - ETA: 4:07 - loss: 0.0893 - accuracy: 0.9702 23/146 [===>..........................] - ETA: 4:05 - loss: 0.0867 - accuracy: 0.9715 24/146 [===>..........................] - ETA: 4:04 - loss: 0.0844 - accuracy: 0.9727 25/146 [====>.........................] - ETA: 4:01 - loss: 0.0822 - accuracy: 0.9737 26/146 [====>.........................] - ETA: 3:58 - loss: 0.0840 - accuracy: 0.9712 27/146 [====>.........................] - ETA: 3:55 - loss: 0.0831 - accuracy: 0.9722 28/146 [====>.........................] - ETA: 3:52 - loss: 0.0804 - accuracy: 0.9732 29/146 [====>.........................] - ETA: 3:49 - loss: 0.0787 - accuracy: 0.9741 30/146 [=====>........................] - ETA: 3:46 - loss: 0.0772 - accuracy: 0.9750 31/146 [=====>........................] - ETA: 3:43 - loss: 0.0750 - accuracy: 0.9758 32/146 [=====>........................] - ETA: 3:41 - loss: 0.0735 - accuracy: 0.9766 33/146 [=====>........................] - ETA: 3:38 - loss: 0.0727 - accuracy: 0.9773 34/146 [=====>........................] - ETA: 3:35 - loss: 0.0736 - accuracy: 0.9761 35/146 [======>.......................] - ETA: 3:33 - loss: 0.0716 - accuracy: 0.9768 36/146 [======>.......................] - ETA: 3:31 - loss: 0.0704 - accuracy: 0.9774 37/146 [======>.......................] - ETA: 3:29 - loss: 0.0691 - accuracy: 0.9780 38/146 [======>.......................] - ETA: 3:28 - loss: 0.0676 - accuracy: 0.9786 39/146 [=======>......................] - ETA: 3:26 - loss: 0.0665 - accuracy: 0.9792 40/146 [=======>......................] - ETA: 3:24 - loss: 0.0671 - accuracy: 0.9789 41/146 [=======>......................] - ETA: 3:22 - loss: 0.0686 - accuracy: 0.9779 42/146 [=======>......................] - ETA: 3:20 - loss: 0.0675 - accuracy: 0.9784 43/146 [=======>......................] - ETA: 3:19 - loss: 0.0690 - accuracy: 0.9782 44/146 [========>.....................] - ETA: 3:17 - loss: 0.0679 - accuracy: 0.9787 45/146 [========>.....................] - ETA: 3:15 - loss: 0.0669 - accuracy: 0.9792 46/146 [========>.....................] - ETA: 3:13 - loss: 0.0682 - accuracy: 0.9783 47/146 [========>.....................] - ETA: 3:11 - loss: 0.0672 - accuracy: 0.9787 48/146 [========>.....................] - ETA: 3:09 - loss: 0.0664 - accuracy: 0.9785 49/146 [=========>....................] - ETA: 3:07 - loss: 0.0691 - accuracy: 0.9770 50/146 [=========>....................] - ETA: 3:05 - loss: 0.0683 - accuracy: 0.9775 51/146 [=========>....................] - ETA: 3:02 - loss: 0.0675 - accuracy: 0.9779 52/146 [=========>....................] - ETA: 3:00 - loss: 0.0666 - accuracy: 0.9784 53/146 [=========>....................] - ETA: 2:58 - loss: 0.0671 - accuracy: 0.9776 54/146 [==========>...................] - ETA: 2:56 - loss: 0.0672 - accuracy: 0.9774 55/146 [==========>...................] - ETA: 2:54 - loss: 0.0680 - accuracy: 0.9761 56/146 [==========>...................] - ETA: 2:51 - loss: 0.0672 - accuracy: 0.9766 57/146 [==========>...................] - ETA: 2:49 - loss: 0.0676 - accuracy: 0.9764 58/146 [==========>...................] - ETA: 2:48 - loss: 0.0668 - accuracy: 0.9768 59/146 [===========>..................] - ETA: 2:46 - loss: 0.0665 - accuracy: 0.9767 60/146 [===========>..................] - ETA: 2:44 - loss: 0.0657 - accuracy: 0.9771 61/146 [===========>..................] - ETA: 2:42 - loss: 0.0676 - accuracy: 0.9759 62/146 [===========>..................] - ETA: 2:40 - loss: 0.0700 - accuracy: 0.9753 63/146 [===========>..................] - ETA: 2:38 - loss: 0.0702 - accuracy: 0.9747 64/146 [============>.................] - ETA: 2:36 - loss: 0.0694 - accuracy: 0.9751 65/146 [============>.................] - ETA: 2:34 - loss: 0.0686 - accuracy: 0.9755 66/146 [============>.................] - ETA: 2:32 - loss: 0.0677 - accuracy: 0.9759 67/146 [============>.................] - ETA: 2:30 - loss: 0.0686 - accuracy: 0.9748 68/146 [============>.................] - ETA: 2:28 - loss: 0.0696 - accuracy: 0.9747 69/146 [=============>................] - ETA: 2:26 - loss: 0.0695 - accuracy: 0.9746 70/146 [=============>................] - ETA: 2:24 - loss: 0.0694 - accuracy: 0.9746 71/146 [=============>................] - ETA: 2:22 - loss: 0.0708 - accuracy: 0.9745 72/146 [=============>................] - ETA: 2:19 - loss: 0.0701 - accuracy: 0.9748 73/146 [==============>...............] - ETA: 2:17 - loss: 0.0707 - accuracy: 0.9743 74/146 [==============>...............] - ETA: 2:15 - loss: 0.0705 - accuracy: 0.9742 75/146 [==============>...............] - ETA: 2:13 - loss: 0.0717 - accuracy: 0.9742 76/146 [==============>...............] - ETA: 2:11 - loss: 0.0714 - accuracy: 0.9741 77/146 [==============>...............] - ETA: 2:09 - loss: 0.0706 - accuracy: 0.9744 78/146 [===============>..............] - ETA: 2:08 - loss: 0.0707 - accuracy: 0.9744 79/146 [===============>..............] - ETA: 2:06 - loss: 0.0701 - accuracy: 0.9747 80/146 [===============>..............] - ETA: 2:04 - loss: 0.0703 - accuracy: 0.9742 81/146 [===============>..............] - ETA: 2:02 - loss: 0.0703 - accuracy: 0.9742 82/146 [===============>..............] - ETA: 2:00 - loss: 0.0705 - accuracy: 0.9741 83/146 [================>.............] - ETA: 1:58 - loss: 0.0703 - accuracy: 0.9744 84/146 [================>.............] - ETA: 1:57 - loss: 0.0698 - accuracy: 0.9747 85/146 [================>.............] - ETA: 1:55 - loss: 0.0700 - accuracy: 0.9746 86/146 [================>.............] - ETA: 1:53 - loss: 0.0707 - accuracy: 0.9746 87/146 [================>.............] - ETA: 1:51 - loss: 0.0705 - accuracy: 0.9749 88/146 [=================>............] - ETA: 1:49 - loss: 0.0719 - accuracy: 0.9744 89/146 [=================>............] - ETA: 1:48 - loss: 0.0717 - accuracy: 0.9744 90/146 [=================>............] - ETA: 1:46 - loss: 0.0711 - accuracy: 0.9747 91/146 [=================>............] - ETA: 1:44 - loss: 0.0707 - accuracy: 0.9746 92/146 [=================>............] - ETA: 1:42 - loss: 0.0712 - accuracy: 0.9742 93/146 [==================>...........] - ETA: 1:40 - loss: 0.0705 - accuracy: 0.9745 94/146 [==================>...........] - ETA: 1:38 - loss: 0.0702 - accuracy: 0.9747 95/146 [==================>...........] - ETA: 1:36 - loss: 0.0707 - accuracy: 0.9740 96/146 [==================>...........] - ETA: 1:34 - loss: 0.0710 - accuracy: 0.9740 97/146 [==================>...........] - ETA: 1:33 - loss: 0.0711 - accuracy: 0.9739 98/146 [===================>..........] - ETA: 1:31 - loss: 0.0705 - accuracy: 0.9742 99/146 [===================>..........] - ETA: 1:29 - loss: 0.0708 - accuracy: 0.9738100/146 [===================>..........] - ETA: 1:27 - loss: 0.0716 - accuracy: 0.9734101/146 [===================>..........] - ETA: 1:25 - loss: 0.0722 - accuracy: 0.9728102/146 [===================>..........] - ETA: 1:23 - loss: 0.0718 - accuracy: 0.9730103/146 [====================>.........] - ETA: 1:22 - loss: 0.0712 - accuracy: 0.9733104/146 [====================>.........] - ETA: 1:20 - loss: 0.0706 - accuracy: 0.9736105/146 [====================>.........] - ETA: 1:18 - loss: 0.0704 - accuracy: 0.9738106/146 [====================>.........] - ETA: 1:16 - loss: 0.0700 - accuracy: 0.9741107/146 [====================>.........] - ETA: 1:14 - loss: 0.0699 - accuracy: 0.9743108/146 [=====================>........] - ETA: 1:12 - loss: 0.0693 - accuracy: 0.9745109/146 [=====================>........] - ETA: 1:10 - loss: 0.0690 - accuracy: 0.9748110/146 [=====================>........] - ETA: 1:08 - loss: 0.0688 - accuracy: 0.9747111/146 [=====================>........] - ETA: 1:06 - loss: 0.0685 - accuracy: 0.9749112/146 [======================>.......] - ETA: 1:04 - loss: 0.0685 - accuracy: 0.9749113/146 [======================>.......] - ETA: 1:03 - loss: 0.0680 - accuracy: 0.9751114/146 [======================>.......] - ETA: 1:01 - loss: 0.0680 - accuracy: 0.9751115/146 [======================>.......] - ETA: 59s - loss: 0.0676 - accuracy: 0.9753 116/146 [======================>.......] - ETA: 57s - loss: 0.0677 - accuracy: 0.9752117/146 [=======================>......] - ETA: 55s - loss: 0.0674 - accuracy: 0.9754118/146 [=======================>......] - ETA: 53s - loss: 0.0672 - accuracy: 0.9754119/146 [=======================>......] - ETA: 51s - loss: 0.0688 - accuracy: 0.9753120/146 [=======================>......] - ETA: 49s - loss: 0.0707 - accuracy: 0.9747121/146 [=======================>......] - ETA: 48s - loss: 0.0703 - accuracy: 0.9749122/146 [========================>.....] - ETA: 46s - loss: 0.0709 - accuracy: 0.9746123/146 [========================>.....] - ETA: 44s - loss: 0.0706 - accuracy: 0.9748124/146 [========================>.....] - ETA: 42s - loss: 0.0703 - accuracy: 0.9751125/146 [========================>.....] - ETA: 40s - loss: 0.0721 - accuracy: 0.9747126/146 [========================>.....] - ETA: 38s - loss: 0.0719 - accuracy: 0.9750127/146 [=========================>....] - ETA: 36s - loss: 0.0718 - accuracy: 0.9751128/146 [=========================>....] - ETA: 34s - loss: 0.0717 - accuracy: 0.9751129/146 [=========================>....] - ETA: 32s - loss: 0.0721 - accuracy: 0.9750130/146 [=========================>....] - ETA: 30s - loss: 0.0716 - accuracy: 0.9752131/146 [=========================>....] - ETA: 28s - loss: 0.0712 - accuracy: 0.9754132/146 [==========================>...] - ETA: 26s - loss: 0.0710 - accuracy: 0.9754133/146 [==========================>...] - ETA: 24s - loss: 0.0708 - accuracy: 0.9756134/146 [==========================>...] - ETA: 23s - loss: 0.0710 - accuracy: 0.9755135/146 [==========================>...] - ETA: 21s - loss: 0.0706 - accuracy: 0.9757136/146 [==========================>...] - ETA: 19s - loss: 0.0705 - accuracy: 0.9756137/146 [===========================>..] - ETA: 17s - loss: 0.0702 - accuracy: 0.9756138/146 [===========================>..] - ETA: 15s - loss: 0.0702 - accuracy: 0.9755139/146 [===========================>..] - ETA: 13s - loss: 0.0701 - accuracy: 0.9757140/146 [===========================>..] - ETA: 11s - loss: 0.0700 - accuracy: 0.9757141/146 [===========================>..] - ETA: 9s - loss: 0.0703 - accuracy: 0.9754 142/146 [============================>.] - ETA: 7s - loss: 0.0700 - accuracy: 0.9756143/146 [============================>.] - ETA: 5s - loss: 0.0701 - accuracy: 0.9755144/146 [============================>.] - ETA: 3s - loss: 0.0701 - accuracy: 0.9755145/146 [============================>.] - ETA: 1s - loss: 0.0697 - accuracy: 0.9756146/146 [==============================] - ETA: 0s - loss: 0.0697 - accuracy: 0.9757146/146 [==============================] - 303s 2s/step - loss: 0.0697 - accuracy: 0.9757 - val_loss: 0.4820 - val_accuracy: 0.8989
Epoch 36/108
  1/146 [..............................] - ETA: 3:52 - loss: 0.0098 - accuracy: 1.0000  2/146 [..............................] - ETA: 4:04 - loss: 0.0293 - accuracy: 0.9844  3/146 [..............................] - ETA: 4:06 - loss: 0.0301 - accuracy: 0.9792  4/146 [..............................] - ETA: 4:16 - loss: 0.0318 - accuracy: 0.9766  5/146 [>.............................] - ETA: 4:19 - loss: 0.0288 - accuracy: 0.9812  6/146 [>.............................] - ETA: 4:18 - loss: 0.0288 - accuracy: 0.9844  7/146 [>.............................] - ETA: 4:17 - loss: 0.0258 - accuracy: 0.9866  8/146 [>.............................] - ETA: 4:17 - loss: 0.0318 - accuracy: 0.9844  9/146 [>.............................] - ETA: 4:15 - loss: 0.0296 - accuracy: 0.9861 10/146 [=>............................] - ETA: 4:13 - loss: 0.0271 - accuracy: 0.9875 11/146 [=>............................] - ETA: 4:12 - loss: 0.0249 - accuracy: 0.9886 12/146 [=>............................] - ETA: 4:12 - loss: 0.0292 - accuracy: 0.9844 13/146 [=>............................] - ETA: 4:12 - loss: 0.0303 - accuracy: 0.9832 14/146 [=>............................] - ETA: 4:10 - loss: 0.0291 - accuracy: 0.9844 15/146 [==>...........................] - ETA: 4:06 - loss: 0.0274 - accuracy: 0.9854 16/146 [==>...........................] - ETA: 4:02 - loss: 0.0287 - accuracy: 0.9844 17/146 [==>...........................] - ETA: 3:59 - loss: 0.0276 - accuracy: 0.9853 18/146 [==>...........................] - ETA: 3:57 - loss: 0.0272 - accuracy: 0.9861 19/146 [==>...........................] - ETA: 3:54 - loss: 0.0266 - accuracy: 0.9868 20/146 [===>..........................] - ETA: 3:52 - loss: 0.0291 - accuracy: 0.9844 21/146 [===>..........................] - ETA: 3:50 - loss: 0.0337 - accuracy: 0.9836 22/146 [===>..........................] - ETA: 3:47 - loss: 0.0324 - accuracy: 0.9844 23/146 [===>..........................] - ETA: 3:45 - loss: 0.0318 - accuracy: 0.9851 24/146 [===>..........................] - ETA: 3:43 - loss: 0.0331 - accuracy: 0.9857 25/146 [====>.........................] - ETA: 3:40 - loss: 0.0320 - accuracy: 0.9862 26/146 [====>.........................] - ETA: 3:38 - loss: 0.0310 - accuracy: 0.9868 27/146 [====>.........................] - ETA: 3:37 - loss: 0.0340 - accuracy: 0.9861 28/146 [====>.........................] - ETA: 3:35 - loss: 0.0334 - accuracy: 0.9866 29/146 [====>.........................] - ETA: 3:35 - loss: 0.0362 - accuracy: 0.9849 30/146 [=====>........................] - ETA: 3:33 - loss: 0.0366 - accuracy: 0.9844 31/146 [=====>........................] - ETA: 3:31 - loss: 0.0379 - accuracy: 0.9839 32/146 [=====>........................] - ETA: 3:31 - loss: 0.0378 - accuracy: 0.9834 33/146 [=====>........................] - ETA: 3:29 - loss: 0.0370 - accuracy: 0.9839 34/146 [=====>........................] - ETA: 3:27 - loss: 0.0360 - accuracy: 0.9844 35/146 [======>.......................] - ETA: 3:25 - loss: 0.0360 - accuracy: 0.9848 36/146 [======>.......................] - ETA: 3:23 - loss: 0.0358 - accuracy: 0.9852 37/146 [======>.......................] - ETA: 3:21 - loss: 0.0368 - accuracy: 0.9840 38/146 [======>.......................] - ETA: 3:19 - loss: 0.0361 - accuracy: 0.9844 39/146 [=======>......................] - ETA: 3:17 - loss: 0.0393 - accuracy: 0.9840 40/146 [=======>......................] - ETA: 3:16 - loss: 0.0385 - accuracy: 0.9844 41/146 [=======>......................] - ETA: 3:14 - loss: 0.0421 - accuracy: 0.9832 42/146 [=======>......................] - ETA: 3:12 - loss: 0.0417 - accuracy: 0.9836 43/146 [=======>......................] - ETA: 3:10 - loss: 0.0410 - accuracy: 0.9840 44/146 [========>.....................] - ETA: 3:09 - loss: 0.0401 - accuracy: 0.9844 45/146 [========>.....................] - ETA: 3:07 - loss: 0.0406 - accuracy: 0.9840 46/146 [========>.....................] - ETA: 3:05 - loss: 0.0400 - accuracy: 0.9844 47/146 [========>.....................] - ETA: 3:03 - loss: 0.0409 - accuracy: 0.9840 48/146 [========>.....................] - ETA: 3:01 - loss: 0.0401 - accuracy: 0.9844 49/146 [=========>....................] - ETA: 2:58 - loss: 0.0395 - accuracy: 0.9847 50/146 [=========>....................] - ETA: 2:56 - loss: 0.0408 - accuracy: 0.9844 51/146 [=========>....................] - ETA: 2:54 - loss: 0.0411 - accuracy: 0.9841 52/146 [=========>....................] - ETA: 2:52 - loss: 0.0407 - accuracy: 0.9844 53/146 [=========>....................] - ETA: 2:50 - loss: 0.0421 - accuracy: 0.9841 54/146 [==========>...................] - ETA: 2:48 - loss: 0.0419 - accuracy: 0.9844 55/146 [==========>...................] - ETA: 2:46 - loss: 0.0412 - accuracy: 0.9847 56/146 [==========>...................] - ETA: 2:45 - loss: 0.0425 - accuracy: 0.9838 57/146 [==========>...................] - ETA: 2:43 - loss: 0.0427 - accuracy: 0.9836 58/146 [==========>...................] - ETA: 2:42 - loss: 0.0427 - accuracy: 0.9833 59/146 [===========>..................] - ETA: 2:40 - loss: 0.0425 - accuracy: 0.9836 60/146 [===========>..................] - ETA: 2:39 - loss: 0.0421 - accuracy: 0.9839 61/146 [===========>..................] - ETA: 2:37 - loss: 0.0422 - accuracy: 0.9836 62/146 [===========>..................] - ETA: 2:36 - loss: 0.0420 - accuracy: 0.9839 63/146 [===========>..................] - ETA: 2:34 - loss: 0.0420 - accuracy: 0.9841 64/146 [============>.................] - ETA: 2:33 - loss: 0.0417 - accuracy: 0.9844 65/146 [============>.................] - ETA: 2:31 - loss: 0.0422 - accuracy: 0.9841 66/146 [============>.................] - ETA: 2:29 - loss: 0.0418 - accuracy: 0.9844 67/146 [============>.................] - ETA: 2:28 - loss: 0.0415 - accuracy: 0.9846 68/146 [============>.................] - ETA: 2:26 - loss: 0.0421 - accuracy: 0.9844 69/146 [=============>................] - ETA: 2:24 - loss: 0.0421 - accuracy: 0.9846 70/146 [=============>................] - ETA: 2:22 - loss: 0.0416 - accuracy: 0.9848 71/146 [=============>................] - ETA: 2:21 - loss: 0.0410 - accuracy: 0.9850 72/146 [=============>................] - ETA: 2:19 - loss: 0.0408 - accuracy: 0.9852 73/146 [==============>...............] - ETA: 2:17 - loss: 0.0404 - accuracy: 0.9854 74/146 [==============>...............] - ETA: 2:16 - loss: 0.0403 - accuracy: 0.9852 75/146 [==============>...............] - ETA: 2:14 - loss: 0.0404 - accuracy: 0.9850 76/146 [==============>...............] - ETA: 2:12 - loss: 0.0401 - accuracy: 0.9852 77/146 [==============>...............] - ETA: 2:10 - loss: 0.0403 - accuracy: 0.9850 78/146 [===============>..............] - ETA: 2:09 - loss: 0.0424 - accuracy: 0.9840 79/146 [===============>..............] - ETA: 2:07 - loss: 0.0424 - accuracy: 0.9838 80/146 [===============>..............] - ETA: 2:05 - loss: 0.0423 - accuracy: 0.9840 81/146 [===============>..............] - ETA: 2:03 - loss: 0.0423 - accuracy: 0.9842 82/146 [===============>..............] - ETA: 2:02 - loss: 0.0421 - accuracy: 0.9844 83/146 [================>.............] - ETA: 2:00 - loss: 0.0457 - accuracy: 0.9838 84/146 [================>.............] - ETA: 1:58 - loss: 0.0502 - accuracy: 0.9829 85/146 [================>.............] - ETA: 1:56 - loss: 0.0519 - accuracy: 0.9824 86/146 [================>.............] - ETA: 1:54 - loss: 0.0517 - accuracy: 0.9822 87/146 [================>.............] - ETA: 1:53 - loss: 0.0520 - accuracy: 0.9820 88/146 [=================>............] - ETA: 1:51 - loss: 0.0560 - accuracy: 0.9808 89/146 [=================>............] - ETA: 1:49 - loss: 0.0578 - accuracy: 0.9800 90/146 [=================>............] - ETA: 1:47 - loss: 0.0588 - accuracy: 0.9795 91/146 [=================>............] - ETA: 1:45 - loss: 0.0587 - accuracy: 0.9794 92/146 [=================>............] - ETA: 1:43 - loss: 0.0592 - accuracy: 0.9793 93/146 [==================>...........] - ETA: 1:41 - loss: 0.0593 - accuracy: 0.9795 94/146 [==================>...........] - ETA: 1:40 - loss: 0.0600 - accuracy: 0.9794 95/146 [==================>...........] - ETA: 1:38 - loss: 0.0624 - accuracy: 0.9780 96/146 [==================>...........] - ETA: 1:36 - loss: 0.0652 - accuracy: 0.9772 97/146 [==================>...........] - ETA: 1:34 - loss: 0.0657 - accuracy: 0.9768 98/146 [===================>..........] - ETA: 1:32 - loss: 0.0658 - accuracy: 0.9767 99/146 [===================>..........] - ETA: 1:30 - loss: 0.0666 - accuracy: 0.9766100/146 [===================>..........] - ETA: 1:28 - loss: 0.0673 - accuracy: 0.9762101/146 [===================>..........] - ETA: 1:26 - loss: 0.0674 - accuracy: 0.9762102/146 [===================>..........] - ETA: 1:24 - loss: 0.0683 - accuracy: 0.9758103/146 [====================>.........] - ETA: 1:22 - loss: 0.0682 - accuracy: 0.9757104/146 [====================>.........] - ETA: 1:20 - loss: 0.0680 - accuracy: 0.9760105/146 [====================>.........] - ETA: 1:18 - loss: 0.0677 - accuracy: 0.9762106/146 [====================>.........] - ETA: 1:17 - loss: 0.0679 - accuracy: 0.9761107/146 [====================>.........] - ETA: 1:15 - loss: 0.0675 - accuracy: 0.9763108/146 [=====================>........] - ETA: 1:13 - loss: 0.0674 - accuracy: 0.9763109/146 [=====================>........] - ETA: 1:11 - loss: 0.0677 - accuracy: 0.9759110/146 [=====================>........] - ETA: 1:09 - loss: 0.0674 - accuracy: 0.9761111/146 [=====================>........] - ETA: 1:07 - loss: 0.0672 - accuracy: 0.9764112/146 [======================>.......] - ETA: 1:05 - loss: 0.0673 - accuracy: 0.9763113/146 [======================>.......] - ETA: 1:03 - loss: 0.0677 - accuracy: 0.9759114/146 [======================>.......] - ETA: 1:01 - loss: 0.0676 - accuracy: 0.9762115/146 [======================>.......] - ETA: 59s - loss: 0.0673 - accuracy: 0.9764 116/146 [======================>.......] - ETA: 58s - loss: 0.0671 - accuracy: 0.9763117/146 [=======================>......] - ETA: 56s - loss: 0.0667 - accuracy: 0.9765118/146 [=======================>......] - ETA: 54s - loss: 0.0664 - accuracy: 0.9767119/146 [=======================>......] - ETA: 52s - loss: 0.0659 - accuracy: 0.9769120/146 [=======================>......] - ETA: 50s - loss: 0.0656 - accuracy: 0.9771121/146 [=======================>......] - ETA: 48s - loss: 0.0653 - accuracy: 0.9773122/146 [========================>.....] - ETA: 46s - loss: 0.0649 - accuracy: 0.9775123/146 [========================>.....] - ETA: 44s - loss: 0.0645 - accuracy: 0.9776124/146 [========================>.....] - ETA: 42s - loss: 0.0641 - accuracy: 0.9778125/146 [========================>.....] - ETA: 40s - loss: 0.0638 - accuracy: 0.9780126/146 [========================>.....] - ETA: 38s - loss: 0.0646 - accuracy: 0.9779127/146 [=========================>....] - ETA: 36s - loss: 0.0642 - accuracy: 0.9781128/146 [=========================>....] - ETA: 34s - loss: 0.0643 - accuracy: 0.9780129/146 [=========================>....] - ETA: 32s - loss: 0.0642 - accuracy: 0.9780130/146 [=========================>....] - ETA: 31s - loss: 0.0654 - accuracy: 0.9779131/146 [=========================>....] - ETA: 29s - loss: 0.0651 - accuracy: 0.9781132/146 [==========================>...] - ETA: 27s - loss: 0.0655 - accuracy: 0.9780133/146 [==========================>...] - ETA: 25s - loss: 0.0658 - accuracy: 0.9779134/146 [==========================>...] - ETA: 23s - loss: 0.0655 - accuracy: 0.9781135/146 [==========================>...] - ETA: 21s - loss: 0.0656 - accuracy: 0.9780136/146 [==========================>...] - ETA: 19s - loss: 0.0657 - accuracy: 0.9779137/146 [===========================>..] - ETA: 17s - loss: 0.0657 - accuracy: 0.9776138/146 [===========================>..] - ETA: 15s - loss: 0.0653 - accuracy: 0.9778139/146 [===========================>..] - ETA: 13s - loss: 0.0649 - accuracy: 0.9780140/146 [===========================>..] - ETA: 11s - loss: 0.0646 - accuracy: 0.9781141/146 [===========================>..] - ETA: 9s - loss: 0.0644 - accuracy: 0.9781 142/146 [============================>.] - ETA: 7s - loss: 0.0644 - accuracy: 0.9780143/146 [============================>.] - ETA: 5s - loss: 0.0647 - accuracy: 0.9779144/146 [============================>.] - ETA: 3s - loss: 0.0664 - accuracy: 0.9779145/146 [============================>.] - ETA: 1s - loss: 0.0676 - accuracy: 0.9778146/146 [==============================] - ETA: 0s - loss: 0.0675 - accuracy: 0.9778146/146 [==============================] - 307s 2s/step - loss: 0.0675 - accuracy: 0.9778 - val_loss: 0.4790 - val_accuracy: 0.8925
Epoch 37/108
  1/146 [..............................] - ETA: 4:36 - loss: 0.0660 - accuracy: 0.9688  2/146 [..............................] - ETA: 4:25 - loss: 0.0560 - accuracy: 0.9688  3/146 [..............................] - ETA: 4:22 - loss: 0.0412 - accuracy: 0.9792  4/146 [..............................] - ETA: 4:26 - loss: 0.0360 - accuracy: 0.9844  5/146 [>.............................] - ETA: 4:21 - loss: 0.0399 - accuracy: 0.9812  6/146 [>.............................] - ETA: 4:18 - loss: 0.0427 - accuracy: 0.9792  7/146 [>.............................] - ETA: 4:15 - loss: 0.0420 - accuracy: 0.9821  8/146 [>.............................] - ETA: 4:17 - loss: 0.0422 - accuracy: 0.9805  9/146 [>.............................] - ETA: 4:18 - loss: 0.0391 - accuracy: 0.9826 10/146 [=>............................] - ETA: 4:17 - loss: 0.0383 - accuracy: 0.9844 11/146 [=>............................] - ETA: 4:18 - loss: 0.0367 - accuracy: 0.9858 12/146 [=>............................] - ETA: 4:19 - loss: 0.0400 - accuracy: 0.9818 13/146 [=>............................] - ETA: 4:16 - loss: 0.0431 - accuracy: 0.9808 14/146 [=>............................] - ETA: 4:13 - loss: 0.0456 - accuracy: 0.9799 15/146 [==>...........................] - ETA: 4:11 - loss: 0.0442 - accuracy: 0.9812 16/146 [==>...........................] - ETA: 4:11 - loss: 0.0434 - accuracy: 0.9824 17/146 [==>...........................] - ETA: 4:09 - loss: 0.0417 - accuracy: 0.9835 18/146 [==>...........................] - ETA: 4:08 - loss: 0.0404 - accuracy: 0.9844 19/146 [==>...........................] - ETA: 4:05 - loss: 0.0410 - accuracy: 0.9836 20/146 [===>..........................] - ETA: 4:02 - loss: 0.0413 - accuracy: 0.9828 21/146 [===>..........................] - ETA: 4:00 - loss: 0.0407 - accuracy: 0.9836 22/146 [===>..........................] - ETA: 3:57 - loss: 0.0394 - accuracy: 0.9844 23/146 [===>..........................] - ETA: 3:53 - loss: 0.0423 - accuracy: 0.9837 24/146 [===>..........................] - ETA: 3:50 - loss: 0.0429 - accuracy: 0.9831 25/146 [====>.........................] - ETA: 3:48 - loss: 0.0414 - accuracy: 0.9837 26/146 [====>.........................] - ETA: 3:45 - loss: 0.0403 - accuracy: 0.9844 27/146 [====>.........................] - ETA: 3:43 - loss: 0.0407 - accuracy: 0.9850 28/146 [====>.........................] - ETA: 3:40 - loss: 0.0394 - accuracy: 0.9855 29/146 [====>.........................] - ETA: 3:38 - loss: 0.0395 - accuracy: 0.9849 30/146 [=====>........................] - ETA: 3:35 - loss: 0.0395 - accuracy: 0.9854 31/146 [=====>........................] - ETA: 3:33 - loss: 0.0387 - accuracy: 0.9859 32/146 [=====>........................] - ETA: 3:31 - loss: 0.0418 - accuracy: 0.9854 33/146 [=====>........................] - ETA: 3:28 - loss: 0.0520 - accuracy: 0.9848 34/146 [=====>........................] - ETA: 3:26 - loss: 0.0515 - accuracy: 0.9853 35/146 [======>.......................] - ETA: 3:24 - loss: 0.0505 - accuracy: 0.9857 36/146 [======>.......................] - ETA: 3:23 - loss: 0.0496 - accuracy: 0.9861 37/146 [======>.......................] - ETA: 3:21 - loss: 0.0524 - accuracy: 0.9840 38/146 [======>.......................] - ETA: 3:20 - loss: 0.0519 - accuracy: 0.9844 39/146 [=======>......................] - ETA: 3:19 - loss: 0.0509 - accuracy: 0.9848 40/146 [=======>......................] - ETA: 3:17 - loss: 0.0517 - accuracy: 0.9844 41/146 [=======>......................] - ETA: 3:16 - loss: 0.0517 - accuracy: 0.9840 42/146 [=======>......................] - ETA: 3:14 - loss: 0.0517 - accuracy: 0.9844 43/146 [=======>......................] - ETA: 3:12 - loss: 0.0511 - accuracy: 0.9847 44/146 [========>.....................] - ETA: 3:11 - loss: 0.0507 - accuracy: 0.9851 45/146 [========>.....................] - ETA: 3:09 - loss: 0.0519 - accuracy: 0.9847 46/146 [========>.....................] - ETA: 3:07 - loss: 0.0515 - accuracy: 0.9851 47/146 [========>.....................] - ETA: 3:06 - loss: 0.0522 - accuracy: 0.9847 48/146 [========>.....................] - ETA: 3:04 - loss: 0.0517 - accuracy: 0.9850 49/146 [=========>....................] - ETA: 3:02 - loss: 0.0517 - accuracy: 0.9853 50/146 [=========>....................] - ETA: 3:01 - loss: 0.0522 - accuracy: 0.9850 51/146 [=========>....................] - ETA: 2:59 - loss: 0.0547 - accuracy: 0.9841 52/146 [=========>....................] - ETA: 2:57 - loss: 0.0540 - accuracy: 0.9844 53/146 [=========>....................] - ETA: 2:56 - loss: 0.0559 - accuracy: 0.9841 54/146 [==========>...................] - ETA: 2:54 - loss: 0.0559 - accuracy: 0.9838 55/146 [==========>...................] - ETA: 2:52 - loss: 0.0564 - accuracy: 0.9830 56/146 [==========>...................] - ETA: 2:50 - loss: 0.0561 - accuracy: 0.9827 57/146 [==========>...................] - ETA: 2:49 - loss: 0.0552 - accuracy: 0.9830 58/146 [==========>...................] - ETA: 2:47 - loss: 0.0545 - accuracy: 0.9833 59/146 [===========>..................] - ETA: 2:45 - loss: 0.0544 - accuracy: 0.9831 60/146 [===========>..................] - ETA: 2:43 - loss: 0.0557 - accuracy: 0.9828 61/146 [===========>..................] - ETA: 2:42 - loss: 0.0567 - accuracy: 0.9821 62/146 [===========>..................] - ETA: 2:40 - loss: 0.0563 - accuracy: 0.9824 63/146 [===========>..................] - ETA: 2:38 - loss: 0.0566 - accuracy: 0.9816 64/146 [============>.................] - ETA: 2:36 - loss: 0.0560 - accuracy: 0.9819 65/146 [============>.................] - ETA: 2:34 - loss: 0.0571 - accuracy: 0.9817 66/146 [============>.................] - ETA: 2:33 - loss: 0.0572 - accuracy: 0.9820 67/146 [============>.................] - ETA: 2:31 - loss: 0.0591 - accuracy: 0.9818 68/146 [============>.................] - ETA: 2:29 - loss: 0.0587 - accuracy: 0.9821 69/146 [=============>................] - ETA: 2:27 - loss: 0.0582 - accuracy: 0.9823 70/146 [=============>................] - ETA: 2:25 - loss: 0.0580 - accuracy: 0.9821 71/146 [=============>................] - ETA: 2:24 - loss: 0.0582 - accuracy: 0.9820 72/146 [=============>................] - ETA: 2:22 - loss: 0.0580 - accuracy: 0.9818 73/146 [==============>...............] - ETA: 2:20 - loss: 0.0572 - accuracy: 0.9820 74/146 [==============>...............] - ETA: 2:18 - loss: 0.0571 - accuracy: 0.9818 75/146 [==============>...............] - ETA: 2:16 - loss: 0.0568 - accuracy: 0.9821 76/146 [==============>...............] - ETA: 2:15 - loss: 0.0566 - accuracy: 0.9819 77/146 [==============>...............] - ETA: 2:13 - loss: 0.0560 - accuracy: 0.9821 78/146 [===============>..............] - ETA: 2:11 - loss: 0.0554 - accuracy: 0.9824 79/146 [===============>..............] - ETA: 2:09 - loss: 0.0554 - accuracy: 0.9822 80/146 [===============>..............] - ETA: 2:07 - loss: 0.0549 - accuracy: 0.9824 81/146 [===============>..............] - ETA: 2:05 - loss: 0.0551 - accuracy: 0.9823 82/146 [===============>..............] - ETA: 2:03 - loss: 0.0545 - accuracy: 0.9825 83/146 [================>.............] - ETA: 2:01 - loss: 0.0541 - accuracy: 0.9827 84/146 [================>.............] - ETA: 1:59 - loss: 0.0536 - accuracy: 0.9829 85/146 [================>.............] - ETA: 1:57 - loss: 0.0531 - accuracy: 0.9831 86/146 [================>.............] - ETA: 1:55 - loss: 0.0528 - accuracy: 0.9833 87/146 [================>.............] - ETA: 1:54 - loss: 0.0525 - accuracy: 0.9835 88/146 [=================>............] - ETA: 1:52 - loss: 0.0529 - accuracy: 0.9830 89/146 [=================>............] - ETA: 1:50 - loss: 0.0531 - accuracy: 0.9828 90/146 [=================>............] - ETA: 1:48 - loss: 0.0527 - accuracy: 0.9830 91/146 [=================>............] - ETA: 1:46 - loss: 0.0533 - accuracy: 0.9828 92/146 [=================>............] - ETA: 1:44 - loss: 0.0546 - accuracy: 0.9823 93/146 [==================>...........] - ETA: 1:42 - loss: 0.0545 - accuracy: 0.9825 94/146 [==================>...........] - ETA: 1:40 - loss: 0.0544 - accuracy: 0.9827 95/146 [==================>...........] - ETA: 1:38 - loss: 0.0541 - accuracy: 0.9829 96/146 [==================>...........] - ETA: 1:36 - loss: 0.0541 - accuracy: 0.9831 97/146 [==================>...........] - ETA: 1:34 - loss: 0.0539 - accuracy: 0.9829 98/146 [===================>..........] - ETA: 1:32 - loss: 0.0539 - accuracy: 0.9828 99/146 [===================>..........] - ETA: 1:30 - loss: 0.0534 - accuracy: 0.9830100/146 [===================>..........] - ETA: 1:28 - loss: 0.0542 - accuracy: 0.9828101/146 [===================>..........] - ETA: 1:26 - loss: 0.0537 - accuracy: 0.9830102/146 [===================>..........] - ETA: 1:24 - loss: 0.0533 - accuracy: 0.9831103/146 [====================>.........] - ETA: 1:22 - loss: 0.0542 - accuracy: 0.9830104/146 [====================>.........] - ETA: 1:20 - loss: 0.0540 - accuracy: 0.9832105/146 [====================>.........] - ETA: 1:18 - loss: 0.0536 - accuracy: 0.9833106/146 [====================>.........] - ETA: 1:17 - loss: 0.0532 - accuracy: 0.9835107/146 [====================>.........] - ETA: 1:15 - loss: 0.0537 - accuracy: 0.9831108/146 [=====================>........] - ETA: 1:13 - loss: 0.0535 - accuracy: 0.9832109/146 [=====================>........] - ETA: 1:11 - loss: 0.0540 - accuracy: 0.9828110/146 [=====================>........] - ETA: 1:09 - loss: 0.0536 - accuracy: 0.9830111/146 [=====================>........] - ETA: 1:07 - loss: 0.0534 - accuracy: 0.9831112/146 [======================>.......] - ETA: 1:05 - loss: 0.0532 - accuracy: 0.9833113/146 [======================>.......] - ETA: 1:03 - loss: 0.0535 - accuracy: 0.9831114/146 [======================>.......] - ETA: 1:01 - loss: 0.0534 - accuracy: 0.9833115/146 [======================>.......] - ETA: 59s - loss: 0.0536 - accuracy: 0.9832 116/146 [======================>.......] - ETA: 57s - loss: 0.0542 - accuracy: 0.9828117/146 [=======================>......] - ETA: 55s - loss: 0.0545 - accuracy: 0.9826118/146 [=======================>......] - ETA: 53s - loss: 0.0552 - accuracy: 0.9823119/146 [=======================>......] - ETA: 51s - loss: 0.0549 - accuracy: 0.9824120/146 [=======================>......] - ETA: 49s - loss: 0.0545 - accuracy: 0.9826121/146 [=======================>......] - ETA: 47s - loss: 0.0543 - accuracy: 0.9827122/146 [========================>.....] - ETA: 45s - loss: 0.0542 - accuracy: 0.9826123/146 [========================>.....] - ETA: 44s - loss: 0.0546 - accuracy: 0.9822124/146 [========================>.....] - ETA: 42s - loss: 0.0542 - accuracy: 0.9824125/146 [========================>.....] - ETA: 40s - loss: 0.0549 - accuracy: 0.9820126/146 [========================>.....] - ETA: 38s - loss: 0.0549 - accuracy: 0.9819127/146 [=========================>....] - ETA: 36s - loss: 0.0550 - accuracy: 0.9818128/146 [=========================>....] - ETA: 34s - loss: 0.0552 - accuracy: 0.9814129/146 [=========================>....] - ETA: 32s - loss: 0.0549 - accuracy: 0.9816130/146 [=========================>....] - ETA: 30s - loss: 0.0547 - accuracy: 0.9817131/146 [=========================>....] - ETA: 28s - loss: 0.0555 - accuracy: 0.9814132/146 [==========================>...] - ETA: 26s - loss: 0.0557 - accuracy: 0.9811133/146 [==========================>...] - ETA: 24s - loss: 0.0553 - accuracy: 0.9812134/146 [==========================>...] - ETA: 22s - loss: 0.0555 - accuracy: 0.9811135/146 [==========================>...] - ETA: 21s - loss: 0.0553 - accuracy: 0.9810136/146 [==========================>...] - ETA: 19s - loss: 0.0562 - accuracy: 0.9807137/146 [===========================>..] - ETA: 17s - loss: 0.0569 - accuracy: 0.9802138/146 [===========================>..] - ETA: 15s - loss: 0.0571 - accuracy: 0.9801139/146 [===========================>..] - ETA: 13s - loss: 0.0567 - accuracy: 0.9802140/146 [===========================>..] - ETA: 11s - loss: 0.0572 - accuracy: 0.9799141/146 [===========================>..] - ETA: 9s - loss: 0.0570 - accuracy: 0.9801 142/146 [============================>.] - ETA: 7s - loss: 0.0568 - accuracy: 0.9802143/146 [============================>.] - ETA: 5s - loss: 0.0567 - accuracy: 0.9801144/146 [============================>.] - ETA: 3s - loss: 0.0572 - accuracy: 0.9800145/146 [============================>.] - ETA: 1s - loss: 0.0581 - accuracy: 0.9800146/146 [==============================] - ETA: 0s - loss: 0.0581 - accuracy: 0.9800146/146 [==============================] - 301s 2s/step - loss: 0.0581 - accuracy: 0.9800 - val_loss: 0.4372 - val_accuracy: 0.8957
Epoch 38/108
  1/146 [..............................] - ETA: 4:28 - loss: 0.0269 - accuracy: 1.0000  2/146 [..............................] - ETA: 4:24 - loss: 0.0552 - accuracy: 0.9844  3/146 [..............................] - ETA: 4:35 - loss: 0.0422 - accuracy: 0.9896  4/146 [..............................] - ETA: 4:34 - loss: 0.0492 - accuracy: 0.9844  5/146 [>.............................] - ETA: 4:29 - loss: 0.0521 - accuracy: 0.9812  6/146 [>.............................] - ETA: 4:23 - loss: 0.0480 - accuracy: 0.9792  7/146 [>.............................] - ETA: 4:20 - loss: 0.0435 - accuracy: 0.9821  8/146 [>.............................] - ETA: 4:19 - loss: 0.0421 - accuracy: 0.9844  9/146 [>.............................] - ETA: 4:16 - loss: 0.0445 - accuracy: 0.9826 10/146 [=>............................] - ETA: 4:11 - loss: 0.0415 - accuracy: 0.9844 11/146 [=>............................] - ETA: 4:08 - loss: 0.0419 - accuracy: 0.9830 12/146 [=>............................] - ETA: 4:07 - loss: 0.0407 - accuracy: 0.9844 13/146 [=>............................] - ETA: 4:04 - loss: 0.0400 - accuracy: 0.9856 14/146 [=>............................] - ETA: 4:02 - loss: 0.0389 - accuracy: 0.9866 15/146 [==>...........................] - ETA: 4:00 - loss: 0.0392 - accuracy: 0.9854 16/146 [==>...........................] - ETA: 3:58 - loss: 0.0373 - accuracy: 0.9863 17/146 [==>...........................] - ETA: 3:55 - loss: 0.0357 - accuracy: 0.9871 18/146 [==>...........................] - ETA: 3:54 - loss: 0.0357 - accuracy: 0.9861 19/146 [==>...........................] - ETA: 3:53 - loss: 0.0342 - accuracy: 0.9868 20/146 [===>..........................] - ETA: 3:52 - loss: 0.0328 - accuracy: 0.9875 21/146 [===>..........................] - ETA: 3:51 - loss: 0.0319 - accuracy: 0.9881 22/146 [===>..........................] - ETA: 3:50 - loss: 0.0307 - accuracy: 0.9886 23/146 [===>..........................] - ETA: 3:49 - loss: 0.0307 - accuracy: 0.9878 24/146 [===>..........................] - ETA: 3:48 - loss: 0.0331 - accuracy: 0.9857 25/146 [====>.........................] - ETA: 3:47 - loss: 0.0366 - accuracy: 0.9850 26/146 [====>.........................] - ETA: 3:47 - loss: 0.0360 - accuracy: 0.9856 27/146 [====>.........................] - ETA: 3:46 - loss: 0.0392 - accuracy: 0.9850 28/146 [====>.........................] - ETA: 3:45 - loss: 0.0394 - accuracy: 0.9844 29/146 [====>.........................] - ETA: 3:43 - loss: 0.0398 - accuracy: 0.9838 30/146 [=====>........................] - ETA: 3:42 - loss: 0.0406 - accuracy: 0.9833 31/146 [=====>........................] - ETA: 3:41 - loss: 0.0395 - accuracy: 0.9839 32/146 [=====>........................] - ETA: 3:38 - loss: 0.0403 - accuracy: 0.9834 33/146 [=====>........................] - ETA: 3:37 - loss: 0.0391 - accuracy: 0.9839 34/146 [=====>........................] - ETA: 3:35 - loss: 0.0381 - accuracy: 0.9844 35/146 [======>.......................] - ETA: 3:33 - loss: 0.0377 - accuracy: 0.9848 36/146 [======>.......................] - ETA: 3:32 - loss: 0.0369 - accuracy: 0.9852 37/146 [======>.......................] - ETA: 3:30 - loss: 0.0393 - accuracy: 0.9848 38/146 [======>.......................] - ETA: 3:28 - loss: 0.0420 - accuracy: 0.9844 39/146 [=======>......................] - ETA: 3:27 - loss: 0.0411 - accuracy: 0.9848 40/146 [=======>......................] - ETA: 3:25 - loss: 0.0403 - accuracy: 0.9852 41/146 [=======>......................] - ETA: 3:23 - loss: 0.0411 - accuracy: 0.9848 42/146 [=======>......................] - ETA: 3:21 - loss: 0.0404 - accuracy: 0.9851 43/146 [=======>......................] - ETA: 3:19 - loss: 0.0404 - accuracy: 0.9847 44/146 [========>.....................] - ETA: 3:18 - loss: 0.0436 - accuracy: 0.9837 45/146 [========>.....................] - ETA: 3:16 - loss: 0.0428 - accuracy: 0.9840 46/146 [========>.....................] - ETA: 3:14 - loss: 0.0426 - accuracy: 0.9844 47/146 [========>.....................] - ETA: 3:12 - loss: 0.0426 - accuracy: 0.9840 48/146 [========>.....................] - ETA: 3:11 - loss: 0.0423 - accuracy: 0.9844 49/146 [=========>....................] - ETA: 3:09 - loss: 0.0420 - accuracy: 0.9847 50/146 [=========>....................] - ETA: 3:07 - loss: 0.0418 - accuracy: 0.9844 51/146 [=========>....................] - ETA: 3:05 - loss: 0.0412 - accuracy: 0.9847 52/146 [=========>....................] - ETA: 3:03 - loss: 0.0421 - accuracy: 0.9844 53/146 [=========>....................] - ETA: 3:01 - loss: 0.0417 - accuracy: 0.9847 54/146 [==========>...................] - ETA: 2:59 - loss: 0.0417 - accuracy: 0.9844 55/146 [==========>...................] - ETA: 2:57 - loss: 0.0419 - accuracy: 0.9841 56/146 [==========>...................] - ETA: 2:55 - loss: 0.0420 - accuracy: 0.9838 57/146 [==========>...................] - ETA: 2:53 - loss: 0.0416 - accuracy: 0.9841 58/146 [==========>...................] - ETA: 2:52 - loss: 0.0412 - accuracy: 0.9844 59/146 [===========>..................] - ETA: 2:50 - loss: 0.0415 - accuracy: 0.9841 60/146 [===========>..................] - ETA: 2:48 - loss: 0.0426 - accuracy: 0.9839 61/146 [===========>..................] - ETA: 2:47 - loss: 0.0441 - accuracy: 0.9831 62/146 [===========>..................] - ETA: 2:45 - loss: 0.0436 - accuracy: 0.9834 63/146 [===========>..................] - ETA: 2:43 - loss: 0.0457 - accuracy: 0.9826 64/146 [============>.................] - ETA: 2:41 - loss: 0.0459 - accuracy: 0.9819 65/146 [============>.................] - ETA: 2:39 - loss: 0.0455 - accuracy: 0.9822 66/146 [============>.................] - ETA: 2:37 - loss: 0.0450 - accuracy: 0.9825 67/146 [============>.................] - ETA: 2:35 - loss: 0.0447 - accuracy: 0.9827 68/146 [============>.................] - ETA: 2:33 - loss: 0.0450 - accuracy: 0.9825 69/146 [=============>................] - ETA: 2:31 - loss: 0.0448 - accuracy: 0.9828 70/146 [=============>................] - ETA: 2:29 - loss: 0.0455 - accuracy: 0.9826 71/146 [=============>................] - ETA: 2:27 - loss: 0.0460 - accuracy: 0.9824 72/146 [=============>................] - ETA: 2:25 - loss: 0.0458 - accuracy: 0.9826 73/146 [==============>...............] - ETA: 2:23 - loss: 0.0456 - accuracy: 0.9829 74/146 [==============>...............] - ETA: 2:20 - loss: 0.0471 - accuracy: 0.9823 75/146 [==============>...............] - ETA: 2:18 - loss: 0.0468 - accuracy: 0.9825 76/146 [==============>...............] - ETA: 2:17 - loss: 0.0463 - accuracy: 0.9827 77/146 [==============>...............] - ETA: 2:15 - loss: 0.0464 - accuracy: 0.9830 78/146 [===============>..............] - ETA: 2:12 - loss: 0.0460 - accuracy: 0.9832 79/146 [===============>..............] - ETA: 2:10 - loss: 0.0457 - accuracy: 0.9834 80/146 [===============>..............] - ETA: 2:08 - loss: 0.0452 - accuracy: 0.9836 81/146 [===============>..............] - ETA: 2:06 - loss: 0.0466 - accuracy: 0.9834 82/146 [===============>..............] - ETA: 2:04 - loss: 0.0463 - accuracy: 0.9836 83/146 [================>.............] - ETA: 2:02 - loss: 0.0487 - accuracy: 0.9831 84/146 [================>.............] - ETA: 2:00 - loss: 0.0504 - accuracy: 0.9825 85/146 [================>.............] - ETA: 1:58 - loss: 0.0501 - accuracy: 0.9827 86/146 [================>.............] - ETA: 1:56 - loss: 0.0498 - accuracy: 0.9829 87/146 [================>.............] - ETA: 1:54 - loss: 0.0504 - accuracy: 0.9824 88/146 [=================>............] - ETA: 1:52 - loss: 0.0502 - accuracy: 0.9826 89/146 [=================>............] - ETA: 1:50 - loss: 0.0501 - accuracy: 0.9828 90/146 [=================>............] - ETA: 1:48 - loss: 0.0498 - accuracy: 0.9830 91/146 [=================>............] - ETA: 1:46 - loss: 0.0497 - accuracy: 0.9828 92/146 [=================>............] - ETA: 1:44 - loss: 0.0525 - accuracy: 0.9823 93/146 [==================>...........] - ETA: 1:43 - loss: 0.0521 - accuracy: 0.9825 94/146 [==================>...........] - ETA: 1:40 - loss: 0.0517 - accuracy: 0.9827 95/146 [==================>...........] - ETA: 1:39 - loss: 0.0513 - accuracy: 0.9829 96/146 [==================>...........] - ETA: 1:37 - loss: 0.0512 - accuracy: 0.9831 97/146 [==================>...........] - ETA: 1:34 - loss: 0.0513 - accuracy: 0.9832 98/146 [===================>..........] - ETA: 1:32 - loss: 0.0527 - accuracy: 0.9831 99/146 [===================>..........] - ETA: 1:30 - loss: 0.0524 - accuracy: 0.9833100/146 [===================>..........] - ETA: 1:28 - loss: 0.0522 - accuracy: 0.9834101/146 [===================>..........] - ETA: 1:27 - loss: 0.0521 - accuracy: 0.9833102/146 [===================>..........] - ETA: 1:24 - loss: 0.0518 - accuracy: 0.9835103/146 [====================>.........] - ETA: 1:22 - loss: 0.0515 - accuracy: 0.9836104/146 [====================>.........] - ETA: 1:20 - loss: 0.0515 - accuracy: 0.9835105/146 [====================>.........] - ETA: 1:19 - loss: 0.0522 - accuracy: 0.9830106/146 [====================>.........] - ETA: 1:17 - loss: 0.0521 - accuracy: 0.9829107/146 [====================>.........] - ETA: 1:15 - loss: 0.0521 - accuracy: 0.9828108/146 [=====================>........] - ETA: 1:13 - loss: 0.0517 - accuracy: 0.9829109/146 [=====================>........] - ETA: 1:11 - loss: 0.0520 - accuracy: 0.9828110/146 [=====================>........] - ETA: 1:09 - loss: 0.0532 - accuracy: 0.9821111/146 [=====================>........] - ETA: 1:07 - loss: 0.0537 - accuracy: 0.9820112/146 [======================>.......] - ETA: 1:05 - loss: 0.0535 - accuracy: 0.9821113/146 [======================>.......] - ETA: 1:03 - loss: 0.0532 - accuracy: 0.9823114/146 [======================>.......] - ETA: 1:01 - loss: 0.0533 - accuracy: 0.9822115/146 [======================>.......] - ETA: 59s - loss: 0.0538 - accuracy: 0.9818 116/146 [======================>.......] - ETA: 58s - loss: 0.0535 - accuracy: 0.9820117/146 [=======================>......] - ETA: 56s - loss: 0.0546 - accuracy: 0.9813118/146 [=======================>......] - ETA: 54s - loss: 0.0554 - accuracy: 0.9809119/146 [=======================>......] - ETA: 52s - loss: 0.0550 - accuracy: 0.9811120/146 [=======================>......] - ETA: 50s - loss: 0.0549 - accuracy: 0.9812121/146 [=======================>......] - ETA: 48s - loss: 0.0551 - accuracy: 0.9811122/146 [========================>.....] - ETA: 46s - loss: 0.0551 - accuracy: 0.9813123/146 [========================>.....] - ETA: 44s - loss: 0.0552 - accuracy: 0.9812124/146 [========================>.....] - ETA: 42s - loss: 0.0551 - accuracy: 0.9811125/146 [========================>.....] - ETA: 40s - loss: 0.0550 - accuracy: 0.9812126/146 [========================>.....] - ETA: 38s - loss: 0.0547 - accuracy: 0.9814127/146 [=========================>....] - ETA: 36s - loss: 0.0548 - accuracy: 0.9815128/146 [=========================>....] - ETA: 34s - loss: 0.0548 - accuracy: 0.9814129/146 [=========================>....] - ETA: 33s - loss: 0.0556 - accuracy: 0.9813130/146 [=========================>....] - ETA: 31s - loss: 0.0554 - accuracy: 0.9815131/146 [=========================>....] - ETA: 29s - loss: 0.0551 - accuracy: 0.9816132/146 [==========================>...] - ETA: 27s - loss: 0.0551 - accuracy: 0.9815133/146 [==========================>...] - ETA: 25s - loss: 0.0550 - accuracy: 0.9814134/146 [==========================>...] - ETA: 23s - loss: 0.0559 - accuracy: 0.9811135/146 [==========================>...] - ETA: 21s - loss: 0.0566 - accuracy: 0.9806136/146 [==========================>...] - ETA: 19s - loss: 0.0567 - accuracy: 0.9805137/146 [===========================>..] - ETA: 17s - loss: 0.0564 - accuracy: 0.9806138/146 [===========================>..] - ETA: 15s - loss: 0.0564 - accuracy: 0.9805139/146 [===========================>..] - ETA: 13s - loss: 0.0564 - accuracy: 0.9804140/146 [===========================>..] - ETA: 11s - loss: 0.0568 - accuracy: 0.9801141/146 [===========================>..] - ETA: 9s - loss: 0.0577 - accuracy: 0.9796 142/146 [============================>.] - ETA: 7s - loss: 0.0577 - accuracy: 0.9795143/146 [============================>.] - ETA: 5s - loss: 0.0576 - accuracy: 0.9797144/146 [============================>.] - ETA: 3s - loss: 0.0574 - accuracy: 0.9798145/146 [============================>.] - ETA: 1s - loss: 0.0585 - accuracy: 0.9797146/146 [==============================] - ETA: 0s - loss: 0.0585 - accuracy: 0.9798146/146 [==============================] - 323s 2s/step - loss: 0.0585 - accuracy: 0.9798 - val_loss: 0.4890 - val_accuracy: 0.8973
Epoch 39/108
  1/146 [..............................] - ETA: 4:47 - loss: 0.3254 - accuracy: 0.9062  2/146 [..............................] - ETA: 4:25 - loss: 0.1959 - accuracy: 0.9375  3/146 [..............................] - ETA: 4:40 - loss: 0.1604 - accuracy: 0.9271  4/146 [..............................] - ETA: 4:52 - loss: 0.1897 - accuracy: 0.9141  5/146 [>.............................] - ETA: 4:49 - loss: 0.1552 - accuracy: 0.9312  6/146 [>.............................] - ETA: 4:44 - loss: 0.1337 - accuracy: 0.9427  7/146 [>.............................] - ETA: 4:43 - loss: 0.1237 - accuracy: 0.9464  8/146 [>.............................] - ETA: 4:46 - loss: 0.1129 - accuracy: 0.9531  9/146 [>.............................] - ETA: 4:44 - loss: 0.1028 - accuracy: 0.9583 10/146 [=>............................] - ETA: 4:43 - loss: 0.1082 - accuracy: 0.9594 11/146 [=>............................] - ETA: 4:42 - loss: 0.1029 - accuracy: 0.9631 12/146 [=>............................] - ETA: 4:37 - loss: 0.0996 - accuracy: 0.9635 13/146 [=>............................] - ETA: 4:35 - loss: 0.0933 - accuracy: 0.9663 14/146 [=>............................] - ETA: 4:34 - loss: 0.0885 - accuracy: 0.9688 15/146 [==>...........................] - ETA: 4:32 - loss: 0.0843 - accuracy: 0.9708 16/146 [==>...........................] - ETA: 4:30 - loss: 0.0794 - accuracy: 0.9727 17/146 [==>...........................] - ETA: 4:27 - loss: 0.0805 - accuracy: 0.9706 18/146 [==>...........................] - ETA: 4:24 - loss: 0.0973 - accuracy: 0.9653 19/146 [==>...........................] - ETA: 4:22 - loss: 0.0963 - accuracy: 0.9638 20/146 [===>..........................] - ETA: 4:20 - loss: 0.0949 - accuracy: 0.9641 21/146 [===>..........................] - ETA: 4:17 - loss: 0.0918 - accuracy: 0.9658 22/146 [===>..........................] - ETA: 4:15 - loss: 0.0888 - accuracy: 0.9673 23/146 [===>..........................] - ETA: 4:12 - loss: 0.0968 - accuracy: 0.9647 24/146 [===>..........................] - ETA: 4:10 - loss: 0.0931 - accuracy: 0.9661 25/146 [====>.........................] - ETA: 4:08 - loss: 0.0965 - accuracy: 0.9625 26/146 [====>.........................] - ETA: 4:06 - loss: 0.0957 - accuracy: 0.9627 27/146 [====>.........................] - ETA: 4:05 - loss: 0.0942 - accuracy: 0.9641 28/146 [====>.........................] - ETA: 4:03 - loss: 0.0955 - accuracy: 0.9632 29/146 [====>.........................] - ETA: 4:01 - loss: 0.0943 - accuracy: 0.9634 30/146 [=====>........................] - ETA: 3:57 - loss: 0.0945 - accuracy: 0.9625 31/146 [=====>........................] - ETA: 3:55 - loss: 0.0935 - accuracy: 0.9637 32/146 [=====>........................] - ETA: 3:52 - loss: 0.0938 - accuracy: 0.9639 33/146 [=====>........................] - ETA: 3:49 - loss: 0.0926 - accuracy: 0.9640 34/146 [=====>........................] - ETA: 3:46 - loss: 0.0912 - accuracy: 0.9651 35/146 [======>.......................] - ETA: 3:44 - loss: 0.0899 - accuracy: 0.9661 36/146 [======>.......................] - ETA: 3:41 - loss: 0.0884 - accuracy: 0.9670 37/146 [======>.......................] - ETA: 3:39 - loss: 0.0864 - accuracy: 0.9679 38/146 [======>.......................] - ETA: 3:35 - loss: 0.0881 - accuracy: 0.9655 39/146 [=======>......................] - ETA: 3:32 - loss: 0.0921 - accuracy: 0.9639 40/146 [=======>......................] - ETA: 3:29 - loss: 0.0907 - accuracy: 0.9648 41/146 [=======>......................] - ETA: 3:26 - loss: 0.0906 - accuracy: 0.9642 42/146 [=======>......................] - ETA: 3:23 - loss: 0.0894 - accuracy: 0.9643 43/146 [=======>......................] - ETA: 3:20 - loss: 0.0885 - accuracy: 0.9651 44/146 [========>.....................] - ETA: 3:18 - loss: 0.0889 - accuracy: 0.9652 45/146 [========>.....................] - ETA: 3:15 - loss: 0.0913 - accuracy: 0.9639 46/146 [========>.....................] - ETA: 3:12 - loss: 0.0898 - accuracy: 0.9647 47/146 [========>.....................] - ETA: 3:10 - loss: 0.0879 - accuracy: 0.9654 48/146 [========>.....................] - ETA: 3:07 - loss: 0.0867 - accuracy: 0.9661 49/146 [=========>....................] - ETA: 3:05 - loss: 0.0867 - accuracy: 0.9668 50/146 [=========>....................] - ETA: 3:03 - loss: 0.0856 - accuracy: 0.9675 51/146 [=========>....................] - ETA: 3:00 - loss: 0.0852 - accuracy: 0.9681 52/146 [=========>....................] - ETA: 2:58 - loss: 0.0842 - accuracy: 0.9688 53/146 [=========>....................] - ETA: 2:55 - loss: 0.0832 - accuracy: 0.9693 54/146 [==========>...................] - ETA: 2:53 - loss: 0.0821 - accuracy: 0.9699 55/146 [==========>...................] - ETA: 2:51 - loss: 0.0812 - accuracy: 0.9705 56/146 [==========>...................] - ETA: 2:49 - loss: 0.0810 - accuracy: 0.9704 57/146 [==========>...................] - ETA: 2:46 - loss: 0.0808 - accuracy: 0.9704 58/146 [==========>...................] - ETA: 2:44 - loss: 0.0798 - accuracy: 0.9709 59/146 [===========>..................] - ETA: 2:42 - loss: 0.0794 - accuracy: 0.9709 60/146 [===========>..................] - ETA: 2:39 - loss: 0.0789 - accuracy: 0.9708 61/146 [===========>..................] - ETA: 2:37 - loss: 0.0796 - accuracy: 0.9703 62/146 [===========>..................] - ETA: 2:35 - loss: 0.0788 - accuracy: 0.9703 63/146 [===========>..................] - ETA: 2:33 - loss: 0.0786 - accuracy: 0.9702 64/146 [============>.................] - ETA: 2:30 - loss: 0.0787 - accuracy: 0.9697 65/146 [============>.................] - ETA: 2:29 - loss: 0.0775 - accuracy: 0.9702 66/146 [============>.................] - ETA: 2:27 - loss: 0.0776 - accuracy: 0.9697 67/146 [============>.................] - ETA: 2:25 - loss: 0.0777 - accuracy: 0.9697 68/146 [============>.................] - ETA: 2:23 - loss: 0.0768 - accuracy: 0.9701 69/146 [=============>................] - ETA: 2:21 - loss: 0.0766 - accuracy: 0.9701 70/146 [=============>................] - ETA: 2:19 - loss: 0.0756 - accuracy: 0.9705 71/146 [=============>................] - ETA: 2:17 - loss: 0.0752 - accuracy: 0.9710 72/146 [=============>................] - ETA: 2:15 - loss: 0.0753 - accuracy: 0.9709 73/146 [==============>...............] - ETA: 2:13 - loss: 0.0755 - accuracy: 0.9709 74/146 [==============>...............] - ETA: 2:11 - loss: 0.0760 - accuracy: 0.9709 75/146 [==============>...............] - ETA: 2:09 - loss: 0.0765 - accuracy: 0.9708 76/146 [==============>...............] - ETA: 2:07 - loss: 0.0761 - accuracy: 0.9708 77/146 [==============>...............] - ETA: 2:06 - loss: 0.0757 - accuracy: 0.9708 78/146 [===============>..............] - ETA: 2:04 - loss: 0.0756 - accuracy: 0.9704 79/146 [===============>..............] - ETA: 2:02 - loss: 0.0752 - accuracy: 0.9703 80/146 [===============>..............] - ETA: 2:00 - loss: 0.0746 - accuracy: 0.9707 81/146 [===============>..............] - ETA: 1:59 - loss: 0.0741 - accuracy: 0.9711 82/146 [===============>..............] - ETA: 1:57 - loss: 0.0733 - accuracy: 0.9714 83/146 [================>.............] - ETA: 1:55 - loss: 0.0742 - accuracy: 0.9710 84/146 [================>.............] - ETA: 1:53 - loss: 0.0733 - accuracy: 0.9714 85/146 [================>.............] - ETA: 1:52 - loss: 0.0726 - accuracy: 0.9717 86/146 [================>.............] - ETA: 1:50 - loss: 0.0723 - accuracy: 0.9717 87/146 [================>.............] - ETA: 1:48 - loss: 0.0716 - accuracy: 0.9720 88/146 [=================>............] - ETA: 1:46 - loss: 0.0708 - accuracy: 0.9723 89/146 [=================>............] - ETA: 1:44 - loss: 0.0719 - accuracy: 0.9723 90/146 [=================>............] - ETA: 1:42 - loss: 0.0716 - accuracy: 0.9722 91/146 [=================>............] - ETA: 1:41 - loss: 0.0708 - accuracy: 0.9725 92/146 [=================>............] - ETA: 1:39 - loss: 0.0706 - accuracy: 0.9728 93/146 [==================>...........] - ETA: 1:38 - loss: 0.0701 - accuracy: 0.9731 94/146 [==================>...........] - ETA: 1:36 - loss: 0.0694 - accuracy: 0.9734 95/146 [==================>...........] - ETA: 1:34 - loss: 0.0688 - accuracy: 0.9737 96/146 [==================>...........] - ETA: 1:33 - loss: 0.0681 - accuracy: 0.9740 97/146 [==================>...........] - ETA: 1:31 - loss: 0.0674 - accuracy: 0.9742 98/146 [===================>..........] - ETA: 1:29 - loss: 0.0682 - accuracy: 0.9742 99/146 [===================>..........] - ETA: 1:27 - loss: 0.0676 - accuracy: 0.9744100/146 [===================>..........] - ETA: 1:25 - loss: 0.0672 - accuracy: 0.9747101/146 [===================>..........] - ETA: 1:24 - loss: 0.0666 - accuracy: 0.9749102/146 [===================>..........] - ETA: 1:22 - loss: 0.0662 - accuracy: 0.9752103/146 [====================>.........] - ETA: 1:20 - loss: 0.0663 - accuracy: 0.9751104/146 [====================>.........] - ETA: 1:18 - loss: 0.0660 - accuracy: 0.9751105/146 [====================>.........] - ETA: 1:16 - loss: 0.0655 - accuracy: 0.9753106/146 [====================>.........] - ETA: 1:14 - loss: 0.0650 - accuracy: 0.9755107/146 [====================>.........] - ETA: 1:12 - loss: 0.0663 - accuracy: 0.9749108/146 [=====================>........] - ETA: 1:11 - loss: 0.0685 - accuracy: 0.9745109/146 [=====================>........] - ETA: 1:09 - loss: 0.0691 - accuracy: 0.9745110/146 [=====================>........] - ETA: 1:07 - loss: 0.0694 - accuracy: 0.9744111/146 [=====================>........] - ETA: 1:05 - loss: 0.0696 - accuracy: 0.9744112/146 [======================>.......] - ETA: 1:03 - loss: 0.0692 - accuracy: 0.9746113/146 [======================>.......] - ETA: 1:01 - loss: 0.0688 - accuracy: 0.9748114/146 [======================>.......] - ETA: 59s - loss: 0.0690 - accuracy: 0.9748 115/146 [======================>.......] - ETA: 58s - loss: 0.0686 - accuracy: 0.9750116/146 [======================>.......] - ETA: 56s - loss: 0.0683 - accuracy: 0.9752117/146 [=======================>......] - ETA: 54s - loss: 0.0688 - accuracy: 0.9749118/146 [=======================>......] - ETA: 52s - loss: 0.0696 - accuracy: 0.9746119/146 [=======================>......] - ETA: 50s - loss: 0.0691 - accuracy: 0.9748120/146 [=======================>......] - ETA: 48s - loss: 0.0692 - accuracy: 0.9747121/146 [=======================>......] - ETA: 46s - loss: 0.0691 - accuracy: 0.9747122/146 [========================>.....] - ETA: 44s - loss: 0.0691 - accuracy: 0.9746123/146 [========================>.....] - ETA: 43s - loss: 0.0710 - accuracy: 0.9741124/146 [========================>.....] - ETA: 41s - loss: 0.0711 - accuracy: 0.9740125/146 [========================>.....] - ETA: 39s - loss: 0.0711 - accuracy: 0.9743126/146 [========================>.....] - ETA: 37s - loss: 0.0713 - accuracy: 0.9742127/146 [=========================>....] - ETA: 35s - loss: 0.0720 - accuracy: 0.9739128/146 [=========================>....] - ETA: 33s - loss: 0.0720 - accuracy: 0.9739129/146 [=========================>....] - ETA: 31s - loss: 0.0716 - accuracy: 0.9741130/146 [=========================>....] - ETA: 30s - loss: 0.0713 - accuracy: 0.9743131/146 [=========================>....] - ETA: 28s - loss: 0.0718 - accuracy: 0.9740132/146 [==========================>...] - ETA: 26s - loss: 0.0719 - accuracy: 0.9737133/146 [==========================>...] - ETA: 24s - loss: 0.0721 - accuracy: 0.9734134/146 [==========================>...] - ETA: 22s - loss: 0.0720 - accuracy: 0.9734135/146 [==========================>...] - ETA: 20s - loss: 0.0722 - accuracy: 0.9731136/146 [==========================>...] - ETA: 18s - loss: 0.0719 - accuracy: 0.9733137/146 [===========================>..] - ETA: 16s - loss: 0.0719 - accuracy: 0.9733138/146 [===========================>..] - ETA: 15s - loss: 0.0720 - accuracy: 0.9733139/146 [===========================>..] - ETA: 13s - loss: 0.0718 - accuracy: 0.9735140/146 [===========================>..] - ETA: 11s - loss: 0.0714 - accuracy: 0.9737141/146 [===========================>..] - ETA: 9s - loss: 0.0711 - accuracy: 0.9738 142/146 [============================>.] - ETA: 7s - loss: 0.0711 - accuracy: 0.9740143/146 [============================>.] - ETA: 5s - loss: 0.0717 - accuracy: 0.9738144/146 [============================>.] - ETA: 3s - loss: 0.0723 - accuracy: 0.9737145/146 [============================>.] - ETA: 1s - loss: 0.0722 - accuracy: 0.9737146/146 [==============================] - ETA: 0s - loss: 0.0722 - accuracy: 0.9737146/146 [==============================] - 301s 2s/step - loss: 0.0722 - accuracy: 0.9737 - val_loss: 0.4346 - val_accuracy: 0.9061
Epoch 40/108
  1/146 [..............................] - ETA: 5:20 - loss: 0.0186 - accuracy: 1.0000  2/146 [..............................] - ETA: 5:31 - loss: 0.0410 - accuracy: 1.0000  3/146 [..............................] - ETA: 5:16 - loss: 0.0489 - accuracy: 0.9896  4/146 [..............................] - ETA: 5:04 - loss: 0.0383 - accuracy: 0.9922  5/146 [>.............................] - ETA: 4:51 - loss: 0.0346 - accuracy: 0.9937  6/146 [>.............................] - ETA: 4:47 - loss: 0.0349 - accuracy: 0.9896  7/146 [>.............................] - ETA: 4:44 - loss: 0.0380 - accuracy: 0.9866  8/146 [>.............................] - ETA: 4:40 - loss: 0.0377 - accuracy: 0.9883  9/146 [>.............................] - ETA: 4:38 - loss: 0.0380 - accuracy: 0.9861 10/146 [=>............................] - ETA: 4:35 - loss: 0.0375 - accuracy: 0.9875 11/146 [=>............................] - ETA: 4:31 - loss: 0.0358 - accuracy: 0.9886 12/146 [=>............................] - ETA: 4:27 - loss: 0.0348 - accuracy: 0.9896 13/146 [=>............................] - ETA: 4:25 - loss: 0.0343 - accuracy: 0.9904 14/146 [=>............................] - ETA: 4:22 - loss: 0.0327 - accuracy: 0.9911 15/146 [==>...........................] - ETA: 4:18 - loss: 0.0307 - accuracy: 0.9917 16/146 [==>...........................] - ETA: 4:16 - loss: 0.0296 - accuracy: 0.9922 17/146 [==>...........................] - ETA: 4:12 - loss: 0.0287 - accuracy: 0.9926 18/146 [==>...........................] - ETA: 4:08 - loss: 0.0279 - accuracy: 0.9931 19/146 [==>...........................] - ETA: 4:05 - loss: 0.0289 - accuracy: 0.9934 20/146 [===>..........................] - ETA: 4:03 - loss: 0.0428 - accuracy: 0.9906 21/146 [===>..........................] - ETA: 4:01 - loss: 0.0421 - accuracy: 0.9911 22/146 [===>..........................] - ETA: 3:58 - loss: 0.0442 - accuracy: 0.9901 23/146 [===>..........................] - ETA: 3:55 - loss: 0.0425 - accuracy: 0.9905 24/146 [===>..........................] - ETA: 3:51 - loss: 0.0440 - accuracy: 0.9883 25/146 [====>.........................] - ETA: 3:48 - loss: 0.0453 - accuracy: 0.9875 26/146 [====>.........................] - ETA: 3:45 - loss: 0.0442 - accuracy: 0.9880 27/146 [====>.........................] - ETA: 3:41 - loss: 0.0436 - accuracy: 0.9884 28/146 [====>.........................] - ETA: 3:39 - loss: 0.0426 - accuracy: 0.9888 29/146 [====>.........................] - ETA: 3:38 - loss: 0.0417 - accuracy: 0.9892 30/146 [=====>........................] - ETA: 3:36 - loss: 0.0407 - accuracy: 0.9896 31/146 [=====>........................] - ETA: 3:35 - loss: 0.0402 - accuracy: 0.9899 32/146 [=====>........................] - ETA: 3:31 - loss: 0.0408 - accuracy: 0.9893 33/146 [=====>........................] - ETA: 3:30 - loss: 0.0397 - accuracy: 0.9896 34/146 [=====>........................] - ETA: 3:28 - loss: 0.0405 - accuracy: 0.9890 35/146 [======>.......................] - ETA: 3:26 - loss: 0.0396 - accuracy: 0.9893 36/146 [======>.......................] - ETA: 3:24 - loss: 0.0398 - accuracy: 0.9887 37/146 [======>.......................] - ETA: 3:23 - loss: 0.0389 - accuracy: 0.9890 38/146 [======>.......................] - ETA: 3:22 - loss: 0.0382 - accuracy: 0.9893 39/146 [=======>......................] - ETA: 3:21 - loss: 0.0380 - accuracy: 0.9896 40/146 [=======>......................] - ETA: 3:19 - loss: 0.0376 - accuracy: 0.9898 41/146 [=======>......................] - ETA: 3:18 - loss: 0.0447 - accuracy: 0.9878 42/146 [=======>......................] - ETA: 3:17 - loss: 0.0468 - accuracy: 0.9874 43/146 [=======>......................] - ETA: 3:16 - loss: 0.0465 - accuracy: 0.9869 44/146 [========>.....................] - ETA: 3:14 - loss: 0.0486 - accuracy: 0.9858 45/146 [========>.....................] - ETA: 3:13 - loss: 0.0479 - accuracy: 0.9861 46/146 [========>.....................] - ETA: 3:11 - loss: 0.0472 - accuracy: 0.9864 47/146 [========>.....................] - ETA: 3:09 - loss: 0.0469 - accuracy: 0.9860 48/146 [========>.....................] - ETA: 3:07 - loss: 0.0491 - accuracy: 0.9850 49/146 [=========>....................] - ETA: 3:06 - loss: 0.0516 - accuracy: 0.9841 50/146 [=========>....................] - ETA: 3:04 - loss: 0.0507 - accuracy: 0.9844 51/146 [=========>....................] - ETA: 3:03 - loss: 0.0500 - accuracy: 0.9847 52/146 [=========>....................] - ETA: 3:01 - loss: 0.0494 - accuracy: 0.9850 53/146 [=========>....................] - ETA: 2:59 - loss: 0.0495 - accuracy: 0.9853 54/146 [==========>...................] - ETA: 2:57 - loss: 0.0489 - accuracy: 0.9855 55/146 [==========>...................] - ETA: 2:55 - loss: 0.0484 - accuracy: 0.9858 56/146 [==========>...................] - ETA: 2:54 - loss: 0.0478 - accuracy: 0.9860 57/146 [==========>...................] - ETA: 2:52 - loss: 0.0511 - accuracy: 0.9852 58/146 [==========>...................] - ETA: 2:51 - loss: 0.0506 - accuracy: 0.9855 59/146 [===========>..................] - ETA: 2:49 - loss: 0.0498 - accuracy: 0.9857 60/146 [===========>..................] - ETA: 2:47 - loss: 0.0498 - accuracy: 0.9859 61/146 [===========>..................] - ETA: 2:45 - loss: 0.0491 - accuracy: 0.9862 62/146 [===========>..................] - ETA: 2:43 - loss: 0.0492 - accuracy: 0.9859 63/146 [===========>..................] - ETA: 2:41 - loss: 0.0507 - accuracy: 0.9856 64/146 [============>.................] - ETA: 2:40 - loss: 0.0500 - accuracy: 0.9858 65/146 [============>.................] - ETA: 2:38 - loss: 0.0493 - accuracy: 0.9861 66/146 [============>.................] - ETA: 2:36 - loss: 0.0487 - accuracy: 0.9863 67/146 [============>.................] - ETA: 2:34 - loss: 0.0505 - accuracy: 0.9855 68/146 [============>.................] - ETA: 2:32 - loss: 0.0499 - accuracy: 0.9858 69/146 [=============>................] - ETA: 2:30 - loss: 0.0498 - accuracy: 0.9860 70/146 [=============>................] - ETA: 2:28 - loss: 0.0494 - accuracy: 0.9862 71/146 [=============>................] - ETA: 2:26 - loss: 0.0497 - accuracy: 0.9859 72/146 [=============>................] - ETA: 2:24 - loss: 0.0492 - accuracy: 0.9861 73/146 [==============>...............] - ETA: 2:22 - loss: 0.0492 - accuracy: 0.9859 74/146 [==============>...............] - ETA: 2:20 - loss: 0.0497 - accuracy: 0.9856 75/146 [==============>...............] - ETA: 2:18 - loss: 0.0500 - accuracy: 0.9854 76/146 [==============>...............] - ETA: 2:17 - loss: 0.0499 - accuracy: 0.9856 77/146 [==============>...............] - ETA: 2:15 - loss: 0.0502 - accuracy: 0.9854 78/146 [===============>..............] - ETA: 2:13 - loss: 0.0501 - accuracy: 0.9852 79/146 [===============>..............] - ETA: 2:11 - loss: 0.0497 - accuracy: 0.9854 80/146 [===============>..............] - ETA: 2:09 - loss: 0.0496 - accuracy: 0.9855 81/146 [===============>..............] - ETA: 2:07 - loss: 0.0492 - accuracy: 0.9857 82/146 [===============>..............] - ETA: 2:05 - loss: 0.0497 - accuracy: 0.9855 83/146 [================>.............] - ETA: 2:03 - loss: 0.0493 - accuracy: 0.9857 84/146 [================>.............] - ETA: 2:01 - loss: 0.0501 - accuracy: 0.9855 85/146 [================>.............] - ETA: 1:59 - loss: 0.0502 - accuracy: 0.9853 86/146 [================>.............] - ETA: 1:57 - loss: 0.0506 - accuracy: 0.9847 87/146 [================>.............] - ETA: 1:55 - loss: 0.0503 - accuracy: 0.9849 88/146 [=================>............] - ETA: 1:53 - loss: 0.0509 - accuracy: 0.9844 89/146 [=================>............] - ETA: 1:51 - loss: 0.0547 - accuracy: 0.9838 90/146 [=================>............] - ETA: 1:49 - loss: 0.0546 - accuracy: 0.9840 91/146 [=================>............] - ETA: 1:47 - loss: 0.0543 - accuracy: 0.9842 92/146 [=================>............] - ETA: 1:45 - loss: 0.0543 - accuracy: 0.9844 93/146 [==================>...........] - ETA: 1:43 - loss: 0.0553 - accuracy: 0.9832 94/146 [==================>...........] - ETA: 1:41 - loss: 0.0550 - accuracy: 0.9834 95/146 [==================>...........] - ETA: 1:40 - loss: 0.0551 - accuracy: 0.9832 96/146 [==================>...........] - ETA: 1:38 - loss: 0.0546 - accuracy: 0.9834 97/146 [==================>...........] - ETA: 1:36 - loss: 0.0543 - accuracy: 0.9836 98/146 [===================>..........] - ETA: 1:34 - loss: 0.0546 - accuracy: 0.9834 99/146 [===================>..........] - ETA: 1:32 - loss: 0.0543 - accuracy: 0.9836100/146 [===================>..........] - ETA: 1:30 - loss: 0.0544 - accuracy: 0.9834101/146 [===================>..........] - ETA: 1:28 - loss: 0.0541 - accuracy: 0.9836102/146 [===================>..........] - ETA: 1:26 - loss: 0.0542 - accuracy: 0.9835103/146 [====================>.........] - ETA: 1:24 - loss: 0.0547 - accuracy: 0.9833104/146 [====================>.........] - ETA: 1:22 - loss: 0.0573 - accuracy: 0.9832105/146 [====================>.........] - ETA: 1:20 - loss: 0.0582 - accuracy: 0.9824106/146 [====================>.........] - ETA: 1:18 - loss: 0.0577 - accuracy: 0.9826107/146 [====================>.........] - ETA: 1:16 - loss: 0.0573 - accuracy: 0.9828108/146 [=====================>........] - ETA: 1:14 - loss: 0.0569 - accuracy: 0.9829109/146 [=====================>........] - ETA: 1:12 - loss: 0.0567 - accuracy: 0.9831110/146 [=====================>........] - ETA: 1:10 - loss: 0.0567 - accuracy: 0.9832111/146 [=====================>........] - ETA: 1:08 - loss: 0.0563 - accuracy: 0.9834112/146 [======================>.......] - ETA: 1:06 - loss: 0.0561 - accuracy: 0.9835113/146 [======================>.......] - ETA: 1:04 - loss: 0.0564 - accuracy: 0.9831114/146 [======================>.......] - ETA: 1:02 - loss: 0.0562 - accuracy: 0.9830115/146 [======================>.......] - ETA: 1:00 - loss: 0.0563 - accuracy: 0.9829116/146 [======================>.......] - ETA: 58s - loss: 0.0562 - accuracy: 0.9830 117/146 [=======================>......] - ETA: 56s - loss: 0.0558 - accuracy: 0.9832118/146 [=======================>......] - ETA: 54s - loss: 0.0554 - accuracy: 0.9833119/146 [=======================>......] - ETA: 53s - loss: 0.0550 - accuracy: 0.9835120/146 [=======================>......] - ETA: 51s - loss: 0.0550 - accuracy: 0.9833121/146 [=======================>......] - ETA: 49s - loss: 0.0549 - accuracy: 0.9832122/146 [========================>.....] - ETA: 47s - loss: 0.0545 - accuracy: 0.9834123/146 [========================>.....] - ETA: 45s - loss: 0.0560 - accuracy: 0.9832124/146 [========================>.....] - ETA: 43s - loss: 0.0560 - accuracy: 0.9831125/146 [========================>.....] - ETA: 41s - loss: 0.0560 - accuracy: 0.9830126/146 [========================>.....] - ETA: 39s - loss: 0.0559 - accuracy: 0.9829127/146 [=========================>....] - ETA: 37s - loss: 0.0561 - accuracy: 0.9828128/146 [=========================>....] - ETA: 35s - loss: 0.0558 - accuracy: 0.9829129/146 [=========================>....] - ETA: 33s - loss: 0.0556 - accuracy: 0.9830130/146 [=========================>....] - ETA: 31s - loss: 0.0555 - accuracy: 0.9832131/146 [=========================>....] - ETA: 29s - loss: 0.0557 - accuracy: 0.9831132/146 [==========================>...] - ETA: 27s - loss: 0.0558 - accuracy: 0.9830133/146 [==========================>...] - ETA: 25s - loss: 0.0555 - accuracy: 0.9831134/146 [==========================>...] - ETA: 23s - loss: 0.0554 - accuracy: 0.9832135/146 [==========================>...] - ETA: 21s - loss: 0.0553 - accuracy: 0.9833136/146 [==========================>...] - ETA: 19s - loss: 0.0552 - accuracy: 0.9832137/146 [===========================>..] - ETA: 17s - loss: 0.0551 - accuracy: 0.9833138/146 [===========================>..] - ETA: 15s - loss: 0.0554 - accuracy: 0.9832139/146 [===========================>..] - ETA: 13s - loss: 0.0554 - accuracy: 0.9831140/146 [===========================>..] - ETA: 11s - loss: 0.0561 - accuracy: 0.9826141/146 [===========================>..] - ETA: 9s - loss: 0.0558 - accuracy: 0.9827 142/146 [============================>.] - ETA: 7s - loss: 0.0554 - accuracy: 0.9828143/146 [============================>.] - ETA: 5s - loss: 0.0550 - accuracy: 0.9830144/146 [============================>.] - ETA: 3s - loss: 0.0550 - accuracy: 0.9829145/146 [============================>.] - ETA: 1s - loss: 0.0547 - accuracy: 0.9830146/146 [==============================] - ETA: 0s - loss: 0.0547 - accuracy: 0.9830146/146 [==============================] - 325s 2s/step - loss: 0.0547 - accuracy: 0.9830 - val_loss: 0.6025 - val_accuracy: 0.8957
Epoch 41/108
  1/146 [..............................] - ETA: 5:21 - loss: 0.0125 - accuracy: 1.0000  2/146 [..............................] - ETA: 4:38 - loss: 0.0197 - accuracy: 1.0000  3/146 [..............................] - ETA: 4:46 - loss: 0.0234 - accuracy: 0.9896  4/146 [..............................] - ETA: 4:46 - loss: 0.0783 - accuracy: 0.9766  5/146 [>.............................] - ETA: 4:44 - loss: 0.0645 - accuracy: 0.9812  6/146 [>.............................] - ETA: 4:46 - loss: 0.0567 - accuracy: 0.9844  7/146 [>.............................] - ETA: 4:45 - loss: 0.0547 - accuracy: 0.9821  8/146 [>.............................] - ETA: 4:44 - loss: 0.0487 - accuracy: 0.9844  9/146 [>.............................] - ETA: 4:41 - loss: 0.0604 - accuracy: 0.9792 10/146 [=>............................] - ETA: 4:39 - loss: 0.0622 - accuracy: 0.9781 11/146 [=>............................] - ETA: 4:33 - loss: 0.0609 - accuracy: 0.9801 12/146 [=>............................] - ETA: 4:31 - loss: 0.0772 - accuracy: 0.9792 13/146 [=>............................] - ETA: 4:30 - loss: 0.0717 - accuracy: 0.9808 14/146 [=>............................] - ETA: 4:29 - loss: 0.0674 - accuracy: 0.9821 15/146 [==>...........................] - ETA: 4:27 - loss: 0.0640 - accuracy: 0.9833 16/146 [==>...........................] - ETA: 4:26 - loss: 0.0615 - accuracy: 0.9844 17/146 [==>...........................] - ETA: 4:23 - loss: 0.0580 - accuracy: 0.9853 18/146 [==>...........................] - ETA: 4:20 - loss: 0.0553 - accuracy: 0.9861 19/146 [==>...........................] - ETA: 4:19 - loss: 0.0529 - accuracy: 0.9868 20/146 [===>..........................] - ETA: 4:17 - loss: 0.0607 - accuracy: 0.9828 21/146 [===>..........................] - ETA: 4:14 - loss: 0.0585 - accuracy: 0.9836 22/146 [===>..........................] - ETA: 4:12 - loss: 0.0570 - accuracy: 0.9844 23/146 [===>..........................] - ETA: 4:08 - loss: 0.0562 - accuracy: 0.9837 24/146 [===>..........................] - ETA: 4:06 - loss: 0.0543 - accuracy: 0.9844 25/146 [====>.........................] - ETA: 4:03 - loss: 0.0523 - accuracy: 0.9850 26/146 [====>.........................] - ETA: 4:01 - loss: 0.0509 - accuracy: 0.9856 27/146 [====>.........................] - ETA: 3:59 - loss: 0.0496 - accuracy: 0.9861 28/146 [====>.........................] - ETA: 3:56 - loss: 0.0498 - accuracy: 0.9855 29/146 [====>.........................] - ETA: 3:54 - loss: 0.0487 - accuracy: 0.9860 30/146 [=====>........................] - ETA: 3:52 - loss: 0.0476 - accuracy: 0.9865 31/146 [=====>........................] - ETA: 3:51 - loss: 0.0471 - accuracy: 0.9869 32/146 [=====>........................] - ETA: 3:49 - loss: 0.0463 - accuracy: 0.9873 33/146 [=====>........................] - ETA: 3:46 - loss: 0.0482 - accuracy: 0.9858 34/146 [=====>........................] - ETA: 3:44 - loss: 0.0481 - accuracy: 0.9862 35/146 [======>.......................] - ETA: 3:42 - loss: 0.0478 - accuracy: 0.9857 36/146 [======>.......................] - ETA: 3:41 - loss: 0.0475 - accuracy: 0.9861 37/146 [======>.......................] - ETA: 3:39 - loss: 0.0467 - accuracy: 0.9865 38/146 [======>.......................] - ETA: 3:37 - loss: 0.0466 - accuracy: 0.9868 39/146 [=======>......................] - ETA: 3:35 - loss: 0.0463 - accuracy: 0.9872 40/146 [=======>......................] - ETA: 3:34 - loss: 0.0459 - accuracy: 0.9875 41/146 [=======>......................] - ETA: 3:32 - loss: 0.0454 - accuracy: 0.9878 42/146 [=======>......................] - ETA: 3:29 - loss: 0.0448 - accuracy: 0.9881 43/146 [=======>......................] - ETA: 3:27 - loss: 0.0439 - accuracy: 0.9884 44/146 [========>.....................] - ETA: 3:25 - loss: 0.0444 - accuracy: 0.9879 45/146 [========>.....................] - ETA: 3:22 - loss: 0.0436 - accuracy: 0.9882 46/146 [========>.....................] - ETA: 3:20 - loss: 0.0427 - accuracy: 0.9885 47/146 [========>.....................] - ETA: 3:18 - loss: 0.0421 - accuracy: 0.9887 48/146 [========>.....................] - ETA: 3:16 - loss: 0.0478 - accuracy: 0.9883 49/146 [=========>....................] - ETA: 3:14 - loss: 0.0479 - accuracy: 0.9879 50/146 [=========>....................] - ETA: 3:12 - loss: 0.0470 - accuracy: 0.9881 51/146 [=========>....................] - ETA: 3:10 - loss: 0.0462 - accuracy: 0.9884 52/146 [=========>....................] - ETA: 3:07 - loss: 0.0462 - accuracy: 0.9880 53/146 [=========>....................] - ETA: 3:05 - loss: 0.0461 - accuracy: 0.9876 54/146 [==========>...................] - ETA: 3:03 - loss: 0.0455 - accuracy: 0.9878 55/146 [==========>...................] - ETA: 3:00 - loss: 0.0450 - accuracy: 0.9881 56/146 [==========>...................] - ETA: 2:58 - loss: 0.0446 - accuracy: 0.9883 57/146 [==========>...................] - ETA: 2:56 - loss: 0.0446 - accuracy: 0.9879 58/146 [==========>...................] - ETA: 2:54 - loss: 0.0440 - accuracy: 0.9881 59/146 [===========>..................] - ETA: 2:51 - loss: 0.0450 - accuracy: 0.9873 60/146 [===========>..................] - ETA: 2:49 - loss: 0.0446 - accuracy: 0.9875 61/146 [===========>..................] - ETA: 2:47 - loss: 0.0464 - accuracy: 0.9872 62/146 [===========>..................] - ETA: 2:45 - loss: 0.0461 - accuracy: 0.9874 63/146 [===========>..................] - ETA: 2:43 - loss: 0.0457 - accuracy: 0.9876 64/146 [============>.................] - ETA: 2:40 - loss: 0.0452 - accuracy: 0.9878 65/146 [============>.................] - ETA: 2:38 - loss: 0.0451 - accuracy: 0.9880 66/146 [============>.................] - ETA: 2:36 - loss: 0.0446 - accuracy: 0.9882 67/146 [============>.................] - ETA: 2:34 - loss: 0.0444 - accuracy: 0.9883 68/146 [============>.................] - ETA: 2:32 - loss: 0.0438 - accuracy: 0.9885 69/146 [=============>................] - ETA: 2:30 - loss: 0.0437 - accuracy: 0.9887 70/146 [=============>................] - ETA: 2:29 - loss: 0.0449 - accuracy: 0.9884 71/146 [=============>................] - ETA: 2:27 - loss: 0.0464 - accuracy: 0.9881 72/146 [=============>................] - ETA: 2:25 - loss: 0.0462 - accuracy: 0.9883 73/146 [==============>...............] - ETA: 2:23 - loss: 0.0458 - accuracy: 0.9884 74/146 [==============>...............] - ETA: 2:20 - loss: 0.0455 - accuracy: 0.9886 75/146 [==============>...............] - ETA: 2:18 - loss: 0.0449 - accuracy: 0.9887 76/146 [==============>...............] - ETA: 2:17 - loss: 0.0451 - accuracy: 0.9885 77/146 [==============>...............] - ETA: 2:15 - loss: 0.0446 - accuracy: 0.9886 78/146 [===============>..............] - ETA: 2:13 - loss: 0.0450 - accuracy: 0.9884 79/146 [===============>..............] - ETA: 2:11 - loss: 0.0448 - accuracy: 0.9881 80/146 [===============>..............] - ETA: 2:09 - loss: 0.0447 - accuracy: 0.9879 81/146 [===============>..............] - ETA: 2:07 - loss: 0.0443 - accuracy: 0.9880 82/146 [===============>..............] - ETA: 2:05 - loss: 0.0440 - accuracy: 0.9882 83/146 [================>.............] - ETA: 2:03 - loss: 0.0436 - accuracy: 0.9883 84/146 [================>.............] - ETA: 2:01 - loss: 0.0434 - accuracy: 0.9881 85/146 [================>.............] - ETA: 1:59 - loss: 0.0431 - accuracy: 0.9882 86/146 [================>.............] - ETA: 1:57 - loss: 0.0429 - accuracy: 0.9884 87/146 [================>.............] - ETA: 1:55 - loss: 0.0425 - accuracy: 0.9885 88/146 [=================>............] - ETA: 1:53 - loss: 0.0422 - accuracy: 0.9886 89/146 [=================>............] - ETA: 1:51 - loss: 0.0422 - accuracy: 0.9884 90/146 [=================>............] - ETA: 1:50 - loss: 0.0420 - accuracy: 0.9885 91/146 [=================>............] - ETA: 1:48 - loss: 0.0415 - accuracy: 0.9887 92/146 [=================>............] - ETA: 1:46 - loss: 0.0412 - accuracy: 0.9888 93/146 [==================>...........] - ETA: 1:44 - loss: 0.0410 - accuracy: 0.9889 94/146 [==================>...........] - ETA: 1:42 - loss: 0.0408 - accuracy: 0.9887 95/146 [==================>...........] - ETA: 1:40 - loss: 0.0404 - accuracy: 0.9888 96/146 [==================>...........] - ETA: 1:38 - loss: 0.0416 - accuracy: 0.9883 97/146 [==================>...........] - ETA: 1:36 - loss: 0.0412 - accuracy: 0.9884 98/146 [===================>..........] - ETA: 1:34 - loss: 0.0411 - accuracy: 0.9885 99/146 [===================>..........] - ETA: 1:32 - loss: 0.0408 - accuracy: 0.9886100/146 [===================>..........] - ETA: 1:30 - loss: 0.0426 - accuracy: 0.9881101/146 [===================>..........] - ETA: 1:28 - loss: 0.0422 - accuracy: 0.9882102/146 [===================>..........] - ETA: 1:26 - loss: 0.0419 - accuracy: 0.9884103/146 [====================>.........] - ETA: 1:24 - loss: 0.0416 - accuracy: 0.9885104/146 [====================>.........] - ETA: 1:22 - loss: 0.0420 - accuracy: 0.9880105/146 [====================>.........] - ETA: 1:20 - loss: 0.0418 - accuracy: 0.9881106/146 [====================>.........] - ETA: 1:18 - loss: 0.0418 - accuracy: 0.9882107/146 [====================>.........] - ETA: 1:16 - loss: 0.0417 - accuracy: 0.9883108/146 [=====================>........] - ETA: 1:14 - loss: 0.0431 - accuracy: 0.9878109/146 [=====================>........] - ETA: 1:12 - loss: 0.0430 - accuracy: 0.9877110/146 [=====================>........] - ETA: 1:10 - loss: 0.0426 - accuracy: 0.9878111/146 [=====================>........] - ETA: 1:08 - loss: 0.0445 - accuracy: 0.9873112/146 [======================>.......] - ETA: 1:06 - loss: 0.0442 - accuracy: 0.9874113/146 [======================>.......] - ETA: 1:04 - loss: 0.0438 - accuracy: 0.9876114/146 [======================>.......] - ETA: 1:02 - loss: 0.0443 - accuracy: 0.9874115/146 [======================>.......] - ETA: 1:00 - loss: 0.0442 - accuracy: 0.9872116/146 [======================>.......] - ETA: 58s - loss: 0.0441 - accuracy: 0.9873 117/146 [=======================>......] - ETA: 56s - loss: 0.0437 - accuracy: 0.9874118/146 [=======================>......] - ETA: 54s - loss: 0.0438 - accuracy: 0.9873119/146 [=======================>......] - ETA: 52s - loss: 0.0438 - accuracy: 0.9871120/146 [=======================>......] - ETA: 50s - loss: 0.0437 - accuracy: 0.9872121/146 [=======================>......] - ETA: 48s - loss: 0.0437 - accuracy: 0.9871122/146 [========================>.....] - ETA: 46s - loss: 0.0441 - accuracy: 0.9869123/146 [========================>.....] - ETA: 44s - loss: 0.0441 - accuracy: 0.9868124/146 [========================>.....] - ETA: 42s - loss: 0.0440 - accuracy: 0.9869125/146 [========================>.....] - ETA: 40s - loss: 0.0438 - accuracy: 0.9868126/146 [========================>.....] - ETA: 38s - loss: 0.0436 - accuracy: 0.9869127/146 [=========================>....] - ETA: 36s - loss: 0.0437 - accuracy: 0.9867128/146 [=========================>....] - ETA: 34s - loss: 0.0434 - accuracy: 0.9868129/146 [=========================>....] - ETA: 32s - loss: 0.0432 - accuracy: 0.9869130/146 [=========================>....] - ETA: 30s - loss: 0.0429 - accuracy: 0.9870131/146 [=========================>....] - ETA: 28s - loss: 0.0426 - accuracy: 0.9871132/146 [==========================>...] - ETA: 26s - loss: 0.0432 - accuracy: 0.9870133/146 [==========================>...] - ETA: 24s - loss: 0.0431 - accuracy: 0.9868134/146 [==========================>...] - ETA: 23s - loss: 0.0450 - accuracy: 0.9862135/146 [==========================>...] - ETA: 21s - loss: 0.0448 - accuracy: 0.9863136/146 [==========================>...] - ETA: 19s - loss: 0.0448 - accuracy: 0.9862137/146 [===========================>..] - ETA: 17s - loss: 0.0447 - accuracy: 0.9863138/146 [===========================>..] - ETA: 15s - loss: 0.0446 - accuracy: 0.9864139/146 [===========================>..] - ETA: 13s - loss: 0.0455 - accuracy: 0.9861140/146 [===========================>..] - ETA: 11s - loss: 0.0456 - accuracy: 0.9859141/146 [===========================>..] - ETA: 9s - loss: 0.0454 - accuracy: 0.9860 142/146 [============================>.] - ETA: 7s - loss: 0.0455 - accuracy: 0.9857143/146 [============================>.] - ETA: 5s - loss: 0.0454 - accuracy: 0.9858144/146 [============================>.] - ETA: 3s - loss: 0.0453 - accuracy: 0.9859145/146 [============================>.] - ETA: 1s - loss: 0.0450 - accuracy: 0.9860146/146 [==============================] - ETA: 0s - loss: 0.0450 - accuracy: 0.9860146/146 [==============================] - 319s 2s/step - loss: 0.0450 - accuracy: 0.9860 - val_loss: 0.5647 - val_accuracy: 0.9053
Epoch 42/108
  1/146 [..............................] - ETA: 4:59 - loss: 0.0248 - accuracy: 1.0000  2/146 [..............................] - ETA: 4:29 - loss: 0.0650 - accuracy: 0.9844  3/146 [..............................] - ETA: 4:36 - loss: 0.0498 - accuracy: 0.9896  4/146 [..............................] - ETA: 4:38 - loss: 0.0457 - accuracy: 0.9922  5/146 [>.............................] - ETA: 4:33 - loss: 0.0389 - accuracy: 0.9937  6/146 [>.............................] - ETA: 4:31 - loss: 0.0367 - accuracy: 0.9948  7/146 [>.............................] - ETA: 4:26 - loss: 0.0754 - accuracy: 0.9911  8/146 [>.............................] - ETA: 4:21 - loss: 0.0666 - accuracy: 0.9922  9/146 [>.............................] - ETA: 4:19 - loss: 0.0763 - accuracy: 0.9896 10/146 [=>............................] - ETA: 4:18 - loss: 0.0744 - accuracy: 0.9875 11/146 [=>............................] - ETA: 4:15 - loss: 0.0795 - accuracy: 0.9801 12/146 [=>............................] - ETA: 4:12 - loss: 0.0750 - accuracy: 0.9818 13/146 [=>............................] - ETA: 4:09 - loss: 0.0723 - accuracy: 0.9808 14/146 [=>............................] - ETA: 4:09 - loss: 0.0691 - accuracy: 0.9821 15/146 [==>...........................] - ETA: 4:09 - loss: 0.0653 - accuracy: 0.9833 16/146 [==>...........................] - ETA: 4:08 - loss: 0.0634 - accuracy: 0.9824 17/146 [==>...........................] - ETA: 4:06 - loss: 0.0618 - accuracy: 0.9835 18/146 [==>...........................] - ETA: 4:05 - loss: 0.0676 - accuracy: 0.9809 19/146 [==>...........................] - ETA: 4:03 - loss: 0.0667 - accuracy: 0.9803 20/146 [===>..........................] - ETA: 4:01 - loss: 0.0653 - accuracy: 0.9797 21/146 [===>..........................] - ETA: 3:58 - loss: 0.0634 - accuracy: 0.9807 22/146 [===>..........................] - ETA: 3:57 - loss: 0.0610 - accuracy: 0.9815 23/146 [===>..........................] - ETA: 3:54 - loss: 0.0590 - accuracy: 0.9823 24/146 [===>..........................] - ETA: 3:52 - loss: 0.0583 - accuracy: 0.9818 25/146 [====>.........................] - ETA: 3:50 - loss: 0.0567 - accuracy: 0.9825 26/146 [====>.........................] - ETA: 3:48 - loss: 0.0552 - accuracy: 0.9832 27/146 [====>.........................] - ETA: 3:46 - loss: 0.0550 - accuracy: 0.9838 28/146 [====>.........................] - ETA: 3:44 - loss: 0.0537 - accuracy: 0.9844 29/146 [====>.........................] - ETA: 3:41 - loss: 0.0543 - accuracy: 0.9828 30/146 [=====>........................] - ETA: 3:38 - loss: 0.0544 - accuracy: 0.9823 31/146 [=====>........................] - ETA: 3:36 - loss: 0.0529 - accuracy: 0.9829 32/146 [=====>........................] - ETA: 3:33 - loss: 0.0516 - accuracy: 0.9834 33/146 [=====>........................] - ETA: 3:31 - loss: 0.0507 - accuracy: 0.9839 34/146 [=====>........................] - ETA: 3:29 - loss: 0.0497 - accuracy: 0.9844 35/146 [======>.......................] - ETA: 3:26 - loss: 0.0486 - accuracy: 0.9848 36/146 [======>.......................] - ETA: 3:24 - loss: 0.0497 - accuracy: 0.9844 37/146 [======>.......................] - ETA: 3:22 - loss: 0.0485 - accuracy: 0.9848 38/146 [======>.......................] - ETA: 3:20 - loss: 0.0474 - accuracy: 0.9852 39/146 [=======>......................] - ETA: 3:18 - loss: 0.0478 - accuracy: 0.9848 40/146 [=======>......................] - ETA: 3:17 - loss: 0.0470 - accuracy: 0.9852 41/146 [=======>......................] - ETA: 3:15 - loss: 0.0463 - accuracy: 0.9855 42/146 [=======>......................] - ETA: 3:14 - loss: 0.0467 - accuracy: 0.9844 43/146 [=======>......................] - ETA: 3:12 - loss: 0.0467 - accuracy: 0.9840 44/146 [========>.....................] - ETA: 3:11 - loss: 0.0457 - accuracy: 0.9844 45/146 [========>.....................] - ETA: 3:09 - loss: 0.0448 - accuracy: 0.9847 46/146 [========>.....................] - ETA: 3:07 - loss: 0.0438 - accuracy: 0.9851 47/146 [========>.....................] - ETA: 3:06 - loss: 0.0437 - accuracy: 0.9854 48/146 [========>.....................] - ETA: 3:04 - loss: 0.0432 - accuracy: 0.9857 49/146 [=========>....................] - ETA: 3:02 - loss: 0.0425 - accuracy: 0.9860 50/146 [=========>....................] - ETA: 3:01 - loss: 0.0425 - accuracy: 0.9856 51/146 [=========>....................] - ETA: 2:59 - loss: 0.0420 - accuracy: 0.9859 52/146 [=========>....................] - ETA: 2:58 - loss: 0.0417 - accuracy: 0.9862 53/146 [=========>....................] - ETA: 2:56 - loss: 0.0410 - accuracy: 0.9864 54/146 [==========>...................] - ETA: 2:54 - loss: 0.0411 - accuracy: 0.9861 55/146 [==========>...................] - ETA: 2:53 - loss: 0.0407 - accuracy: 0.9864 56/146 [==========>...................] - ETA: 2:51 - loss: 0.0402 - accuracy: 0.9866 57/146 [==========>...................] - ETA: 2:50 - loss: 0.0412 - accuracy: 0.9863 58/146 [==========>...................] - ETA: 2:48 - loss: 0.0405 - accuracy: 0.9865 59/146 [===========>..................] - ETA: 2:46 - loss: 0.0405 - accuracy: 0.9862 60/146 [===========>..................] - ETA: 2:44 - loss: 0.0402 - accuracy: 0.9865 61/146 [===========>..................] - ETA: 2:43 - loss: 0.0399 - accuracy: 0.9867 62/146 [===========>..................] - ETA: 2:41 - loss: 0.0394 - accuracy: 0.9869 63/146 [===========>..................] - ETA: 2:39 - loss: 0.0393 - accuracy: 0.9871 64/146 [============>.................] - ETA: 2:37 - loss: 0.0389 - accuracy: 0.9873 65/146 [============>.................] - ETA: 2:35 - loss: 0.0385 - accuracy: 0.9875 66/146 [============>.................] - ETA: 2:33 - loss: 0.0380 - accuracy: 0.9877 67/146 [============>.................] - ETA: 2:31 - loss: 0.0377 - accuracy: 0.9879 68/146 [============>.................] - ETA: 2:29 - loss: 0.0374 - accuracy: 0.9881 69/146 [=============>................] - ETA: 2:27 - loss: 0.0369 - accuracy: 0.9882 70/146 [=============>................] - ETA: 2:25 - loss: 0.0367 - accuracy: 0.9884 71/146 [=============>................] - ETA: 2:23 - loss: 0.0377 - accuracy: 0.9877 72/146 [=============>................] - ETA: 2:21 - loss: 0.0375 - accuracy: 0.9878 73/146 [==============>...............] - ETA: 2:19 - loss: 0.0383 - accuracy: 0.9872 74/146 [==============>...............] - ETA: 2:17 - loss: 0.0378 - accuracy: 0.9873 75/146 [==============>...............] - ETA: 2:15 - loss: 0.0373 - accuracy: 0.9875 76/146 [==============>...............] - ETA: 2:13 - loss: 0.0371 - accuracy: 0.9877 77/146 [==============>...............] - ETA: 2:12 - loss: 0.0367 - accuracy: 0.9878 78/146 [===============>..............] - ETA: 2:10 - loss: 0.0365 - accuracy: 0.9880 79/146 [===============>..............] - ETA: 2:08 - loss: 0.0362 - accuracy: 0.9881 80/146 [===============>..............] - ETA: 2:06 - loss: 0.0358 - accuracy: 0.9883 81/146 [===============>..............] - ETA: 2:05 - loss: 0.0380 - accuracy: 0.9880 82/146 [===============>..............] - ETA: 2:03 - loss: 0.0376 - accuracy: 0.9882 83/146 [================>.............] - ETA: 2:01 - loss: 0.0372 - accuracy: 0.9883 84/146 [================>.............] - ETA: 1:59 - loss: 0.0378 - accuracy: 0.9881 85/146 [================>.............] - ETA: 1:57 - loss: 0.0388 - accuracy: 0.9879 86/146 [================>.............] - ETA: 1:55 - loss: 0.0416 - accuracy: 0.9876 87/146 [================>.............] - ETA: 1:53 - loss: 0.0413 - accuracy: 0.9878 88/146 [=================>............] - ETA: 1:51 - loss: 0.0424 - accuracy: 0.9876 89/146 [=================>............] - ETA: 1:49 - loss: 0.0422 - accuracy: 0.9874 90/146 [=================>............] - ETA: 1:47 - loss: 0.0418 - accuracy: 0.9875 91/146 [=================>............] - ETA: 1:45 - loss: 0.0414 - accuracy: 0.9876 92/146 [=================>............] - ETA: 1:43 - loss: 0.0411 - accuracy: 0.9878 93/146 [==================>...........] - ETA: 1:41 - loss: 0.0407 - accuracy: 0.9879 94/146 [==================>...........] - ETA: 1:39 - loss: 0.0405 - accuracy: 0.9880 95/146 [==================>...........] - ETA: 1:37 - loss: 0.0411 - accuracy: 0.9875 96/146 [==================>...........] - ETA: 1:35 - loss: 0.0432 - accuracy: 0.9867 97/146 [==================>...........] - ETA: 1:33 - loss: 0.0441 - accuracy: 0.9861 98/146 [===================>..........] - ETA: 1:31 - loss: 0.0442 - accuracy: 0.9860 99/146 [===================>..........] - ETA: 1:29 - loss: 0.0445 - accuracy: 0.9858100/146 [===================>..........] - ETA: 1:27 - loss: 0.0444 - accuracy: 0.9856101/146 [===================>..........] - ETA: 1:25 - loss: 0.0443 - accuracy: 0.9855102/146 [===================>..........] - ETA: 1:23 - loss: 0.0443 - accuracy: 0.9853103/146 [====================>.........] - ETA: 1:22 - loss: 0.0440 - accuracy: 0.9854104/146 [====================>.........] - ETA: 1:20 - loss: 0.0438 - accuracy: 0.9856105/146 [====================>.........] - ETA: 1:18 - loss: 0.0434 - accuracy: 0.9857106/146 [====================>.........] - ETA: 1:16 - loss: 0.0432 - accuracy: 0.9858107/146 [====================>.........] - ETA: 1:14 - loss: 0.0429 - accuracy: 0.9860108/146 [=====================>........] - ETA: 1:12 - loss: 0.0429 - accuracy: 0.9858109/146 [=====================>........] - ETA: 1:10 - loss: 0.0426 - accuracy: 0.9860110/146 [=====================>........] - ETA: 1:08 - loss: 0.0425 - accuracy: 0.9861111/146 [=====================>........] - ETA: 1:07 - loss: 0.0422 - accuracy: 0.9862112/146 [======================>.......] - ETA: 1:05 - loss: 0.0418 - accuracy: 0.9863113/146 [======================>.......] - ETA: 1:03 - loss: 0.0415 - accuracy: 0.9864114/146 [======================>.......] - ETA: 1:01 - loss: 0.0412 - accuracy: 0.9866115/146 [======================>.......] - ETA: 59s - loss: 0.0409 - accuracy: 0.9867 116/146 [======================>.......] - ETA: 57s - loss: 0.0406 - accuracy: 0.9868117/146 [=======================>......] - ETA: 55s - loss: 0.0406 - accuracy: 0.9869118/146 [=======================>......] - ETA: 53s - loss: 0.0404 - accuracy: 0.9870119/146 [=======================>......] - ETA: 51s - loss: 0.0401 - accuracy: 0.9871120/146 [=======================>......] - ETA: 49s - loss: 0.0399 - accuracy: 0.9872121/146 [=======================>......] - ETA: 47s - loss: 0.0397 - accuracy: 0.9873122/146 [========================>.....] - ETA: 45s - loss: 0.0394 - accuracy: 0.9874123/146 [========================>.....] - ETA: 44s - loss: 0.0392 - accuracy: 0.9876124/146 [========================>.....] - ETA: 42s - loss: 0.0389 - accuracy: 0.9877125/146 [========================>.....] - ETA: 40s - loss: 0.0387 - accuracy: 0.9877126/146 [========================>.....] - ETA: 38s - loss: 0.0384 - accuracy: 0.9878127/146 [=========================>....] - ETA: 36s - loss: 0.0383 - accuracy: 0.9879128/146 [=========================>....] - ETA: 34s - loss: 0.0394 - accuracy: 0.9873129/146 [=========================>....] - ETA: 32s - loss: 0.0393 - accuracy: 0.9874130/146 [=========================>....] - ETA: 30s - loss: 0.0391 - accuracy: 0.9875131/146 [=========================>....] - ETA: 28s - loss: 0.0390 - accuracy: 0.9874132/146 [==========================>...] - ETA: 26s - loss: 0.0389 - accuracy: 0.9875133/146 [==========================>...] - ETA: 25s - loss: 0.0394 - accuracy: 0.9873134/146 [==========================>...] - ETA: 23s - loss: 0.0399 - accuracy: 0.9872135/146 [==========================>...] - ETA: 21s - loss: 0.0396 - accuracy: 0.9873136/146 [==========================>...] - ETA: 19s - loss: 0.0393 - accuracy: 0.9874137/146 [===========================>..] - ETA: 17s - loss: 0.0396 - accuracy: 0.9872138/146 [===========================>..] - ETA: 15s - loss: 0.0394 - accuracy: 0.9873139/146 [===========================>..] - ETA: 13s - loss: 0.0393 - accuracy: 0.9874140/146 [===========================>..] - ETA: 11s - loss: 0.0392 - accuracy: 0.9875141/146 [===========================>..] - ETA: 9s - loss: 0.0391 - accuracy: 0.9876 142/146 [============================>.] - ETA: 7s - loss: 0.0390 - accuracy: 0.9877143/146 [============================>.] - ETA: 5s - loss: 0.0390 - accuracy: 0.9875144/146 [============================>.] - ETA: 3s - loss: 0.0389 - accuracy: 0.9876145/146 [============================>.] - ETA: 1s - loss: 0.0386 - accuracy: 0.9877146/146 [==============================] - ETA: 0s - loss: 0.0386 - accuracy: 0.9877146/146 [==============================] - 307s 2s/step - loss: 0.0386 - accuracy: 0.9877 - val_loss: 0.6071 - val_accuracy: 0.9077
Epoch 43/108
  1/146 [..............................] - ETA: 4:16 - loss: 0.0019 - accuracy: 1.0000  2/146 [..............................] - ETA: 4:27 - loss: 0.0762 - accuracy: 0.9688  3/146 [..............................] - ETA: 4:29 - loss: 0.0804 - accuracy: 0.9583  4/146 [..............................] - ETA: 4:32 - loss: 0.0927 - accuracy: 0.9609  5/146 [>.............................] - ETA: 4:31 - loss: 0.0861 - accuracy: 0.9625  6/146 [>.............................] - ETA: 4:33 - loss: 0.0742 - accuracy: 0.9688  7/146 [>.............................] - ETA: 4:31 - loss: 0.0746 - accuracy: 0.9688  8/146 [>.............................] - ETA: 4:33 - loss: 0.0716 - accuracy: 0.9688  9/146 [>.............................] - ETA: 4:31 - loss: 0.0650 - accuracy: 0.9722 10/146 [=>............................] - ETA: 4:29 - loss: 0.0672 - accuracy: 0.9719 11/146 [=>............................] - ETA: 4:30 - loss: 0.0938 - accuracy: 0.9659 12/146 [=>............................] - ETA: 4:27 - loss: 0.0901 - accuracy: 0.9688 13/146 [=>............................] - ETA: 4:24 - loss: 0.0839 - accuracy: 0.9712 14/146 [=>............................] - ETA: 4:24 - loss: 0.0783 - accuracy: 0.9732 15/146 [==>...........................] - ETA: 4:23 - loss: 0.0739 - accuracy: 0.9750 16/146 [==>...........................] - ETA: 4:21 - loss: 0.0695 - accuracy: 0.9766 17/146 [==>...........................] - ETA: 4:19 - loss: 0.0688 - accuracy: 0.9779 18/146 [==>...........................] - ETA: 4:17 - loss: 0.0654 - accuracy: 0.9792 19/146 [==>...........................] - ETA: 4:14 - loss: 0.0627 - accuracy: 0.9803 20/146 [===>..........................] - ETA: 4:12 - loss: 0.0599 - accuracy: 0.9812 21/146 [===>..........................] - ETA: 4:10 - loss: 0.0610 - accuracy: 0.9792 22/146 [===>..........................] - ETA: 4:08 - loss: 0.0617 - accuracy: 0.9787 23/146 [===>..........................] - ETA: 4:05 - loss: 0.0594 - accuracy: 0.9796 24/146 [===>..........................] - ETA: 4:04 - loss: 0.0573 - accuracy: 0.9805 25/146 [====>.........................] - ETA: 4:03 - loss: 0.0551 - accuracy: 0.9812 26/146 [====>.........................] - ETA: 4:02 - loss: 0.0545 - accuracy: 0.9820 27/146 [====>.........................] - ETA: 3:59 - loss: 0.0533 - accuracy: 0.9826 28/146 [====>.........................] - ETA: 3:57 - loss: 0.0538 - accuracy: 0.9821 29/146 [====>.........................] - ETA: 3:55 - loss: 0.0527 - accuracy: 0.9828 30/146 [=====>........................] - ETA: 3:52 - loss: 0.0511 - accuracy: 0.9833 31/146 [=====>........................] - ETA: 3:50 - loss: 0.0497 - accuracy: 0.9839 32/146 [=====>........................] - ETA: 3:47 - loss: 0.0483 - accuracy: 0.9844 33/146 [=====>........................] - ETA: 3:45 - loss: 0.0471 - accuracy: 0.9848 34/146 [=====>........................] - ETA: 3:43 - loss: 0.0464 - accuracy: 0.9853 35/146 [======>.......................] - ETA: 3:41 - loss: 0.0480 - accuracy: 0.9848 36/146 [======>.......................] - ETA: 3:39 - loss: 0.0477 - accuracy: 0.9852 37/146 [======>.......................] - ETA: 3:37 - loss: 0.0481 - accuracy: 0.9848 38/146 [======>.......................] - ETA: 3:34 - loss: 0.0479 - accuracy: 0.9844 39/146 [=======>......................] - ETA: 3:32 - loss: 0.0471 - accuracy: 0.9848 40/146 [=======>......................] - ETA: 3:30 - loss: 0.0460 - accuracy: 0.9852 41/146 [=======>......................] - ETA: 3:28 - loss: 0.0451 - accuracy: 0.9855 42/146 [=======>......................] - ETA: 3:25 - loss: 0.0454 - accuracy: 0.9851 43/146 [=======>......................] - ETA: 3:22 - loss: 0.0463 - accuracy: 0.9847 44/146 [========>.....................] - ETA: 3:20 - loss: 0.0462 - accuracy: 0.9844 45/146 [========>.....................] - ETA: 3:17 - loss: 0.0452 - accuracy: 0.9847 46/146 [========>.....................] - ETA: 3:15 - loss: 0.0469 - accuracy: 0.9837 47/146 [========>.....................] - ETA: 3:13 - loss: 0.0459 - accuracy: 0.9840 48/146 [========>.....................] - ETA: 3:11 - loss: 0.0495 - accuracy: 0.9837 49/146 [=========>....................] - ETA: 3:09 - loss: 0.0490 - accuracy: 0.9841 50/146 [=========>....................] - ETA: 3:07 - loss: 0.0482 - accuracy: 0.9844 51/146 [=========>....................] - ETA: 3:05 - loss: 0.0488 - accuracy: 0.9841 52/146 [=========>....................] - ETA: 3:02 - loss: 0.0511 - accuracy: 0.9832 53/146 [=========>....................] - ETA: 3:00 - loss: 0.0520 - accuracy: 0.9829 54/146 [==========>...................] - ETA: 2:58 - loss: 0.0511 - accuracy: 0.9832 55/146 [==========>...................] - ETA: 2:56 - loss: 0.0503 - accuracy: 0.9835 56/146 [==========>...................] - ETA: 2:55 - loss: 0.0496 - accuracy: 0.9838 57/146 [==========>...................] - ETA: 2:53 - loss: 0.0492 - accuracy: 0.9841 58/146 [==========>...................] - ETA: 2:51 - loss: 0.0509 - accuracy: 0.9838 59/146 [===========>..................] - ETA: 2:49 - loss: 0.0501 - accuracy: 0.9841 60/146 [===========>..................] - ETA: 2:47 - loss: 0.0504 - accuracy: 0.9839 61/146 [===========>..................] - ETA: 2:45 - loss: 0.0502 - accuracy: 0.9841 62/146 [===========>..................] - ETA: 2:43 - loss: 0.0499 - accuracy: 0.9844 63/146 [===========>..................] - ETA: 2:41 - loss: 0.0496 - accuracy: 0.9841 64/146 [============>.................] - ETA: 2:39 - loss: 0.0493 - accuracy: 0.9844 65/146 [============>.................] - ETA: 2:37 - loss: 0.0489 - accuracy: 0.9846 66/146 [============>.................] - ETA: 2:35 - loss: 0.0488 - accuracy: 0.9844 67/146 [============>.................] - ETA: 2:33 - loss: 0.0492 - accuracy: 0.9841 68/146 [============>.................] - ETA: 2:31 - loss: 0.0496 - accuracy: 0.9839 69/146 [=============>................] - ETA: 2:29 - loss: 0.0494 - accuracy: 0.9837 70/146 [=============>................] - ETA: 2:27 - loss: 0.0492 - accuracy: 0.9839 71/146 [=============>................] - ETA: 2:25 - loss: 0.0495 - accuracy: 0.9837 72/146 [=============>................] - ETA: 2:23 - loss: 0.0494 - accuracy: 0.9835 73/146 [==============>...............] - ETA: 2:22 - loss: 0.0488 - accuracy: 0.9837 74/146 [==============>...............] - ETA: 2:20 - loss: 0.0487 - accuracy: 0.9840 75/146 [==============>...............] - ETA: 2:18 - loss: 0.0487 - accuracy: 0.9837 76/146 [==============>...............] - ETA: 2:16 - loss: 0.0485 - accuracy: 0.9840 77/146 [==============>...............] - ETA: 2:14 - loss: 0.0487 - accuracy: 0.9838 78/146 [===============>..............] - ETA: 2:12 - loss: 0.0483 - accuracy: 0.9840 79/146 [===============>..............] - ETA: 2:11 - loss: 0.0480 - accuracy: 0.9842 80/146 [===============>..............] - ETA: 2:09 - loss: 0.0487 - accuracy: 0.9836 81/146 [===============>..............] - ETA: 2:07 - loss: 0.0482 - accuracy: 0.9838 82/146 [===============>..............] - ETA: 2:05 - loss: 0.0480 - accuracy: 0.9840 83/146 [================>.............] - ETA: 2:03 - loss: 0.0478 - accuracy: 0.9838 84/146 [================>.............] - ETA: 2:01 - loss: 0.0497 - accuracy: 0.9836 85/146 [================>.............] - ETA: 1:59 - loss: 0.0492 - accuracy: 0.9838 86/146 [================>.............] - ETA: 1:57 - loss: 0.0487 - accuracy: 0.9840 87/146 [================>.............] - ETA: 1:55 - loss: 0.0481 - accuracy: 0.9842 88/146 [=================>............] - ETA: 1:53 - loss: 0.0486 - accuracy: 0.9840 89/146 [=================>............] - ETA: 1:52 - loss: 0.0483 - accuracy: 0.9842 90/146 [=================>............] - ETA: 1:50 - loss: 0.0478 - accuracy: 0.9844 91/146 [=================>............] - ETA: 1:48 - loss: 0.0476 - accuracy: 0.9845 92/146 [=================>............] - ETA: 1:46 - loss: 0.0472 - accuracy: 0.9847 93/146 [==================>...........] - ETA: 1:44 - loss: 0.0469 - accuracy: 0.9849 94/146 [==================>...........] - ETA: 1:42 - loss: 0.0467 - accuracy: 0.9847 95/146 [==================>...........] - ETA: 1:40 - loss: 0.0467 - accuracy: 0.9845 96/146 [==================>...........] - ETA: 1:38 - loss: 0.0465 - accuracy: 0.9844 97/146 [==================>...........] - ETA: 1:36 - loss: 0.0472 - accuracy: 0.9842 98/146 [===================>..........] - ETA: 1:34 - loss: 0.0467 - accuracy: 0.9844 99/146 [===================>..........] - ETA: 1:32 - loss: 0.0463 - accuracy: 0.9845100/146 [===================>..........] - ETA: 1:30 - loss: 0.0465 - accuracy: 0.9844101/146 [===================>..........] - ETA: 1:28 - loss: 0.0470 - accuracy: 0.9842102/146 [===================>..........] - ETA: 1:26 - loss: 0.0471 - accuracy: 0.9841103/146 [====================>.........] - ETA: 1:24 - loss: 0.0482 - accuracy: 0.9836104/146 [====================>.........] - ETA: 1:22 - loss: 0.0477 - accuracy: 0.9838105/146 [====================>.........] - ETA: 1:20 - loss: 0.0476 - accuracy: 0.9836106/146 [====================>.........] - ETA: 1:18 - loss: 0.0473 - accuracy: 0.9838107/146 [====================>.........] - ETA: 1:16 - loss: 0.0471 - accuracy: 0.9839108/146 [=====================>........] - ETA: 1:14 - loss: 0.0471 - accuracy: 0.9838109/146 [=====================>........] - ETA: 1:12 - loss: 0.0469 - accuracy: 0.9839110/146 [=====================>........] - ETA: 1:11 - loss: 0.0476 - accuracy: 0.9838111/146 [=====================>........] - ETA: 1:09 - loss: 0.0474 - accuracy: 0.9840112/146 [======================>.......] - ETA: 1:07 - loss: 0.0476 - accuracy: 0.9838113/146 [======================>.......] - ETA: 1:05 - loss: 0.0488 - accuracy: 0.9837114/146 [======================>.......] - ETA: 1:03 - loss: 0.0485 - accuracy: 0.9838115/146 [======================>.......] - ETA: 1:01 - loss: 0.0484 - accuracy: 0.9840116/146 [======================>.......] - ETA: 59s - loss: 0.0495 - accuracy: 0.9836 117/146 [=======================>......] - ETA: 57s - loss: 0.0500 - accuracy: 0.9834118/146 [=======================>......] - ETA: 55s - loss: 0.0503 - accuracy: 0.9833119/146 [=======================>......] - ETA: 53s - loss: 0.0498 - accuracy: 0.9835120/146 [=======================>......] - ETA: 51s - loss: 0.0496 - accuracy: 0.9836121/146 [=======================>......] - ETA: 49s - loss: 0.0496 - accuracy: 0.9835122/146 [========================>.....] - ETA: 47s - loss: 0.0512 - accuracy: 0.9828123/146 [========================>.....] - ETA: 45s - loss: 0.0522 - accuracy: 0.9825124/146 [========================>.....] - ETA: 43s - loss: 0.0543 - accuracy: 0.9824125/146 [========================>.....] - ETA: 41s - loss: 0.0543 - accuracy: 0.9822126/146 [========================>.....] - ETA: 39s - loss: 0.0541 - accuracy: 0.9824127/146 [=========================>....] - ETA: 37s - loss: 0.0553 - accuracy: 0.9820128/146 [=========================>....] - ETA: 35s - loss: 0.0559 - accuracy: 0.9814129/146 [=========================>....] - ETA: 33s - loss: 0.0572 - accuracy: 0.9809130/146 [=========================>....] - ETA: 31s - loss: 0.0570 - accuracy: 0.9810131/146 [=========================>....] - ETA: 29s - loss: 0.0571 - accuracy: 0.9807132/146 [==========================>...] - ETA: 27s - loss: 0.0579 - accuracy: 0.9801133/146 [==========================>...] - ETA: 25s - loss: 0.0578 - accuracy: 0.9800134/146 [==========================>...] - ETA: 23s - loss: 0.0584 - accuracy: 0.9795135/146 [==========================>...] - ETA: 21s - loss: 0.0582 - accuracy: 0.9796136/146 [==========================>...] - ETA: 19s - loss: 0.0580 - accuracy: 0.9798137/146 [===========================>..] - ETA: 17s - loss: 0.0587 - accuracy: 0.9795138/146 [===========================>..] - ETA: 15s - loss: 0.0587 - accuracy: 0.9794139/146 [===========================>..] - ETA: 13s - loss: 0.0585 - accuracy: 0.9795140/146 [===========================>..] - ETA: 11s - loss: 0.0584 - accuracy: 0.9797141/146 [===========================>..] - ETA: 9s - loss: 0.0585 - accuracy: 0.9796 142/146 [============================>.] - ETA: 7s - loss: 0.0585 - accuracy: 0.9798143/146 [============================>.] - ETA: 5s - loss: 0.0582 - accuracy: 0.9799144/146 [============================>.] - ETA: 3s - loss: 0.0580 - accuracy: 0.9800145/146 [============================>.] - ETA: 1s - loss: 0.0577 - accuracy: 0.9802146/146 [==============================] - ETA: 0s - loss: 0.0577 - accuracy: 0.9802146/146 [==============================] - 310s 2s/step - loss: 0.0577 - accuracy: 0.9802 - val_loss: 0.4821 - val_accuracy: 0.8876
Epoch 44/108
  1/146 [..............................] - ETA: 4:21 - loss: 0.0672 - accuracy: 0.9375  2/146 [..............................] - ETA: 4:19 - loss: 0.1152 - accuracy: 0.9375  3/146 [..............................] - ETA: 4:24 - loss: 0.1154 - accuracy: 0.9375  4/146 [..............................] - ETA: 4:26 - loss: 0.0935 - accuracy: 0.9531  5/146 [>.............................] - ETA: 4:26 - loss: 0.0839 - accuracy: 0.9625  6/146 [>.............................] - ETA: 4:24 - loss: 0.0712 - accuracy: 0.9688  7/146 [>.............................] - ETA: 4:21 - loss: 0.0852 - accuracy: 0.9643  8/146 [>.............................] - ETA: 4:22 - loss: 0.0770 - accuracy: 0.9688  9/146 [>.............................] - ETA: 4:20 - loss: 0.0699 - accuracy: 0.9722 10/146 [=>............................] - ETA: 4:18 - loss: 0.0633 - accuracy: 0.9750 11/146 [=>............................] - ETA: 4:15 - loss: 0.0624 - accuracy: 0.9744 12/146 [=>............................] - ETA: 4:15 - loss: 0.0586 - accuracy: 0.9766 13/146 [=>............................] - ETA: 4:14 - loss: 0.0592 - accuracy: 0.9784 14/146 [=>............................] - ETA: 4:12 - loss: 0.0562 - accuracy: 0.9799 15/146 [==>...........................] - ETA: 4:10 - loss: 0.0544 - accuracy: 0.9812 16/146 [==>...........................] - ETA: 4:08 - loss: 0.0522 - accuracy: 0.9824 17/146 [==>...........................] - ETA: 4:06 - loss: 0.0507 - accuracy: 0.9816 18/146 [==>...........................] - ETA: 4:05 - loss: 0.0492 - accuracy: 0.9826 19/146 [==>...........................] - ETA: 4:02 - loss: 0.0478 - accuracy: 0.9836 20/146 [===>..........................] - ETA: 4:01 - loss: 0.0455 - accuracy: 0.9844 21/146 [===>..........................] - ETA: 3:59 - loss: 0.0448 - accuracy: 0.9851 22/146 [===>..........................] - ETA: 3:56 - loss: 0.0442 - accuracy: 0.9844 23/146 [===>..........................] - ETA: 3:53 - loss: 0.0541 - accuracy: 0.9810 24/146 [===>..........................] - ETA: 3:49 - loss: 0.0529 - accuracy: 0.9818 25/146 [====>.........................] - ETA: 3:47 - loss: 0.0512 - accuracy: 0.9825 26/146 [====>.........................] - ETA: 3:45 - loss: 0.0508 - accuracy: 0.9820 27/146 [====>.........................] - ETA: 3:42 - loss: 0.0496 - accuracy: 0.9826 28/146 [====>.........................] - ETA: 3:38 - loss: 0.0507 - accuracy: 0.9810 29/146 [====>.........................] - ETA: 3:35 - loss: 0.0491 - accuracy: 0.9817 30/146 [=====>........................] - ETA: 3:33 - loss: 0.0503 - accuracy: 0.9812 31/146 [=====>........................] - ETA: 3:31 - loss: 0.0498 - accuracy: 0.9819 32/146 [=====>........................] - ETA: 3:28 - loss: 0.0484 - accuracy: 0.9824 33/146 [=====>........................] - ETA: 3:26 - loss: 0.0509 - accuracy: 0.9811 34/146 [=====>........................] - ETA: 3:24 - loss: 0.0508 - accuracy: 0.9807 35/146 [======>.......................] - ETA: 3:23 - loss: 0.0497 - accuracy: 0.9812 36/146 [======>.......................] - ETA: 3:21 - loss: 0.0488 - accuracy: 0.9818 37/146 [======>.......................] - ETA: 3:19 - loss: 0.0475 - accuracy: 0.9823 38/146 [======>.......................] - ETA: 3:18 - loss: 0.0475 - accuracy: 0.9819 39/146 [=======>......................] - ETA: 3:15 - loss: 0.0468 - accuracy: 0.9824 40/146 [=======>......................] - ETA: 3:14 - loss: 0.0457 - accuracy: 0.9828 41/146 [=======>......................] - ETA: 3:13 - loss: 0.0447 - accuracy: 0.9832 42/146 [=======>......................] - ETA: 3:11 - loss: 0.0448 - accuracy: 0.9829 43/146 [=======>......................] - ETA: 3:09 - loss: 0.0455 - accuracy: 0.9826 44/146 [========>.....................] - ETA: 3:08 - loss: 0.0471 - accuracy: 0.9808 45/146 [========>.....................] - ETA: 3:07 - loss: 0.0474 - accuracy: 0.9806 46/146 [========>.....................] - ETA: 3:05 - loss: 0.0472 - accuracy: 0.9810 47/146 [========>.....................] - ETA: 3:04 - loss: 0.0479 - accuracy: 0.9807 48/146 [========>.....................] - ETA: 3:02 - loss: 0.0482 - accuracy: 0.9798 49/146 [=========>....................] - ETA: 3:01 - loss: 0.0482 - accuracy: 0.9796 50/146 [=========>....................] - ETA: 2:59 - loss: 0.0474 - accuracy: 0.9800 51/146 [=========>....................] - ETA: 2:57 - loss: 0.0468 - accuracy: 0.9804 52/146 [=========>....................] - ETA: 2:55 - loss: 0.0462 - accuracy: 0.9808 53/146 [=========>....................] - ETA: 2:54 - loss: 0.0453 - accuracy: 0.9811 54/146 [==========>...................] - ETA: 2:52 - loss: 0.0445 - accuracy: 0.9815 55/146 [==========>...................] - ETA: 2:50 - loss: 0.0440 - accuracy: 0.9818 56/146 [==========>...................] - ETA: 2:48 - loss: 0.0436 - accuracy: 0.9821 57/146 [==========>...................] - ETA: 2:47 - loss: 0.0445 - accuracy: 0.9814 58/146 [==========>...................] - ETA: 2:45 - loss: 0.0453 - accuracy: 0.9811 59/146 [===========>..................] - ETA: 2:44 - loss: 0.0462 - accuracy: 0.9809 60/146 [===========>..................] - ETA: 2:42 - loss: 0.0464 - accuracy: 0.9812 61/146 [===========>..................] - ETA: 2:40 - loss: 0.0471 - accuracy: 0.9810 62/146 [===========>..................] - ETA: 2:39 - loss: 0.0476 - accuracy: 0.9808 63/146 [===========>..................] - ETA: 2:37 - loss: 0.0472 - accuracy: 0.9812 64/146 [============>.................] - ETA: 2:36 - loss: 0.0473 - accuracy: 0.9810 65/146 [============>.................] - ETA: 2:34 - loss: 0.0484 - accuracy: 0.9803 66/146 [============>.................] - ETA: 2:32 - loss: 0.0486 - accuracy: 0.9801 67/146 [============>.................] - ETA: 2:30 - loss: 0.0481 - accuracy: 0.9804 68/146 [============>.................] - ETA: 2:28 - loss: 0.0494 - accuracy: 0.9802 69/146 [=============>................] - ETA: 2:27 - loss: 0.0494 - accuracy: 0.9805 70/146 [=============>................] - ETA: 2:25 - loss: 0.0509 - accuracy: 0.9795 71/146 [=============>................] - ETA: 2:23 - loss: 0.0513 - accuracy: 0.9789 72/146 [=============>................] - ETA: 2:21 - loss: 0.0525 - accuracy: 0.9779 73/146 [==============>...............] - ETA: 2:19 - loss: 0.0519 - accuracy: 0.9782 74/146 [==============>...............] - ETA: 2:18 - loss: 0.0518 - accuracy: 0.9785 75/146 [==============>...............] - ETA: 2:16 - loss: 0.0515 - accuracy: 0.9783 76/146 [==============>...............] - ETA: 2:14 - loss: 0.0518 - accuracy: 0.9782 77/146 [==============>...............] - ETA: 2:12 - loss: 0.0512 - accuracy: 0.9785 78/146 [===============>..............] - ETA: 2:10 - loss: 0.0524 - accuracy: 0.9776 79/146 [===============>..............] - ETA: 2:09 - loss: 0.0519 - accuracy: 0.9778 80/146 [===============>..............] - ETA: 2:07 - loss: 0.0515 - accuracy: 0.9781 81/146 [===============>..............] - ETA: 2:05 - loss: 0.0521 - accuracy: 0.9780 82/146 [===============>..............] - ETA: 2:03 - loss: 0.0516 - accuracy: 0.9783 83/146 [================>.............] - ETA: 2:01 - loss: 0.0510 - accuracy: 0.9785 84/146 [================>.............] - ETA: 1:59 - loss: 0.0527 - accuracy: 0.9777 85/146 [================>.............] - ETA: 1:57 - loss: 0.0531 - accuracy: 0.9772 86/146 [================>.............] - ETA: 1:56 - loss: 0.0533 - accuracy: 0.9771 87/146 [================>.............] - ETA: 1:54 - loss: 0.0531 - accuracy: 0.9774 88/146 [=================>............] - ETA: 1:52 - loss: 0.0529 - accuracy: 0.9773 89/146 [=================>............] - ETA: 1:50 - loss: 0.0533 - accuracy: 0.9772 90/146 [=================>............] - ETA: 1:48 - loss: 0.0528 - accuracy: 0.9774 91/146 [=================>............] - ETA: 1:46 - loss: 0.0524 - accuracy: 0.9777 92/146 [=================>............] - ETA: 1:44 - loss: 0.0519 - accuracy: 0.9779 93/146 [==================>...........] - ETA: 1:42 - loss: 0.0517 - accuracy: 0.9778 94/146 [==================>...........] - ETA: 1:40 - loss: 0.0521 - accuracy: 0.9777 95/146 [==================>...........] - ETA: 1:39 - loss: 0.0531 - accuracy: 0.9773 96/146 [==================>...........] - ETA: 1:37 - loss: 0.0548 - accuracy: 0.9769 97/146 [==================>...........] - ETA: 1:35 - loss: 0.0546 - accuracy: 0.9768 98/146 [===================>..........] - ETA: 1:33 - loss: 0.0545 - accuracy: 0.9767 99/146 [===================>..........] - ETA: 1:31 - loss: 0.0542 - accuracy: 0.9770100/146 [===================>..........] - ETA: 1:29 - loss: 0.0543 - accuracy: 0.9772101/146 [===================>..........] - ETA: 1:27 - loss: 0.0539 - accuracy: 0.9774102/146 [===================>..........] - ETA: 1:25 - loss: 0.0537 - accuracy: 0.9776103/146 [====================>.........] - ETA: 1:23 - loss: 0.0539 - accuracy: 0.9775104/146 [====================>.........] - ETA: 1:21 - loss: 0.0542 - accuracy: 0.9772105/146 [====================>.........] - ETA: 1:19 - loss: 0.0538 - accuracy: 0.9774106/146 [====================>.........] - ETA: 1:17 - loss: 0.0533 - accuracy: 0.9776107/146 [====================>.........] - ETA: 1:15 - loss: 0.0539 - accuracy: 0.9772108/146 [=====================>........] - ETA: 1:13 - loss: 0.0539 - accuracy: 0.9771109/146 [=====================>........] - ETA: 1:11 - loss: 0.0544 - accuracy: 0.9768110/146 [=====================>........] - ETA: 1:09 - loss: 0.0540 - accuracy: 0.9770111/146 [=====================>........] - ETA: 1:07 - loss: 0.0537 - accuracy: 0.9772112/146 [======================>.......] - ETA: 1:05 - loss: 0.0532 - accuracy: 0.9774113/146 [======================>.......] - ETA: 1:03 - loss: 0.0528 - accuracy: 0.9776114/146 [======================>.......] - ETA: 1:01 - loss: 0.0524 - accuracy: 0.9778115/146 [======================>.......] - ETA: 59s - loss: 0.0533 - accuracy: 0.9777 116/146 [======================>.......] - ETA: 57s - loss: 0.0529 - accuracy: 0.9779117/146 [=======================>......] - ETA: 55s - loss: 0.0526 - accuracy: 0.9781118/146 [=======================>......] - ETA: 53s - loss: 0.0522 - accuracy: 0.9783119/146 [=======================>......] - ETA: 51s - loss: 0.0520 - accuracy: 0.9782120/146 [=======================>......] - ETA: 49s - loss: 0.0516 - accuracy: 0.9784121/146 [=======================>......] - ETA: 47s - loss: 0.0514 - accuracy: 0.9786122/146 [========================>.....] - ETA: 46s - loss: 0.0515 - accuracy: 0.9785123/146 [========================>.....] - ETA: 44s - loss: 0.0511 - accuracy: 0.9787124/146 [========================>.....] - ETA: 42s - loss: 0.0525 - accuracy: 0.9781125/146 [========================>.....] - ETA: 40s - loss: 0.0523 - accuracy: 0.9780126/146 [========================>.....] - ETA: 38s - loss: 0.0522 - accuracy: 0.9782127/146 [=========================>....] - ETA: 36s - loss: 0.0518 - accuracy: 0.9783128/146 [=========================>....] - ETA: 34s - loss: 0.0522 - accuracy: 0.9783129/146 [=========================>....] - ETA: 32s - loss: 0.0520 - accuracy: 0.9784130/146 [=========================>....] - ETA: 30s - loss: 0.0520 - accuracy: 0.9786131/146 [=========================>....] - ETA: 28s - loss: 0.0521 - accuracy: 0.9785132/146 [==========================>...] - ETA: 26s - loss: 0.0519 - accuracy: 0.9787133/146 [==========================>...] - ETA: 24s - loss: 0.0517 - accuracy: 0.9789134/146 [==========================>...] - ETA: 23s - loss: 0.0523 - accuracy: 0.9785135/146 [==========================>...] - ETA: 21s - loss: 0.0541 - accuracy: 0.9785136/146 [==========================>...] - ETA: 19s - loss: 0.0539 - accuracy: 0.9786137/146 [===========================>..] - ETA: 17s - loss: 0.0542 - accuracy: 0.9786138/146 [===========================>..] - ETA: 15s - loss: 0.0545 - accuracy: 0.9785139/146 [===========================>..] - ETA: 13s - loss: 0.0543 - accuracy: 0.9786140/146 [===========================>..] - ETA: 11s - loss: 0.0542 - accuracy: 0.9786141/146 [===========================>..] - ETA: 9s - loss: 0.0541 - accuracy: 0.9785 142/146 [============================>.] - ETA: 7s - loss: 0.0543 - accuracy: 0.9782143/146 [============================>.] - ETA: 5s - loss: 0.0540 - accuracy: 0.9784144/146 [============================>.] - ETA: 3s - loss: 0.0542 - accuracy: 0.9783145/146 [============================>.] - ETA: 1s - loss: 0.0541 - accuracy: 0.9784146/146 [==============================] - ETA: 0s - loss: 0.0541 - accuracy: 0.9785146/146 [==============================] - 318s 2s/step - loss: 0.0541 - accuracy: 0.9785 - val_loss: 0.6470 - val_accuracy: 0.8483
Epoch 45/108
  1/146 [..............................] - ETA: 4:28 - loss: 0.1083 - accuracy: 0.9375  2/146 [..............................] - ETA: 4:03 - loss: 0.0929 - accuracy: 0.9531  3/146 [..............................] - ETA: 4:02 - loss: 0.0964 - accuracy: 0.9479  4/146 [..............................] - ETA: 4:05 - loss: 0.0824 - accuracy: 0.9609  5/146 [>.............................] - ETA: 4:02 - loss: 0.0747 - accuracy: 0.9688  6/146 [>.............................] - ETA: 3:59 - loss: 0.0667 - accuracy: 0.9688  7/146 [>.............................] - ETA: 3:55 - loss: 0.0586 - accuracy: 0.9732  8/146 [>.............................] - ETA: 3:56 - loss: 0.0536 - accuracy: 0.9766  9/146 [>.............................] - ETA: 3:55 - loss: 0.0512 - accuracy: 0.9792 10/146 [=>............................] - ETA: 3:54 - loss: 0.0645 - accuracy: 0.9750 11/146 [=>............................] - ETA: 3:51 - loss: 0.0606 - accuracy: 0.9773 12/146 [=>............................] - ETA: 3:49 - loss: 0.0571 - accuracy: 0.9792 13/146 [=>............................] - ETA: 3:48 - loss: 0.0547 - accuracy: 0.9808 14/146 [=>............................] - ETA: 3:48 - loss: 0.0555 - accuracy: 0.9799 15/146 [==>...........................] - ETA: 3:47 - loss: 0.0532 - accuracy: 0.9812 16/146 [==>...........................] - ETA: 3:45 - loss: 0.0522 - accuracy: 0.9824 17/146 [==>...........................] - ETA: 3:43 - loss: 0.0500 - accuracy: 0.9835 18/146 [==>...........................] - ETA: 3:42 - loss: 0.0494 - accuracy: 0.9826 19/146 [==>...........................] - ETA: 3:42 - loss: 0.0483 - accuracy: 0.9836 20/146 [===>..........................] - ETA: 3:41 - loss: 0.0482 - accuracy: 0.9844 21/146 [===>..........................] - ETA: 3:40 - loss: 0.0465 - accuracy: 0.9851 22/146 [===>..........................] - ETA: 3:39 - loss: 0.0459 - accuracy: 0.9858 23/146 [===>..........................] - ETA: 3:39 - loss: 0.0445 - accuracy: 0.9864 24/146 [===>..........................] - ETA: 3:38 - loss: 0.0475 - accuracy: 0.9844 25/146 [====>.........................] - ETA: 3:37 - loss: 0.0457 - accuracy: 0.9850 26/146 [====>.........................] - ETA: 3:35 - loss: 0.0443 - accuracy: 0.9856 27/146 [====>.........................] - ETA: 3:34 - loss: 0.0473 - accuracy: 0.9850 28/146 [====>.........................] - ETA: 3:33 - loss: 0.0479 - accuracy: 0.9844 29/146 [====>.........................] - ETA: 3:31 - loss: 0.0464 - accuracy: 0.9849 30/146 [=====>........................] - ETA: 3:29 - loss: 0.0484 - accuracy: 0.9833 31/146 [=====>........................] - ETA: 3:28 - loss: 0.0473 - accuracy: 0.9839 32/146 [=====>........................] - ETA: 3:28 - loss: 0.0497 - accuracy: 0.9834 33/146 [=====>........................] - ETA: 3:26 - loss: 0.0486 - accuracy: 0.9839 34/146 [=====>........................] - ETA: 3:23 - loss: 0.0500 - accuracy: 0.9835 35/146 [======>.......................] - ETA: 3:21 - loss: 0.0502 - accuracy: 0.9839 36/146 [======>.......................] - ETA: 3:19 - loss: 0.0501 - accuracy: 0.9835 37/146 [======>.......................] - ETA: 3:17 - loss: 0.0488 - accuracy: 0.9840 38/146 [======>.......................] - ETA: 3:15 - loss: 0.0484 - accuracy: 0.9844 39/146 [=======>......................] - ETA: 3:13 - loss: 0.0480 - accuracy: 0.9848 40/146 [=======>......................] - ETA: 3:12 - loss: 0.0524 - accuracy: 0.9828 41/146 [=======>......................] - ETA: 3:10 - loss: 0.0518 - accuracy: 0.9825 42/146 [=======>......................] - ETA: 3:07 - loss: 0.0510 - accuracy: 0.9829 43/146 [=======>......................] - ETA: 3:05 - loss: 0.0501 - accuracy: 0.9833 44/146 [========>.....................] - ETA: 3:03 - loss: 0.0502 - accuracy: 0.9830 45/146 [========>.....................] - ETA: 3:01 - loss: 0.0500 - accuracy: 0.9833 46/146 [========>.....................] - ETA: 3:00 - loss: 0.0533 - accuracy: 0.9823 47/146 [========>.....................] - ETA: 2:58 - loss: 0.0578 - accuracy: 0.9814 48/146 [========>.....................] - ETA: 2:56 - loss: 0.0585 - accuracy: 0.9811 49/146 [=========>....................] - ETA: 2:54 - loss: 0.0574 - accuracy: 0.9815 50/146 [=========>....................] - ETA: 2:52 - loss: 0.0567 - accuracy: 0.9819 51/146 [=========>....................] - ETA: 2:50 - loss: 0.0561 - accuracy: 0.9822 52/146 [=========>....................] - ETA: 2:48 - loss: 0.0553 - accuracy: 0.9826 53/146 [=========>....................] - ETA: 2:46 - loss: 0.0544 - accuracy: 0.9829 54/146 [==========>...................] - ETA: 2:44 - loss: 0.0536 - accuracy: 0.9832 55/146 [==========>...................] - ETA: 2:43 - loss: 0.0556 - accuracy: 0.9824 56/146 [==========>...................] - ETA: 2:41 - loss: 0.0549 - accuracy: 0.9827 57/146 [==========>...................] - ETA: 2:39 - loss: 0.0550 - accuracy: 0.9825 58/146 [==========>...................] - ETA: 2:37 - loss: 0.0542 - accuracy: 0.9828 59/146 [===========>..................] - ETA: 2:34 - loss: 0.0570 - accuracy: 0.9820 60/146 [===========>..................] - ETA: 2:33 - loss: 0.0584 - accuracy: 0.9812 61/146 [===========>..................] - ETA: 2:31 - loss: 0.0583 - accuracy: 0.9810 62/146 [===========>..................] - ETA: 2:29 - loss: 0.0580 - accuracy: 0.9814 63/146 [===========>..................] - ETA: 2:27 - loss: 0.0573 - accuracy: 0.9816 64/146 [============>.................] - ETA: 2:26 - loss: 0.0567 - accuracy: 0.9819 65/146 [============>.................] - ETA: 2:24 - loss: 0.0560 - accuracy: 0.9822 66/146 [============>.................] - ETA: 2:22 - loss: 0.0553 - accuracy: 0.9825 67/146 [============>.................] - ETA: 2:20 - loss: 0.0547 - accuracy: 0.9827 68/146 [============>.................] - ETA: 2:18 - loss: 0.0542 - accuracy: 0.9830 69/146 [=============>................] - ETA: 2:16 - loss: 0.0536 - accuracy: 0.9832 70/146 [=============>................] - ETA: 2:14 - loss: 0.0533 - accuracy: 0.9835 71/146 [=============>................] - ETA: 2:13 - loss: 0.0544 - accuracy: 0.9828 72/146 [=============>................] - ETA: 2:11 - loss: 0.0541 - accuracy: 0.9831 73/146 [==============>...............] - ETA: 2:09 - loss: 0.0534 - accuracy: 0.9833 74/146 [==============>...............] - ETA: 2:07 - loss: 0.0544 - accuracy: 0.9827 75/146 [==============>...............] - ETA: 2:05 - loss: 0.0540 - accuracy: 0.9825 76/146 [==============>...............] - ETA: 2:03 - loss: 0.0535 - accuracy: 0.9827 77/146 [==============>...............] - ETA: 2:01 - loss: 0.0536 - accuracy: 0.9825 78/146 [===============>..............] - ETA: 1:59 - loss: 0.0531 - accuracy: 0.9828 79/146 [===============>..............] - ETA: 1:57 - loss: 0.0525 - accuracy: 0.9830 80/146 [===============>..............] - ETA: 1:55 - loss: 0.0524 - accuracy: 0.9832 81/146 [===============>..............] - ETA: 1:54 - loss: 0.0519 - accuracy: 0.9834 82/146 [===============>..............] - ETA: 1:52 - loss: 0.0515 - accuracy: 0.9836 83/146 [================>.............] - ETA: 1:50 - loss: 0.0541 - accuracy: 0.9831 84/146 [================>.............] - ETA: 1:48 - loss: 0.0536 - accuracy: 0.9833 85/146 [================>.............] - ETA: 1:46 - loss: 0.0533 - accuracy: 0.9835 86/146 [================>.............] - ETA: 1:45 - loss: 0.0532 - accuracy: 0.9833 87/146 [================>.............] - ETA: 1:43 - loss: 0.0527 - accuracy: 0.9835 88/146 [=================>............] - ETA: 1:41 - loss: 0.0532 - accuracy: 0.9830 89/146 [=================>............] - ETA: 1:39 - loss: 0.0554 - accuracy: 0.9828 90/146 [=================>............] - ETA: 1:38 - loss: 0.0549 - accuracy: 0.9830 91/146 [=================>............] - ETA: 1:36 - loss: 0.0547 - accuracy: 0.9828 92/146 [=================>............] - ETA: 1:34 - loss: 0.0545 - accuracy: 0.9827 93/146 [==================>...........] - ETA: 1:32 - loss: 0.0549 - accuracy: 0.9822 94/146 [==================>...........] - ETA: 1:31 - loss: 0.0546 - accuracy: 0.9824 95/146 [==================>...........] - ETA: 1:29 - loss: 0.0543 - accuracy: 0.9826 96/146 [==================>...........] - ETA: 1:27 - loss: 0.0548 - accuracy: 0.9824 97/146 [==================>...........] - ETA: 1:25 - loss: 0.0543 - accuracy: 0.9826 98/146 [===================>..........] - ETA: 1:23 - loss: 0.0541 - accuracy: 0.9828 99/146 [===================>..........] - ETA: 1:21 - loss: 0.0537 - accuracy: 0.9830100/146 [===================>..........] - ETA: 1:20 - loss: 0.0543 - accuracy: 0.9828101/146 [===================>..........] - ETA: 1:18 - loss: 0.0539 - accuracy: 0.9830102/146 [===================>..........] - ETA: 1:16 - loss: 0.0536 - accuracy: 0.9831103/146 [====================>.........] - ETA: 1:14 - loss: 0.0536 - accuracy: 0.9830104/146 [====================>.........] - ETA: 1:13 - loss: 0.0534 - accuracy: 0.9832105/146 [====================>.........] - ETA: 1:11 - loss: 0.0531 - accuracy: 0.9833106/146 [====================>.........] - ETA: 1:09 - loss: 0.0539 - accuracy: 0.9829107/146 [====================>.........] - ETA: 1:07 - loss: 0.0536 - accuracy: 0.9831108/146 [=====================>........] - ETA: 1:05 - loss: 0.0532 - accuracy: 0.9832109/146 [=====================>........] - ETA: 1:04 - loss: 0.0532 - accuracy: 0.9831110/146 [=====================>........] - ETA: 1:02 - loss: 0.0529 - accuracy: 0.9832111/146 [=====================>........] - ETA: 1:00 - loss: 0.0525 - accuracy: 0.9834112/146 [======================>.......] - ETA: 58s - loss: 0.0521 - accuracy: 0.9835 113/146 [======================>.......] - ETA: 57s - loss: 0.0519 - accuracy: 0.9834114/146 [======================>.......] - ETA: 55s - loss: 0.0533 - accuracy: 0.9833115/146 [======================>.......] - ETA: 53s - loss: 0.0539 - accuracy: 0.9829116/146 [======================>.......] - ETA: 51s - loss: 0.0550 - accuracy: 0.9828117/146 [=======================>......] - ETA: 50s - loss: 0.0546 - accuracy: 0.9829118/146 [=======================>......] - ETA: 48s - loss: 0.0543 - accuracy: 0.9831119/146 [=======================>......] - ETA: 46s - loss: 0.0539 - accuracy: 0.9832120/146 [=======================>......] - ETA: 44s - loss: 0.0538 - accuracy: 0.9833121/146 [=======================>......] - ETA: 43s - loss: 0.0543 - accuracy: 0.9832122/146 [========================>.....] - ETA: 41s - loss: 0.0541 - accuracy: 0.9834123/146 [========================>.....] - ETA: 39s - loss: 0.0539 - accuracy: 0.9832124/146 [========================>.....] - ETA: 37s - loss: 0.0542 - accuracy: 0.9831125/146 [========================>.....] - ETA: 36s - loss: 0.0539 - accuracy: 0.9833126/146 [========================>.....] - ETA: 34s - loss: 0.0537 - accuracy: 0.9834127/146 [=========================>....] - ETA: 32s - loss: 0.0534 - accuracy: 0.9835128/146 [=========================>....] - ETA: 31s - loss: 0.0531 - accuracy: 0.9836129/146 [=========================>....] - ETA: 29s - loss: 0.0528 - accuracy: 0.9838130/146 [=========================>....] - ETA: 27s - loss: 0.0526 - accuracy: 0.9839131/146 [=========================>....] - ETA: 25s - loss: 0.0523 - accuracy: 0.9840132/146 [==========================>...] - ETA: 24s - loss: 0.0521 - accuracy: 0.9841133/146 [==========================>...] - ETA: 22s - loss: 0.0518 - accuracy: 0.9843134/146 [==========================>...] - ETA: 20s - loss: 0.0515 - accuracy: 0.9844135/146 [==========================>...] - ETA: 18s - loss: 0.0516 - accuracy: 0.9843136/146 [==========================>...] - ETA: 17s - loss: 0.0523 - accuracy: 0.9841137/146 [===========================>..] - ETA: 15s - loss: 0.0524 - accuracy: 0.9838138/146 [===========================>..] - ETA: 13s - loss: 0.0523 - accuracy: 0.9837139/146 [===========================>..] - ETA: 12s - loss: 0.0523 - accuracy: 0.9838140/146 [===========================>..] - ETA: 10s - loss: 0.0521 - accuracy: 0.9839141/146 [===========================>..] - ETA: 8s - loss: 0.0520 - accuracy: 0.9838 142/146 [============================>.] - ETA: 6s - loss: 0.0519 - accuracy: 0.9837143/146 [============================>.] - ETA: 5s - loss: 0.0515 - accuracy: 0.9838144/146 [============================>.] - ETA: 3s - loss: 0.0514 - accuracy: 0.9839145/146 [============================>.] - ETA: 1s - loss: 0.0511 - accuracy: 0.9841146/146 [==============================] - ETA: 0s - loss: 0.0511 - accuracy: 0.9841146/146 [==============================] - 291s 2s/step - loss: 0.0511 - accuracy: 0.9841 - val_loss: 0.4953 - val_accuracy: 0.8917
Epoch 46/108
  1/146 [..............................] - ETA: 4:06 - loss: 0.0113 - accuracy: 1.0000  2/146 [..............................] - ETA: 3:57 - loss: 0.0195 - accuracy: 1.0000  3/146 [..............................] - ETA: 3:59 - loss: 0.0343 - accuracy: 0.9896  4/146 [..............................] - ETA: 3:57 - loss: 0.0337 - accuracy: 0.9922  5/146 [>.............................] - ETA: 3:58 - loss: 0.0297 - accuracy: 0.9937  6/146 [>.............................] - ETA: 3:59 - loss: 0.0266 - accuracy: 0.9948  7/146 [>.............................] - ETA: 4:01 - loss: 0.0244 - accuracy: 0.9955  8/146 [>.............................] - ETA: 3:58 - loss: 0.0421 - accuracy: 0.9922  9/146 [>.............................] - ETA: 3:56 - loss: 0.0438 - accuracy: 0.9896 10/146 [=>............................] - ETA: 3:55 - loss: 0.0412 - accuracy: 0.9906 11/146 [=>............................] - ETA: 3:51 - loss: 0.0406 - accuracy: 0.9915 12/146 [=>............................] - ETA: 3:49 - loss: 0.0382 - accuracy: 0.9922 13/146 [=>............................] - ETA: 3:48 - loss: 0.0362 - accuracy: 0.9928 14/146 [=>............................] - ETA: 3:46 - loss: 0.0346 - accuracy: 0.9933 15/146 [==>...........................] - ETA: 3:45 - loss: 0.0325 - accuracy: 0.9937 16/146 [==>...........................] - ETA: 3:44 - loss: 0.0306 - accuracy: 0.9941 17/146 [==>...........................] - ETA: 3:42 - loss: 0.0299 - accuracy: 0.9945 18/146 [==>...........................] - ETA: 3:41 - loss: 0.0288 - accuracy: 0.9948 19/146 [==>...........................] - ETA: 3:40 - loss: 0.0286 - accuracy: 0.9951 20/146 [===>..........................] - ETA: 3:38 - loss: 0.0317 - accuracy: 0.9937 21/146 [===>..........................] - ETA: 3:36 - loss: 0.0309 - accuracy: 0.9940 22/146 [===>..........................] - ETA: 3:34 - loss: 0.0344 - accuracy: 0.9929 23/146 [===>..........................] - ETA: 3:33 - loss: 0.0347 - accuracy: 0.9918 24/146 [===>..........................] - ETA: 3:31 - loss: 0.0333 - accuracy: 0.9922 25/146 [====>.........................] - ETA: 3:29 - loss: 0.0338 - accuracy: 0.9912 26/146 [====>.........................] - ETA: 3:27 - loss: 0.0335 - accuracy: 0.9916 27/146 [====>.........................] - ETA: 3:25 - loss: 0.0341 - accuracy: 0.9907 28/146 [====>.........................] - ETA: 3:23 - loss: 0.0332 - accuracy: 0.9911 29/146 [====>.........................] - ETA: 3:21 - loss: 0.0325 - accuracy: 0.9914 30/146 [=====>........................] - ETA: 3:19 - loss: 0.0331 - accuracy: 0.9906 31/146 [=====>........................] - ETA: 3:17 - loss: 0.0327 - accuracy: 0.9909 32/146 [=====>........................] - ETA: 3:16 - loss: 0.0317 - accuracy: 0.9912 33/146 [=====>........................] - ETA: 3:14 - loss: 0.0321 - accuracy: 0.9905 34/146 [=====>........................] - ETA: 3:12 - loss: 0.0317 - accuracy: 0.9908 35/146 [======>.......................] - ETA: 3:10 - loss: 0.0310 - accuracy: 0.9911 36/146 [======>.......................] - ETA: 3:08 - loss: 0.0303 - accuracy: 0.9913 37/146 [======>.......................] - ETA: 3:06 - loss: 0.0305 - accuracy: 0.9916 38/146 [======>.......................] - ETA: 3:05 - loss: 0.0307 - accuracy: 0.9910 39/146 [=======>......................] - ETA: 3:03 - loss: 0.0321 - accuracy: 0.9904 40/146 [=======>......................] - ETA: 3:01 - loss: 0.0365 - accuracy: 0.9898 41/146 [=======>......................] - ETA: 2:59 - loss: 0.0356 - accuracy: 0.9901 42/146 [=======>......................] - ETA: 2:57 - loss: 0.0356 - accuracy: 0.9903 43/146 [=======>......................] - ETA: 2:56 - loss: 0.0349 - accuracy: 0.9906 44/146 [========>.....................] - ETA: 2:54 - loss: 0.0348 - accuracy: 0.9908 45/146 [========>.....................] - ETA: 2:52 - loss: 0.0341 - accuracy: 0.9910 46/146 [========>.....................] - ETA: 2:51 - loss: 0.0340 - accuracy: 0.9912 47/146 [========>.....................] - ETA: 2:49 - loss: 0.0333 - accuracy: 0.9914 48/146 [========>.....................] - ETA: 2:47 - loss: 0.0330 - accuracy: 0.9915 49/146 [=========>....................] - ETA: 2:46 - loss: 0.0326 - accuracy: 0.9917 50/146 [=========>....................] - ETA: 2:44 - loss: 0.0321 - accuracy: 0.9919 51/146 [=========>....................] - ETA: 2:42 - loss: 0.0316 - accuracy: 0.9920 52/146 [=========>....................] - ETA: 2:40 - loss: 0.0318 - accuracy: 0.9916 53/146 [=========>....................] - ETA: 2:38 - loss: 0.0334 - accuracy: 0.9906 54/146 [==========>...................] - ETA: 2:37 - loss: 0.0328 - accuracy: 0.9907 55/146 [==========>...................] - ETA: 2:35 - loss: 0.0327 - accuracy: 0.9903 56/146 [==========>...................] - ETA: 2:33 - loss: 0.0322 - accuracy: 0.9905 57/146 [==========>...................] - ETA: 2:31 - loss: 0.0322 - accuracy: 0.9907 58/146 [==========>...................] - ETA: 2:29 - loss: 0.0336 - accuracy: 0.9903 59/146 [===========>..................] - ETA: 2:28 - loss: 0.0335 - accuracy: 0.9905 60/146 [===========>..................] - ETA: 2:26 - loss: 0.0339 - accuracy: 0.9901 61/146 [===========>..................] - ETA: 2:24 - loss: 0.0336 - accuracy: 0.9903 62/146 [===========>..................] - ETA: 2:22 - loss: 0.0331 - accuracy: 0.9904 63/146 [===========>..................] - ETA: 2:21 - loss: 0.0328 - accuracy: 0.9906 64/146 [============>.................] - ETA: 2:19 - loss: 0.0329 - accuracy: 0.9902 65/146 [============>.................] - ETA: 2:17 - loss: 0.0331 - accuracy: 0.9899 66/146 [============>.................] - ETA: 2:15 - loss: 0.0327 - accuracy: 0.9901 67/146 [============>.................] - ETA: 2:14 - loss: 0.0326 - accuracy: 0.9897 68/146 [============>.................] - ETA: 2:12 - loss: 0.0326 - accuracy: 0.9899 69/146 [=============>................] - ETA: 2:10 - loss: 0.0322 - accuracy: 0.9900 70/146 [=============>................] - ETA: 2:08 - loss: 0.0318 - accuracy: 0.9902 71/146 [=============>................] - ETA: 2:07 - loss: 0.0314 - accuracy: 0.9903 72/146 [=============>................] - ETA: 2:05 - loss: 0.0316 - accuracy: 0.9900 73/146 [==============>...............] - ETA: 2:03 - loss: 0.0313 - accuracy: 0.9902 74/146 [==============>...............] - ETA: 2:01 - loss: 0.0324 - accuracy: 0.9899 75/146 [==============>...............] - ETA: 1:59 - loss: 0.0327 - accuracy: 0.9896 76/146 [==============>...............] - ETA: 1:58 - loss: 0.0331 - accuracy: 0.9889 77/146 [==============>...............] - ETA: 1:56 - loss: 0.0327 - accuracy: 0.9890 78/146 [===============>..............] - ETA: 1:54 - loss: 0.0326 - accuracy: 0.9892 79/146 [===============>..............] - ETA: 1:52 - loss: 0.0323 - accuracy: 0.9893 80/146 [===============>..............] - ETA: 1:50 - loss: 0.0320 - accuracy: 0.9895 81/146 [===============>..............] - ETA: 1:49 - loss: 0.0317 - accuracy: 0.9896 82/146 [===============>..............] - ETA: 1:47 - loss: 0.0324 - accuracy: 0.9889 83/146 [================>.............] - ETA: 1:45 - loss: 0.0321 - accuracy: 0.9891 84/146 [================>.............] - ETA: 1:44 - loss: 0.0317 - accuracy: 0.9892 85/146 [================>.............] - ETA: 1:42 - loss: 0.0321 - accuracy: 0.9890 86/146 [================>.............] - ETA: 1:40 - loss: 0.0317 - accuracy: 0.9891 87/146 [================>.............] - ETA: 1:39 - loss: 0.0314 - accuracy: 0.9892 88/146 [=================>............] - ETA: 1:37 - loss: 0.0315 - accuracy: 0.9890 89/146 [=================>............] - ETA: 1:35 - loss: 0.0320 - accuracy: 0.9888 90/146 [=================>............] - ETA: 1:34 - loss: 0.0316 - accuracy: 0.9889 91/146 [=================>............] - ETA: 1:32 - loss: 0.0314 - accuracy: 0.9890 92/146 [=================>............] - ETA: 1:31 - loss: 0.0311 - accuracy: 0.9891 93/146 [==================>...........] - ETA: 1:29 - loss: 0.0311 - accuracy: 0.9889 94/146 [==================>...........] - ETA: 1:27 - loss: 0.0307 - accuracy: 0.9890 95/146 [==================>...........] - ETA: 1:26 - loss: 0.0306 - accuracy: 0.9891 96/146 [==================>...........] - ETA: 1:24 - loss: 0.0303 - accuracy: 0.9893 97/146 [==================>...........] - ETA: 1:22 - loss: 0.0304 - accuracy: 0.9890 98/146 [===================>..........] - ETA: 1:21 - loss: 0.0301 - accuracy: 0.9892 99/146 [===================>..........] - ETA: 1:19 - loss: 0.0302 - accuracy: 0.9890100/146 [===================>..........] - ETA: 1:17 - loss: 0.0299 - accuracy: 0.9891101/146 [===================>..........] - ETA: 1:16 - loss: 0.0297 - accuracy: 0.9892102/146 [===================>..........] - ETA: 1:14 - loss: 0.0295 - accuracy: 0.9893103/146 [====================>.........] - ETA: 1:12 - loss: 0.0293 - accuracy: 0.9894104/146 [====================>.........] - ETA: 1:11 - loss: 0.0293 - accuracy: 0.9895105/146 [====================>.........] - ETA: 1:09 - loss: 0.0291 - accuracy: 0.9896106/146 [====================>.........] - ETA: 1:07 - loss: 0.0289 - accuracy: 0.9897107/146 [====================>.........] - ETA: 1:06 - loss: 0.0299 - accuracy: 0.9892108/146 [=====================>........] - ETA: 1:04 - loss: 0.0305 - accuracy: 0.9890109/146 [=====================>........] - ETA: 1:02 - loss: 0.0313 - accuracy: 0.9885110/146 [=====================>........] - ETA: 1:00 - loss: 0.0311 - accuracy: 0.9886111/146 [=====================>........] - ETA: 59s - loss: 0.0310 - accuracy: 0.9887 112/146 [======================>.......] - ETA: 57s - loss: 0.0313 - accuracy: 0.9886113/146 [======================>.......] - ETA: 55s - loss: 0.0310 - accuracy: 0.9887114/146 [======================>.......] - ETA: 54s - loss: 0.0332 - accuracy: 0.9885115/146 [======================>.......] - ETA: 52s - loss: 0.0333 - accuracy: 0.9883116/146 [======================>.......] - ETA: 50s - loss: 0.0331 - accuracy: 0.9884117/146 [=======================>......] - ETA: 49s - loss: 0.0329 - accuracy: 0.9885118/146 [=======================>......] - ETA: 47s - loss: 0.0355 - accuracy: 0.9881119/146 [=======================>......] - ETA: 45s - loss: 0.0356 - accuracy: 0.9879120/146 [=======================>......] - ETA: 44s - loss: 0.0354 - accuracy: 0.9880121/146 [=======================>......] - ETA: 42s - loss: 0.0358 - accuracy: 0.9876122/146 [========================>.....] - ETA: 40s - loss: 0.0372 - accuracy: 0.9874123/146 [========================>.....] - ETA: 39s - loss: 0.0372 - accuracy: 0.9876124/146 [========================>.....] - ETA: 37s - loss: 0.0370 - accuracy: 0.9877125/146 [========================>.....] - ETA: 35s - loss: 0.0368 - accuracy: 0.9877126/146 [========================>.....] - ETA: 33s - loss: 0.0366 - accuracy: 0.9878127/146 [=========================>....] - ETA: 32s - loss: 0.0374 - accuracy: 0.9872128/146 [=========================>....] - ETA: 30s - loss: 0.0372 - accuracy: 0.9873129/146 [=========================>....] - ETA: 28s - loss: 0.0371 - accuracy: 0.9874130/146 [=========================>....] - ETA: 27s - loss: 0.0370 - accuracy: 0.9875131/146 [=========================>....] - ETA: 25s - loss: 0.0368 - accuracy: 0.9876132/146 [==========================>...] - ETA: 23s - loss: 0.0373 - accuracy: 0.9875133/146 [==========================>...] - ETA: 22s - loss: 0.0376 - accuracy: 0.9871134/146 [==========================>...] - ETA: 20s - loss: 0.0379 - accuracy: 0.9869135/146 [==========================>...] - ETA: 18s - loss: 0.0390 - accuracy: 0.9866136/146 [==========================>...] - ETA: 17s - loss: 0.0388 - accuracy: 0.9867137/146 [===========================>..] - ETA: 15s - loss: 0.0386 - accuracy: 0.9868138/146 [===========================>..] - ETA: 13s - loss: 0.0386 - accuracy: 0.9869139/146 [===========================>..] - ETA: 11s - loss: 0.0392 - accuracy: 0.9865140/146 [===========================>..] - ETA: 10s - loss: 0.0399 - accuracy: 0.9864141/146 [===========================>..] - ETA: 8s - loss: 0.0398 - accuracy: 0.9865 142/146 [============================>.] - ETA: 6s - loss: 0.0397 - accuracy: 0.9866143/146 [============================>.] - ETA: 5s - loss: 0.0403 - accuracy: 0.9862144/146 [============================>.] - ETA: 3s - loss: 0.0401 - accuracy: 0.9863145/146 [============================>.] - ETA: 1s - loss: 0.0398 - accuracy: 0.9864146/146 [==============================] - ETA: 0s - loss: 0.0398 - accuracy: 0.9864146/146 [==============================] - 267s 2s/step - loss: 0.0398 - accuracy: 0.9864 - val_loss: 0.4458 - val_accuracy: 0.8933
Epoch 47/108
  1/146 [..............................] - ETA: 3:26 - loss: 0.1642 - accuracy: 0.9375  2/146 [..............................] - ETA: 3:13 - loss: 0.0963 - accuracy: 0.9688  3/146 [..............................] - ETA: 3:15 - loss: 0.0789 - accuracy: 0.9688  4/146 [..............................] - ETA: 3:27 - loss: 0.0720 - accuracy: 0.9766  5/146 [>.............................] - ETA: 3:30 - loss: 0.0588 - accuracy: 0.9812  6/146 [>.............................] - ETA: 3:33 - loss: 0.0501 - accuracy: 0.9844  7/146 [>.............................] - ETA: 3:36 - loss: 0.0469 - accuracy: 0.9866  8/146 [>.............................] - ETA: 3:38 - loss: 0.0479 - accuracy: 0.9844  9/146 [>.............................] - ETA: 3:33 - loss: 0.0487 - accuracy: 0.9826 10/146 [=>............................] - ETA: 3:31 - loss: 0.0484 - accuracy: 0.9812 11/146 [=>............................] - ETA: 3:27 - loss: 0.0458 - accuracy: 0.9830 12/146 [=>............................] - ETA: 3:24 - loss: 0.0427 - accuracy: 0.9844 13/146 [=>............................] - ETA: 3:22 - loss: 0.0421 - accuracy: 0.9856 14/146 [=>............................] - ETA: 3:19 - loss: 0.0406 - accuracy: 0.9866 15/146 [==>...........................] - ETA: 3:15 - loss: 0.0421 - accuracy: 0.9854 16/146 [==>...........................] - ETA: 3:11 - loss: 0.0405 - accuracy: 0.9863 17/146 [==>...........................] - ETA: 3:09 - loss: 0.0429 - accuracy: 0.9853 18/146 [==>...........................] - ETA: 3:07 - loss: 0.0407 - accuracy: 0.9861 19/146 [==>...........................] - ETA: 3:04 - loss: 0.0404 - accuracy: 0.9868 20/146 [===>..........................] - ETA: 3:02 - loss: 0.0405 - accuracy: 0.9859 21/146 [===>..........................] - ETA: 3:00 - loss: 0.0400 - accuracy: 0.9866 22/146 [===>..........................] - ETA: 2:58 - loss: 0.0384 - accuracy: 0.9872 23/146 [===>..........................] - ETA: 2:55 - loss: 0.0430 - accuracy: 0.9851 24/146 [===>..........................] - ETA: 2:54 - loss: 0.0416 - accuracy: 0.9857 25/146 [====>.........................] - ETA: 2:52 - loss: 0.0407 - accuracy: 0.9862 26/146 [====>.........................] - ETA: 2:50 - loss: 0.0397 - accuracy: 0.9868 27/146 [====>.........................] - ETA: 2:48 - loss: 0.0397 - accuracy: 0.9873 28/146 [====>.........................] - ETA: 2:45 - loss: 0.0392 - accuracy: 0.9877 29/146 [====>.........................] - ETA: 2:43 - loss: 0.0388 - accuracy: 0.9881 30/146 [=====>........................] - ETA: 2:40 - loss: 0.0386 - accuracy: 0.9875 31/146 [=====>........................] - ETA: 2:38 - loss: 0.0375 - accuracy: 0.9879 32/146 [=====>........................] - ETA: 2:36 - loss: 0.0374 - accuracy: 0.9883 33/146 [=====>........................] - ETA: 2:34 - loss: 0.0366 - accuracy: 0.9886 34/146 [=====>........................] - ETA: 2:32 - loss: 0.0362 - accuracy: 0.9881 35/146 [======>.......................] - ETA: 2:30 - loss: 0.0367 - accuracy: 0.9875 36/146 [======>.......................] - ETA: 2:29 - loss: 0.0365 - accuracy: 0.9870 37/146 [======>.......................] - ETA: 2:28 - loss: 0.0356 - accuracy: 0.9873 38/146 [======>.......................] - ETA: 2:27 - loss: 0.0348 - accuracy: 0.9877 39/146 [=======>......................] - ETA: 2:26 - loss: 0.0342 - accuracy: 0.9880 40/146 [=======>......................] - ETA: 2:25 - loss: 0.0336 - accuracy: 0.9883 41/146 [=======>......................] - ETA: 2:24 - loss: 0.0346 - accuracy: 0.9870 42/146 [=======>......................] - ETA: 2:22 - loss: 0.0339 - accuracy: 0.9874 43/146 [=======>......................] - ETA: 2:21 - loss: 0.0332 - accuracy: 0.9876 44/146 [========>.....................] - ETA: 2:20 - loss: 0.0325 - accuracy: 0.9879 45/146 [========>.....................] - ETA: 2:19 - loss: 0.0318 - accuracy: 0.9882 46/146 [========>.....................] - ETA: 2:17 - loss: 0.0319 - accuracy: 0.9885 47/146 [========>.....................] - ETA: 2:16 - loss: 0.0314 - accuracy: 0.9887 48/146 [========>.....................] - ETA: 2:15 - loss: 0.0317 - accuracy: 0.9883 49/146 [=========>....................] - ETA: 2:14 - loss: 0.0311 - accuracy: 0.9885 50/146 [=========>....................] - ETA: 2:13 - loss: 0.0305 - accuracy: 0.9887 51/146 [=========>....................] - ETA: 2:12 - loss: 0.0301 - accuracy: 0.9890 52/146 [=========>....................] - ETA: 2:11 - loss: 0.0309 - accuracy: 0.9886 53/146 [=========>....................] - ETA: 2:10 - loss: 0.0304 - accuracy: 0.9888 54/146 [==========>...................] - ETA: 2:09 - loss: 0.0303 - accuracy: 0.9890 55/146 [==========>...................] - ETA: 2:08 - loss: 0.0299 - accuracy: 0.9892 56/146 [==========>...................] - ETA: 2:07 - loss: 0.0299 - accuracy: 0.9894 57/146 [==========>...................] - ETA: 2:06 - loss: 0.0293 - accuracy: 0.9896 58/146 [==========>...................] - ETA: 2:04 - loss: 0.0293 - accuracy: 0.9892 59/146 [===========>..................] - ETA: 2:03 - loss: 0.0289 - accuracy: 0.9894 60/146 [===========>..................] - ETA: 2:02 - loss: 0.0284 - accuracy: 0.9896 61/146 [===========>..................] - ETA: 2:01 - loss: 0.0282 - accuracy: 0.9898 62/146 [===========>..................] - ETA: 2:00 - loss: 0.0278 - accuracy: 0.9899 63/146 [===========>..................] - ETA: 1:58 - loss: 0.0275 - accuracy: 0.9901 64/146 [============>.................] - ETA: 1:57 - loss: 0.0275 - accuracy: 0.9902 65/146 [============>.................] - ETA: 1:56 - loss: 0.0291 - accuracy: 0.9899 66/146 [============>.................] - ETA: 1:54 - loss: 0.0288 - accuracy: 0.9901 67/146 [============>.................] - ETA: 1:53 - loss: 0.0301 - accuracy: 0.9897 68/146 [============>.................] - ETA: 1:52 - loss: 0.0297 - accuracy: 0.9899 69/146 [=============>................] - ETA: 1:51 - loss: 0.0293 - accuracy: 0.9900 70/146 [=============>................] - ETA: 1:50 - loss: 0.0292 - accuracy: 0.9902 71/146 [=============>................] - ETA: 1:48 - loss: 0.0289 - accuracy: 0.9903 72/146 [=============>................] - ETA: 1:47 - loss: 0.0288 - accuracy: 0.9905 73/146 [==============>...............] - ETA: 1:46 - loss: 0.0284 - accuracy: 0.9906 74/146 [==============>...............] - ETA: 1:45 - loss: 0.0320 - accuracy: 0.9903 75/146 [==============>...............] - ETA: 1:43 - loss: 0.0325 - accuracy: 0.9900 76/146 [==============>...............] - ETA: 1:42 - loss: 0.0323 - accuracy: 0.9901 77/146 [==============>...............] - ETA: 1:41 - loss: 0.0319 - accuracy: 0.9903 78/146 [===============>..............] - ETA: 1:39 - loss: 0.0315 - accuracy: 0.9904 79/146 [===============>..............] - ETA: 1:38 - loss: 0.0312 - accuracy: 0.9905 80/146 [===============>..............] - ETA: 1:36 - loss: 0.0308 - accuracy: 0.9906 81/146 [===============>..............] - ETA: 1:35 - loss: 0.0307 - accuracy: 0.9907 82/146 [===============>..............] - ETA: 1:33 - loss: 0.0305 - accuracy: 0.9909 83/146 [================>.............] - ETA: 1:32 - loss: 0.0317 - accuracy: 0.9906 84/146 [================>.............] - ETA: 1:30 - loss: 0.0318 - accuracy: 0.9903 85/146 [================>.............] - ETA: 1:29 - loss: 0.0316 - accuracy: 0.9904 86/146 [================>.............] - ETA: 1:27 - loss: 0.0318 - accuracy: 0.9906 87/146 [================>.............] - ETA: 1:26 - loss: 0.0319 - accuracy: 0.9907 88/146 [=================>............] - ETA: 1:25 - loss: 0.0318 - accuracy: 0.9908 89/146 [=================>............] - ETA: 1:23 - loss: 0.0326 - accuracy: 0.9905 90/146 [=================>............] - ETA: 1:22 - loss: 0.0324 - accuracy: 0.9906 91/146 [=================>............] - ETA: 1:20 - loss: 0.0321 - accuracy: 0.9907 92/146 [=================>............] - ETA: 1:19 - loss: 0.0319 - accuracy: 0.9908 93/146 [==================>...........] - ETA: 1:17 - loss: 0.0316 - accuracy: 0.9909 94/146 [==================>...........] - ETA: 1:16 - loss: 0.0313 - accuracy: 0.9910 95/146 [==================>...........] - ETA: 1:14 - loss: 0.0313 - accuracy: 0.9911 96/146 [==================>...........] - ETA: 1:13 - loss: 0.0310 - accuracy: 0.9912 97/146 [==================>...........] - ETA: 1:11 - loss: 0.0309 - accuracy: 0.9913 98/146 [===================>..........] - ETA: 1:10 - loss: 0.0309 - accuracy: 0.9914 99/146 [===================>..........] - ETA: 1:08 - loss: 0.0311 - accuracy: 0.9912100/146 [===================>..........] - ETA: 1:07 - loss: 0.0309 - accuracy: 0.9912101/146 [===================>..........] - ETA: 1:05 - loss: 0.0309 - accuracy: 0.9910102/146 [===================>..........] - ETA: 1:04 - loss: 0.0306 - accuracy: 0.9911103/146 [====================>.........] - ETA: 1:03 - loss: 0.0308 - accuracy: 0.9909104/146 [====================>.........] - ETA: 1:01 - loss: 0.0305 - accuracy: 0.9910105/146 [====================>.........] - ETA: 1:00 - loss: 0.0314 - accuracy: 0.9905106/146 [====================>.........] - ETA: 58s - loss: 0.0319 - accuracy: 0.9903 107/146 [====================>.........] - ETA: 57s - loss: 0.0317 - accuracy: 0.9904108/146 [=====================>........] - ETA: 55s - loss: 0.0317 - accuracy: 0.9905109/146 [=====================>........] - ETA: 54s - loss: 0.0321 - accuracy: 0.9903110/146 [=====================>........] - ETA: 52s - loss: 0.0318 - accuracy: 0.9903111/146 [=====================>........] - ETA: 51s - loss: 0.0320 - accuracy: 0.9901112/146 [======================>.......] - ETA: 49s - loss: 0.0317 - accuracy: 0.9902113/146 [======================>.......] - ETA: 48s - loss: 0.0315 - accuracy: 0.9903114/146 [======================>.......] - ETA: 46s - loss: 0.0318 - accuracy: 0.9901115/146 [======================>.......] - ETA: 45s - loss: 0.0318 - accuracy: 0.9902116/146 [======================>.......] - ETA: 44s - loss: 0.0321 - accuracy: 0.9900117/146 [=======================>......] - ETA: 42s - loss: 0.0323 - accuracy: 0.9896118/146 [=======================>......] - ETA: 41s - loss: 0.0323 - accuracy: 0.9897119/146 [=======================>......] - ETA: 39s - loss: 0.0321 - accuracy: 0.9898120/146 [=======================>......] - ETA: 38s - loss: 0.0318 - accuracy: 0.9898121/146 [=======================>......] - ETA: 36s - loss: 0.0322 - accuracy: 0.9897122/146 [========================>.....] - ETA: 35s - loss: 0.0324 - accuracy: 0.9895123/146 [========================>.....] - ETA: 33s - loss: 0.0322 - accuracy: 0.9896124/146 [========================>.....] - ETA: 32s - loss: 0.0321 - accuracy: 0.9897125/146 [========================>.....] - ETA: 30s - loss: 0.0319 - accuracy: 0.9898126/146 [========================>.....] - ETA: 29s - loss: 0.0317 - accuracy: 0.9898127/146 [=========================>....] - ETA: 27s - loss: 0.0316 - accuracy: 0.9899128/146 [=========================>....] - ETA: 26s - loss: 0.0314 - accuracy: 0.9900129/146 [=========================>....] - ETA: 25s - loss: 0.0313 - accuracy: 0.9901130/146 [=========================>....] - ETA: 23s - loss: 0.0314 - accuracy: 0.9901131/146 [=========================>....] - ETA: 22s - loss: 0.0312 - accuracy: 0.9902132/146 [==========================>...] - ETA: 20s - loss: 0.0310 - accuracy: 0.9903133/146 [==========================>...] - ETA: 19s - loss: 0.0308 - accuracy: 0.9904134/146 [==========================>...] - ETA: 17s - loss: 0.0306 - accuracy: 0.9904135/146 [==========================>...] - ETA: 16s - loss: 0.0308 - accuracy: 0.9903136/146 [==========================>...] - ETA: 14s - loss: 0.0308 - accuracy: 0.9903137/146 [===========================>..] - ETA: 13s - loss: 0.0307 - accuracy: 0.9904138/146 [===========================>..] - ETA: 11s - loss: 0.0307 - accuracy: 0.9903139/146 [===========================>..] - ETA: 10s - loss: 0.0307 - accuracy: 0.9901140/146 [===========================>..] - ETA: 8s - loss: 0.0307 - accuracy: 0.9902 141/146 [===========================>..] - ETA: 7s - loss: 0.0307 - accuracy: 0.9900142/146 [============================>.] - ETA: 5s - loss: 0.0305 - accuracy: 0.9901143/146 [============================>.] - ETA: 4s - loss: 0.0304 - accuracy: 0.9902144/146 [============================>.] - ETA: 2s - loss: 0.0303 - accuracy: 0.9902145/146 [============================>.] - ETA: 1s - loss: 0.0302 - accuracy: 0.9903146/146 [==============================] - ETA: 0s - loss: 0.0302 - accuracy: 0.9903146/146 [==============================] - 229s 2s/step - loss: 0.0302 - accuracy: 0.9903 - val_loss: 0.6143 - val_accuracy: 0.9005
Epoch 48/108
  1/146 [..............................] - ETA: 3:19 - loss: 0.0085 - accuracy: 1.0000  2/146 [..............................] - ETA: 3:18 - loss: 0.0069 - accuracy: 1.0000  3/146 [..............................] - ETA: 3:27 - loss: 0.0051 - accuracy: 1.0000  4/146 [..............................] - ETA: 3:27 - loss: 0.0041 - accuracy: 1.0000  5/146 [>.............................] - ETA: 3:23 - loss: 0.0158 - accuracy: 0.9937  6/146 [>.............................] - ETA: 3:26 - loss: 0.0160 - accuracy: 0.9948  7/146 [>.............................] - ETA: 3:25 - loss: 0.0141 - accuracy: 0.9955  8/146 [>.............................] - ETA: 3:22 - loss: 0.0125 - accuracy: 0.9961  9/146 [>.............................] - ETA: 3:22 - loss: 0.0211 - accuracy: 0.9896 10/146 [=>............................] - ETA: 3:20 - loss: 0.0192 - accuracy: 0.9906 11/146 [=>............................] - ETA: 3:19 - loss: 0.0180 - accuracy: 0.9915 12/146 [=>............................] - ETA: 3:17 - loss: 0.0177 - accuracy: 0.9922 13/146 [=>............................] - ETA: 3:15 - loss: 0.0164 - accuracy: 0.9928 14/146 [=>............................] - ETA: 3:13 - loss: 0.0164 - accuracy: 0.9933 15/146 [==>...........................] - ETA: 3:11 - loss: 0.0265 - accuracy: 0.9896 16/146 [==>...........................] - ETA: 3:10 - loss: 0.0249 - accuracy: 0.9902 17/146 [==>...........................] - ETA: 3:08 - loss: 0.0360 - accuracy: 0.9871 18/146 [==>...........................] - ETA: 3:07 - loss: 0.0347 - accuracy: 0.9878 19/146 [==>...........................] - ETA: 3:05 - loss: 0.0331 - accuracy: 0.9885 20/146 [===>..........................] - ETA: 3:03 - loss: 0.0320 - accuracy: 0.9891 21/146 [===>..........................] - ETA: 3:02 - loss: 0.0319 - accuracy: 0.9881 22/146 [===>..........................] - ETA: 3:00 - loss: 0.0305 - accuracy: 0.9886 23/146 [===>..........................] - ETA: 2:58 - loss: 0.0293 - accuracy: 0.9891 24/146 [===>..........................] - ETA: 2:57 - loss: 0.0282 - accuracy: 0.9896 25/146 [====>.........................] - ETA: 2:55 - loss: 0.0273 - accuracy: 0.9900 26/146 [====>.........................] - ETA: 2:53 - loss: 0.0300 - accuracy: 0.9892 27/146 [====>.........................] - ETA: 2:52 - loss: 0.0303 - accuracy: 0.9896 28/146 [====>.........................] - ETA: 2:50 - loss: 0.0298 - accuracy: 0.9900 29/146 [====>.........................] - ETA: 2:49 - loss: 0.0289 - accuracy: 0.9903 30/146 [=====>........................] - ETA: 2:47 - loss: 0.0281 - accuracy: 0.9906 31/146 [=====>........................] - ETA: 2:46 - loss: 0.0274 - accuracy: 0.9909 32/146 [=====>........................] - ETA: 2:45 - loss: 0.0268 - accuracy: 0.9912 33/146 [=====>........................] - ETA: 2:43 - loss: 0.0266 - accuracy: 0.9915 34/146 [=====>........................] - ETA: 2:42 - loss: 0.0273 - accuracy: 0.9908 35/146 [======>.......................] - ETA: 2:40 - loss: 0.0267 - accuracy: 0.9911 36/146 [======>.......................] - ETA: 2:39 - loss: 0.0268 - accuracy: 0.9913 37/146 [======>.......................] - ETA: 2:38 - loss: 0.0263 - accuracy: 0.9916 38/146 [======>.......................] - ETA: 2:36 - loss: 0.0257 - accuracy: 0.9918 39/146 [=======>......................] - ETA: 2:35 - loss: 0.0255 - accuracy: 0.9920 40/146 [=======>......................] - ETA: 2:33 - loss: 0.0261 - accuracy: 0.9914 41/146 [=======>......................] - ETA: 2:32 - loss: 0.0273 - accuracy: 0.9909 42/146 [=======>......................] - ETA: 2:31 - loss: 0.0276 - accuracy: 0.9903 43/146 [=======>......................] - ETA: 2:30 - loss: 0.0279 - accuracy: 0.9898 44/146 [========>.....................] - ETA: 2:28 - loss: 0.0294 - accuracy: 0.9886 45/146 [========>.....................] - ETA: 2:27 - loss: 0.0295 - accuracy: 0.9882 46/146 [========>.....................] - ETA: 2:26 - loss: 0.0300 - accuracy: 0.9878 47/146 [========>.....................] - ETA: 2:24 - loss: 0.0347 - accuracy: 0.9874 48/146 [========>.....................] - ETA: 2:23 - loss: 0.0374 - accuracy: 0.9863 49/146 [=========>....................] - ETA: 2:21 - loss: 0.0379 - accuracy: 0.9860 50/146 [=========>....................] - ETA: 2:20 - loss: 0.0390 - accuracy: 0.9856 51/146 [=========>....................] - ETA: 2:19 - loss: 0.0388 - accuracy: 0.9859 52/146 [=========>....................] - ETA: 2:17 - loss: 0.0414 - accuracy: 0.9850 53/146 [=========>....................] - ETA: 2:16 - loss: 0.0412 - accuracy: 0.9853 54/146 [==========>...................] - ETA: 2:14 - loss: 0.0434 - accuracy: 0.9844 55/146 [==========>...................] - ETA: 2:13 - loss: 0.0427 - accuracy: 0.9847 56/146 [==========>...................] - ETA: 2:11 - loss: 0.0433 - accuracy: 0.9844 57/146 [==========>...................] - ETA: 2:10 - loss: 0.0431 - accuracy: 0.9846 58/146 [==========>...................] - ETA: 2:09 - loss: 0.0484 - accuracy: 0.9828 59/146 [===========>..................] - ETA: 2:07 - loss: 0.0496 - accuracy: 0.9825 60/146 [===========>..................] - ETA: 2:05 - loss: 0.0551 - accuracy: 0.9812 61/146 [===========>..................] - ETA: 2:04 - loss: 0.0566 - accuracy: 0.9805 62/146 [===========>..................] - ETA: 2:03 - loss: 0.0560 - accuracy: 0.9808 63/146 [===========>..................] - ETA: 2:01 - loss: 0.0555 - accuracy: 0.9807 64/146 [============>.................] - ETA: 2:00 - loss: 0.0548 - accuracy: 0.9810 65/146 [============>.................] - ETA: 1:58 - loss: 0.0677 - accuracy: 0.9788 66/146 [============>.................] - ETA: 1:57 - loss: 0.0684 - accuracy: 0.9782 67/146 [============>.................] - ETA: 1:56 - loss: 0.0699 - accuracy: 0.9781 68/146 [============>.................] - ETA: 1:54 - loss: 0.0689 - accuracy: 0.9784 69/146 [=============>................] - ETA: 1:53 - loss: 0.0683 - accuracy: 0.9787 70/146 [=============>................] - ETA: 1:51 - loss: 0.0683 - accuracy: 0.9786 71/146 [=============>................] - ETA: 1:50 - loss: 0.0684 - accuracy: 0.9784 72/146 [=============>................] - ETA: 1:48 - loss: 0.0757 - accuracy: 0.9774 73/146 [==============>...............] - ETA: 1:47 - loss: 0.0754 - accuracy: 0.9773 74/146 [==============>...............] - ETA: 1:45 - loss: 0.0815 - accuracy: 0.9755 75/146 [==============>...............] - ETA: 1:44 - loss: 0.0812 - accuracy: 0.9754 76/146 [==============>...............] - ETA: 1:43 - loss: 0.0805 - accuracy: 0.9757 77/146 [==============>...............] - ETA: 1:41 - loss: 0.0799 - accuracy: 0.9756 78/146 [===============>..............] - ETA: 1:40 - loss: 0.0790 - accuracy: 0.9760 79/146 [===============>..............] - ETA: 1:38 - loss: 0.0786 - accuracy: 0.9759 80/146 [===============>..............] - ETA: 1:37 - loss: 0.0800 - accuracy: 0.9750 81/146 [===============>..............] - ETA: 1:35 - loss: 0.0807 - accuracy: 0.9745 82/146 [===============>..............] - ETA: 1:34 - loss: 0.0804 - accuracy: 0.9745 83/146 [================>.............] - ETA: 1:32 - loss: 0.0806 - accuracy: 0.9744 84/146 [================>.............] - ETA: 1:31 - loss: 0.0804 - accuracy: 0.9747 85/146 [================>.............] - ETA: 1:29 - loss: 0.0798 - accuracy: 0.9750 86/146 [================>.............] - ETA: 1:27 - loss: 0.0794 - accuracy: 0.9753 87/146 [================>.............] - ETA: 1:26 - loss: 0.0790 - accuracy: 0.9752 88/146 [=================>............] - ETA: 1:25 - loss: 0.0785 - accuracy: 0.9755 89/146 [=================>............] - ETA: 1:23 - loss: 0.0787 - accuracy: 0.9754 90/146 [=================>............] - ETA: 1:21 - loss: 0.0781 - accuracy: 0.9757 91/146 [=================>............] - ETA: 1:20 - loss: 0.0795 - accuracy: 0.9749 92/146 [=================>............] - ETA: 1:19 - loss: 0.0790 - accuracy: 0.9752 93/146 [==================>...........] - ETA: 1:17 - loss: 0.0784 - accuracy: 0.9755 94/146 [==================>...........] - ETA: 1:16 - loss: 0.0782 - accuracy: 0.9754 95/146 [==================>...........] - ETA: 1:14 - loss: 0.0776 - accuracy: 0.9757 96/146 [==================>...........] - ETA: 1:13 - loss: 0.0770 - accuracy: 0.9759 97/146 [==================>...........] - ETA: 1:11 - loss: 0.0768 - accuracy: 0.9762 98/146 [===================>..........] - ETA: 1:10 - loss: 0.0765 - accuracy: 0.9764 99/146 [===================>..........] - ETA: 1:08 - loss: 0.0791 - accuracy: 0.9760100/146 [===================>..........] - ETA: 1:07 - loss: 0.0784 - accuracy: 0.9762101/146 [===================>..........] - ETA: 1:05 - loss: 0.0779 - accuracy: 0.9765102/146 [===================>..........] - ETA: 1:04 - loss: 0.0771 - accuracy: 0.9767103/146 [====================>.........] - ETA: 1:02 - loss: 0.0765 - accuracy: 0.9769104/146 [====================>.........] - ETA: 1:01 - loss: 0.0761 - accuracy: 0.9772105/146 [====================>.........] - ETA: 59s - loss: 0.0766 - accuracy: 0.9768 106/146 [====================>.........] - ETA: 58s - loss: 0.0763 - accuracy: 0.9770107/146 [====================>.........] - ETA: 56s - loss: 0.0757 - accuracy: 0.9772108/146 [=====================>........] - ETA: 55s - loss: 0.0753 - accuracy: 0.9774109/146 [=====================>........] - ETA: 53s - loss: 0.0751 - accuracy: 0.9774110/146 [=====================>........] - ETA: 52s - loss: 0.0747 - accuracy: 0.9776111/146 [=====================>........] - ETA: 51s - loss: 0.0741 - accuracy: 0.9778112/146 [======================>.......] - ETA: 49s - loss: 0.0740 - accuracy: 0.9777113/146 [======================>.......] - ETA: 48s - loss: 0.0735 - accuracy: 0.9779114/146 [======================>.......] - ETA: 46s - loss: 0.0732 - accuracy: 0.9781115/146 [======================>.......] - ETA: 45s - loss: 0.0732 - accuracy: 0.9780116/146 [======================>.......] - ETA: 43s - loss: 0.0726 - accuracy: 0.9782117/146 [=======================>......] - ETA: 42s - loss: 0.0723 - accuracy: 0.9781118/146 [=======================>......] - ETA: 40s - loss: 0.0719 - accuracy: 0.9783119/146 [=======================>......] - ETA: 39s - loss: 0.0719 - accuracy: 0.9782120/146 [=======================>......] - ETA: 37s - loss: 0.0715 - accuracy: 0.9784121/146 [=======================>......] - ETA: 36s - loss: 0.0723 - accuracy: 0.9778122/146 [========================>.....] - ETA: 34s - loss: 0.0723 - accuracy: 0.9777123/146 [========================>.....] - ETA: 33s - loss: 0.0720 - accuracy: 0.9776124/146 [========================>.....] - ETA: 32s - loss: 0.0717 - accuracy: 0.9778125/146 [========================>.....] - ETA: 30s - loss: 0.0712 - accuracy: 0.9780126/146 [========================>.....] - ETA: 29s - loss: 0.0708 - accuracy: 0.9782127/146 [=========================>....] - ETA: 27s - loss: 0.0706 - accuracy: 0.9783128/146 [=========================>....] - ETA: 26s - loss: 0.0709 - accuracy: 0.9780129/146 [=========================>....] - ETA: 24s - loss: 0.0706 - accuracy: 0.9782130/146 [=========================>....] - ETA: 23s - loss: 0.0701 - accuracy: 0.9784131/146 [=========================>....] - ETA: 21s - loss: 0.0696 - accuracy: 0.9785132/146 [==========================>...] - ETA: 20s - loss: 0.0691 - accuracy: 0.9787133/146 [==========================>...] - ETA: 18s - loss: 0.0686 - accuracy: 0.9789134/146 [==========================>...] - ETA: 17s - loss: 0.0681 - accuracy: 0.9790135/146 [==========================>...] - ETA: 15s - loss: 0.0677 - accuracy: 0.9792136/146 [==========================>...] - ETA: 14s - loss: 0.0673 - accuracy: 0.9793137/146 [===========================>..] - ETA: 13s - loss: 0.0669 - accuracy: 0.9795138/146 [===========================>..] - ETA: 11s - loss: 0.0666 - accuracy: 0.9796139/146 [===========================>..] - ETA: 10s - loss: 0.0662 - accuracy: 0.9798140/146 [===========================>..] - ETA: 8s - loss: 0.0662 - accuracy: 0.9797 141/146 [===========================>..] - ETA: 7s - loss: 0.0661 - accuracy: 0.9796142/146 [============================>.] - ETA: 5s - loss: 0.0658 - accuracy: 0.9795143/146 [============================>.] - ETA: 4s - loss: 0.0654 - accuracy: 0.9797144/146 [============================>.] - ETA: 2s - loss: 0.0650 - accuracy: 0.9798145/146 [============================>.] - ETA: 1s - loss: 0.0647 - accuracy: 0.9800146/146 [==============================] - ETA: 0s - loss: 0.0646 - accuracy: 0.9800146/146 [==============================] - 229s 2s/step - loss: 0.0646 - accuracy: 0.9800 - val_loss: 0.5888 - val_accuracy: 0.8997
Epoch 49/108
  1/146 [..............................] - ETA: 3:09 - loss: 0.0133 - accuracy: 1.0000  2/146 [..............................] - ETA: 3:13 - loss: 0.0631 - accuracy: 0.9844  3/146 [..............................] - ETA: 3:18 - loss: 0.0654 - accuracy: 0.9688  4/146 [..............................] - ETA: 3:19 - loss: 0.0503 - accuracy: 0.9766  5/146 [>.............................] - ETA: 3:22 - loss: 0.0422 - accuracy: 0.9812  6/146 [>.............................] - ETA: 3:23 - loss: 0.0414 - accuracy: 0.9844  7/146 [>.............................] - ETA: 3:23 - loss: 0.0358 - accuracy: 0.9866  8/146 [>.............................] - ETA: 3:21 - loss: 0.0326 - accuracy: 0.9883  9/146 [>.............................] - ETA: 3:19 - loss: 0.0341 - accuracy: 0.9861 10/146 [=>............................] - ETA: 3:19 - loss: 0.0309 - accuracy: 0.9875 11/146 [=>............................] - ETA: 3:16 - loss: 0.0300 - accuracy: 0.9886 12/146 [=>............................] - ETA: 3:14 - loss: 0.0284 - accuracy: 0.9896 13/146 [=>............................] - ETA: 3:13 - loss: 0.0285 - accuracy: 0.9880 14/146 [=>............................] - ETA: 3:13 - loss: 0.0278 - accuracy: 0.9888 15/146 [==>...........................] - ETA: 3:11 - loss: 0.0263 - accuracy: 0.9896 16/146 [==>...........................] - ETA: 3:09 - loss: 0.0251 - accuracy: 0.9902 17/146 [==>...........................] - ETA: 3:08 - loss: 0.0239 - accuracy: 0.9908 18/146 [==>...........................] - ETA: 3:07 - loss: 0.0229 - accuracy: 0.9913 19/146 [==>...........................] - ETA: 3:05 - loss: 0.0223 - accuracy: 0.9918 20/146 [===>..........................] - ETA: 3:04 - loss: 0.0216 - accuracy: 0.9922 21/146 [===>..........................] - ETA: 3:03 - loss: 0.0209 - accuracy: 0.9926 22/146 [===>..........................] - ETA: 3:01 - loss: 0.0213 - accuracy: 0.9929 23/146 [===>..........................] - ETA: 3:00 - loss: 0.0215 - accuracy: 0.9932 24/146 [===>..........................] - ETA: 2:58 - loss: 0.0236 - accuracy: 0.9922 25/146 [====>.........................] - ETA: 2:57 - loss: 0.0230 - accuracy: 0.9925 26/146 [====>.........................] - ETA: 2:55 - loss: 0.0230 - accuracy: 0.9928 27/146 [====>.........................] - ETA: 2:53 - loss: 0.0224 - accuracy: 0.9931 28/146 [====>.........................] - ETA: 2:51 - loss: 0.0220 - accuracy: 0.9933 29/146 [====>.........................] - ETA: 2:50 - loss: 0.0275 - accuracy: 0.9925 30/146 [=====>........................] - ETA: 2:48 - loss: 0.0380 - accuracy: 0.9917 31/146 [=====>........................] - ETA: 2:47 - loss: 0.0371 - accuracy: 0.9919 32/146 [=====>........................] - ETA: 2:45 - loss: 0.0376 - accuracy: 0.9912 33/146 [=====>........................] - ETA: 2:43 - loss: 0.0366 - accuracy: 0.9915 34/146 [=====>........................] - ETA: 2:41 - loss: 0.0396 - accuracy: 0.9908 35/146 [======>.......................] - ETA: 2:40 - loss: 0.0395 - accuracy: 0.9902 36/146 [======>.......................] - ETA: 2:39 - loss: 0.0385 - accuracy: 0.9905 37/146 [======>.......................] - ETA: 2:38 - loss: 0.0381 - accuracy: 0.9907 38/146 [======>.......................] - ETA: 2:36 - loss: 0.0372 - accuracy: 0.9910 39/146 [=======>......................] - ETA: 2:35 - loss: 0.0364 - accuracy: 0.9912 40/146 [=======>......................] - ETA: 2:33 - loss: 0.0357 - accuracy: 0.9914 41/146 [=======>......................] - ETA: 2:32 - loss: 0.0349 - accuracy: 0.9916 42/146 [=======>......................] - ETA: 2:31 - loss: 0.0342 - accuracy: 0.9918 43/146 [=======>......................] - ETA: 2:29 - loss: 0.0342 - accuracy: 0.9920 44/146 [========>.....................] - ETA: 2:28 - loss: 0.0335 - accuracy: 0.9922 45/146 [========>.....................] - ETA: 2:26 - loss: 0.0329 - accuracy: 0.9924 46/146 [========>.....................] - ETA: 2:25 - loss: 0.0330 - accuracy: 0.9918 47/146 [========>.....................] - ETA: 2:23 - loss: 0.0331 - accuracy: 0.9914 48/146 [========>.....................] - ETA: 2:22 - loss: 0.0326 - accuracy: 0.9915 49/146 [=========>....................] - ETA: 2:20 - loss: 0.0321 - accuracy: 0.9917 50/146 [=========>....................] - ETA: 2:19 - loss: 0.0335 - accuracy: 0.9906 51/146 [=========>....................] - ETA: 2:17 - loss: 0.0334 - accuracy: 0.9908 52/146 [=========>....................] - ETA: 2:16 - loss: 0.0348 - accuracy: 0.9904 53/146 [=========>....................] - ETA: 2:14 - loss: 0.0343 - accuracy: 0.9906 54/146 [==========>...................] - ETA: 2:13 - loss: 0.0345 - accuracy: 0.9907 55/146 [==========>...................] - ETA: 2:12 - loss: 0.0342 - accuracy: 0.9909 56/146 [==========>...................] - ETA: 2:10 - loss: 0.0337 - accuracy: 0.9911 57/146 [==========>...................] - ETA: 2:09 - loss: 0.0348 - accuracy: 0.9907 58/146 [==========>...................] - ETA: 2:07 - loss: 0.0399 - accuracy: 0.9892 59/146 [===========>..................] - ETA: 2:06 - loss: 0.0413 - accuracy: 0.9889 60/146 [===========>..................] - ETA: 2:05 - loss: 0.0410 - accuracy: 0.9891 61/146 [===========>..................] - ETA: 2:03 - loss: 0.0406 - accuracy: 0.9892 62/146 [===========>..................] - ETA: 2:02 - loss: 0.0403 - accuracy: 0.9894 63/146 [===========>..................] - ETA: 2:01 - loss: 0.0397 - accuracy: 0.9896 64/146 [============>.................] - ETA: 1:59 - loss: 0.0396 - accuracy: 0.9893 65/146 [============>.................] - ETA: 1:58 - loss: 0.0394 - accuracy: 0.9894 66/146 [============>.................] - ETA: 1:56 - loss: 0.0405 - accuracy: 0.9891 67/146 [============>.................] - ETA: 1:55 - loss: 0.0399 - accuracy: 0.9893 68/146 [============>.................] - ETA: 1:53 - loss: 0.0400 - accuracy: 0.9890 69/146 [=============>................] - ETA: 1:52 - loss: 0.0400 - accuracy: 0.9887 70/146 [=============>................] - ETA: 1:50 - loss: 0.0395 - accuracy: 0.9888 71/146 [=============>................] - ETA: 1:49 - loss: 0.0390 - accuracy: 0.9890 72/146 [=============>................] - ETA: 1:47 - loss: 0.0390 - accuracy: 0.9887 73/146 [==============>...............] - ETA: 1:46 - loss: 0.0387 - accuracy: 0.9889 74/146 [==============>...............] - ETA: 1:44 - loss: 0.0384 - accuracy: 0.9890 75/146 [==============>...............] - ETA: 1:43 - loss: 0.0380 - accuracy: 0.9892 76/146 [==============>...............] - ETA: 1:41 - loss: 0.0377 - accuracy: 0.9893 77/146 [==============>...............] - ETA: 1:40 - loss: 0.0406 - accuracy: 0.9890 78/146 [===============>..............] - ETA: 1:38 - loss: 0.0403 - accuracy: 0.9892 79/146 [===============>..............] - ETA: 1:37 - loss: 0.0399 - accuracy: 0.9893 80/146 [===============>..............] - ETA: 1:35 - loss: 0.0396 - accuracy: 0.9895 81/146 [===============>..............] - ETA: 1:34 - loss: 0.0396 - accuracy: 0.9896 82/146 [===============>..............] - ETA: 1:32 - loss: 0.0411 - accuracy: 0.9889 83/146 [================>.............] - ETA: 1:30 - loss: 0.0407 - accuracy: 0.9891 84/146 [================>.............] - ETA: 1:29 - loss: 0.0405 - accuracy: 0.9892 85/146 [================>.............] - ETA: 1:27 - loss: 0.0404 - accuracy: 0.9893 86/146 [================>.............] - ETA: 1:26 - loss: 0.0405 - accuracy: 0.9891 87/146 [================>.............] - ETA: 1:24 - loss: 0.0401 - accuracy: 0.9892 88/146 [=================>............] - ETA: 1:23 - loss: 0.0397 - accuracy: 0.9893 89/146 [=================>............] - ETA: 1:21 - loss: 0.0406 - accuracy: 0.9891 90/146 [=================>............] - ETA: 1:20 - loss: 0.0403 - accuracy: 0.9892 91/146 [=================>............] - ETA: 1:18 - loss: 0.0402 - accuracy: 0.9890 92/146 [=================>............] - ETA: 1:17 - loss: 0.0398 - accuracy: 0.9891 93/146 [==================>...........] - ETA: 1:15 - loss: 0.0394 - accuracy: 0.9892 94/146 [==================>...........] - ETA: 1:14 - loss: 0.0391 - accuracy: 0.9894 95/146 [==================>...........] - ETA: 1:13 - loss: 0.0390 - accuracy: 0.9895 96/146 [==================>...........] - ETA: 1:11 - loss: 0.0388 - accuracy: 0.9896 97/146 [==================>...........] - ETA: 1:10 - loss: 0.0386 - accuracy: 0.9897 98/146 [===================>..........] - ETA: 1:08 - loss: 0.0383 - accuracy: 0.9898 99/146 [===================>..........] - ETA: 1:07 - loss: 0.0383 - accuracy: 0.9899100/146 [===================>..........] - ETA: 1:05 - loss: 0.0380 - accuracy: 0.9900101/146 [===================>..........] - ETA: 1:04 - loss: 0.0378 - accuracy: 0.9901102/146 [===================>..........] - ETA: 1:02 - loss: 0.0375 - accuracy: 0.9902103/146 [====================>.........] - ETA: 1:01 - loss: 0.0373 - accuracy: 0.9903104/146 [====================>.........] - ETA: 59s - loss: 0.0369 - accuracy: 0.9904 105/146 [====================>.........] - ETA: 58s - loss: 0.0367 - accuracy: 0.9905106/146 [====================>.........] - ETA: 56s - loss: 0.0365 - accuracy: 0.9906107/146 [====================>.........] - ETA: 55s - loss: 0.0367 - accuracy: 0.9904108/146 [=====================>........] - ETA: 54s - loss: 0.0365 - accuracy: 0.9905109/146 [=====================>........] - ETA: 52s - loss: 0.0362 - accuracy: 0.9905110/146 [=====================>........] - ETA: 51s - loss: 0.0363 - accuracy: 0.9903111/146 [=====================>........] - ETA: 49s - loss: 0.0361 - accuracy: 0.9904112/146 [======================>.......] - ETA: 48s - loss: 0.0362 - accuracy: 0.9905113/146 [======================>.......] - ETA: 46s - loss: 0.0359 - accuracy: 0.9906114/146 [======================>.......] - ETA: 45s - loss: 0.0358 - accuracy: 0.9904115/146 [======================>.......] - ETA: 44s - loss: 0.0356 - accuracy: 0.9905116/146 [======================>.......] - ETA: 42s - loss: 0.0358 - accuracy: 0.9903117/146 [=======================>......] - ETA: 41s - loss: 0.0357 - accuracy: 0.9904118/146 [=======================>......] - ETA: 39s - loss: 0.0355 - accuracy: 0.9905119/146 [=======================>......] - ETA: 38s - loss: 0.0352 - accuracy: 0.9905120/146 [=======================>......] - ETA: 37s - loss: 0.0350 - accuracy: 0.9906121/146 [=======================>......] - ETA: 35s - loss: 0.0348 - accuracy: 0.9907122/146 [========================>.....] - ETA: 34s - loss: 0.0348 - accuracy: 0.9905123/146 [========================>.....] - ETA: 32s - loss: 0.0348 - accuracy: 0.9903124/146 [========================>.....] - ETA: 31s - loss: 0.0345 - accuracy: 0.9904125/146 [========================>.....] - ETA: 29s - loss: 0.0343 - accuracy: 0.9905126/146 [========================>.....] - ETA: 28s - loss: 0.0347 - accuracy: 0.9903127/146 [=========================>....] - ETA: 27s - loss: 0.0345 - accuracy: 0.9904128/146 [=========================>....] - ETA: 25s - loss: 0.0350 - accuracy: 0.9902129/146 [=========================>....] - ETA: 24s - loss: 0.0367 - accuracy: 0.9901130/146 [=========================>....] - ETA: 22s - loss: 0.0365 - accuracy: 0.9901131/146 [=========================>....] - ETA: 21s - loss: 0.0370 - accuracy: 0.9900132/146 [==========================>...] - ETA: 19s - loss: 0.0370 - accuracy: 0.9898133/146 [==========================>...] - ETA: 18s - loss: 0.0369 - accuracy: 0.9899134/146 [==========================>...] - ETA: 17s - loss: 0.0367 - accuracy: 0.9900135/146 [==========================>...] - ETA: 15s - loss: 0.0367 - accuracy: 0.9900136/146 [==========================>...] - ETA: 14s - loss: 0.0364 - accuracy: 0.9901137/146 [===========================>..] - ETA: 12s - loss: 0.0366 - accuracy: 0.9902138/146 [===========================>..] - ETA: 11s - loss: 0.0364 - accuracy: 0.9903139/146 [===========================>..] - ETA: 9s - loss: 0.0363 - accuracy: 0.9903 140/146 [===========================>..] - ETA: 8s - loss: 0.0361 - accuracy: 0.9904141/146 [===========================>..] - ETA: 7s - loss: 0.0359 - accuracy: 0.9905142/146 [============================>.] - ETA: 5s - loss: 0.0357 - accuracy: 0.9905143/146 [============================>.] - ETA: 4s - loss: 0.0354 - accuracy: 0.9906144/146 [============================>.] - ETA: 2s - loss: 0.0352 - accuracy: 0.9907145/146 [============================>.] - ETA: 1s - loss: 0.0352 - accuracy: 0.9905146/146 [==============================] - ETA: 0s - loss: 0.0352 - accuracy: 0.9905146/146 [==============================] - 226s 2s/step - loss: 0.0352 - accuracy: 0.9905 - val_loss: 0.5152 - val_accuracy: 0.9029
Epoch 50/108
  1/146 [..............................] - ETA: 3:18 - loss: 0.0039 - accuracy: 1.0000  2/146 [..............................] - ETA: 2:49 - loss: 0.0033 - accuracy: 1.0000  3/146 [..............................] - ETA: 3:01 - loss: 0.0038 - accuracy: 1.0000  4/146 [..............................] - ETA: 3:09 - loss: 0.0030 - accuracy: 1.0000  5/146 [>.............................] - ETA: 3:10 - loss: 0.0090 - accuracy: 1.0000  6/146 [>.............................] - ETA: 3:10 - loss: 0.0132 - accuracy: 0.9948  7/146 [>.............................] - ETA: 3:13 - loss: 0.0127 - accuracy: 0.9955  8/146 [>.............................] - ETA: 3:13 - loss: 0.0181 - accuracy: 0.9961  9/146 [>.............................] - ETA: 3:13 - loss: 0.0173 - accuracy: 0.9965 10/146 [=>............................] - ETA: 3:13 - loss: 0.0165 - accuracy: 0.9969 11/146 [=>............................] - ETA: 3:12 - loss: 0.0171 - accuracy: 0.9972 12/146 [=>............................] - ETA: 3:11 - loss: 0.0160 - accuracy: 0.9974 13/146 [=>............................] - ETA: 3:09 - loss: 0.0183 - accuracy: 0.9952 14/146 [=>............................] - ETA: 3:08 - loss: 0.0177 - accuracy: 0.9955 15/146 [==>...........................] - ETA: 3:07 - loss: 0.0174 - accuracy: 0.9958 16/146 [==>...........................] - ETA: 3:06 - loss: 0.0171 - accuracy: 0.9961 17/146 [==>...........................] - ETA: 3:04 - loss: 0.0184 - accuracy: 0.9963 18/146 [==>...........................] - ETA: 3:03 - loss: 0.0175 - accuracy: 0.9965 19/146 [==>...........................] - ETA: 3:01 - loss: 0.0227 - accuracy: 0.9951 20/146 [===>..........................] - ETA: 3:00 - loss: 0.0222 - accuracy: 0.9953 21/146 [===>..........................] - ETA: 2:59 - loss: 0.0222 - accuracy: 0.9955 22/146 [===>..........................] - ETA: 2:57 - loss: 0.0214 - accuracy: 0.9957 23/146 [===>..........................] - ETA: 2:55 - loss: 0.0209 - accuracy: 0.9959 24/146 [===>..........................] - ETA: 2:54 - loss: 0.0202 - accuracy: 0.9961 25/146 [====>.........................] - ETA: 2:53 - loss: 0.0198 - accuracy: 0.9962 26/146 [====>.........................] - ETA: 2:52 - loss: 0.0198 - accuracy: 0.9964 27/146 [====>.........................] - ETA: 2:50 - loss: 0.0209 - accuracy: 0.9954 28/146 [====>.........................] - ETA: 2:49 - loss: 0.0209 - accuracy: 0.9955 29/146 [====>.........................] - ETA: 2:48 - loss: 0.0220 - accuracy: 0.9946 30/146 [=====>........................] - ETA: 2:46 - loss: 0.0216 - accuracy: 0.9948 31/146 [=====>........................] - ETA: 2:45 - loss: 0.0212 - accuracy: 0.9950 32/146 [=====>........................] - ETA: 2:44 - loss: 0.0207 - accuracy: 0.9951 33/146 [=====>........................] - ETA: 2:43 - loss: 0.0227 - accuracy: 0.9943 34/146 [=====>........................] - ETA: 2:42 - loss: 0.0225 - accuracy: 0.9945 35/146 [======>.......................] - ETA: 2:40 - loss: 0.0219 - accuracy: 0.9946 36/146 [======>.......................] - ETA: 2:39 - loss: 0.0219 - accuracy: 0.9948 37/146 [======>.......................] - ETA: 2:37 - loss: 0.0213 - accuracy: 0.9949 38/146 [======>.......................] - ETA: 2:36 - loss: 0.0208 - accuracy: 0.9951 39/146 [=======>......................] - ETA: 2:34 - loss: 0.0215 - accuracy: 0.9944 40/146 [=======>......................] - ETA: 2:33 - loss: 0.0212 - accuracy: 0.9945 41/146 [=======>......................] - ETA: 2:31 - loss: 0.0207 - accuracy: 0.9947 42/146 [=======>......................] - ETA: 2:30 - loss: 0.0204 - accuracy: 0.9948 43/146 [=======>......................] - ETA: 2:29 - loss: 0.0201 - accuracy: 0.9949 44/146 [========>.....................] - ETA: 2:27 - loss: 0.0198 - accuracy: 0.9950 45/146 [========>.....................] - ETA: 2:25 - loss: 0.0194 - accuracy: 0.9951 46/146 [========>.....................] - ETA: 2:24 - loss: 0.0190 - accuracy: 0.9952 47/146 [========>.....................] - ETA: 2:22 - loss: 0.0188 - accuracy: 0.9953 48/146 [========>.....................] - ETA: 2:21 - loss: 0.0197 - accuracy: 0.9948 49/146 [=========>....................] - ETA: 2:19 - loss: 0.0195 - accuracy: 0.9949 50/146 [=========>....................] - ETA: 2:18 - loss: 0.0193 - accuracy: 0.9950 51/146 [=========>....................] - ETA: 2:16 - loss: 0.0189 - accuracy: 0.9951 52/146 [=========>....................] - ETA: 2:14 - loss: 0.0202 - accuracy: 0.9940 53/146 [=========>....................] - ETA: 2:13 - loss: 0.0221 - accuracy: 0.9935 54/146 [==========>...................] - ETA: 2:12 - loss: 0.0218 - accuracy: 0.9936 55/146 [==========>...................] - ETA: 2:10 - loss: 0.0215 - accuracy: 0.9937 56/146 [==========>...................] - ETA: 2:08 - loss: 0.0213 - accuracy: 0.9939 57/146 [==========>...................] - ETA: 2:06 - loss: 0.0210 - accuracy: 0.9940 58/146 [==========>...................] - ETA: 2:04 - loss: 0.0215 - accuracy: 0.9935 59/146 [===========>..................] - ETA: 2:02 - loss: 0.0218 - accuracy: 0.9931 60/146 [===========>..................] - ETA: 2:01 - loss: 0.0219 - accuracy: 0.9932 61/146 [===========>..................] - ETA: 2:00 - loss: 0.0215 - accuracy: 0.9933 62/146 [===========>..................] - ETA: 1:58 - loss: 0.0216 - accuracy: 0.9929 63/146 [===========>..................] - ETA: 1:57 - loss: 0.0215 - accuracy: 0.9931 64/146 [============>.................] - ETA: 1:55 - loss: 0.0215 - accuracy: 0.9932 65/146 [============>.................] - ETA: 1:54 - loss: 0.0213 - accuracy: 0.9933 66/146 [============>.................] - ETA: 1:52 - loss: 0.0212 - accuracy: 0.9934 67/146 [============>.................] - ETA: 1:51 - loss: 0.0210 - accuracy: 0.9935 68/146 [============>.................] - ETA: 1:50 - loss: 0.0210 - accuracy: 0.9936 69/146 [=============>................] - ETA: 1:48 - loss: 0.0211 - accuracy: 0.9937 70/146 [=============>................] - ETA: 1:47 - loss: 0.0210 - accuracy: 0.9937 71/146 [=============>................] - ETA: 1:45 - loss: 0.0208 - accuracy: 0.9938 72/146 [=============>................] - ETA: 1:44 - loss: 0.0205 - accuracy: 0.9939 73/146 [==============>...............] - ETA: 1:42 - loss: 0.0225 - accuracy: 0.9932 74/146 [==============>...............] - ETA: 1:41 - loss: 0.0233 - accuracy: 0.9924 75/146 [==============>...............] - ETA: 1:40 - loss: 0.0230 - accuracy: 0.9925 76/146 [==============>...............] - ETA: 1:38 - loss: 0.0242 - accuracy: 0.9922 77/146 [==============>...............] - ETA: 1:37 - loss: 0.0244 - accuracy: 0.9919 78/146 [===============>..............] - ETA: 1:35 - loss: 0.0241 - accuracy: 0.9920 79/146 [===============>..............] - ETA: 1:34 - loss: 0.0238 - accuracy: 0.9921 80/146 [===============>..............] - ETA: 1:32 - loss: 0.0236 - accuracy: 0.9922 81/146 [===============>..............] - ETA: 1:31 - loss: 0.0233 - accuracy: 0.9923 82/146 [===============>..............] - ETA: 1:30 - loss: 0.0231 - accuracy: 0.9924 83/146 [================>.............] - ETA: 1:28 - loss: 0.0229 - accuracy: 0.9925 84/146 [================>.............] - ETA: 1:27 - loss: 0.0227 - accuracy: 0.9926 85/146 [================>.............] - ETA: 1:25 - loss: 0.0226 - accuracy: 0.9926 86/146 [================>.............] - ETA: 1:24 - loss: 0.0224 - accuracy: 0.9927 87/146 [================>.............] - ETA: 1:23 - loss: 0.0235 - accuracy: 0.9925 88/146 [=================>............] - ETA: 1:21 - loss: 0.0237 - accuracy: 0.9925 89/146 [=================>............] - ETA: 1:20 - loss: 0.0235 - accuracy: 0.9926 90/146 [=================>............] - ETA: 1:19 - loss: 0.0234 - accuracy: 0.9927 91/146 [=================>............] - ETA: 1:17 - loss: 0.0232 - accuracy: 0.9928 92/146 [=================>............] - ETA: 1:16 - loss: 0.0230 - accuracy: 0.9929 93/146 [==================>...........] - ETA: 1:14 - loss: 0.0229 - accuracy: 0.9929 94/146 [==================>...........] - ETA: 1:13 - loss: 0.0227 - accuracy: 0.9930 95/146 [==================>...........] - ETA: 1:12 - loss: 0.0231 - accuracy: 0.9924 96/146 [==================>...........] - ETA: 1:10 - loss: 0.0230 - accuracy: 0.9925 97/146 [==================>...........] - ETA: 1:09 - loss: 0.0228 - accuracy: 0.9926 98/146 [===================>..........] - ETA: 1:07 - loss: 0.0244 - accuracy: 0.9923 99/146 [===================>..........] - ETA: 1:06 - loss: 0.0241 - accuracy: 0.9924100/146 [===================>..........] - ETA: 1:05 - loss: 0.0239 - accuracy: 0.9925101/146 [===================>..........] - ETA: 1:03 - loss: 0.0238 - accuracy: 0.9926102/146 [===================>..........] - ETA: 1:02 - loss: 0.0236 - accuracy: 0.9926103/146 [====================>.........] - ETA: 1:00 - loss: 0.0239 - accuracy: 0.9924104/146 [====================>.........] - ETA: 59s - loss: 0.0237 - accuracy: 0.9925 105/146 [====================>.........] - ETA: 58s - loss: 0.0236 - accuracy: 0.9926106/146 [====================>.........] - ETA: 56s - loss: 0.0253 - accuracy: 0.9920107/146 [====================>.........] - ETA: 55s - loss: 0.0251 - accuracy: 0.9921108/146 [=====================>........] - ETA: 53s - loss: 0.0251 - accuracy: 0.9919109/146 [=====================>........] - ETA: 52s - loss: 0.0250 - accuracy: 0.9920110/146 [=====================>........] - ETA: 51s - loss: 0.0248 - accuracy: 0.9920111/146 [=====================>........] - ETA: 49s - loss: 0.0248 - accuracy: 0.9921112/146 [======================>.......] - ETA: 48s - loss: 0.0245 - accuracy: 0.9922113/146 [======================>.......] - ETA: 46s - loss: 0.0244 - accuracy: 0.9923114/146 [======================>.......] - ETA: 45s - loss: 0.0243 - accuracy: 0.9923115/146 [======================>.......] - ETA: 44s - loss: 0.0242 - accuracy: 0.9924116/146 [======================>.......] - ETA: 42s - loss: 0.0241 - accuracy: 0.9925117/146 [=======================>......] - ETA: 41s - loss: 0.0240 - accuracy: 0.9925118/146 [=======================>......] - ETA: 39s - loss: 0.0238 - accuracy: 0.9926119/146 [=======================>......] - ETA: 38s - loss: 0.0239 - accuracy: 0.9924120/146 [=======================>......] - ETA: 36s - loss: 0.0238 - accuracy: 0.9924121/146 [=======================>......] - ETA: 35s - loss: 0.0236 - accuracy: 0.9925122/146 [========================>.....] - ETA: 34s - loss: 0.0239 - accuracy: 0.9921123/146 [========================>.....] - ETA: 32s - loss: 0.0240 - accuracy: 0.9919124/146 [========================>.....] - ETA: 31s - loss: 0.0241 - accuracy: 0.9917125/146 [========================>.....] - ETA: 29s - loss: 0.0239 - accuracy: 0.9918126/146 [========================>.....] - ETA: 28s - loss: 0.0237 - accuracy: 0.9918127/146 [=========================>....] - ETA: 27s - loss: 0.0236 - accuracy: 0.9919128/146 [=========================>....] - ETA: 25s - loss: 0.0235 - accuracy: 0.9919129/146 [=========================>....] - ETA: 24s - loss: 0.0234 - accuracy: 0.9920130/146 [=========================>....] - ETA: 22s - loss: 0.0233 - accuracy: 0.9921131/146 [=========================>....] - ETA: 21s - loss: 0.0233 - accuracy: 0.9921132/146 [==========================>...] - ETA: 19s - loss: 0.0231 - accuracy: 0.9922133/146 [==========================>...] - ETA: 18s - loss: 0.0230 - accuracy: 0.9922134/146 [==========================>...] - ETA: 17s - loss: 0.0228 - accuracy: 0.9923135/146 [==========================>...] - ETA: 15s - loss: 0.0227 - accuracy: 0.9924136/146 [==========================>...] - ETA: 14s - loss: 0.0225 - accuracy: 0.9924137/146 [===========================>..] - ETA: 12s - loss: 0.0224 - accuracy: 0.9925138/146 [===========================>..] - ETA: 11s - loss: 0.0227 - accuracy: 0.9921139/146 [===========================>..] - ETA: 9s - loss: 0.0226 - accuracy: 0.9921 140/146 [===========================>..] - ETA: 8s - loss: 0.0224 - accuracy: 0.9922141/146 [===========================>..] - ETA: 7s - loss: 0.0223 - accuracy: 0.9922142/146 [============================>.] - ETA: 5s - loss: 0.0221 - accuracy: 0.9923143/146 [============================>.] - ETA: 4s - loss: 0.0220 - accuracy: 0.9924144/146 [============================>.] - ETA: 2s - loss: 0.0219 - accuracy: 0.9924145/146 [============================>.] - ETA: 1s - loss: 0.0220 - accuracy: 0.9925146/146 [==============================] - ETA: 0s - loss: 0.0220 - accuracy: 0.9925146/146 [==============================] - 226s 2s/step - loss: 0.0220 - accuracy: 0.9925 - val_loss: 0.6779 - val_accuracy: 0.9045
Epoch 51/108
  1/146 [..............................] - ETA: 3:28 - loss: 4.0271e-04 - accuracy: 1.0000  2/146 [..............................] - ETA: 3:19 - loss: 0.0038 - accuracy: 1.0000      3/146 [..............................] - ETA: 3:19 - loss: 0.0031 - accuracy: 1.0000  4/146 [..............................] - ETA: 3:21 - loss: 0.0085 - accuracy: 0.9922  5/146 [>.............................] - ETA: 3:22 - loss: 0.0072 - accuracy: 0.9937  6/146 [>.............................] - ETA: 3:22 - loss: 0.0065 - accuracy: 0.9948  7/146 [>.............................] - ETA: 3:19 - loss: 0.0067 - accuracy: 0.9955  8/146 [>.............................] - ETA: 3:16 - loss: 0.0059 - accuracy: 0.9961  9/146 [>.............................] - ETA: 3:17 - loss: 0.0060 - accuracy: 0.9965 10/146 [=>............................] - ETA: 3:16 - loss: 0.0065 - accuracy: 0.9969 11/146 [=>............................] - ETA: 3:14 - loss: 0.0066 - accuracy: 0.9972 12/146 [=>............................] - ETA: 3:13 - loss: 0.0062 - accuracy: 0.9974 13/146 [=>............................] - ETA: 3:12 - loss: 0.0058 - accuracy: 0.9976 14/146 [=>............................] - ETA: 3:11 - loss: 0.0060 - accuracy: 0.9978 15/146 [==>...........................] - ETA: 3:11 - loss: 0.0057 - accuracy: 0.9979 16/146 [==>...........................] - ETA: 3:10 - loss: 0.0056 - accuracy: 0.9980 17/146 [==>...........................] - ETA: 3:09 - loss: 0.0059 - accuracy: 0.9982 18/146 [==>...........................] - ETA: 3:07 - loss: 0.0063 - accuracy: 0.9983 19/146 [==>...........................] - ETA: 3:05 - loss: 0.0060 - accuracy: 0.9984 20/146 [===>..........................] - ETA: 3:02 - loss: 0.0057 - accuracy: 0.9984 21/146 [===>..........................] - ETA: 3:00 - loss: 0.0056 - accuracy: 0.9985 22/146 [===>..........................] - ETA: 2:58 - loss: 0.0053 - accuracy: 0.9986 23/146 [===>..........................] - ETA: 2:56 - loss: 0.0054 - accuracy: 0.9986 24/146 [===>..........................] - ETA: 2:54 - loss: 0.0056 - accuracy: 0.9987 25/146 [====>.........................] - ETA: 2:52 - loss: 0.0056 - accuracy: 0.9987 26/146 [====>.........................] - ETA: 2:50 - loss: 0.0071 - accuracy: 0.9976 27/146 [====>.........................] - ETA: 2:48 - loss: 0.0077 - accuracy: 0.9977 28/146 [====>.........................] - ETA: 2:46 - loss: 0.0075 - accuracy: 0.9978 29/146 [====>.........................] - ETA: 2:44 - loss: 0.0073 - accuracy: 0.9978 30/146 [=====>........................] - ETA: 2:41 - loss: 0.0087 - accuracy: 0.9979 31/146 [=====>........................] - ETA: 2:39 - loss: 0.0086 - accuracy: 0.9980 32/146 [=====>........................] - ETA: 2:36 - loss: 0.0088 - accuracy: 0.9980 33/146 [=====>........................] - ETA: 2:34 - loss: 0.0086 - accuracy: 0.9981 34/146 [=====>........................] - ETA: 2:32 - loss: 0.0084 - accuracy: 0.9982 35/146 [======>.......................] - ETA: 2:30 - loss: 0.0082 - accuracy: 0.9982 36/146 [======>.......................] - ETA: 2:28 - loss: 0.0082 - accuracy: 0.9983 37/146 [======>.......................] - ETA: 2:27 - loss: 0.0080 - accuracy: 0.9983 38/146 [======>.......................] - ETA: 2:26 - loss: 0.0078 - accuracy: 0.9984 39/146 [=======>......................] - ETA: 2:24 - loss: 0.0078 - accuracy: 0.9984 40/146 [=======>......................] - ETA: 2:23 - loss: 0.0076 - accuracy: 0.9984 41/146 [=======>......................] - ETA: 2:21 - loss: 0.0076 - accuracy: 0.9985 42/146 [=======>......................] - ETA: 2:19 - loss: 0.0075 - accuracy: 0.9985 43/146 [=======>......................] - ETA: 2:17 - loss: 0.0076 - accuracy: 0.9985 44/146 [========>.....................] - ETA: 2:15 - loss: 0.0076 - accuracy: 0.9986 45/146 [========>.....................] - ETA: 2:14 - loss: 0.0075 - accuracy: 0.9986 46/146 [========>.....................] - ETA: 2:12 - loss: 0.0074 - accuracy: 0.9986 47/146 [========>.....................] - ETA: 2:11 - loss: 0.0077 - accuracy: 0.9987 48/146 [========>.....................] - ETA: 2:10 - loss: 0.0078 - accuracy: 0.9987 49/146 [=========>....................] - ETA: 2:09 - loss: 0.0103 - accuracy: 0.9981 50/146 [=========>....................] - ETA: 2:08 - loss: 0.0101 - accuracy: 0.9981 51/146 [=========>....................] - ETA: 2:07 - loss: 0.0101 - accuracy: 0.9982 52/146 [=========>....................] - ETA: 2:06 - loss: 0.0100 - accuracy: 0.9982 53/146 [=========>....................] - ETA: 2:05 - loss: 0.0098 - accuracy: 0.9982 54/146 [==========>...................] - ETA: 2:04 - loss: 0.0106 - accuracy: 0.9977 55/146 [==========>...................] - ETA: 2:02 - loss: 0.0104 - accuracy: 0.9977 56/146 [==========>...................] - ETA: 2:01 - loss: 0.0103 - accuracy: 0.9978 57/146 [==========>...................] - ETA: 2:00 - loss: 0.0102 - accuracy: 0.9978 58/146 [==========>...................] - ETA: 1:59 - loss: 0.0100 - accuracy: 0.9978 59/146 [===========>..................] - ETA: 1:58 - loss: 0.0108 - accuracy: 0.9974 60/146 [===========>..................] - ETA: 1:57 - loss: 0.0110 - accuracy: 0.9974 61/146 [===========>..................] - ETA: 1:55 - loss: 0.0110 - accuracy: 0.9974 62/146 [===========>..................] - ETA: 1:54 - loss: 0.0114 - accuracy: 0.9970 63/146 [===========>..................] - ETA: 1:53 - loss: 0.0115 - accuracy: 0.9970 64/146 [============>.................] - ETA: 1:52 - loss: 0.0113 - accuracy: 0.9971 65/146 [============>.................] - ETA: 1:50 - loss: 0.0114 - accuracy: 0.9971 66/146 [============>.................] - ETA: 1:49 - loss: 0.0113 - accuracy: 0.9972 67/146 [============>.................] - ETA: 1:48 - loss: 0.0111 - accuracy: 0.9972 68/146 [============>.................] - ETA: 1:47 - loss: 0.0110 - accuracy: 0.9972 69/146 [=============>................] - ETA: 1:45 - loss: 0.0108 - accuracy: 0.9973 70/146 [=============>................] - ETA: 1:44 - loss: 0.0107 - accuracy: 0.9973 71/146 [=============>................] - ETA: 1:43 - loss: 0.0107 - accuracy: 0.9974 72/146 [=============>................] - ETA: 1:41 - loss: 0.0106 - accuracy: 0.9974 73/146 [==============>...............] - ETA: 1:40 - loss: 0.0105 - accuracy: 0.9974 74/146 [==============>...............] - ETA: 1:39 - loss: 0.0103 - accuracy: 0.9975 75/146 [==============>...............] - ETA: 1:38 - loss: 0.0102 - accuracy: 0.9975 76/146 [==============>...............] - ETA: 1:36 - loss: 0.0104 - accuracy: 0.9975 77/146 [==============>...............] - ETA: 1:35 - loss: 0.0103 - accuracy: 0.9976 78/146 [===============>..............] - ETA: 1:34 - loss: 0.0104 - accuracy: 0.9976 79/146 [===============>..............] - ETA: 1:32 - loss: 0.0103 - accuracy: 0.9976 80/146 [===============>..............] - ETA: 1:31 - loss: 0.0101 - accuracy: 0.9977 81/146 [===============>..............] - ETA: 1:30 - loss: 0.0103 - accuracy: 0.9977 82/146 [===============>..............] - ETA: 1:28 - loss: 0.0102 - accuracy: 0.9977 83/146 [================>.............] - ETA: 1:27 - loss: 0.0103 - accuracy: 0.9977 84/146 [================>.............] - ETA: 1:26 - loss: 0.0102 - accuracy: 0.9978 85/146 [================>.............] - ETA: 1:24 - loss: 0.0101 - accuracy: 0.9978 86/146 [================>.............] - ETA: 1:23 - loss: 0.0100 - accuracy: 0.9978 87/146 [================>.............] - ETA: 1:22 - loss: 0.0099 - accuracy: 0.9978 88/146 [=================>............] - ETA: 1:20 - loss: 0.0098 - accuracy: 0.9979 89/146 [=================>............] - ETA: 1:19 - loss: 0.0098 - accuracy: 0.9979 90/146 [=================>............] - ETA: 1:18 - loss: 0.0098 - accuracy: 0.9979 91/146 [=================>............] - ETA: 1:16 - loss: 0.0097 - accuracy: 0.9979 92/146 [=================>............] - ETA: 1:15 - loss: 0.0096 - accuracy: 0.9980 93/146 [==================>...........] - ETA: 1:14 - loss: 0.0111 - accuracy: 0.9973 94/146 [==================>...........] - ETA: 1:12 - loss: 0.0114 - accuracy: 0.9970 95/146 [==================>...........] - ETA: 1:11 - loss: 0.0113 - accuracy: 0.9970 96/146 [==================>...........] - ETA: 1:10 - loss: 0.0113 - accuracy: 0.9971 97/146 [==================>...........] - ETA: 1:08 - loss: 0.0112 - accuracy: 0.9971 98/146 [===================>..........] - ETA: 1:07 - loss: 0.0111 - accuracy: 0.9971 99/146 [===================>..........] - ETA: 1:05 - loss: 0.0110 - accuracy: 0.9972100/146 [===================>..........] - ETA: 1:04 - loss: 0.0110 - accuracy: 0.9972101/146 [===================>..........] - ETA: 1:03 - loss: 0.0111 - accuracy: 0.9972102/146 [===================>..........] - ETA: 1:01 - loss: 0.0110 - accuracy: 0.9972103/146 [====================>.........] - ETA: 1:00 - loss: 0.0111 - accuracy: 0.9973104/146 [====================>.........] - ETA: 59s - loss: 0.0111 - accuracy: 0.9973 105/146 [====================>.........] - ETA: 57s - loss: 0.0110 - accuracy: 0.9973106/146 [====================>.........] - ETA: 56s - loss: 0.0112 - accuracy: 0.9971107/146 [====================>.........] - ETA: 54s - loss: 0.0112 - accuracy: 0.9971108/146 [=====================>........] - ETA: 53s - loss: 0.0120 - accuracy: 0.9968109/146 [=====================>........] - ETA: 52s - loss: 0.0119 - accuracy: 0.9968110/146 [=====================>........] - ETA: 50s - loss: 0.0119 - accuracy: 0.9969111/146 [=====================>........] - ETA: 49s - loss: 0.0118 - accuracy: 0.9969112/146 [======================>.......] - ETA: 47s - loss: 0.0118 - accuracy: 0.9969113/146 [======================>.......] - ETA: 46s - loss: 0.0117 - accuracy: 0.9970114/146 [======================>.......] - ETA: 45s - loss: 0.0116 - accuracy: 0.9970115/146 [======================>.......] - ETA: 43s - loss: 0.0116 - accuracy: 0.9970116/146 [======================>.......] - ETA: 42s - loss: 0.0116 - accuracy: 0.9970117/146 [=======================>......] - ETA: 40s - loss: 0.0115 - accuracy: 0.9971118/146 [=======================>......] - ETA: 39s - loss: 0.0148 - accuracy: 0.9968119/146 [=======================>......] - ETA: 38s - loss: 0.0147 - accuracy: 0.9968120/146 [=======================>......] - ETA: 36s - loss: 0.0148 - accuracy: 0.9969121/146 [=======================>......] - ETA: 35s - loss: 0.0148 - accuracy: 0.9969122/146 [========================>.....] - ETA: 33s - loss: 0.0147 - accuracy: 0.9969123/146 [========================>.....] - ETA: 32s - loss: 0.0149 - accuracy: 0.9967124/146 [========================>.....] - ETA: 31s - loss: 0.0153 - accuracy: 0.9965125/146 [========================>.....] - ETA: 29s - loss: 0.0160 - accuracy: 0.9962126/146 [========================>.....] - ETA: 28s - loss: 0.0159 - accuracy: 0.9963127/146 [=========================>....] - ETA: 26s - loss: 0.0161 - accuracy: 0.9961128/146 [=========================>....] - ETA: 25s - loss: 0.0160 - accuracy: 0.9961129/146 [=========================>....] - ETA: 24s - loss: 0.0159 - accuracy: 0.9961130/146 [=========================>....] - ETA: 22s - loss: 0.0157 - accuracy: 0.9962131/146 [=========================>....] - ETA: 21s - loss: 0.0163 - accuracy: 0.9959132/146 [==========================>...] - ETA: 19s - loss: 0.0162 - accuracy: 0.9960133/146 [==========================>...] - ETA: 18s - loss: 0.0162 - accuracy: 0.9960134/146 [==========================>...] - ETA: 16s - loss: 0.0181 - accuracy: 0.9958135/146 [==========================>...] - ETA: 15s - loss: 0.0180 - accuracy: 0.9958136/146 [==========================>...] - ETA: 14s - loss: 0.0179 - accuracy: 0.9959137/146 [===========================>..] - ETA: 12s - loss: 0.0179 - accuracy: 0.9959138/146 [===========================>..] - ETA: 11s - loss: 0.0178 - accuracy: 0.9959139/146 [===========================>..] - ETA: 9s - loss: 0.0177 - accuracy: 0.9960 140/146 [===========================>..] - ETA: 8s - loss: 0.0178 - accuracy: 0.9960141/146 [===========================>..] - ETA: 7s - loss: 0.0177 - accuracy: 0.9960142/146 [============================>.] - ETA: 5s - loss: 0.0180 - accuracy: 0.9958143/146 [============================>.] - ETA: 4s - loss: 0.0179 - accuracy: 0.9958144/146 [============================>.] - ETA: 2s - loss: 0.0179 - accuracy: 0.9959145/146 [============================>.] - ETA: 1s - loss: 0.0179 - accuracy: 0.9959146/146 [==============================] - ETA: 0s - loss: 0.0179 - accuracy: 0.9959146/146 [==============================] - 226s 2s/step - loss: 0.0179 - accuracy: 0.9959 - val_loss: 0.5780 - val_accuracy: 0.8957
Epoch 52/108
  1/146 [..............................] - ETA: 2:40 - loss: 0.0014 - accuracy: 1.0000  2/146 [..............................] - ETA: 3:27 - loss: 0.0160 - accuracy: 0.9844  3/146 [..............................] - ETA: 3:26 - loss: 0.0107 - accuracy: 0.9896  4/146 [..............................] - ETA: 3:21 - loss: 0.0162 - accuracy: 0.9844  5/146 [>.............................] - ETA: 3:21 - loss: 0.0131 - accuracy: 0.9875  6/146 [>.............................] - ETA: 3:19 - loss: 0.0112 - accuracy: 0.9896  7/146 [>.............................] - ETA: 3:16 - loss: 0.0482 - accuracy: 0.9866  8/146 [>.............................] - ETA: 3:13 - loss: 0.0432 - accuracy: 0.9883  9/146 [>.............................] - ETA: 3:11 - loss: 0.0387 - accuracy: 0.9896 10/146 [=>............................] - ETA: 3:09 - loss: 0.0354 - accuracy: 0.9906 11/146 [=>............................] - ETA: 3:07 - loss: 0.0329 - accuracy: 0.9915 12/146 [=>............................] - ETA: 3:06 - loss: 0.0312 - accuracy: 0.9922 13/146 [=>............................] - ETA: 3:05 - loss: 0.0342 - accuracy: 0.9928 14/146 [=>............................] - ETA: 3:05 - loss: 0.0335 - accuracy: 0.9933 15/146 [==>...........................] - ETA: 3:04 - loss: 0.0317 - accuracy: 0.9937 16/146 [==>...........................] - ETA: 3:03 - loss: 0.0301 - accuracy: 0.9941 17/146 [==>...........................] - ETA: 3:02 - loss: 0.0288 - accuracy: 0.9945 18/146 [==>...........................] - ETA: 3:01 - loss: 0.0285 - accuracy: 0.9948 19/146 [==>...........................] - ETA: 2:59 - loss: 0.0276 - accuracy: 0.9951 20/146 [===>..........................] - ETA: 2:58 - loss: 0.0266 - accuracy: 0.9953 21/146 [===>..........................] - ETA: 2:57 - loss: 0.0253 - accuracy: 0.9955 22/146 [===>..........................] - ETA: 2:55 - loss: 0.0338 - accuracy: 0.9929 23/146 [===>..........................] - ETA: 2:54 - loss: 0.0342 - accuracy: 0.9918 24/146 [===>..........................] - ETA: 2:53 - loss: 0.0331 - accuracy: 0.9922 25/146 [====>.........................] - ETA: 2:52 - loss: 0.0320 - accuracy: 0.9925 26/146 [====>.........................] - ETA: 2:51 - loss: 0.0311 - accuracy: 0.9928 27/146 [====>.........................] - ETA: 2:49 - loss: 0.0306 - accuracy: 0.9931 28/146 [====>.........................] - ETA: 2:48 - loss: 0.0298 - accuracy: 0.9933 29/146 [====>.........................] - ETA: 2:47 - loss: 0.0322 - accuracy: 0.9925 30/146 [=====>........................] - ETA: 2:46 - loss: 0.0328 - accuracy: 0.9917 31/146 [=====>........................] - ETA: 2:45 - loss: 0.0319 - accuracy: 0.9919 32/146 [=====>........................] - ETA: 2:43 - loss: 0.0315 - accuracy: 0.9922 33/146 [=====>........................] - ETA: 2:42 - loss: 0.0307 - accuracy: 0.9924 34/146 [=====>........................] - ETA: 2:41 - loss: 0.0299 - accuracy: 0.9926 35/146 [======>.......................] - ETA: 2:39 - loss: 0.0294 - accuracy: 0.9929 36/146 [======>.......................] - ETA: 2:38 - loss: 0.0292 - accuracy: 0.9931 37/146 [======>.......................] - ETA: 2:36 - loss: 0.0286 - accuracy: 0.9932 38/146 [======>.......................] - ETA: 2:35 - loss: 0.0280 - accuracy: 0.9934 39/146 [=======>......................] - ETA: 2:34 - loss: 0.0275 - accuracy: 0.9936 40/146 [=======>......................] - ETA: 2:33 - loss: 0.0269 - accuracy: 0.9937 41/146 [=======>......................] - ETA: 2:31 - loss: 0.0267 - accuracy: 0.9939 42/146 [=======>......................] - ETA: 2:29 - loss: 0.0261 - accuracy: 0.9940 43/146 [=======>......................] - ETA: 2:28 - loss: 0.0255 - accuracy: 0.9942 44/146 [========>.....................] - ETA: 2:27 - loss: 0.0252 - accuracy: 0.9943 45/146 [========>.....................] - ETA: 2:25 - loss: 0.0247 - accuracy: 0.9944 46/146 [========>.....................] - ETA: 2:24 - loss: 0.0244 - accuracy: 0.9946 47/146 [========>.....................] - ETA: 2:23 - loss: 0.0240 - accuracy: 0.9947 48/146 [========>.....................] - ETA: 2:22 - loss: 0.0237 - accuracy: 0.9948 49/146 [=========>....................] - ETA: 2:20 - loss: 0.0240 - accuracy: 0.9943 50/146 [=========>....................] - ETA: 2:19 - loss: 0.0238 - accuracy: 0.9944 51/146 [=========>....................] - ETA: 2:17 - loss: 0.0235 - accuracy: 0.9945 52/146 [=========>....................] - ETA: 2:16 - loss: 0.0231 - accuracy: 0.9946 53/146 [=========>....................] - ETA: 2:15 - loss: 0.0228 - accuracy: 0.9947 54/146 [==========>...................] - ETA: 2:13 - loss: 0.0224 - accuracy: 0.9948 55/146 [==========>...................] - ETA: 2:12 - loss: 0.0220 - accuracy: 0.9949 56/146 [==========>...................] - ETA: 2:10 - loss: 0.0217 - accuracy: 0.9950 57/146 [==========>...................] - ETA: 2:09 - loss: 0.0217 - accuracy: 0.9951 58/146 [==========>...................] - ETA: 2:08 - loss: 0.0214 - accuracy: 0.9952 59/146 [===========>..................] - ETA: 2:06 - loss: 0.0215 - accuracy: 0.9947 60/146 [===========>..................] - ETA: 2:05 - loss: 0.0215 - accuracy: 0.9948 61/146 [===========>..................] - ETA: 2:03 - loss: 0.0213 - accuracy: 0.9949 62/146 [===========>..................] - ETA: 2:02 - loss: 0.0211 - accuracy: 0.9950 63/146 [===========>..................] - ETA: 2:00 - loss: 0.0209 - accuracy: 0.9950 64/146 [============>.................] - ETA: 1:59 - loss: 0.0208 - accuracy: 0.9951 65/146 [============>.................] - ETA: 1:58 - loss: 0.0207 - accuracy: 0.9952 66/146 [============>.................] - ETA: 1:56 - loss: 0.0205 - accuracy: 0.9953 67/146 [============>.................] - ETA: 1:55 - loss: 0.0203 - accuracy: 0.9953 68/146 [============>.................] - ETA: 1:53 - loss: 0.0200 - accuracy: 0.9954 69/146 [=============>................] - ETA: 1:52 - loss: 0.0198 - accuracy: 0.9955 70/146 [=============>................] - ETA: 1:50 - loss: 0.0207 - accuracy: 0.9951 71/146 [=============>................] - ETA: 1:49 - loss: 0.0204 - accuracy: 0.9952 72/146 [=============>................] - ETA: 1:47 - loss: 0.0204 - accuracy: 0.9952 73/146 [==============>...............] - ETA: 1:46 - loss: 0.0201 - accuracy: 0.9953 74/146 [==============>...............] - ETA: 1:44 - loss: 0.0198 - accuracy: 0.9954 75/146 [==============>...............] - ETA: 1:43 - loss: 0.0196 - accuracy: 0.9954 76/146 [==============>...............] - ETA: 1:41 - loss: 0.0194 - accuracy: 0.9955 77/146 [==============>...............] - ETA: 1:40 - loss: 0.0202 - accuracy: 0.9951 78/146 [===============>..............] - ETA: 1:38 - loss: 0.0222 - accuracy: 0.9948 79/146 [===============>..............] - ETA: 1:37 - loss: 0.0219 - accuracy: 0.9949 80/146 [===============>..............] - ETA: 1:35 - loss: 0.0218 - accuracy: 0.9949 81/146 [===============>..............] - ETA: 1:34 - loss: 0.0215 - accuracy: 0.9950 82/146 [===============>..............] - ETA: 1:32 - loss: 0.0213 - accuracy: 0.9950 83/146 [================>.............] - ETA: 1:31 - loss: 0.0213 - accuracy: 0.9951 84/146 [================>.............] - ETA: 1:30 - loss: 0.0211 - accuracy: 0.9952 85/146 [================>.............] - ETA: 1:28 - loss: 0.0211 - accuracy: 0.9952 86/146 [================>.............] - ETA: 1:27 - loss: 0.0231 - accuracy: 0.9945 87/146 [================>.............] - ETA: 1:25 - loss: 0.0231 - accuracy: 0.9946 88/146 [=================>............] - ETA: 1:24 - loss: 0.0230 - accuracy: 0.9947 89/146 [=================>............] - ETA: 1:22 - loss: 0.0228 - accuracy: 0.9947 90/146 [=================>............] - ETA: 1:21 - loss: 0.0250 - accuracy: 0.9944 91/146 [=================>............] - ETA: 1:19 - loss: 0.0259 - accuracy: 0.9942 92/146 [=================>............] - ETA: 1:18 - loss: 0.0270 - accuracy: 0.9939 93/146 [==================>...........] - ETA: 1:16 - loss: 0.0267 - accuracy: 0.9940 94/146 [==================>...........] - ETA: 1:15 - loss: 0.0266 - accuracy: 0.9940 95/146 [==================>...........] - ETA: 1:14 - loss: 0.0263 - accuracy: 0.9941 96/146 [==================>...........] - ETA: 1:12 - loss: 0.0266 - accuracy: 0.9938 97/146 [==================>...........] - ETA: 1:11 - loss: 0.0265 - accuracy: 0.9939 98/146 [===================>..........] - ETA: 1:09 - loss: 0.0266 - accuracy: 0.9939 99/146 [===================>..........] - ETA: 1:08 - loss: 0.0272 - accuracy: 0.9937100/146 [===================>..........] - ETA: 1:06 - loss: 0.0269 - accuracy: 0.9937101/146 [===================>..........] - ETA: 1:05 - loss: 0.0267 - accuracy: 0.9938102/146 [===================>..........] - ETA: 1:03 - loss: 0.0264 - accuracy: 0.9939103/146 [====================>.........] - ETA: 1:02 - loss: 0.0265 - accuracy: 0.9936104/146 [====================>.........] - ETA: 1:01 - loss: 0.0263 - accuracy: 0.9937105/146 [====================>.........] - ETA: 59s - loss: 0.0264 - accuracy: 0.9935 106/146 [====================>.........] - ETA: 58s - loss: 0.0263 - accuracy: 0.9935107/146 [====================>.........] - ETA: 56s - loss: 0.0261 - accuracy: 0.9936108/146 [=====================>........] - ETA: 55s - loss: 0.0262 - accuracy: 0.9936109/146 [=====================>........] - ETA: 53s - loss: 0.0268 - accuracy: 0.9934110/146 [=====================>........] - ETA: 52s - loss: 0.0274 - accuracy: 0.9929111/146 [=====================>........] - ETA: 50s - loss: 0.0275 - accuracy: 0.9930112/146 [======================>.......] - ETA: 49s - loss: 0.0273 - accuracy: 0.9930113/146 [======================>.......] - ETA: 47s - loss: 0.0272 - accuracy: 0.9931114/146 [======================>.......] - ETA: 46s - loss: 0.0270 - accuracy: 0.9931115/146 [======================>.......] - ETA: 44s - loss: 0.0286 - accuracy: 0.9927116/146 [======================>.......] - ETA: 43s - loss: 0.0285 - accuracy: 0.9927117/146 [=======================>......] - ETA: 41s - loss: 0.0283 - accuracy: 0.9928118/146 [=======================>......] - ETA: 40s - loss: 0.0285 - accuracy: 0.9928119/146 [=======================>......] - ETA: 39s - loss: 0.0284 - accuracy: 0.9929120/146 [=======================>......] - ETA: 37s - loss: 0.0282 - accuracy: 0.9930121/146 [=======================>......] - ETA: 36s - loss: 0.0281 - accuracy: 0.9930122/146 [========================>.....] - ETA: 34s - loss: 0.0279 - accuracy: 0.9931123/146 [========================>.....] - ETA: 33s - loss: 0.0277 - accuracy: 0.9931124/146 [========================>.....] - ETA: 31s - loss: 0.0275 - accuracy: 0.9932125/146 [========================>.....] - ETA: 30s - loss: 0.0274 - accuracy: 0.9933126/146 [========================>.....] - ETA: 28s - loss: 0.0272 - accuracy: 0.9933127/146 [=========================>....] - ETA: 27s - loss: 0.0270 - accuracy: 0.9934128/146 [=========================>....] - ETA: 25s - loss: 0.0269 - accuracy: 0.9934129/146 [=========================>....] - ETA: 24s - loss: 0.0267 - accuracy: 0.9935130/146 [=========================>....] - ETA: 23s - loss: 0.0271 - accuracy: 0.9933131/146 [=========================>....] - ETA: 21s - loss: 0.0274 - accuracy: 0.9931132/146 [==========================>...] - ETA: 20s - loss: 0.0277 - accuracy: 0.9929133/146 [==========================>...] - ETA: 18s - loss: 0.0277 - accuracy: 0.9927134/146 [==========================>...] - ETA: 17s - loss: 0.0275 - accuracy: 0.9928135/146 [==========================>...] - ETA: 15s - loss: 0.0273 - accuracy: 0.9928136/146 [==========================>...] - ETA: 14s - loss: 0.0273 - accuracy: 0.9929137/146 [===========================>..] - ETA: 12s - loss: 0.0271 - accuracy: 0.9929138/146 [===========================>..] - ETA: 11s - loss: 0.0270 - accuracy: 0.9930139/146 [===========================>..] - ETA: 10s - loss: 0.0270 - accuracy: 0.9930140/146 [===========================>..] - ETA: 8s - loss: 0.0268 - accuracy: 0.9931 141/146 [===========================>..] - ETA: 7s - loss: 0.0267 - accuracy: 0.9931142/146 [============================>.] - ETA: 5s - loss: 0.0266 - accuracy: 0.9932143/146 [============================>.] - ETA: 4s - loss: 0.0264 - accuracy: 0.9932144/146 [============================>.] - ETA: 2s - loss: 0.0263 - accuracy: 0.9933145/146 [============================>.] - ETA: 1s - loss: 0.0261 - accuracy: 0.9933146/146 [==============================] - ETA: 0s - loss: 0.0261 - accuracy: 0.9933146/146 [==============================] - 229s 2s/step - loss: 0.0261 - accuracy: 0.9933 - val_loss: 0.7372 - val_accuracy: 0.8796
Epoch 53/108
  1/146 [..............................] - ETA: 3:18 - loss: 0.0023 - accuracy: 1.0000  2/146 [..............................] - ETA: 2:51 - loss: 0.0977 - accuracy: 0.9688  3/146 [..............................] - ETA: 3:02 - loss: 0.0665 - accuracy: 0.9792  4/146 [..............................] - ETA: 3:10 - loss: 0.0507 - accuracy: 0.9844  5/146 [>.............................] - ETA: 3:13 - loss: 0.0431 - accuracy: 0.9875  6/146 [>.............................] - ETA: 3:14 - loss: 0.0362 - accuracy: 0.9896  7/146 [>.............................] - ETA: 3:14 - loss: 0.0353 - accuracy: 0.9911  8/146 [>.............................] - ETA: 3:14 - loss: 0.0375 - accuracy: 0.9883  9/146 [>.............................] - ETA: 3:13 - loss: 0.0336 - accuracy: 0.9896 10/146 [=>............................] - ETA: 3:12 - loss: 0.0337 - accuracy: 0.9906 11/146 [=>............................] - ETA: 3:11 - loss: 0.0342 - accuracy: 0.9915 12/146 [=>............................] - ETA: 3:10 - loss: 0.0314 - accuracy: 0.9922 13/146 [=>............................] - ETA: 3:08 - loss: 0.0328 - accuracy: 0.9904 14/146 [=>............................] - ETA: 3:07 - loss: 0.0354 - accuracy: 0.9888 15/146 [==>...........................] - ETA: 3:06 - loss: 0.0349 - accuracy: 0.9896 16/146 [==>...........................] - ETA: 3:05 - loss: 0.0361 - accuracy: 0.9883 17/146 [==>...........................] - ETA: 3:04 - loss: 0.0347 - accuracy: 0.9890 18/146 [==>...........................] - ETA: 3:03 - loss: 0.0359 - accuracy: 0.9878 19/146 [==>...........................] - ETA: 3:00 - loss: 0.0341 - accuracy: 0.9885 20/146 [===>..........................] - ETA: 2:59 - loss: 0.0339 - accuracy: 0.9891 21/146 [===>..........................] - ETA: 2:57 - loss: 0.0329 - accuracy: 0.9896 22/146 [===>..........................] - ETA: 2:56 - loss: 0.0318 - accuracy: 0.9901 23/146 [===>..........................] - ETA: 2:54 - loss: 0.0353 - accuracy: 0.9891 24/146 [===>..........................] - ETA: 2:53 - loss: 0.0348 - accuracy: 0.9896 25/146 [====>.........................] - ETA: 2:51 - loss: 0.0341 - accuracy: 0.9900 26/146 [====>.........................] - ETA: 2:50 - loss: 0.0329 - accuracy: 0.9904 27/146 [====>.........................] - ETA: 2:49 - loss: 0.0331 - accuracy: 0.9907 28/146 [====>.........................] - ETA: 2:48 - loss: 0.0331 - accuracy: 0.9900 29/146 [====>.........................] - ETA: 2:47 - loss: 0.0323 - accuracy: 0.9903 30/146 [=====>........................] - ETA: 2:46 - loss: 0.0326 - accuracy: 0.9896 31/146 [=====>........................] - ETA: 2:44 - loss: 0.0325 - accuracy: 0.9899 32/146 [=====>........................] - ETA: 2:43 - loss: 0.0316 - accuracy: 0.9902 33/146 [=====>........................] - ETA: 2:41 - loss: 0.0323 - accuracy: 0.9896 34/146 [=====>........................] - ETA: 2:40 - loss: 0.0318 - accuracy: 0.9899 35/146 [======>.......................] - ETA: 2:39 - loss: 0.0312 - accuracy: 0.9902 36/146 [======>.......................] - ETA: 2:37 - loss: 0.0308 - accuracy: 0.9905 37/146 [======>.......................] - ETA: 2:36 - loss: 0.0304 - accuracy: 0.9907 38/146 [======>.......................] - ETA: 2:35 - loss: 0.0298 - accuracy: 0.9910 39/146 [=======>......................] - ETA: 2:34 - loss: 0.0290 - accuracy: 0.9912 40/146 [=======>......................] - ETA: 2:32 - loss: 0.0283 - accuracy: 0.9914 41/146 [=======>......................] - ETA: 2:31 - loss: 0.0288 - accuracy: 0.9909 42/146 [=======>......................] - ETA: 2:29 - loss: 0.0281 - accuracy: 0.9911 43/146 [=======>......................] - ETA: 2:28 - loss: 0.0277 - accuracy: 0.9913 44/146 [========>.....................] - ETA: 2:26 - loss: 0.0272 - accuracy: 0.9915 45/146 [========>.....................] - ETA: 2:25 - loss: 0.0279 - accuracy: 0.9910 46/146 [========>.....................] - ETA: 2:24 - loss: 0.0274 - accuracy: 0.9912 47/146 [========>.....................] - ETA: 2:22 - loss: 0.0270 - accuracy: 0.9914 48/146 [========>.....................] - ETA: 2:21 - loss: 0.0267 - accuracy: 0.9915 49/146 [=========>....................] - ETA: 2:19 - loss: 0.0262 - accuracy: 0.9917 50/146 [=========>....................] - ETA: 2:18 - loss: 0.0267 - accuracy: 0.9912 51/146 [=========>....................] - ETA: 2:16 - loss: 0.0263 - accuracy: 0.9914 52/146 [=========>....................] - ETA: 2:15 - loss: 0.0259 - accuracy: 0.9916 53/146 [=========>....................] - ETA: 2:13 - loss: 0.0255 - accuracy: 0.9917 54/146 [==========>...................] - ETA: 2:12 - loss: 0.0251 - accuracy: 0.9919 55/146 [==========>...................] - ETA: 2:11 - loss: 0.0257 - accuracy: 0.9915 56/146 [==========>...................] - ETA: 2:09 - loss: 0.0281 - accuracy: 0.9905 57/146 [==========>...................] - ETA: 2:08 - loss: 0.0284 - accuracy: 0.9901 58/146 [==========>...................] - ETA: 2:06 - loss: 0.0284 - accuracy: 0.9903 59/146 [===========>..................] - ETA: 2:05 - loss: 0.0282 - accuracy: 0.9905 60/146 [===========>..................] - ETA: 2:04 - loss: 0.0325 - accuracy: 0.9880 61/146 [===========>..................] - ETA: 2:02 - loss: 0.0332 - accuracy: 0.9877 62/146 [===========>..................] - ETA: 2:01 - loss: 0.0327 - accuracy: 0.9879 63/146 [===========>..................] - ETA: 2:00 - loss: 0.0324 - accuracy: 0.9881 64/146 [============>.................] - ETA: 1:58 - loss: 0.0354 - accuracy: 0.9878 65/146 [============>.................] - ETA: 1:57 - loss: 0.0349 - accuracy: 0.9880 66/146 [============>.................] - ETA: 1:55 - loss: 0.0373 - accuracy: 0.9877 67/146 [============>.................] - ETA: 1:54 - loss: 0.0368 - accuracy: 0.9879 68/146 [============>.................] - ETA: 1:52 - loss: 0.0363 - accuracy: 0.9881 69/146 [=============>................] - ETA: 1:51 - loss: 0.0393 - accuracy: 0.9873 70/146 [=============>................] - ETA: 1:50 - loss: 0.0399 - accuracy: 0.9871 71/146 [=============>................] - ETA: 1:48 - loss: 0.0419 - accuracy: 0.9864 72/146 [=============>................] - ETA: 1:47 - loss: 0.0457 - accuracy: 0.9857 73/146 [==============>...............] - ETA: 1:45 - loss: 0.0452 - accuracy: 0.9859 74/146 [==============>...............] - ETA: 1:44 - loss: 0.0448 - accuracy: 0.9861 75/146 [==============>...............] - ETA: 1:43 - loss: 0.0470 - accuracy: 0.9854 76/146 [==============>...............] - ETA: 1:41 - loss: 0.0464 - accuracy: 0.9856 77/146 [==============>...............] - ETA: 1:40 - loss: 0.0462 - accuracy: 0.9858 78/146 [===============>..............] - ETA: 1:38 - loss: 0.0460 - accuracy: 0.9856 79/146 [===============>..............] - ETA: 1:37 - loss: 0.0455 - accuracy: 0.9858 80/146 [===============>..............] - ETA: 1:35 - loss: 0.0453 - accuracy: 0.9859 81/146 [===============>..............] - ETA: 1:33 - loss: 0.0450 - accuracy: 0.9861 82/146 [===============>..............] - ETA: 1:32 - loss: 0.0447 - accuracy: 0.9863 83/146 [================>.............] - ETA: 1:31 - loss: 0.0446 - accuracy: 0.9861 84/146 [================>.............] - ETA: 1:29 - loss: 0.0444 - accuracy: 0.9862 85/146 [================>.............] - ETA: 1:28 - loss: 0.0445 - accuracy: 0.9864 86/146 [================>.............] - ETA: 1:26 - loss: 0.0443 - accuracy: 0.9866 87/146 [================>.............] - ETA: 1:24 - loss: 0.0444 - accuracy: 0.9864 88/146 [=================>............] - ETA: 1:23 - loss: 0.0443 - accuracy: 0.9865 89/146 [=================>............] - ETA: 1:21 - loss: 0.0445 - accuracy: 0.9863 90/146 [=================>............] - ETA: 1:20 - loss: 0.0450 - accuracy: 0.9861 91/146 [=================>............] - ETA: 1:18 - loss: 0.0449 - accuracy: 0.9859 92/146 [=================>............] - ETA: 1:17 - loss: 0.0445 - accuracy: 0.9861 93/146 [==================>...........] - ETA: 1:15 - loss: 0.0445 - accuracy: 0.9859 94/146 [==================>...........] - ETA: 1:14 - loss: 0.0450 - accuracy: 0.9857 95/146 [==================>...........] - ETA: 1:12 - loss: 0.0449 - accuracy: 0.9859 96/146 [==================>...........] - ETA: 1:11 - loss: 0.0445 - accuracy: 0.9860 97/146 [==================>...........] - ETA: 1:09 - loss: 0.0445 - accuracy: 0.9858 98/146 [===================>..........] - ETA: 1:08 - loss: 0.0445 - accuracy: 0.9857 99/146 [===================>..........] - ETA: 1:07 - loss: 0.0441 - accuracy: 0.9858100/146 [===================>..........] - ETA: 1:05 - loss: 0.0438 - accuracy: 0.9859101/146 [===================>..........] - ETA: 1:04 - loss: 0.0444 - accuracy: 0.9851102/146 [===================>..........] - ETA: 1:02 - loss: 0.0441 - accuracy: 0.9853103/146 [====================>.........] - ETA: 1:01 - loss: 0.0440 - accuracy: 0.9854104/146 [====================>.........] - ETA: 59s - loss: 0.0440 - accuracy: 0.9856 105/146 [====================>.........] - ETA: 58s - loss: 0.0441 - accuracy: 0.9854106/146 [====================>.........] - ETA: 57s - loss: 0.0441 - accuracy: 0.9853107/146 [====================>.........] - ETA: 55s - loss: 0.0437 - accuracy: 0.9854108/146 [=====================>........] - ETA: 54s - loss: 0.0436 - accuracy: 0.9855109/146 [=====================>........] - ETA: 52s - loss: 0.0432 - accuracy: 0.9857110/146 [=====================>........] - ETA: 51s - loss: 0.0429 - accuracy: 0.9858111/146 [=====================>........] - ETA: 50s - loss: 0.0425 - accuracy: 0.9859112/146 [======================>.......] - ETA: 48s - loss: 0.0423 - accuracy: 0.9860113/146 [======================>.......] - ETA: 47s - loss: 0.0420 - accuracy: 0.9862114/146 [======================>.......] - ETA: 45s - loss: 0.0418 - accuracy: 0.9863115/146 [======================>.......] - ETA: 44s - loss: 0.0419 - accuracy: 0.9861116/146 [======================>.......] - ETA: 43s - loss: 0.0424 - accuracy: 0.9860117/146 [=======================>......] - ETA: 41s - loss: 0.0421 - accuracy: 0.9861118/146 [=======================>......] - ETA: 40s - loss: 0.0420 - accuracy: 0.9862119/146 [=======================>......] - ETA: 38s - loss: 0.0417 - accuracy: 0.9863120/146 [=======================>......] - ETA: 37s - loss: 0.0415 - accuracy: 0.9865121/146 [=======================>......] - ETA: 35s - loss: 0.0447 - accuracy: 0.9855122/146 [========================>.....] - ETA: 34s - loss: 0.0445 - accuracy: 0.9857123/146 [========================>.....] - ETA: 32s - loss: 0.0442 - accuracy: 0.9858124/146 [========================>.....] - ETA: 31s - loss: 0.0439 - accuracy: 0.9859125/146 [========================>.....] - ETA: 30s - loss: 0.0436 - accuracy: 0.9860126/146 [========================>.....] - ETA: 28s - loss: 0.0433 - accuracy: 0.9861127/146 [=========================>....] - ETA: 27s - loss: 0.0430 - accuracy: 0.9862128/146 [=========================>....] - ETA: 25s - loss: 0.0427 - accuracy: 0.9863129/146 [=========================>....] - ETA: 24s - loss: 0.0465 - accuracy: 0.9857130/146 [=========================>....] - ETA: 22s - loss: 0.0523 - accuracy: 0.9849131/146 [=========================>....] - ETA: 21s - loss: 0.0522 - accuracy: 0.9847132/146 [==========================>...] - ETA: 20s - loss: 0.0534 - accuracy: 0.9846133/146 [==========================>...] - ETA: 18s - loss: 0.0546 - accuracy: 0.9840134/146 [==========================>...] - ETA: 17s - loss: 0.0559 - accuracy: 0.9832135/146 [==========================>...] - ETA: 15s - loss: 0.0585 - accuracy: 0.9817136/146 [==========================>...] - ETA: 14s - loss: 0.0585 - accuracy: 0.9818137/146 [===========================>..] - ETA: 12s - loss: 0.0582 - accuracy: 0.9820138/146 [===========================>..] - ETA: 11s - loss: 0.0597 - accuracy: 0.9817139/146 [===========================>..] - ETA: 10s - loss: 0.0596 - accuracy: 0.9816140/146 [===========================>..] - ETA: 8s - loss: 0.0593 - accuracy: 0.9817 141/146 [===========================>..] - ETA: 7s - loss: 0.0590 - accuracy: 0.9818142/146 [============================>.] - ETA: 5s - loss: 0.0588 - accuracy: 0.9820143/146 [============================>.] - ETA: 4s - loss: 0.0585 - accuracy: 0.9821144/146 [============================>.] - ETA: 2s - loss: 0.0587 - accuracy: 0.9818145/146 [============================>.] - ETA: 1s - loss: 0.0592 - accuracy: 0.9817146/146 [==============================] - ETA: 0s - loss: 0.0592 - accuracy: 0.9817146/146 [==============================] - 227s 2s/step - loss: 0.0592 - accuracy: 0.9817 - val_loss: 0.4918 - val_accuracy: 0.8933
Epoch 54/108
  1/146 [..............................] - ETA: 3:23 - loss: 0.0170 - accuracy: 1.0000  2/146 [..............................] - ETA: 3:13 - loss: 0.0123 - accuracy: 1.0000  3/146 [..............................] - ETA: 3:24 - loss: 0.0236 - accuracy: 1.0000  4/146 [..............................] - ETA: 3:21 - loss: 0.0304 - accuracy: 0.9922  5/146 [>.............................] - ETA: 3:21 - loss: 0.0367 - accuracy: 0.9875  6/146 [>.............................] - ETA: 3:21 - loss: 0.0402 - accuracy: 0.9896  7/146 [>.............................] - ETA: 3:18 - loss: 0.0432 - accuracy: 0.9866  8/146 [>.............................] - ETA: 3:16 - loss: 0.0509 - accuracy: 0.9805  9/146 [>.............................] - ETA: 3:15 - loss: 0.0498 - accuracy: 0.9792 10/146 [=>............................] - ETA: 3:14 - loss: 0.0521 - accuracy: 0.9781 11/146 [=>............................] - ETA: 3:14 - loss: 0.0503 - accuracy: 0.9801 12/146 [=>............................] - ETA: 3:12 - loss: 0.0497 - accuracy: 0.9792 13/146 [=>............................] - ETA: 3:10 - loss: 0.0471 - accuracy: 0.9808 14/146 [=>............................] - ETA: 3:10 - loss: 0.0447 - accuracy: 0.9821 15/146 [==>...........................] - ETA: 3:09 - loss: 0.0468 - accuracy: 0.9812 16/146 [==>...........................] - ETA: 3:07 - loss: 0.0459 - accuracy: 0.9824 17/146 [==>...........................] - ETA: 3:05 - loss: 0.0445 - accuracy: 0.9835 18/146 [==>...........................] - ETA: 3:04 - loss: 0.0486 - accuracy: 0.9826 19/146 [==>...........................] - ETA: 3:03 - loss: 0.0465 - accuracy: 0.9836 20/146 [===>..........................] - ETA: 3:02 - loss: 0.0455 - accuracy: 0.9828 21/146 [===>..........................] - ETA: 3:01 - loss: 0.0434 - accuracy: 0.9836 22/146 [===>..........................] - ETA: 3:00 - loss: 0.0427 - accuracy: 0.9844 23/146 [===>..........................] - ETA: 2:58 - loss: 0.0411 - accuracy: 0.9851 24/146 [===>..........................] - ETA: 2:56 - loss: 0.0397 - accuracy: 0.9857 25/146 [====>.........................] - ETA: 2:55 - loss: 0.0384 - accuracy: 0.9862 26/146 [====>.........................] - ETA: 2:54 - loss: 0.0371 - accuracy: 0.9868 27/146 [====>.........................] - ETA: 2:52 - loss: 0.0359 - accuracy: 0.9873 28/146 [====>.........................] - ETA: 2:50 - loss: 0.0365 - accuracy: 0.9877 29/146 [====>.........................] - ETA: 2:49 - loss: 0.0366 - accuracy: 0.9881 30/146 [=====>........................] - ETA: 2:47 - loss: 0.0396 - accuracy: 0.9875 31/146 [=====>........................] - ETA: 2:46 - loss: 0.0390 - accuracy: 0.9879 32/146 [=====>........................] - ETA: 2:45 - loss: 0.0420 - accuracy: 0.9873 33/146 [=====>........................] - ETA: 2:43 - loss: 0.0411 - accuracy: 0.9877 34/146 [=====>........................] - ETA: 2:42 - loss: 0.0402 - accuracy: 0.9881 35/146 [======>.......................] - ETA: 2:41 - loss: 0.0404 - accuracy: 0.9884 36/146 [======>.......................] - ETA: 2:39 - loss: 0.0399 - accuracy: 0.9887 37/146 [======>.......................] - ETA: 2:38 - loss: 0.0391 - accuracy: 0.9890 38/146 [======>.......................] - ETA: 2:37 - loss: 0.0387 - accuracy: 0.9893 39/146 [=======>......................] - ETA: 2:35 - loss: 0.0378 - accuracy: 0.9896 40/146 [=======>......................] - ETA: 2:34 - loss: 0.0369 - accuracy: 0.9898 41/146 [=======>......................] - ETA: 2:32 - loss: 0.0361 - accuracy: 0.9901 42/146 [=======>......................] - ETA: 2:31 - loss: 0.0353 - accuracy: 0.9903 43/146 [=======>......................] - ETA: 2:30 - loss: 0.0355 - accuracy: 0.9898 44/146 [========>.....................] - ETA: 2:28 - loss: 0.0348 - accuracy: 0.9901 45/146 [========>.....................] - ETA: 2:27 - loss: 0.0342 - accuracy: 0.9903 46/146 [========>.....................] - ETA: 2:25 - loss: 0.0341 - accuracy: 0.9905 47/146 [========>.....................] - ETA: 2:24 - loss: 0.0345 - accuracy: 0.9900 48/146 [========>.....................] - ETA: 2:22 - loss: 0.0344 - accuracy: 0.9902 49/146 [=========>....................] - ETA: 2:21 - loss: 0.0346 - accuracy: 0.9898 50/146 [=========>....................] - ETA: 2:19 - loss: 0.0351 - accuracy: 0.9894 51/146 [=========>....................] - ETA: 2:17 - loss: 0.0346 - accuracy: 0.9896 52/146 [=========>....................] - ETA: 2:16 - loss: 0.0344 - accuracy: 0.9898 53/146 [=========>....................] - ETA: 2:14 - loss: 0.0338 - accuracy: 0.9900 54/146 [==========>...................] - ETA: 2:13 - loss: 0.0335 - accuracy: 0.9902 55/146 [==========>...................] - ETA: 2:11 - loss: 0.0329 - accuracy: 0.9903 56/146 [==========>...................] - ETA: 2:10 - loss: 0.0340 - accuracy: 0.9900 57/146 [==========>...................] - ETA: 2:08 - loss: 0.0346 - accuracy: 0.9896 58/146 [==========>...................] - ETA: 2:06 - loss: 0.0345 - accuracy: 0.9898 59/146 [===========>..................] - ETA: 2:05 - loss: 0.0342 - accuracy: 0.9899 60/146 [===========>..................] - ETA: 2:03 - loss: 0.0337 - accuracy: 0.9901 61/146 [===========>..................] - ETA: 2:01 - loss: 0.0335 - accuracy: 0.9903 62/146 [===========>..................] - ETA: 1:59 - loss: 0.0331 - accuracy: 0.9904 63/146 [===========>..................] - ETA: 1:57 - loss: 0.0328 - accuracy: 0.9906 64/146 [============>.................] - ETA: 1:56 - loss: 0.0324 - accuracy: 0.9907 65/146 [============>.................] - ETA: 1:54 - loss: 0.0321 - accuracy: 0.9909 66/146 [============>.................] - ETA: 1:53 - loss: 0.0319 - accuracy: 0.9910 67/146 [============>.................] - ETA: 1:51 - loss: 0.0315 - accuracy: 0.9911 68/146 [============>.................] - ETA: 1:50 - loss: 0.0324 - accuracy: 0.9899 69/146 [=============>................] - ETA: 1:48 - loss: 0.0320 - accuracy: 0.9900 70/146 [=============>................] - ETA: 1:46 - loss: 0.0316 - accuracy: 0.9902 71/146 [=============>................] - ETA: 1:45 - loss: 0.0312 - accuracy: 0.9903 72/146 [=============>................] - ETA: 1:43 - loss: 0.0310 - accuracy: 0.9905 73/146 [==============>...............] - ETA: 1:42 - loss: 0.0306 - accuracy: 0.9906 74/146 [==============>...............] - ETA: 1:41 - loss: 0.0304 - accuracy: 0.9907 75/146 [==============>...............] - ETA: 1:39 - loss: 0.0301 - accuracy: 0.9908 76/146 [==============>...............] - ETA: 1:38 - loss: 0.0297 - accuracy: 0.9910 77/146 [==============>...............] - ETA: 1:37 - loss: 0.0301 - accuracy: 0.9907 78/146 [===============>..............] - ETA: 1:35 - loss: 0.0297 - accuracy: 0.9908 79/146 [===============>..............] - ETA: 1:34 - loss: 0.0294 - accuracy: 0.9909 80/146 [===============>..............] - ETA: 1:32 - loss: 0.0291 - accuracy: 0.9910 81/146 [===============>..............] - ETA: 1:31 - loss: 0.0288 - accuracy: 0.9911 82/146 [===============>..............] - ETA: 1:30 - loss: 0.0290 - accuracy: 0.9909 83/146 [================>.............] - ETA: 1:28 - loss: 0.0289 - accuracy: 0.9910 84/146 [================>.............] - ETA: 1:27 - loss: 0.0286 - accuracy: 0.9911 85/146 [================>.............] - ETA: 1:26 - loss: 0.0282 - accuracy: 0.9912 86/146 [================>.............] - ETA: 1:24 - loss: 0.0282 - accuracy: 0.9913 87/146 [================>.............] - ETA: 1:23 - loss: 0.0279 - accuracy: 0.9914 88/146 [=================>............] - ETA: 1:21 - loss: 0.0276 - accuracy: 0.9915 89/146 [=================>............] - ETA: 1:20 - loss: 0.0273 - accuracy: 0.9916 90/146 [=================>............] - ETA: 1:19 - loss: 0.0271 - accuracy: 0.9917 91/146 [=================>............] - ETA: 1:17 - loss: 0.0272 - accuracy: 0.9914 92/146 [=================>............] - ETA: 1:16 - loss: 0.0272 - accuracy: 0.9915 93/146 [==================>...........] - ETA: 1:14 - loss: 0.0270 - accuracy: 0.9916 94/146 [==================>...........] - ETA: 1:13 - loss: 0.0274 - accuracy: 0.9914 95/146 [==================>...........] - ETA: 1:12 - loss: 0.0272 - accuracy: 0.9914 96/146 [==================>...........] - ETA: 1:10 - loss: 0.0270 - accuracy: 0.9915 97/146 [==================>...........] - ETA: 1:09 - loss: 0.0270 - accuracy: 0.9916 98/146 [===================>..........] - ETA: 1:07 - loss: 0.0268 - accuracy: 0.9917 99/146 [===================>..........] - ETA: 1:06 - loss: 0.0266 - accuracy: 0.9918100/146 [===================>..........] - ETA: 1:05 - loss: 0.0265 - accuracy: 0.9919101/146 [===================>..........] - ETA: 1:03 - loss: 0.0266 - accuracy: 0.9916102/146 [===================>..........] - ETA: 1:02 - loss: 0.0269 - accuracy: 0.9914103/146 [====================>.........] - ETA: 1:00 - loss: 0.0270 - accuracy: 0.9915104/146 [====================>.........] - ETA: 59s - loss: 0.0268 - accuracy: 0.9916 105/146 [====================>.........] - ETA: 58s - loss: 0.0266 - accuracy: 0.9917106/146 [====================>.........] - ETA: 56s - loss: 0.0264 - accuracy: 0.9917107/146 [====================>.........] - ETA: 55s - loss: 0.0262 - accuracy: 0.9918108/146 [=====================>........] - ETA: 53s - loss: 0.0261 - accuracy: 0.9919109/146 [=====================>........] - ETA: 52s - loss: 0.0259 - accuracy: 0.9920110/146 [=====================>........] - ETA: 51s - loss: 0.0257 - accuracy: 0.9920111/146 [=====================>........] - ETA: 49s - loss: 0.0261 - accuracy: 0.9918112/146 [======================>.......] - ETA: 48s - loss: 0.0265 - accuracy: 0.9914113/146 [======================>.......] - ETA: 46s - loss: 0.0263 - accuracy: 0.9914114/146 [======================>.......] - ETA: 45s - loss: 0.0262 - accuracy: 0.9915115/146 [======================>.......] - ETA: 44s - loss: 0.0268 - accuracy: 0.9913116/146 [======================>.......] - ETA: 42s - loss: 0.0268 - accuracy: 0.9911117/146 [=======================>......] - ETA: 41s - loss: 0.0277 - accuracy: 0.9909118/146 [=======================>......] - ETA: 39s - loss: 0.0279 - accuracy: 0.9907119/146 [=======================>......] - ETA: 38s - loss: 0.0278 - accuracy: 0.9908120/146 [=======================>......] - ETA: 36s - loss: 0.0276 - accuracy: 0.9909121/146 [=======================>......] - ETA: 35s - loss: 0.0276 - accuracy: 0.9910122/146 [========================>.....] - ETA: 34s - loss: 0.0275 - accuracy: 0.9910123/146 [========================>.....] - ETA: 32s - loss: 0.0273 - accuracy: 0.9911124/146 [========================>.....] - ETA: 31s - loss: 0.0280 - accuracy: 0.9909125/146 [========================>.....] - ETA: 29s - loss: 0.0282 - accuracy: 0.9908126/146 [========================>.....] - ETA: 28s - loss: 0.0288 - accuracy: 0.9906127/146 [=========================>....] - ETA: 27s - loss: 0.0286 - accuracy: 0.9906128/146 [=========================>....] - ETA: 25s - loss: 0.0292 - accuracy: 0.9905129/146 [=========================>....] - ETA: 24s - loss: 0.0290 - accuracy: 0.9906130/146 [=========================>....] - ETA: 22s - loss: 0.0293 - accuracy: 0.9904131/146 [=========================>....] - ETA: 21s - loss: 0.0292 - accuracy: 0.9905132/146 [==========================>...] - ETA: 19s - loss: 0.0291 - accuracy: 0.9905133/146 [==========================>...] - ETA: 18s - loss: 0.0293 - accuracy: 0.9904134/146 [==========================>...] - ETA: 17s - loss: 0.0292 - accuracy: 0.9904135/146 [==========================>...] - ETA: 15s - loss: 0.0290 - accuracy: 0.9905136/146 [==========================>...] - ETA: 14s - loss: 0.0291 - accuracy: 0.9903137/146 [===========================>..] - ETA: 12s - loss: 0.0291 - accuracy: 0.9904138/146 [===========================>..] - ETA: 11s - loss: 0.0305 - accuracy: 0.9903139/146 [===========================>..] - ETA: 9s - loss: 0.0306 - accuracy: 0.9901 140/146 [===========================>..] - ETA: 8s - loss: 0.0306 - accuracy: 0.9902141/146 [===========================>..] - ETA: 7s - loss: 0.0304 - accuracy: 0.9902142/146 [============================>.] - ETA: 5s - loss: 0.0308 - accuracy: 0.9901143/146 [============================>.] - ETA: 4s - loss: 0.0309 - accuracy: 0.9899144/146 [============================>.] - ETA: 2s - loss: 0.0308 - accuracy: 0.9900145/146 [============================>.] - ETA: 1s - loss: 0.0307 - accuracy: 0.9901146/146 [==============================] - ETA: 0s - loss: 0.0307 - accuracy: 0.9901146/146 [==============================] - 226s 2s/step - loss: 0.0307 - accuracy: 0.9901 - val_loss: 0.6747 - val_accuracy: 0.8981
Epoch 55/108
  1/146 [..............................] - ETA: 3:30 - loss: 0.0372 - accuracy: 0.9688  2/146 [..............................] - ETA: 3:22 - loss: 0.0272 - accuracy: 0.9844  3/146 [..............................] - ETA: 3:22 - loss: 0.0193 - accuracy: 0.9896  4/146 [..............................] - ETA: 3:23 - loss: 0.0150 - accuracy: 0.9922  5/146 [>.............................] - ETA: 3:19 - loss: 0.0124 - accuracy: 0.9937  6/146 [>.............................] - ETA: 3:16 - loss: 0.0125 - accuracy: 0.9948  7/146 [>.............................] - ETA: 3:19 - loss: 0.0207 - accuracy: 0.9866  8/146 [>.............................] - ETA: 3:16 - loss: 0.0199 - accuracy: 0.9883  9/146 [>.............................] - ETA: 3:11 - loss: 0.0257 - accuracy: 0.9861 10/146 [=>............................] - ETA: 3:10 - loss: 0.0249 - accuracy: 0.9875 11/146 [=>............................] - ETA: 3:08 - loss: 0.0233 - accuracy: 0.9886 12/146 [=>............................] - ETA: 3:06 - loss: 0.0241 - accuracy: 0.9896 13/146 [=>............................] - ETA: 3:04 - loss: 0.0226 - accuracy: 0.9904 14/146 [=>............................] - ETA: 3:03 - loss: 0.0247 - accuracy: 0.9888 15/146 [==>...........................] - ETA: 3:02 - loss: 0.0257 - accuracy: 0.9875 16/146 [==>...........................] - ETA: 3:00 - loss: 0.0262 - accuracy: 0.9883 17/146 [==>...........................] - ETA: 2:58 - loss: 0.0299 - accuracy: 0.9871 18/146 [==>...........................] - ETA: 2:55 - loss: 0.0300 - accuracy: 0.9878 19/146 [==>...........................] - ETA: 2:52 - loss: 0.0294 - accuracy: 0.9885 20/146 [===>..........................] - ETA: 2:50 - loss: 0.0298 - accuracy: 0.9891 21/146 [===>..........................] - ETA: 2:47 - loss: 0.0286 - accuracy: 0.9896 22/146 [===>..........................] - ETA: 2:44 - loss: 0.0273 - accuracy: 0.9901 23/146 [===>..........................] - ETA: 2:42 - loss: 0.0266 - accuracy: 0.9905 24/146 [===>..........................] - ETA: 2:39 - loss: 0.0267 - accuracy: 0.9896 25/146 [====>.........................] - ETA: 2:37 - loss: 0.0263 - accuracy: 0.9900 26/146 [====>.........................] - ETA: 2:36 - loss: 0.0254 - accuracy: 0.9904 27/146 [====>.........................] - ETA: 2:35 - loss: 0.0257 - accuracy: 0.9896 28/146 [====>.........................] - ETA: 2:34 - loss: 0.0284 - accuracy: 0.9877 29/146 [====>.........................] - ETA: 2:32 - loss: 0.0275 - accuracy: 0.9881 30/146 [=====>........................] - ETA: 2:31 - loss: 0.0268 - accuracy: 0.9885 31/146 [=====>........................] - ETA: 2:29 - loss: 0.0262 - accuracy: 0.9889 32/146 [=====>........................] - ETA: 2:28 - loss: 0.0268 - accuracy: 0.9883 33/146 [=====>........................] - ETA: 2:27 - loss: 0.0260 - accuracy: 0.9886 34/146 [=====>........................] - ETA: 2:25 - loss: 0.0255 - accuracy: 0.9890 35/146 [======>.......................] - ETA: 2:24 - loss: 0.0248 - accuracy: 0.9893 36/146 [======>.......................] - ETA: 2:23 - loss: 0.0257 - accuracy: 0.9887 37/146 [======>.......................] - ETA: 2:22 - loss: 0.0251 - accuracy: 0.9890 38/146 [======>.......................] - ETA: 2:21 - loss: 0.0248 - accuracy: 0.9893 39/146 [=======>......................] - ETA: 2:20 - loss: 0.0245 - accuracy: 0.9896 40/146 [=======>......................] - ETA: 2:19 - loss: 0.0240 - accuracy: 0.9898 41/146 [=======>......................] - ETA: 2:18 - loss: 0.0236 - accuracy: 0.9901 42/146 [=======>......................] - ETA: 2:17 - loss: 0.0233 - accuracy: 0.9903 43/146 [=======>......................] - ETA: 2:16 - loss: 0.0231 - accuracy: 0.9906 44/146 [========>.....................] - ETA: 2:15 - loss: 0.0226 - accuracy: 0.9908 45/146 [========>.....................] - ETA: 2:14 - loss: 0.0222 - accuracy: 0.9910 46/146 [========>.....................] - ETA: 2:13 - loss: 0.0221 - accuracy: 0.9912 47/146 [========>.....................] - ETA: 2:12 - loss: 0.0218 - accuracy: 0.9914 48/146 [========>.....................] - ETA: 2:11 - loss: 0.0225 - accuracy: 0.9909 49/146 [=========>....................] - ETA: 2:10 - loss: 0.0230 - accuracy: 0.9904 50/146 [=========>....................] - ETA: 2:09 - loss: 0.0226 - accuracy: 0.9906 51/146 [=========>....................] - ETA: 2:08 - loss: 0.0235 - accuracy: 0.9902 52/146 [=========>....................] - ETA: 2:07 - loss: 0.0240 - accuracy: 0.9898 53/146 [=========>....................] - ETA: 2:06 - loss: 0.0239 - accuracy: 0.9900 54/146 [==========>...................] - ETA: 2:05 - loss: 0.0235 - accuracy: 0.9902 55/146 [==========>...................] - ETA: 2:03 - loss: 0.0231 - accuracy: 0.9903 56/146 [==========>...................] - ETA: 2:02 - loss: 0.0228 - accuracy: 0.9905 57/146 [==========>...................] - ETA: 2:01 - loss: 0.0224 - accuracy: 0.9907 58/146 [==========>...................] - ETA: 2:00 - loss: 0.0220 - accuracy: 0.9908 59/146 [===========>..................] - ETA: 1:58 - loss: 0.0220 - accuracy: 0.9910 60/146 [===========>..................] - ETA: 1:57 - loss: 0.0216 - accuracy: 0.9911 61/146 [===========>..................] - ETA: 1:56 - loss: 0.0214 - accuracy: 0.9913 62/146 [===========>..................] - ETA: 1:55 - loss: 0.0215 - accuracy: 0.9914 63/146 [===========>..................] - ETA: 1:53 - loss: 0.0217 - accuracy: 0.9911 64/146 [============>.................] - ETA: 1:52 - loss: 0.0216 - accuracy: 0.9912 65/146 [============>.................] - ETA: 1:51 - loss: 0.0213 - accuracy: 0.9913 66/146 [============>.................] - ETA: 1:50 - loss: 0.0210 - accuracy: 0.9915 67/146 [============>.................] - ETA: 1:48 - loss: 0.0207 - accuracy: 0.9916 68/146 [============>.................] - ETA: 1:47 - loss: 0.0208 - accuracy: 0.9917 69/146 [=============>................] - ETA: 1:46 - loss: 0.0205 - accuracy: 0.9918 70/146 [=============>................] - ETA: 1:44 - loss: 0.0202 - accuracy: 0.9920 71/146 [=============>................] - ETA: 1:43 - loss: 0.0200 - accuracy: 0.9921 72/146 [=============>................] - ETA: 1:42 - loss: 0.0201 - accuracy: 0.9922 73/146 [==============>...............] - ETA: 1:40 - loss: 0.0199 - accuracy: 0.9923 74/146 [==============>...............] - ETA: 1:39 - loss: 0.0196 - accuracy: 0.9924 75/146 [==============>...............] - ETA: 1:38 - loss: 0.0194 - accuracy: 0.9925 76/146 [==============>...............] - ETA: 1:36 - loss: 0.0191 - accuracy: 0.9926 77/146 [==============>...............] - ETA: 1:35 - loss: 0.0189 - accuracy: 0.9927 78/146 [===============>..............] - ETA: 1:34 - loss: 0.0187 - accuracy: 0.9928 79/146 [===============>..............] - ETA: 1:33 - loss: 0.0185 - accuracy: 0.9929 80/146 [===============>..............] - ETA: 1:31 - loss: 0.0184 - accuracy: 0.9930 81/146 [===============>..............] - ETA: 1:30 - loss: 0.0186 - accuracy: 0.9927 82/146 [===============>..............] - ETA: 1:29 - loss: 0.0184 - accuracy: 0.9928 83/146 [================>.............] - ETA: 1:27 - loss: 0.0193 - accuracy: 0.9925 84/146 [================>.............] - ETA: 1:26 - loss: 0.0195 - accuracy: 0.9922 85/146 [================>.............] - ETA: 1:25 - loss: 0.0223 - accuracy: 0.9919 86/146 [================>.............] - ETA: 1:23 - loss: 0.0223 - accuracy: 0.9920 87/146 [================>.............] - ETA: 1:22 - loss: 0.0220 - accuracy: 0.9921 88/146 [=================>............] - ETA: 1:21 - loss: 0.0236 - accuracy: 0.9918 89/146 [=================>............] - ETA: 1:19 - loss: 0.0233 - accuracy: 0.9919 90/146 [=================>............] - ETA: 1:18 - loss: 0.0231 - accuracy: 0.9920 91/146 [=================>............] - ETA: 1:17 - loss: 0.0231 - accuracy: 0.9921 92/146 [=================>............] - ETA: 1:15 - loss: 0.0229 - accuracy: 0.9922 93/146 [==================>...........] - ETA: 1:14 - loss: 0.0232 - accuracy: 0.9919 94/146 [==================>...........] - ETA: 1:13 - loss: 0.0229 - accuracy: 0.9920 95/146 [==================>...........] - ETA: 1:11 - loss: 0.0227 - accuracy: 0.9921 96/146 [==================>...........] - ETA: 1:10 - loss: 0.0226 - accuracy: 0.9922 97/146 [==================>...........] - ETA: 1:08 - loss: 0.0235 - accuracy: 0.9916 98/146 [===================>..........] - ETA: 1:07 - loss: 0.0236 - accuracy: 0.9917 99/146 [===================>..........] - ETA: 1:06 - loss: 0.0236 - accuracy: 0.9915100/146 [===================>..........] - ETA: 1:04 - loss: 0.0237 - accuracy: 0.9912101/146 [===================>..........] - ETA: 1:03 - loss: 0.0240 - accuracy: 0.9910102/146 [===================>..........] - ETA: 1:01 - loss: 0.0249 - accuracy: 0.9908103/146 [====================>.........] - ETA: 1:00 - loss: 0.0248 - accuracy: 0.9909104/146 [====================>.........] - ETA: 59s - loss: 0.0255 - accuracy: 0.9907 105/146 [====================>.........] - ETA: 57s - loss: 0.0253 - accuracy: 0.9908106/146 [====================>.........] - ETA: 56s - loss: 0.0252 - accuracy: 0.9909107/146 [====================>.........] - ETA: 55s - loss: 0.0255 - accuracy: 0.9907108/146 [=====================>........] - ETA: 53s - loss: 0.0289 - accuracy: 0.9905109/146 [=====================>........] - ETA: 52s - loss: 0.0291 - accuracy: 0.9903110/146 [=====================>........] - ETA: 50s - loss: 0.0289 - accuracy: 0.9903111/146 [=====================>........] - ETA: 49s - loss: 0.0287 - accuracy: 0.9904112/146 [======================>.......] - ETA: 47s - loss: 0.0289 - accuracy: 0.9902113/146 [======================>.......] - ETA: 46s - loss: 0.0286 - accuracy: 0.9903114/146 [======================>.......] - ETA: 45s - loss: 0.0285 - accuracy: 0.9904115/146 [======================>.......] - ETA: 43s - loss: 0.0284 - accuracy: 0.9905116/146 [======================>.......] - ETA: 42s - loss: 0.0284 - accuracy: 0.9906117/146 [=======================>......] - ETA: 41s - loss: 0.0283 - accuracy: 0.9907118/146 [=======================>......] - ETA: 39s - loss: 0.0304 - accuracy: 0.9905119/146 [=======================>......] - ETA: 38s - loss: 0.0302 - accuracy: 0.9905120/146 [=======================>......] - ETA: 36s - loss: 0.0299 - accuracy: 0.9906121/146 [=======================>......] - ETA: 35s - loss: 0.0297 - accuracy: 0.9907122/146 [========================>.....] - ETA: 33s - loss: 0.0298 - accuracy: 0.9908123/146 [========================>.....] - ETA: 32s - loss: 0.0296 - accuracy: 0.9909124/146 [========================>.....] - ETA: 31s - loss: 0.0294 - accuracy: 0.9909125/146 [========================>.....] - ETA: 29s - loss: 0.0292 - accuracy: 0.9910126/146 [========================>.....] - ETA: 28s - loss: 0.0291 - accuracy: 0.9911127/146 [=========================>....] - ETA: 26s - loss: 0.0289 - accuracy: 0.9911128/146 [=========================>....] - ETA: 25s - loss: 0.0287 - accuracy: 0.9912129/146 [=========================>....] - ETA: 24s - loss: 0.0285 - accuracy: 0.9913130/146 [=========================>....] - ETA: 22s - loss: 0.0284 - accuracy: 0.9913131/146 [=========================>....] - ETA: 21s - loss: 0.0282 - accuracy: 0.9914132/146 [==========================>...] - ETA: 19s - loss: 0.0280 - accuracy: 0.9915133/146 [==========================>...] - ETA: 18s - loss: 0.0281 - accuracy: 0.9913134/146 [==========================>...] - ETA: 16s - loss: 0.0279 - accuracy: 0.9914135/146 [==========================>...] - ETA: 15s - loss: 0.0277 - accuracy: 0.9914136/146 [==========================>...] - ETA: 14s - loss: 0.0276 - accuracy: 0.9915137/146 [===========================>..] - ETA: 12s - loss: 0.0276 - accuracy: 0.9916138/146 [===========================>..] - ETA: 11s - loss: 0.0274 - accuracy: 0.9916139/146 [===========================>..] - ETA: 9s - loss: 0.0275 - accuracy: 0.9915 140/146 [===========================>..] - ETA: 8s - loss: 0.0278 - accuracy: 0.9913141/146 [===========================>..] - ETA: 7s - loss: 0.0278 - accuracy: 0.9914142/146 [============================>.] - ETA: 5s - loss: 0.0277 - accuracy: 0.9914143/146 [============================>.] - ETA: 4s - loss: 0.0276 - accuracy: 0.9915144/146 [============================>.] - ETA: 2s - loss: 0.0275 - accuracy: 0.9915145/146 [============================>.] - ETA: 1s - loss: 0.0273 - accuracy: 0.9916146/146 [==============================] - ETA: 0s - loss: 0.0273 - accuracy: 0.9916146/146 [==============================] - 224s 2s/step - loss: 0.0273 - accuracy: 0.9916 - val_loss: 0.6189 - val_accuracy: 0.8941
Epoch 56/108
  1/146 [..............................] - ETA: 3:10 - loss: 0.0323 - accuracy: 1.0000  2/146 [..............................] - ETA: 3:06 - loss: 0.0197 - accuracy: 1.0000  3/146 [..............................] - ETA: 3:07 - loss: 0.0140 - accuracy: 1.0000  4/146 [..............................] - ETA: 3:08 - loss: 0.0119 - accuracy: 1.0000  5/146 [>.............................] - ETA: 3:09 - loss: 0.0098 - accuracy: 1.0000  6/146 [>.............................] - ETA: 3:09 - loss: 0.0082 - accuracy: 1.0000  7/146 [>.............................] - ETA: 3:11 - loss: 0.0085 - accuracy: 1.0000  8/146 [>.............................] - ETA: 3:09 - loss: 0.0093 - accuracy: 1.0000  9/146 [>.............................] - ETA: 3:10 - loss: 0.0089 - accuracy: 1.0000 10/146 [=>............................] - ETA: 3:09 - loss: 0.0094 - accuracy: 1.0000 11/146 [=>............................] - ETA: 3:10 - loss: 0.0098 - accuracy: 1.0000 12/146 [=>............................] - ETA: 3:11 - loss: 0.0094 - accuracy: 1.0000 13/146 [=>............................] - ETA: 3:09 - loss: 0.0089 - accuracy: 1.0000 14/146 [=>............................] - ETA: 3:08 - loss: 0.0090 - accuracy: 1.0000 15/146 [==>...........................] - ETA: 3:08 - loss: 0.0155 - accuracy: 0.9979 16/146 [==>...........................] - ETA: 3:07 - loss: 0.0255 - accuracy: 0.9961 17/146 [==>...........................] - ETA: 3:06 - loss: 0.0248 - accuracy: 0.9963 18/146 [==>...........................] - ETA: 3:04 - loss: 0.0249 - accuracy: 0.9948 19/146 [==>...........................] - ETA: 3:03 - loss: 0.0254 - accuracy: 0.9951 20/146 [===>..........................] - ETA: 3:01 - loss: 0.0246 - accuracy: 0.9953 21/146 [===>..........................] - ETA: 3:00 - loss: 0.0400 - accuracy: 0.9926 22/146 [===>..........................] - ETA: 2:59 - loss: 0.0386 - accuracy: 0.9929 23/146 [===>..........................] - ETA: 2:58 - loss: 0.0374 - accuracy: 0.9932 24/146 [===>..........................] - ETA: 2:56 - loss: 0.0365 - accuracy: 0.9935 25/146 [====>.........................] - ETA: 2:55 - loss: 0.0353 - accuracy: 0.9937 26/146 [====>.........................] - ETA: 2:54 - loss: 0.0361 - accuracy: 0.9928 27/146 [====>.........................] - ETA: 2:52 - loss: 0.0347 - accuracy: 0.9931 28/146 [====>.........................] - ETA: 2:51 - loss: 0.0355 - accuracy: 0.9911 29/146 [====>.........................] - ETA: 2:50 - loss: 0.0379 - accuracy: 0.9903 30/146 [=====>........................] - ETA: 2:49 - loss: 0.0372 - accuracy: 0.9906 31/146 [=====>........................] - ETA: 2:47 - loss: 0.0361 - accuracy: 0.9909 32/146 [=====>........................] - ETA: 2:46 - loss: 0.0354 - accuracy: 0.9912 33/146 [=====>........................] - ETA: 2:44 - loss: 0.0359 - accuracy: 0.9905 34/146 [=====>........................] - ETA: 2:43 - loss: 0.0349 - accuracy: 0.9908 35/146 [======>.......................] - ETA: 2:42 - loss: 0.0350 - accuracy: 0.9902 36/146 [======>.......................] - ETA: 2:40 - loss: 0.0342 - accuracy: 0.9905 37/146 [======>.......................] - ETA: 2:39 - loss: 0.0377 - accuracy: 0.9899 38/146 [======>.......................] - ETA: 2:37 - loss: 0.0404 - accuracy: 0.9885 39/146 [=======>......................] - ETA: 2:35 - loss: 0.0394 - accuracy: 0.9888 40/146 [=======>......................] - ETA: 2:34 - loss: 0.0386 - accuracy: 0.9891 41/146 [=======>......................] - ETA: 2:33 - loss: 0.0377 - accuracy: 0.9893 42/146 [=======>......................] - ETA: 2:32 - loss: 0.0369 - accuracy: 0.9896 43/146 [=======>......................] - ETA: 2:30 - loss: 0.0361 - accuracy: 0.9898 44/146 [========>.....................] - ETA: 2:29 - loss: 0.0354 - accuracy: 0.9901 45/146 [========>.....................] - ETA: 2:27 - loss: 0.0356 - accuracy: 0.9896 46/146 [========>.....................] - ETA: 2:26 - loss: 0.0355 - accuracy: 0.9891 47/146 [========>.....................] - ETA: 2:24 - loss: 0.0349 - accuracy: 0.9894 48/146 [========>.....................] - ETA: 2:23 - loss: 0.0345 - accuracy: 0.9896 49/146 [=========>....................] - ETA: 2:21 - loss: 0.0346 - accuracy: 0.9898 50/146 [=========>....................] - ETA: 2:20 - loss: 0.0342 - accuracy: 0.9900 51/146 [=========>....................] - ETA: 2:18 - loss: 0.0353 - accuracy: 0.9890 52/146 [=========>....................] - ETA: 2:17 - loss: 0.0352 - accuracy: 0.9892 53/146 [=========>....................] - ETA: 2:15 - loss: 0.0358 - accuracy: 0.9888 54/146 [==========>...................] - ETA: 2:14 - loss: 0.0366 - accuracy: 0.9884 55/146 [==========>...................] - ETA: 2:13 - loss: 0.0361 - accuracy: 0.9886 56/146 [==========>...................] - ETA: 2:11 - loss: 0.0358 - accuracy: 0.9888 57/146 [==========>...................] - ETA: 2:10 - loss: 0.0376 - accuracy: 0.9879 58/146 [==========>...................] - ETA: 2:08 - loss: 0.0387 - accuracy: 0.9876 59/146 [===========>..................] - ETA: 2:07 - loss: 0.0385 - accuracy: 0.9878 60/146 [===========>..................] - ETA: 2:06 - loss: 0.0379 - accuracy: 0.9880 61/146 [===========>..................] - ETA: 2:04 - loss: 0.0375 - accuracy: 0.9882 62/146 [===========>..................] - ETA: 2:03 - loss: 0.0371 - accuracy: 0.9884 63/146 [===========>..................] - ETA: 2:01 - loss: 0.0372 - accuracy: 0.9881 64/146 [============>.................] - ETA: 2:00 - loss: 0.0388 - accuracy: 0.9868 65/146 [============>.................] - ETA: 1:58 - loss: 0.0383 - accuracy: 0.9870 66/146 [============>.................] - ETA: 1:57 - loss: 0.0386 - accuracy: 0.9863 67/146 [============>.................] - ETA: 1:55 - loss: 0.0384 - accuracy: 0.9860 68/146 [============>.................] - ETA: 1:54 - loss: 0.0380 - accuracy: 0.9862 69/146 [=============>................] - ETA: 1:52 - loss: 0.0377 - accuracy: 0.9864 70/146 [=============>................] - ETA: 1:51 - loss: 0.0378 - accuracy: 0.9862 71/146 [=============>................] - ETA: 1:49 - loss: 0.0377 - accuracy: 0.9859 72/146 [=============>................] - ETA: 1:48 - loss: 0.0379 - accuracy: 0.9857 73/146 [==============>...............] - ETA: 1:46 - loss: 0.0374 - accuracy: 0.9859 74/146 [==============>...............] - ETA: 1:44 - loss: 0.0396 - accuracy: 0.9856 75/146 [==============>...............] - ETA: 1:43 - loss: 0.0415 - accuracy: 0.9854 76/146 [==============>...............] - ETA: 1:41 - loss: 0.0416 - accuracy: 0.9852 77/146 [==============>...............] - ETA: 1:39 - loss: 0.0411 - accuracy: 0.9854 78/146 [===============>..............] - ETA: 1:38 - loss: 0.0405 - accuracy: 0.9856 79/146 [===============>..............] - ETA: 1:36 - loss: 0.0402 - accuracy: 0.9858 80/146 [===============>..............] - ETA: 1:35 - loss: 0.0399 - accuracy: 0.9859 81/146 [===============>..............] - ETA: 1:33 - loss: 0.0396 - accuracy: 0.9861 82/146 [===============>..............] - ETA: 1:32 - loss: 0.0392 - accuracy: 0.9863 83/146 [================>.............] - ETA: 1:31 - loss: 0.0397 - accuracy: 0.9861 84/146 [================>.............] - ETA: 1:29 - loss: 0.0398 - accuracy: 0.9859 85/146 [================>.............] - ETA: 1:28 - loss: 0.0419 - accuracy: 0.9857 86/146 [================>.............] - ETA: 1:26 - loss: 0.0415 - accuracy: 0.9858 87/146 [================>.............] - ETA: 1:25 - loss: 0.0422 - accuracy: 0.9853 88/146 [=================>............] - ETA: 1:23 - loss: 0.0418 - accuracy: 0.9854 89/146 [=================>............] - ETA: 1:22 - loss: 0.0417 - accuracy: 0.9856 90/146 [=================>............] - ETA: 1:21 - loss: 0.0418 - accuracy: 0.9854 91/146 [=================>............] - ETA: 1:19 - loss: 0.0414 - accuracy: 0.9856 92/146 [=================>............] - ETA: 1:18 - loss: 0.0419 - accuracy: 0.9854 93/146 [==================>...........] - ETA: 1:16 - loss: 0.0415 - accuracy: 0.9856 94/146 [==================>...........] - ETA: 1:15 - loss: 0.0410 - accuracy: 0.9857 95/146 [==================>...........] - ETA: 1:14 - loss: 0.0406 - accuracy: 0.9859 96/146 [==================>...........] - ETA: 1:12 - loss: 0.0402 - accuracy: 0.9860 97/146 [==================>...........] - ETA: 1:11 - loss: 0.0399 - accuracy: 0.9861 98/146 [===================>..........] - ETA: 1:09 - loss: 0.0395 - accuracy: 0.9863 99/146 [===================>..........] - ETA: 1:08 - loss: 0.0413 - accuracy: 0.9861100/146 [===================>..........] - ETA: 1:06 - loss: 0.0414 - accuracy: 0.9859101/146 [===================>..........] - ETA: 1:05 - loss: 0.0410 - accuracy: 0.9861102/146 [===================>..........] - ETA: 1:03 - loss: 0.0407 - accuracy: 0.9862103/146 [====================>.........] - ETA: 1:02 - loss: 0.0412 - accuracy: 0.9860104/146 [====================>.........] - ETA: 1:01 - loss: 0.0409 - accuracy: 0.9862105/146 [====================>.........] - ETA: 59s - loss: 0.0406 - accuracy: 0.9863 106/146 [====================>.........] - ETA: 58s - loss: 0.0405 - accuracy: 0.9864107/146 [====================>.........] - ETA: 56s - loss: 0.0404 - accuracy: 0.9863108/146 [=====================>........] - ETA: 55s - loss: 0.0402 - accuracy: 0.9864109/146 [=====================>........] - ETA: 53s - loss: 0.0400 - accuracy: 0.9865110/146 [=====================>........] - ETA: 52s - loss: 0.0399 - accuracy: 0.9866111/146 [=====================>........] - ETA: 50s - loss: 0.0396 - accuracy: 0.9868112/146 [======================>.......] - ETA: 49s - loss: 0.0392 - accuracy: 0.9869113/146 [======================>.......] - ETA: 48s - loss: 0.0389 - accuracy: 0.9870114/146 [======================>.......] - ETA: 46s - loss: 0.0386 - accuracy: 0.9871115/146 [======================>.......] - ETA: 45s - loss: 0.0387 - accuracy: 0.9870116/146 [======================>.......] - ETA: 43s - loss: 0.0387 - accuracy: 0.9868117/146 [=======================>......] - ETA: 42s - loss: 0.0384 - accuracy: 0.9869118/146 [=======================>......] - ETA: 40s - loss: 0.0387 - accuracy: 0.9868119/146 [=======================>......] - ETA: 39s - loss: 0.0384 - accuracy: 0.9869120/146 [=======================>......] - ETA: 37s - loss: 0.0382 - accuracy: 0.9870121/146 [=======================>......] - ETA: 36s - loss: 0.0379 - accuracy: 0.9871122/146 [========================>.....] - ETA: 34s - loss: 0.0379 - accuracy: 0.9872123/146 [========================>.....] - ETA: 33s - loss: 0.0377 - accuracy: 0.9873124/146 [========================>.....] - ETA: 31s - loss: 0.0375 - accuracy: 0.9874125/146 [========================>.....] - ETA: 30s - loss: 0.0373 - accuracy: 0.9875126/146 [========================>.....] - ETA: 28s - loss: 0.0370 - accuracy: 0.9876127/146 [=========================>....] - ETA: 27s - loss: 0.0369 - accuracy: 0.9877128/146 [=========================>....] - ETA: 26s - loss: 0.0370 - accuracy: 0.9875129/146 [=========================>....] - ETA: 24s - loss: 0.0369 - accuracy: 0.9874130/146 [=========================>....] - ETA: 23s - loss: 0.0367 - accuracy: 0.9875131/146 [=========================>....] - ETA: 21s - loss: 0.0364 - accuracy: 0.9876132/146 [==========================>...] - ETA: 20s - loss: 0.0361 - accuracy: 0.9877133/146 [==========================>...] - ETA: 18s - loss: 0.0362 - accuracy: 0.9875134/146 [==========================>...] - ETA: 17s - loss: 0.0360 - accuracy: 0.9876135/146 [==========================>...] - ETA: 15s - loss: 0.0358 - accuracy: 0.9877136/146 [==========================>...] - ETA: 14s - loss: 0.0357 - accuracy: 0.9878137/146 [===========================>..] - ETA: 13s - loss: 0.0355 - accuracy: 0.9879138/146 [===========================>..] - ETA: 11s - loss: 0.0352 - accuracy: 0.9880139/146 [===========================>..] - ETA: 10s - loss: 0.0350 - accuracy: 0.9881140/146 [===========================>..] - ETA: 8s - loss: 0.0348 - accuracy: 0.9882 141/146 [===========================>..] - ETA: 7s - loss: 0.0345 - accuracy: 0.9883142/146 [============================>.] - ETA: 5s - loss: 0.0345 - accuracy: 0.9881143/146 [============================>.] - ETA: 4s - loss: 0.0344 - accuracy: 0.9882144/146 [============================>.] - ETA: 2s - loss: 0.0342 - accuracy: 0.9883145/146 [============================>.] - ETA: 1s - loss: 0.0340 - accuracy: 0.9884146/146 [==============================] - ETA: 0s - loss: 0.0340 - accuracy: 0.9884146/146 [==============================] - 230s 2s/step - loss: 0.0340 - accuracy: 0.9884 - val_loss: 0.5822 - val_accuracy: 0.9029
Epoch 57/108
  1/146 [..............................] - ETA: 3:18 - loss: 0.0011 - accuracy: 1.0000  2/146 [..............................] - ETA: 3:26 - loss: 0.0050 - accuracy: 1.0000  3/146 [..............................] - ETA: 3:20 - loss: 0.0086 - accuracy: 1.0000  4/146 [..............................] - ETA: 3:27 - loss: 0.0083 - accuracy: 1.0000  5/146 [>.............................] - ETA: 3:28 - loss: 0.0147 - accuracy: 1.0000  6/146 [>.............................] - ETA: 3:25 - loss: 0.0141 - accuracy: 1.0000  7/146 [>.............................] - ETA: 3:24 - loss: 0.0128 - accuracy: 1.0000  8/146 [>.............................] - ETA: 3:22 - loss: 0.0136 - accuracy: 1.0000  9/146 [>.............................] - ETA: 3:23 - loss: 0.0243 - accuracy: 0.9965 10/146 [=>............................] - ETA: 3:22 - loss: 0.0234 - accuracy: 0.9969 11/146 [=>............................] - ETA: 3:20 - loss: 0.0214 - accuracy: 0.9972 12/146 [=>............................] - ETA: 3:17 - loss: 0.0213 - accuracy: 0.9974 13/146 [=>............................] - ETA: 3:15 - loss: 0.0205 - accuracy: 0.9976 14/146 [=>............................] - ETA: 3:13 - loss: 0.0305 - accuracy: 0.9955 15/146 [==>...........................] - ETA: 3:10 - loss: 0.0289 - accuracy: 0.9958 16/146 [==>...........................] - ETA: 3:08 - loss: 0.0271 - accuracy: 0.9961 17/146 [==>...........................] - ETA: 3:06 - loss: 0.0256 - accuracy: 0.9963 18/146 [==>...........................] - ETA: 3:04 - loss: 0.0243 - accuracy: 0.9965 19/146 [==>...........................] - ETA: 3:01 - loss: 0.0305 - accuracy: 0.9951 20/146 [===>..........................] - ETA: 2:59 - loss: 0.0294 - accuracy: 0.9953 21/146 [===>..........................] - ETA: 2:58 - loss: 0.0283 - accuracy: 0.9955 22/146 [===>..........................] - ETA: 2:56 - loss: 0.0279 - accuracy: 0.9957 23/146 [===>..........................] - ETA: 2:53 - loss: 0.0267 - accuracy: 0.9959 24/146 [===>..........................] - ETA: 2:50 - loss: 0.0263 - accuracy: 0.9961 25/146 [====>.........................] - ETA: 2:48 - loss: 0.0339 - accuracy: 0.9950 26/146 [====>.........................] - ETA: 2:45 - loss: 0.0372 - accuracy: 0.9940 27/146 [====>.........................] - ETA: 2:43 - loss: 0.0362 - accuracy: 0.9942 28/146 [====>.........................] - ETA: 2:41 - loss: 0.0403 - accuracy: 0.9933 29/146 [====>.........................] - ETA: 2:39 - loss: 0.0391 - accuracy: 0.9935 30/146 [=====>........................] - ETA: 2:38 - loss: 0.0378 - accuracy: 0.9937 31/146 [=====>........................] - ETA: 2:37 - loss: 0.0470 - accuracy: 0.9919 32/146 [=====>........................] - ETA: 2:36 - loss: 0.0457 - accuracy: 0.9922 33/146 [=====>........................] - ETA: 2:35 - loss: 0.0444 - accuracy: 0.9924 34/146 [=====>........................] - ETA: 2:34 - loss: 0.0452 - accuracy: 0.9917 35/146 [======>.......................] - ETA: 2:32 - loss: 0.0440 - accuracy: 0.9920 36/146 [======>.......................] - ETA: 2:30 - loss: 0.0435 - accuracy: 0.9922 37/146 [======>.......................] - ETA: 2:30 - loss: 0.0441 - accuracy: 0.9916 38/146 [======>.......................] - ETA: 2:29 - loss: 0.0434 - accuracy: 0.9918 39/146 [=======>......................] - ETA: 2:28 - loss: 0.0433 - accuracy: 0.9912 40/146 [=======>......................] - ETA: 2:26 - loss: 0.0429 - accuracy: 0.9906 41/146 [=======>......................] - ETA: 2:25 - loss: 0.0419 - accuracy: 0.9909 42/146 [=======>......................] - ETA: 2:24 - loss: 0.0414 - accuracy: 0.9911 43/146 [=======>......................] - ETA: 2:23 - loss: 0.0426 - accuracy: 0.9906 44/146 [========>.....................] - ETA: 2:21 - loss: 0.0426 - accuracy: 0.9901 45/146 [========>.....................] - ETA: 2:20 - loss: 0.0422 - accuracy: 0.9903 46/146 [========>.....................] - ETA: 2:19 - loss: 0.0416 - accuracy: 0.9905 47/146 [========>.....................] - ETA: 2:17 - loss: 0.0407 - accuracy: 0.9907 48/146 [========>.....................] - ETA: 2:16 - loss: 0.0402 - accuracy: 0.9909 49/146 [=========>....................] - ETA: 2:15 - loss: 0.0395 - accuracy: 0.9911 50/146 [=========>....................] - ETA: 2:14 - loss: 0.0397 - accuracy: 0.9912 51/146 [=========>....................] - ETA: 2:12 - loss: 0.0393 - accuracy: 0.9914 52/146 [=========>....................] - ETA: 2:11 - loss: 0.0390 - accuracy: 0.9916 53/146 [=========>....................] - ETA: 2:10 - loss: 0.0387 - accuracy: 0.9917 54/146 [==========>...................] - ETA: 2:08 - loss: 0.0391 - accuracy: 0.9913 55/146 [==========>...................] - ETA: 2:07 - loss: 0.0384 - accuracy: 0.9915 56/146 [==========>...................] - ETA: 2:06 - loss: 0.0380 - accuracy: 0.9916 57/146 [==========>...................] - ETA: 2:04 - loss: 0.0379 - accuracy: 0.9918 58/146 [==========>...................] - ETA: 2:03 - loss: 0.0373 - accuracy: 0.9919 59/146 [===========>..................] - ETA: 2:02 - loss: 0.0370 - accuracy: 0.9921 60/146 [===========>..................] - ETA: 2:00 - loss: 0.0365 - accuracy: 0.9922 61/146 [===========>..................] - ETA: 1:59 - loss: 0.0363 - accuracy: 0.9923 62/146 [===========>..................] - ETA: 1:58 - loss: 0.0359 - accuracy: 0.9924 63/146 [===========>..................] - ETA: 1:57 - loss: 0.0360 - accuracy: 0.9921 64/146 [============>.................] - ETA: 1:55 - loss: 0.0355 - accuracy: 0.9922 65/146 [============>.................] - ETA: 1:54 - loss: 0.0353 - accuracy: 0.9923 66/146 [============>.................] - ETA: 1:53 - loss: 0.0349 - accuracy: 0.9924 67/146 [============>.................] - ETA: 1:51 - loss: 0.0346 - accuracy: 0.9925 68/146 [============>.................] - ETA: 1:50 - loss: 0.0346 - accuracy: 0.9922 69/146 [=============>................] - ETA: 1:48 - loss: 0.0342 - accuracy: 0.9923 70/146 [=============>................] - ETA: 1:47 - loss: 0.0354 - accuracy: 0.9915 71/146 [=============>................] - ETA: 1:46 - loss: 0.0350 - accuracy: 0.9916 72/146 [=============>................] - ETA: 1:44 - loss: 0.0351 - accuracy: 0.9918 73/146 [==============>...............] - ETA: 1:43 - loss: 0.0347 - accuracy: 0.9919 74/146 [==============>...............] - ETA: 1:42 - loss: 0.0343 - accuracy: 0.9920 75/146 [==============>...............] - ETA: 1:40 - loss: 0.0338 - accuracy: 0.9921 76/146 [==============>...............] - ETA: 1:39 - loss: 0.0367 - accuracy: 0.9918 77/146 [==============>...............] - ETA: 1:37 - loss: 0.0367 - accuracy: 0.9919 78/146 [===============>..............] - ETA: 1:36 - loss: 0.0363 - accuracy: 0.9920 79/146 [===============>..............] - ETA: 1:35 - loss: 0.0361 - accuracy: 0.9921 80/146 [===============>..............] - ETA: 1:33 - loss: 0.0358 - accuracy: 0.9922 81/146 [===============>..............] - ETA: 1:32 - loss: 0.0354 - accuracy: 0.9923 82/146 [===============>..............] - ETA: 1:30 - loss: 0.0353 - accuracy: 0.9924 83/146 [================>.............] - ETA: 1:29 - loss: 0.0349 - accuracy: 0.9925 84/146 [================>.............] - ETA: 1:28 - loss: 0.0348 - accuracy: 0.9922 85/146 [================>.............] - ETA: 1:26 - loss: 0.0346 - accuracy: 0.9923 86/146 [================>.............] - ETA: 1:25 - loss: 0.0344 - accuracy: 0.9924 87/146 [================>.............] - ETA: 1:23 - loss: 0.0340 - accuracy: 0.9925 88/146 [=================>............] - ETA: 1:22 - loss: 0.0337 - accuracy: 0.9925 89/146 [=================>............] - ETA: 1:20 - loss: 0.0336 - accuracy: 0.9926 90/146 [=================>............] - ETA: 1:19 - loss: 0.0338 - accuracy: 0.9924 91/146 [=================>............] - ETA: 1:17 - loss: 0.0335 - accuracy: 0.9924 92/146 [=================>............] - ETA: 1:16 - loss: 0.0332 - accuracy: 0.9925 93/146 [==================>...........] - ETA: 1:14 - loss: 0.0331 - accuracy: 0.9926 94/146 [==================>...........] - ETA: 1:13 - loss: 0.0340 - accuracy: 0.9924 95/146 [==================>...........] - ETA: 1:11 - loss: 0.0337 - accuracy: 0.9924 96/146 [==================>...........] - ETA: 1:10 - loss: 0.0334 - accuracy: 0.9925 97/146 [==================>...........] - ETA: 1:08 - loss: 0.0331 - accuracy: 0.9926 98/146 [===================>..........] - ETA: 1:06 - loss: 0.0332 - accuracy: 0.9923 99/146 [===================>..........] - ETA: 1:05 - loss: 0.0330 - accuracy: 0.9924100/146 [===================>..........] - ETA: 1:04 - loss: 0.0328 - accuracy: 0.9925101/146 [===================>..........] - ETA: 1:02 - loss: 0.0331 - accuracy: 0.9923102/146 [===================>..........] - ETA: 1:01 - loss: 0.0331 - accuracy: 0.9923103/146 [====================>.........] - ETA: 59s - loss: 0.0336 - accuracy: 0.9921 104/146 [====================>.........] - ETA: 58s - loss: 0.0335 - accuracy: 0.9922105/146 [====================>.........] - ETA: 56s - loss: 0.0333 - accuracy: 0.9923106/146 [====================>.........] - ETA: 55s - loss: 0.0333 - accuracy: 0.9920107/146 [====================>.........] - ETA: 53s - loss: 0.0331 - accuracy: 0.9921108/146 [=====================>........] - ETA: 52s - loss: 0.0328 - accuracy: 0.9922109/146 [=====================>........] - ETA: 51s - loss: 0.0327 - accuracy: 0.9923110/146 [=====================>........] - ETA: 49s - loss: 0.0325 - accuracy: 0.9923111/146 [=====================>........] - ETA: 48s - loss: 0.0332 - accuracy: 0.9921112/146 [======================>.......] - ETA: 47s - loss: 0.0332 - accuracy: 0.9922113/146 [======================>.......] - ETA: 45s - loss: 0.0329 - accuracy: 0.9923114/146 [======================>.......] - ETA: 44s - loss: 0.0326 - accuracy: 0.9923115/146 [======================>.......] - ETA: 43s - loss: 0.0343 - accuracy: 0.9921116/146 [======================>.......] - ETA: 41s - loss: 0.0341 - accuracy: 0.9922117/146 [=======================>......] - ETA: 40s - loss: 0.0338 - accuracy: 0.9923118/146 [=======================>......] - ETA: 38s - loss: 0.0337 - accuracy: 0.9923119/146 [=======================>......] - ETA: 37s - loss: 0.0337 - accuracy: 0.9921120/146 [=======================>......] - ETA: 36s - loss: 0.0334 - accuracy: 0.9922121/146 [=======================>......] - ETA: 34s - loss: 0.0332 - accuracy: 0.9923122/146 [========================>.....] - ETA: 33s - loss: 0.0332 - accuracy: 0.9921123/146 [========================>.....] - ETA: 31s - loss: 0.0330 - accuracy: 0.9921124/146 [========================>.....] - ETA: 30s - loss: 0.0327 - accuracy: 0.9922125/146 [========================>.....] - ETA: 29s - loss: 0.0333 - accuracy: 0.9920126/146 [========================>.....] - ETA: 27s - loss: 0.0331 - accuracy: 0.9921127/146 [=========================>....] - ETA: 26s - loss: 0.0328 - accuracy: 0.9921128/146 [=========================>....] - ETA: 25s - loss: 0.0327 - accuracy: 0.9922129/146 [=========================>....] - ETA: 23s - loss: 0.0326 - accuracy: 0.9922130/146 [=========================>....] - ETA: 22s - loss: 0.0336 - accuracy: 0.9921131/146 [=========================>....] - ETA: 20s - loss: 0.0336 - accuracy: 0.9919132/146 [==========================>...] - ETA: 19s - loss: 0.0335 - accuracy: 0.9920133/146 [==========================>...] - ETA: 18s - loss: 0.0334 - accuracy: 0.9920134/146 [==========================>...] - ETA: 16s - loss: 0.0332 - accuracy: 0.9921135/146 [==========================>...] - ETA: 15s - loss: 0.0332 - accuracy: 0.9921136/146 [==========================>...] - ETA: 13s - loss: 0.0332 - accuracy: 0.9922137/146 [===========================>..] - ETA: 12s - loss: 0.0330 - accuracy: 0.9922138/146 [===========================>..] - ETA: 11s - loss: 0.0328 - accuracy: 0.9923139/146 [===========================>..] - ETA: 9s - loss: 0.0326 - accuracy: 0.9924 140/146 [===========================>..] - ETA: 8s - loss: 0.0324 - accuracy: 0.9924141/146 [===========================>..] - ETA: 6s - loss: 0.0322 - accuracy: 0.9925142/146 [============================>.] - ETA: 5s - loss: 0.0321 - accuracy: 0.9925143/146 [============================>.] - ETA: 4s - loss: 0.0319 - accuracy: 0.9926144/146 [============================>.] - ETA: 2s - loss: 0.0318 - accuracy: 0.9926145/146 [============================>.] - ETA: 1s - loss: 0.0318 - accuracy: 0.9927146/146 [==============================] - ETA: 0s - loss: 0.0318 - accuracy: 0.9927146/146 [==============================] - 220s 2s/step - loss: 0.0318 - accuracy: 0.9927 - val_loss: 0.6590 - val_accuracy: 0.8949
Epoch 58/108
  1/146 [..............................] - ETA: 3:16 - loss: 0.0229 - accuracy: 1.0000  2/146 [..............................] - ETA: 3:31 - loss: 0.0131 - accuracy: 1.0000  3/146 [..............................] - ETA: 3:29 - loss: 0.0102 - accuracy: 1.0000  4/146 [..............................] - ETA: 3:26 - loss: 0.0139 - accuracy: 0.9922  5/146 [>.............................] - ETA: 3:24 - loss: 0.0153 - accuracy: 0.9937  6/146 [>.............................] - ETA: 3:22 - loss: 0.0138 - accuracy: 0.9948  7/146 [>.............................] - ETA: 3:23 - loss: 0.0120 - accuracy: 0.9955  8/146 [>.............................] - ETA: 3:22 - loss: 0.0110 - accuracy: 0.9961  9/146 [>.............................] - ETA: 3:21 - loss: 0.0104 - accuracy: 0.9965 10/146 [=>............................] - ETA: 3:19 - loss: 0.0095 - accuracy: 0.9969 11/146 [=>............................] - ETA: 3:18 - loss: 0.0094 - accuracy: 0.9972 12/146 [=>............................] - ETA: 3:17 - loss: 0.0098 - accuracy: 0.9974 13/146 [=>............................] - ETA: 3:15 - loss: 0.0091 - accuracy: 0.9976 14/146 [=>............................] - ETA: 3:13 - loss: 0.0086 - accuracy: 0.9978 15/146 [==>...........................] - ETA: 3:11 - loss: 0.0082 - accuracy: 0.9979 16/146 [==>...........................] - ETA: 3:10 - loss: 0.0081 - accuracy: 0.9980 17/146 [==>...........................] - ETA: 3:08 - loss: 0.0079 - accuracy: 0.9982 18/146 [==>...........................] - ETA: 3:06 - loss: 0.0136 - accuracy: 0.9965 19/146 [==>...........................] - ETA: 3:04 - loss: 0.0138 - accuracy: 0.9967 20/146 [===>..........................] - ETA: 3:02 - loss: 0.0138 - accuracy: 0.9969 21/146 [===>..........................] - ETA: 3:01 - loss: 0.0136 - accuracy: 0.9970 22/146 [===>..........................] - ETA: 2:59 - loss: 0.0133 - accuracy: 0.9972 23/146 [===>..........................] - ETA: 2:58 - loss: 0.0128 - accuracy: 0.9973 24/146 [===>..........................] - ETA: 2:56 - loss: 0.0126 - accuracy: 0.9974 25/146 [====>.........................] - ETA: 2:55 - loss: 0.0138 - accuracy: 0.9962 26/146 [====>.........................] - ETA: 2:53 - loss: 0.0136 - accuracy: 0.9964 27/146 [====>.........................] - ETA: 2:52 - loss: 0.0132 - accuracy: 0.9965 28/146 [====>.........................] - ETA: 2:50 - loss: 0.0128 - accuracy: 0.9967 29/146 [====>.........................] - ETA: 2:49 - loss: 0.0126 - accuracy: 0.9968 30/146 [=====>........................] - ETA: 2:47 - loss: 0.0123 - accuracy: 0.9969 31/146 [=====>........................] - ETA: 2:46 - loss: 0.0121 - accuracy: 0.9970 32/146 [=====>........................] - ETA: 2:44 - loss: 0.0118 - accuracy: 0.9971 33/146 [=====>........................] - ETA: 2:43 - loss: 0.0115 - accuracy: 0.9972 34/146 [=====>........................] - ETA: 2:42 - loss: 0.0132 - accuracy: 0.9963 35/146 [======>.......................] - ETA: 2:40 - loss: 0.0131 - accuracy: 0.9964 36/146 [======>.......................] - ETA: 2:39 - loss: 0.0128 - accuracy: 0.9965 37/146 [======>.......................] - ETA: 2:37 - loss: 0.0131 - accuracy: 0.9966 38/146 [======>.......................] - ETA: 2:36 - loss: 0.0128 - accuracy: 0.9967 39/146 [=======>......................] - ETA: 2:34 - loss: 0.0125 - accuracy: 0.9968 40/146 [=======>......................] - ETA: 2:33 - loss: 0.0122 - accuracy: 0.9969 41/146 [=======>......................] - ETA: 2:31 - loss: 0.0121 - accuracy: 0.9970 42/146 [=======>......................] - ETA: 2:30 - loss: 0.0119 - accuracy: 0.9970 43/146 [=======>......................] - ETA: 2:28 - loss: 0.0117 - accuracy: 0.9971 44/146 [========>.....................] - ETA: 2:27 - loss: 0.0115 - accuracy: 0.9972 45/146 [========>.....................] - ETA: 2:25 - loss: 0.0113 - accuracy: 0.9972 46/146 [========>.....................] - ETA: 2:24 - loss: 0.0111 - accuracy: 0.9973 47/146 [========>.....................] - ETA: 2:23 - loss: 0.0112 - accuracy: 0.9973 48/146 [========>.....................] - ETA: 2:21 - loss: 0.0113 - accuracy: 0.9974 49/146 [=========>....................] - ETA: 2:20 - loss: 0.0111 - accuracy: 0.9974 50/146 [=========>....................] - ETA: 2:18 - loss: 0.0111 - accuracy: 0.9975 51/146 [=========>....................] - ETA: 2:17 - loss: 0.0110 - accuracy: 0.9975 52/146 [=========>....................] - ETA: 2:15 - loss: 0.0111 - accuracy: 0.9976 53/146 [=========>....................] - ETA: 2:14 - loss: 0.0109 - accuracy: 0.9976 54/146 [==========>...................] - ETA: 2:12 - loss: 0.0108 - accuracy: 0.9977 55/146 [==========>...................] - ETA: 2:11 - loss: 0.0106 - accuracy: 0.9977 56/146 [==========>...................] - ETA: 2:09 - loss: 0.0105 - accuracy: 0.9978 57/146 [==========>...................] - ETA: 2:08 - loss: 0.0104 - accuracy: 0.9978 58/146 [==========>...................] - ETA: 2:06 - loss: 0.0102 - accuracy: 0.9978 59/146 [===========>..................] - ETA: 2:05 - loss: 0.0100 - accuracy: 0.9979 60/146 [===========>..................] - ETA: 2:03 - loss: 0.0100 - accuracy: 0.9979 61/146 [===========>..................] - ETA: 2:01 - loss: 0.0100 - accuracy: 0.9980 62/146 [===========>..................] - ETA: 2:00 - loss: 0.0099 - accuracy: 0.9980 63/146 [===========>..................] - ETA: 1:58 - loss: 0.0098 - accuracy: 0.9980 64/146 [============>.................] - ETA: 1:57 - loss: 0.0096 - accuracy: 0.9980 65/146 [============>.................] - ETA: 1:55 - loss: 0.0096 - accuracy: 0.9981 66/146 [============>.................] - ETA: 1:54 - loss: 0.0097 - accuracy: 0.9981 67/146 [============>.................] - ETA: 1:52 - loss: 0.0096 - accuracy: 0.9981 68/146 [============>.................] - ETA: 1:51 - loss: 0.0110 - accuracy: 0.9977 69/146 [=============>................] - ETA: 1:49 - loss: 0.0109 - accuracy: 0.9977 70/146 [=============>................] - ETA: 1:48 - loss: 0.0108 - accuracy: 0.9978 71/146 [=============>................] - ETA: 1:46 - loss: 0.0106 - accuracy: 0.9978 72/146 [=============>................] - ETA: 1:45 - loss: 0.0112 - accuracy: 0.9974 73/146 [==============>...............] - ETA: 1:44 - loss: 0.0111 - accuracy: 0.9974 74/146 [==============>...............] - ETA: 1:42 - loss: 0.0110 - accuracy: 0.9975 75/146 [==============>...............] - ETA: 1:41 - loss: 0.0110 - accuracy: 0.9975 76/146 [==============>...............] - ETA: 1:39 - loss: 0.0120 - accuracy: 0.9971 77/146 [==============>...............] - ETA: 1:38 - loss: 0.0132 - accuracy: 0.9968 78/146 [===============>..............] - ETA: 1:36 - loss: 0.0131 - accuracy: 0.9968 79/146 [===============>..............] - ETA: 1:35 - loss: 0.0129 - accuracy: 0.9968 80/146 [===============>..............] - ETA: 1:34 - loss: 0.0138 - accuracy: 0.9965 81/146 [===============>..............] - ETA: 1:32 - loss: 0.0138 - accuracy: 0.9965 82/146 [===============>..............] - ETA: 1:31 - loss: 0.0138 - accuracy: 0.9966 83/146 [================>.............] - ETA: 1:29 - loss: 0.0137 - accuracy: 0.9966 84/146 [================>.............] - ETA: 1:28 - loss: 0.0136 - accuracy: 0.9967 85/146 [================>.............] - ETA: 1:26 - loss: 0.0140 - accuracy: 0.9963 86/146 [================>.............] - ETA: 1:25 - loss: 0.0139 - accuracy: 0.9964 87/146 [================>.............] - ETA: 1:24 - loss: 0.0138 - accuracy: 0.9964 88/146 [=================>............] - ETA: 1:22 - loss: 0.0144 - accuracy: 0.9961 89/146 [=================>............] - ETA: 1:21 - loss: 0.0143 - accuracy: 0.9961 90/146 [=================>............] - ETA: 1:19 - loss: 0.0144 - accuracy: 0.9962 91/146 [=================>............] - ETA: 1:18 - loss: 0.0143 - accuracy: 0.9962 92/146 [=================>............] - ETA: 1:16 - loss: 0.0142 - accuracy: 0.9963 93/146 [==================>...........] - ETA: 1:15 - loss: 0.0146 - accuracy: 0.9960 94/146 [==================>...........] - ETA: 1:14 - loss: 0.0146 - accuracy: 0.9960 95/146 [==================>...........] - ETA: 1:12 - loss: 0.0144 - accuracy: 0.9961 96/146 [==================>...........] - ETA: 1:11 - loss: 0.0145 - accuracy: 0.9961 97/146 [==================>...........] - ETA: 1:09 - loss: 0.0147 - accuracy: 0.9961 98/146 [===================>..........] - ETA: 1:08 - loss: 0.0147 - accuracy: 0.9962 99/146 [===================>..........] - ETA: 1:07 - loss: 0.0147 - accuracy: 0.9962100/146 [===================>..........] - ETA: 1:05 - loss: 0.0153 - accuracy: 0.9959101/146 [===================>..........] - ETA: 1:04 - loss: 0.0155 - accuracy: 0.9960102/146 [===================>..........] - ETA: 1:03 - loss: 0.0155 - accuracy: 0.9960103/146 [====================>.........] - ETA: 1:01 - loss: 0.0153 - accuracy: 0.9961104/146 [====================>.........] - ETA: 1:00 - loss: 0.0152 - accuracy: 0.9961105/146 [====================>.........] - ETA: 58s - loss: 0.0152 - accuracy: 0.9961 106/146 [====================>.........] - ETA: 57s - loss: 0.0153 - accuracy: 0.9962107/146 [====================>.........] - ETA: 55s - loss: 0.0156 - accuracy: 0.9959108/146 [=====================>........] - ETA: 54s - loss: 0.0155 - accuracy: 0.9959109/146 [=====================>........] - ETA: 53s - loss: 0.0155 - accuracy: 0.9960110/146 [=====================>........] - ETA: 51s - loss: 0.0154 - accuracy: 0.9960111/146 [=====================>........] - ETA: 50s - loss: 0.0161 - accuracy: 0.9955112/146 [======================>.......] - ETA: 48s - loss: 0.0160 - accuracy: 0.9955113/146 [======================>.......] - ETA: 47s - loss: 0.0163 - accuracy: 0.9953114/146 [======================>.......] - ETA: 45s - loss: 0.0166 - accuracy: 0.9953115/146 [======================>.......] - ETA: 44s - loss: 0.0165 - accuracy: 0.9954116/146 [======================>.......] - ETA: 43s - loss: 0.0164 - accuracy: 0.9954117/146 [=======================>......] - ETA: 41s - loss: 0.0164 - accuracy: 0.9955118/146 [=======================>......] - ETA: 40s - loss: 0.0167 - accuracy: 0.9952119/146 [=======================>......] - ETA: 38s - loss: 0.0172 - accuracy: 0.9950120/146 [=======================>......] - ETA: 37s - loss: 0.0174 - accuracy: 0.9948121/146 [=======================>......] - ETA: 35s - loss: 0.0173 - accuracy: 0.9948122/146 [========================>.....] - ETA: 34s - loss: 0.0173 - accuracy: 0.9949123/146 [========================>.....] - ETA: 33s - loss: 0.0177 - accuracy: 0.9947124/146 [========================>.....] - ETA: 31s - loss: 0.0177 - accuracy: 0.9947125/146 [========================>.....] - ETA: 30s - loss: 0.0176 - accuracy: 0.9948126/146 [========================>.....] - ETA: 28s - loss: 0.0176 - accuracy: 0.9948127/146 [=========================>....] - ETA: 27s - loss: 0.0182 - accuracy: 0.9946128/146 [=========================>....] - ETA: 25s - loss: 0.0217 - accuracy: 0.9944129/146 [=========================>....] - ETA: 24s - loss: 0.0216 - accuracy: 0.9944130/146 [=========================>....] - ETA: 23s - loss: 0.0214 - accuracy: 0.9945131/146 [=========================>....] - ETA: 21s - loss: 0.0216 - accuracy: 0.9943132/146 [==========================>...] - ETA: 20s - loss: 0.0217 - accuracy: 0.9943133/146 [==========================>...] - ETA: 18s - loss: 0.0216 - accuracy: 0.9944134/146 [==========================>...] - ETA: 17s - loss: 0.0218 - accuracy: 0.9942135/146 [==========================>...] - ETA: 15s - loss: 0.0229 - accuracy: 0.9940136/146 [==========================>...] - ETA: 14s - loss: 0.0229 - accuracy: 0.9940137/146 [===========================>..] - ETA: 12s - loss: 0.0236 - accuracy: 0.9938138/146 [===========================>..] - ETA: 11s - loss: 0.0236 - accuracy: 0.9939139/146 [===========================>..] - ETA: 10s - loss: 0.0235 - accuracy: 0.9939140/146 [===========================>..] - ETA: 8s - loss: 0.0234 - accuracy: 0.9940 141/146 [===========================>..] - ETA: 7s - loss: 0.0233 - accuracy: 0.9940142/146 [============================>.] - ETA: 5s - loss: 0.0233 - accuracy: 0.9938143/146 [============================>.] - ETA: 4s - loss: 0.0238 - accuracy: 0.9937144/146 [============================>.] - ETA: 2s - loss: 0.0237 - accuracy: 0.9937145/146 [============================>.] - ETA: 1s - loss: 0.0236 - accuracy: 0.9937146/146 [==============================] - ETA: 0s - loss: 0.0236 - accuracy: 0.9938146/146 [==============================] - 230s 2s/step - loss: 0.0236 - accuracy: 0.9938 - val_loss: 0.6263 - val_accuracy: 0.8925
Epoch 59/108
  1/146 [..............................] - ETA: 3:30 - loss: 0.1897 - accuracy: 0.9375  2/146 [..............................] - ETA: 3:23 - loss: 0.0967 - accuracy: 0.9688  3/146 [..............................] - ETA: 3:26 - loss: 0.0881 - accuracy: 0.9688  4/146 [..............................] - ETA: 3:23 - loss: 0.0673 - accuracy: 0.9766  5/146 [>.............................] - ETA: 3:22 - loss: 0.0548 - accuracy: 0.9812  6/146 [>.............................] - ETA: 3:21 - loss: 0.0459 - accuracy: 0.9844  7/146 [>.............................] - ETA: 3:21 - loss: 0.0405 - accuracy: 0.9866  8/146 [>.............................] - ETA: 3:20 - loss: 0.0357 - accuracy: 0.9883  9/146 [>.............................] - ETA: 3:18 - loss: 0.0320 - accuracy: 0.9896 10/146 [=>............................] - ETA: 3:17 - loss: 0.0323 - accuracy: 0.9906 11/146 [=>............................] - ETA: 3:16 - loss: 0.0360 - accuracy: 0.9886 12/146 [=>............................] - ETA: 3:14 - loss: 0.0331 - accuracy: 0.9896 13/146 [=>............................] - ETA: 3:12 - loss: 0.0307 - accuracy: 0.9904 14/146 [=>............................] - ETA: 3:11 - loss: 0.0354 - accuracy: 0.9844 15/146 [==>...........................] - ETA: 3:10 - loss: 0.0354 - accuracy: 0.9833 16/146 [==>...........................] - ETA: 3:08 - loss: 0.0339 - accuracy: 0.9844 17/146 [==>...........................] - ETA: 3:07 - loss: 0.0323 - accuracy: 0.9853 18/146 [==>...........................] - ETA: 3:05 - loss: 0.0307 - accuracy: 0.9861 19/146 [==>...........................] - ETA: 3:03 - loss: 0.0309 - accuracy: 0.9852 20/146 [===>..........................] - ETA: 3:02 - loss: 0.0320 - accuracy: 0.9844 21/146 [===>..........................] - ETA: 3:00 - loss: 0.0325 - accuracy: 0.9836 22/146 [===>..........................] - ETA: 2:58 - loss: 0.0311 - accuracy: 0.9844 23/146 [===>..........................] - ETA: 2:56 - loss: 0.0302 - accuracy: 0.9851 24/146 [===>..........................] - ETA: 2:53 - loss: 0.0292 - accuracy: 0.9857 25/146 [====>.........................] - ETA: 2:51 - loss: 0.0281 - accuracy: 0.9862 26/146 [====>.........................] - ETA: 2:49 - loss: 0.0327 - accuracy: 0.9844 27/146 [====>.........................] - ETA: 2:47 - loss: 0.0325 - accuracy: 0.9850 28/146 [====>.........................] - ETA: 2:45 - loss: 0.0320 - accuracy: 0.9855 29/146 [====>.........................] - ETA: 2:43 - loss: 0.0318 - accuracy: 0.9860 30/146 [=====>........................] - ETA: 2:41 - loss: 0.0313 - accuracy: 0.9865 31/146 [=====>........................] - ETA: 2:39 - loss: 0.0307 - accuracy: 0.9869 32/146 [=====>........................] - ETA: 2:38 - loss: 0.0303 - accuracy: 0.9873 33/146 [=====>........................] - ETA: 2:36 - loss: 0.0294 - accuracy: 0.9877 34/146 [=====>........................] - ETA: 2:34 - loss: 0.0286 - accuracy: 0.9881 35/146 [======>.......................] - ETA: 2:33 - loss: 0.0281 - accuracy: 0.9884 36/146 [======>.......................] - ETA: 2:32 - loss: 0.0275 - accuracy: 0.9887 37/146 [======>.......................] - ETA: 2:30 - loss: 0.0273 - accuracy: 0.9890 38/146 [======>.......................] - ETA: 2:29 - loss: 0.0326 - accuracy: 0.9877 39/146 [=======>......................] - ETA: 2:27 - loss: 0.0339 - accuracy: 0.9872 40/146 [=======>......................] - ETA: 2:26 - loss: 0.0330 - accuracy: 0.9875 41/146 [=======>......................] - ETA: 2:24 - loss: 0.0336 - accuracy: 0.9870 42/146 [=======>......................] - ETA: 2:23 - loss: 0.0339 - accuracy: 0.9866 43/146 [=======>......................] - ETA: 2:21 - loss: 0.0334 - accuracy: 0.9869 44/146 [========>.....................] - ETA: 2:19 - loss: 0.0336 - accuracy: 0.9865 45/146 [========>.....................] - ETA: 2:17 - loss: 0.0331 - accuracy: 0.9868 46/146 [========>.....................] - ETA: 2:15 - loss: 0.0324 - accuracy: 0.9871 47/146 [========>.....................] - ETA: 2:14 - loss: 0.0323 - accuracy: 0.9874 48/146 [========>.....................] - ETA: 2:13 - loss: 0.0318 - accuracy: 0.9876 49/146 [=========>....................] - ETA: 2:12 - loss: 0.0320 - accuracy: 0.9872 50/146 [=========>....................] - ETA: 2:11 - loss: 0.0314 - accuracy: 0.9875 51/146 [=========>....................] - ETA: 2:10 - loss: 0.0310 - accuracy: 0.9877 52/146 [=========>....................] - ETA: 2:09 - loss: 0.0312 - accuracy: 0.9874 53/146 [=========>....................] - ETA: 2:07 - loss: 0.0307 - accuracy: 0.9876 54/146 [==========>...................] - ETA: 2:06 - loss: 0.0310 - accuracy: 0.9873 55/146 [==========>...................] - ETA: 2:05 - loss: 0.0305 - accuracy: 0.9875 56/146 [==========>...................] - ETA: 2:04 - loss: 0.0300 - accuracy: 0.9877 57/146 [==========>...................] - ETA: 2:02 - loss: 0.0300 - accuracy: 0.9879 58/146 [==========>...................] - ETA: 2:01 - loss: 0.0296 - accuracy: 0.9881 59/146 [===========>..................] - ETA: 2:00 - loss: 0.0302 - accuracy: 0.9878 60/146 [===========>..................] - ETA: 1:58 - loss: 0.0303 - accuracy: 0.9875 61/146 [===========>..................] - ETA: 1:57 - loss: 0.0316 - accuracy: 0.9872 62/146 [===========>..................] - ETA: 1:56 - loss: 0.0314 - accuracy: 0.9874 63/146 [===========>..................] - ETA: 1:55 - loss: 0.0335 - accuracy: 0.9871 64/146 [============>.................] - ETA: 1:53 - loss: 0.0338 - accuracy: 0.9868 65/146 [============>.................] - ETA: 1:52 - loss: 0.0336 - accuracy: 0.9870 66/146 [============>.................] - ETA: 1:51 - loss: 0.0331 - accuracy: 0.9872 67/146 [============>.................] - ETA: 1:49 - loss: 0.0330 - accuracy: 0.9869 68/146 [============>.................] - ETA: 1:48 - loss: 0.0341 - accuracy: 0.9867 69/146 [=============>................] - ETA: 1:47 - loss: 0.0340 - accuracy: 0.9869 70/146 [=============>................] - ETA: 1:46 - loss: 0.0359 - accuracy: 0.9857 71/146 [=============>................] - ETA: 1:44 - loss: 0.0377 - accuracy: 0.9855 72/146 [=============>................] - ETA: 1:43 - loss: 0.0374 - accuracy: 0.9857 73/146 [==============>...............] - ETA: 1:42 - loss: 0.0370 - accuracy: 0.9859 74/146 [==============>...............] - ETA: 1:40 - loss: 0.0369 - accuracy: 0.9861 75/146 [==============>...............] - ETA: 1:39 - loss: 0.0365 - accuracy: 0.9862 76/146 [==============>...............] - ETA: 1:38 - loss: 0.0365 - accuracy: 0.9860 77/146 [==============>...............] - ETA: 1:36 - loss: 0.0360 - accuracy: 0.9862 78/146 [===============>..............] - ETA: 1:35 - loss: 0.0369 - accuracy: 0.9856 79/146 [===============>..............] - ETA: 1:34 - loss: 0.0368 - accuracy: 0.9854 80/146 [===============>..............] - ETA: 1:32 - loss: 0.0365 - accuracy: 0.9855 81/146 [===============>..............] - ETA: 1:31 - loss: 0.0361 - accuracy: 0.9857 82/146 [===============>..............] - ETA: 1:29 - loss: 0.0359 - accuracy: 0.9859 83/146 [================>.............] - ETA: 1:28 - loss: 0.0358 - accuracy: 0.9861 84/146 [================>.............] - ETA: 1:27 - loss: 0.0361 - accuracy: 0.9859 85/146 [================>.............] - ETA: 1:25 - loss: 0.0356 - accuracy: 0.9860 86/146 [================>.............] - ETA: 1:24 - loss: 0.0361 - accuracy: 0.9858 87/146 [================>.............] - ETA: 1:23 - loss: 0.0367 - accuracy: 0.9856 88/146 [=================>............] - ETA: 1:21 - loss: 0.0364 - accuracy: 0.9858 89/146 [=================>............] - ETA: 1:20 - loss: 0.0362 - accuracy: 0.9860 90/146 [=================>............] - ETA: 1:18 - loss: 0.0362 - accuracy: 0.9858 91/146 [=================>............] - ETA: 1:17 - loss: 0.0360 - accuracy: 0.9859 92/146 [=================>............] - ETA: 1:16 - loss: 0.0358 - accuracy: 0.9861 93/146 [==================>...........] - ETA: 1:14 - loss: 0.0363 - accuracy: 0.9859 94/146 [==================>...........] - ETA: 1:13 - loss: 0.0363 - accuracy: 0.9860 95/146 [==================>...........] - ETA: 1:12 - loss: 0.0378 - accuracy: 0.9859 96/146 [==================>...........] - ETA: 1:10 - loss: 0.0377 - accuracy: 0.9860 97/146 [==================>...........] - ETA: 1:09 - loss: 0.0374 - accuracy: 0.9861 98/146 [===================>..........] - ETA: 1:07 - loss: 0.0370 - accuracy: 0.9863 99/146 [===================>..........] - ETA: 1:06 - loss: 0.0367 - accuracy: 0.9864100/146 [===================>..........] - ETA: 1:05 - loss: 0.0364 - accuracy: 0.9866101/146 [===================>..........] - ETA: 1:03 - loss: 0.0364 - accuracy: 0.9867102/146 [===================>..........] - ETA: 1:02 - loss: 0.0361 - accuracy: 0.9868103/146 [====================>.........] - ETA: 1:00 - loss: 0.0365 - accuracy: 0.9867104/146 [====================>.........] - ETA: 59s - loss: 0.0362 - accuracy: 0.9868 105/146 [====================>.........] - ETA: 58s - loss: 0.0367 - accuracy: 0.9863106/146 [====================>.........] - ETA: 56s - loss: 0.0366 - accuracy: 0.9864107/146 [====================>.........] - ETA: 55s - loss: 0.0363 - accuracy: 0.9866108/146 [=====================>........] - ETA: 53s - loss: 0.0360 - accuracy: 0.9867109/146 [=====================>........] - ETA: 52s - loss: 0.0359 - accuracy: 0.9868110/146 [=====================>........] - ETA: 50s - loss: 0.0356 - accuracy: 0.9869111/146 [=====================>........] - ETA: 49s - loss: 0.0360 - accuracy: 0.9868112/146 [======================>.......] - ETA: 48s - loss: 0.0357 - accuracy: 0.9869113/146 [======================>.......] - ETA: 46s - loss: 0.0360 - accuracy: 0.9867114/146 [======================>.......] - ETA: 45s - loss: 0.0358 - accuracy: 0.9868115/146 [======================>.......] - ETA: 43s - loss: 0.0355 - accuracy: 0.9870116/146 [======================>.......] - ETA: 42s - loss: 0.0353 - accuracy: 0.9871117/146 [=======================>......] - ETA: 41s - loss: 0.0351 - accuracy: 0.9872118/146 [=======================>......] - ETA: 39s - loss: 0.0348 - accuracy: 0.9873119/146 [=======================>......] - ETA: 38s - loss: 0.0345 - accuracy: 0.9874120/146 [=======================>......] - ETA: 36s - loss: 0.0344 - accuracy: 0.9875121/146 [=======================>......] - ETA: 35s - loss: 0.0345 - accuracy: 0.9873122/146 [========================>.....] - ETA: 34s - loss: 0.0342 - accuracy: 0.9874123/146 [========================>.....] - ETA: 32s - loss: 0.0340 - accuracy: 0.9876124/146 [========================>.....] - ETA: 31s - loss: 0.0339 - accuracy: 0.9877125/146 [========================>.....] - ETA: 29s - loss: 0.0355 - accuracy: 0.9872126/146 [========================>.....] - ETA: 28s - loss: 0.0354 - accuracy: 0.9871127/146 [=========================>....] - ETA: 27s - loss: 0.0354 - accuracy: 0.9870128/146 [=========================>....] - ETA: 25s - loss: 0.0353 - accuracy: 0.9868129/146 [=========================>....] - ETA: 24s - loss: 0.0353 - accuracy: 0.9867130/146 [=========================>....] - ETA: 22s - loss: 0.0352 - accuracy: 0.9865131/146 [=========================>....] - ETA: 21s - loss: 0.0350 - accuracy: 0.9866132/146 [==========================>...] - ETA: 19s - loss: 0.0348 - accuracy: 0.9867133/146 [==========================>...] - ETA: 18s - loss: 0.0359 - accuracy: 0.9866134/146 [==========================>...] - ETA: 17s - loss: 0.0357 - accuracy: 0.9867135/146 [==========================>...] - ETA: 15s - loss: 0.0355 - accuracy: 0.9868136/146 [==========================>...] - ETA: 14s - loss: 0.0355 - accuracy: 0.9867137/146 [===========================>..] - ETA: 12s - loss: 0.0352 - accuracy: 0.9868138/146 [===========================>..] - ETA: 11s - loss: 0.0350 - accuracy: 0.9869139/146 [===========================>..] - ETA: 9s - loss: 0.0349 - accuracy: 0.9870 140/146 [===========================>..] - ETA: 8s - loss: 0.0346 - accuracy: 0.9871141/146 [===========================>..] - ETA: 7s - loss: 0.0346 - accuracy: 0.9871142/146 [============================>.] - ETA: 5s - loss: 0.0345 - accuracy: 0.9872143/146 [============================>.] - ETA: 4s - loss: 0.0343 - accuracy: 0.9873144/146 [============================>.] - ETA: 2s - loss: 0.0351 - accuracy: 0.9870145/146 [============================>.] - ETA: 1s - loss: 0.0349 - accuracy: 0.9871146/146 [==============================] - ETA: 0s - loss: 0.0350 - accuracy: 0.9871146/146 [==============================] - 227s 2s/step - loss: 0.0350 - accuracy: 0.9871 - val_loss: 0.6702 - val_accuracy: 0.8596
Epoch 60/108
  1/146 [..............................] - ETA: 2:50 - loss: 0.0275 - accuracy: 1.0000  2/146 [..............................] - ETA: 2:34 - loss: 0.0466 - accuracy: 0.9844  3/146 [..............................] - ETA: 2:33 - loss: 0.0939 - accuracy: 0.9688  4/146 [..............................] - ETA: 2:33 - loss: 0.1456 - accuracy: 0.9375  5/146 [>.............................] - ETA: 2:34 - loss: 0.1296 - accuracy: 0.9438  6/146 [>.............................] - ETA: 2:33 - loss: 0.1207 - accuracy: 0.9479  7/146 [>.............................] - ETA: 2:37 - loss: 0.1040 - accuracy: 0.9554  8/146 [>.............................] - ETA: 2:40 - loss: 0.0947 - accuracy: 0.9570  9/146 [>.............................] - ETA: 2:42 - loss: 0.0844 - accuracy: 0.9618 10/146 [=>............................] - ETA: 2:44 - loss: 0.0782 - accuracy: 0.9656 11/146 [=>............................] - ETA: 2:45 - loss: 0.1128 - accuracy: 0.9545 12/146 [=>............................] - ETA: 2:47 - loss: 0.1111 - accuracy: 0.9531 13/146 [=>............................] - ETA: 2:48 - loss: 0.1062 - accuracy: 0.9543 14/146 [=>............................] - ETA: 2:49 - loss: 0.1035 - accuracy: 0.9554 15/146 [==>...........................] - ETA: 2:49 - loss: 0.0977 - accuracy: 0.9583 16/146 [==>...........................] - ETA: 2:49 - loss: 0.0939 - accuracy: 0.9590 17/146 [==>...........................] - ETA: 2:49 - loss: 0.0894 - accuracy: 0.9614 18/146 [==>...........................] - ETA: 2:48 - loss: 0.0911 - accuracy: 0.9601 19/146 [==>...........................] - ETA: 2:48 - loss: 0.0965 - accuracy: 0.9572 20/146 [===>..........................] - ETA: 2:47 - loss: 0.0966 - accuracy: 0.9563 21/146 [===>..........................] - ETA: 2:46 - loss: 0.0926 - accuracy: 0.9583 22/146 [===>..........................] - ETA: 2:45 - loss: 0.0885 - accuracy: 0.9602 23/146 [===>..........................] - ETA: 2:44 - loss: 0.0848 - accuracy: 0.9620 24/146 [===>..........................] - ETA: 2:43 - loss: 0.0814 - accuracy: 0.9635 25/146 [====>.........................] - ETA: 2:42 - loss: 0.0785 - accuracy: 0.9650 26/146 [====>.........................] - ETA: 2:43 - loss: 0.0774 - accuracy: 0.9651 27/146 [====>.........................] - ETA: 2:41 - loss: 0.0768 - accuracy: 0.9653 28/146 [====>.........................] - ETA: 2:40 - loss: 0.0773 - accuracy: 0.9643 29/146 [====>.........................] - ETA: 2:39 - loss: 0.0770 - accuracy: 0.9644 30/146 [=====>........................] - ETA: 2:38 - loss: 0.0782 - accuracy: 0.9635 31/146 [=====>........................] - ETA: 2:37 - loss: 0.0777 - accuracy: 0.9637 32/146 [=====>........................] - ETA: 2:36 - loss: 0.0791 - accuracy: 0.9639 33/146 [=====>........................] - ETA: 2:34 - loss: 0.0775 - accuracy: 0.9640 34/146 [=====>........................] - ETA: 2:33 - loss: 0.0753 - accuracy: 0.9651 35/146 [======>.......................] - ETA: 2:32 - loss: 0.0741 - accuracy: 0.9652 36/146 [======>.......................] - ETA: 2:32 - loss: 0.0733 - accuracy: 0.9661 37/146 [======>.......................] - ETA: 2:31 - loss: 0.0726 - accuracy: 0.9671 38/146 [======>.......................] - ETA: 2:30 - loss: 0.0715 - accuracy: 0.9679 39/146 [=======>......................] - ETA: 2:28 - loss: 0.0706 - accuracy: 0.9688 40/146 [=======>......................] - ETA: 2:27 - loss: 0.0691 - accuracy: 0.9695 41/146 [=======>......................] - ETA: 2:26 - loss: 0.0680 - accuracy: 0.9703 42/146 [=======>......................] - ETA: 2:24 - loss: 0.0671 - accuracy: 0.9710 43/146 [=======>......................] - ETA: 2:23 - loss: 0.0664 - accuracy: 0.9709 44/146 [========>.....................] - ETA: 2:22 - loss: 0.0653 - accuracy: 0.9716 45/146 [========>.....................] - ETA: 2:21 - loss: 0.0640 - accuracy: 0.9722 46/146 [========>.....................] - ETA: 2:20 - loss: 0.0630 - accuracy: 0.9728 47/146 [========>.....................] - ETA: 2:19 - loss: 0.0623 - accuracy: 0.9727 48/146 [========>.....................] - ETA: 2:17 - loss: 0.0612 - accuracy: 0.9733 49/146 [=========>....................] - ETA: 2:16 - loss: 0.0606 - accuracy: 0.9739 50/146 [=========>....................] - ETA: 2:14 - loss: 0.0596 - accuracy: 0.9744 51/146 [=========>....................] - ETA: 2:13 - loss: 0.0585 - accuracy: 0.9749 52/146 [=========>....................] - ETA: 2:12 - loss: 0.0576 - accuracy: 0.9754 53/146 [=========>....................] - ETA: 2:11 - loss: 0.0572 - accuracy: 0.9752 54/146 [==========>...................] - ETA: 2:09 - loss: 0.0565 - accuracy: 0.9757 55/146 [==========>...................] - ETA: 2:08 - loss: 0.0555 - accuracy: 0.9761 56/146 [==========>...................] - ETA: 2:07 - loss: 0.0546 - accuracy: 0.9766 57/146 [==========>...................] - ETA: 2:05 - loss: 0.0539 - accuracy: 0.9770 58/146 [==========>...................] - ETA: 2:04 - loss: 0.0532 - accuracy: 0.9774 59/146 [===========>..................] - ETA: 2:03 - loss: 0.0523 - accuracy: 0.9778 60/146 [===========>..................] - ETA: 2:01 - loss: 0.0516 - accuracy: 0.9781 61/146 [===========>..................] - ETA: 2:00 - loss: 0.0508 - accuracy: 0.9785 62/146 [===========>..................] - ETA: 1:59 - loss: 0.0501 - accuracy: 0.9788 63/146 [===========>..................] - ETA: 1:57 - loss: 0.0494 - accuracy: 0.9792 64/146 [============>.................] - ETA: 1:56 - loss: 0.0488 - accuracy: 0.9795 65/146 [============>.................] - ETA: 1:55 - loss: 0.0481 - accuracy: 0.9798 66/146 [============>.................] - ETA: 1:53 - loss: 0.0487 - accuracy: 0.9792 67/146 [============>.................] - ETA: 1:52 - loss: 0.0491 - accuracy: 0.9790 68/146 [============>.................] - ETA: 1:51 - loss: 0.0500 - accuracy: 0.9784 69/146 [=============>................] - ETA: 1:49 - loss: 0.0498 - accuracy: 0.9787 70/146 [=============>................] - ETA: 1:48 - loss: 0.0491 - accuracy: 0.9790 71/146 [=============>................] - ETA: 1:46 - loss: 0.0498 - accuracy: 0.9789 72/146 [=============>................] - ETA: 1:45 - loss: 0.0494 - accuracy: 0.9792 73/146 [==============>...............] - ETA: 1:43 - loss: 0.0505 - accuracy: 0.9790 74/146 [==============>...............] - ETA: 1:42 - loss: 0.0499 - accuracy: 0.9793 75/146 [==============>...............] - ETA: 1:40 - loss: 0.0492 - accuracy: 0.9796 76/146 [==============>...............] - ETA: 1:39 - loss: 0.0486 - accuracy: 0.9799 77/146 [==============>...............] - ETA: 1:38 - loss: 0.0480 - accuracy: 0.9801 78/146 [===============>..............] - ETA: 1:36 - loss: 0.0490 - accuracy: 0.9800 79/146 [===============>..............] - ETA: 1:35 - loss: 0.0488 - accuracy: 0.9802 80/146 [===============>..............] - ETA: 1:34 - loss: 0.0482 - accuracy: 0.9805 81/146 [===============>..............] - ETA: 1:32 - loss: 0.0482 - accuracy: 0.9803 82/146 [===============>..............] - ETA: 1:31 - loss: 0.0478 - accuracy: 0.9806 83/146 [================>.............] - ETA: 1:29 - loss: 0.0478 - accuracy: 0.9804 84/146 [================>.............] - ETA: 1:28 - loss: 0.0488 - accuracy: 0.9803 85/146 [================>.............] - ETA: 1:26 - loss: 0.0493 - accuracy: 0.9801 86/146 [================>.............] - ETA: 1:25 - loss: 0.0492 - accuracy: 0.9800 87/146 [================>.............] - ETA: 1:24 - loss: 0.0501 - accuracy: 0.9795 88/146 [=================>............] - ETA: 1:22 - loss: 0.0497 - accuracy: 0.9798 89/146 [=================>............] - ETA: 1:21 - loss: 0.0493 - accuracy: 0.9800 90/146 [=================>............] - ETA: 1:19 - loss: 0.0494 - accuracy: 0.9795 91/146 [=================>............] - ETA: 1:18 - loss: 0.0497 - accuracy: 0.9794 92/146 [=================>............] - ETA: 1:17 - loss: 0.0492 - accuracy: 0.9796 93/146 [==================>...........] - ETA: 1:15 - loss: 0.0489 - accuracy: 0.9798 94/146 [==================>...........] - ETA: 1:14 - loss: 0.0485 - accuracy: 0.9801 95/146 [==================>...........] - ETA: 1:12 - loss: 0.0483 - accuracy: 0.9803 96/146 [==================>...........] - ETA: 1:11 - loss: 0.0490 - accuracy: 0.9801 97/146 [==================>...........] - ETA: 1:10 - loss: 0.0497 - accuracy: 0.9797 98/146 [===================>..........] - ETA: 1:08 - loss: 0.0495 - accuracy: 0.9799 99/146 [===================>..........] - ETA: 1:07 - loss: 0.0491 - accuracy: 0.9801100/146 [===================>..........] - ETA: 1:05 - loss: 0.0498 - accuracy: 0.9797101/146 [===================>..........] - ETA: 1:04 - loss: 0.0499 - accuracy: 0.9796102/146 [===================>..........] - ETA: 1:03 - loss: 0.0495 - accuracy: 0.9798103/146 [====================>.........] - ETA: 1:01 - loss: 0.0503 - accuracy: 0.9794104/146 [====================>.........] - ETA: 1:00 - loss: 0.0505 - accuracy: 0.9793105/146 [====================>.........] - ETA: 58s - loss: 0.0506 - accuracy: 0.9792 106/146 [====================>.........] - ETA: 57s - loss: 0.0505 - accuracy: 0.9791107/146 [====================>.........] - ETA: 55s - loss: 0.0502 - accuracy: 0.9793108/146 [=====================>........] - ETA: 54s - loss: 0.0503 - accuracy: 0.9792109/146 [=====================>........] - ETA: 52s - loss: 0.0505 - accuracy: 0.9788110/146 [=====================>........] - ETA: 51s - loss: 0.0510 - accuracy: 0.9781111/146 [=====================>........] - ETA: 50s - loss: 0.0512 - accuracy: 0.9780112/146 [======================>.......] - ETA: 48s - loss: 0.0515 - accuracy: 0.9780113/146 [======================>.......] - ETA: 47s - loss: 0.0514 - accuracy: 0.9779114/146 [======================>.......] - ETA: 45s - loss: 0.0518 - accuracy: 0.9775115/146 [======================>.......] - ETA: 44s - loss: 0.0528 - accuracy: 0.9774116/146 [======================>.......] - ETA: 43s - loss: 0.0526 - accuracy: 0.9776117/146 [=======================>......] - ETA: 41s - loss: 0.0523 - accuracy: 0.9778118/146 [=======================>......] - ETA: 40s - loss: 0.0523 - accuracy: 0.9778119/146 [=======================>......] - ETA: 38s - loss: 0.0522 - accuracy: 0.9779120/146 [=======================>......] - ETA: 37s - loss: 0.0518 - accuracy: 0.9781121/146 [=======================>......] - ETA: 35s - loss: 0.0521 - accuracy: 0.9778122/146 [========================>.....] - ETA: 34s - loss: 0.0521 - accuracy: 0.9777123/146 [========================>.....] - ETA: 33s - loss: 0.0518 - accuracy: 0.9779124/146 [========================>.....] - ETA: 31s - loss: 0.0517 - accuracy: 0.9781125/146 [========================>.....] - ETA: 30s - loss: 0.0514 - accuracy: 0.9783126/146 [========================>.....] - ETA: 28s - loss: 0.0510 - accuracy: 0.9784127/146 [=========================>....] - ETA: 27s - loss: 0.0511 - accuracy: 0.9783128/146 [=========================>....] - ETA: 25s - loss: 0.0507 - accuracy: 0.9785129/146 [=========================>....] - ETA: 24s - loss: 0.0505 - accuracy: 0.9787130/146 [=========================>....] - ETA: 22s - loss: 0.0504 - accuracy: 0.9786131/146 [=========================>....] - ETA: 21s - loss: 0.0511 - accuracy: 0.9785132/146 [==========================>...] - ETA: 20s - loss: 0.0508 - accuracy: 0.9787133/146 [==========================>...] - ETA: 18s - loss: 0.0505 - accuracy: 0.9789134/146 [==========================>...] - ETA: 17s - loss: 0.0521 - accuracy: 0.9785135/146 [==========================>...] - ETA: 15s - loss: 0.0519 - accuracy: 0.9785136/146 [==========================>...] - ETA: 14s - loss: 0.0518 - accuracy: 0.9786137/146 [===========================>..] - ETA: 12s - loss: 0.0517 - accuracy: 0.9786138/146 [===========================>..] - ETA: 11s - loss: 0.0516 - accuracy: 0.9787139/146 [===========================>..] - ETA: 10s - loss: 0.0517 - accuracy: 0.9789140/146 [===========================>..] - ETA: 8s - loss: 0.0515 - accuracy: 0.9790 141/146 [===========================>..] - ETA: 7s - loss: 0.0513 - accuracy: 0.9792142/146 [============================>.] - ETA: 5s - loss: 0.0510 - accuracy: 0.9793143/146 [============================>.] - ETA: 4s - loss: 0.0507 - accuracy: 0.9795144/146 [============================>.] - ETA: 2s - loss: 0.0505 - accuracy: 0.9796145/146 [============================>.] - ETA: 1s - loss: 0.0505 - accuracy: 0.9795146/146 [==============================] - ETA: 0s - loss: 0.0504 - accuracy: 0.9795146/146 [==============================] - 227s 2s/step - loss: 0.0504 - accuracy: 0.9795 - val_loss: 0.6263 - val_accuracy: 0.8957
Epoch 61/108
  1/146 [..............................] - ETA: 3:44 - loss: 0.0253 - accuracy: 1.0000  2/146 [..............................] - ETA: 3:39 - loss: 0.0172 - accuracy: 1.0000  3/146 [..............................] - ETA: 3:29 - loss: 0.0124 - accuracy: 1.0000  4/146 [..............................] - ETA: 3:26 - loss: 0.0095 - accuracy: 1.0000  5/146 [>.............................] - ETA: 3:25 - loss: 0.0082 - accuracy: 1.0000  6/146 [>.............................] - ETA: 3:26 - loss: 0.0080 - accuracy: 1.0000  7/146 [>.............................] - ETA: 3:23 - loss: 0.0104 - accuracy: 1.0000  8/146 [>.............................] - ETA: 3:20 - loss: 0.0105 - accuracy: 1.0000  9/146 [>.............................] - ETA: 3:18 - loss: 0.0101 - accuracy: 1.0000 10/146 [=>............................] - ETA: 3:17 - loss: 0.0098 - accuracy: 1.0000 11/146 [=>............................] - ETA: 3:14 - loss: 0.0091 - accuracy: 1.0000 12/146 [=>............................] - ETA: 3:12 - loss: 0.0106 - accuracy: 1.0000 13/146 [=>............................] - ETA: 3:10 - loss: 0.0105 - accuracy: 1.0000 14/146 [=>............................] - ETA: 3:09 - loss: 0.0099 - accuracy: 1.0000 15/146 [==>...........................] - ETA: 3:06 - loss: 0.0105 - accuracy: 1.0000 16/146 [==>...........................] - ETA: 3:05 - loss: 0.0142 - accuracy: 0.9961 17/146 [==>...........................] - ETA: 3:04 - loss: 0.0137 - accuracy: 0.9963 18/146 [==>...........................] - ETA: 3:02 - loss: 0.0131 - accuracy: 0.9965 19/146 [==>...........................] - ETA: 3:00 - loss: 0.0129 - accuracy: 0.9967 20/146 [===>..........................] - ETA: 2:59 - loss: 0.0131 - accuracy: 0.9969 21/146 [===>..........................] - ETA: 2:58 - loss: 0.0147 - accuracy: 0.9955 22/146 [===>..........................] - ETA: 2:57 - loss: 0.0142 - accuracy: 0.9957 23/146 [===>..........................] - ETA: 2:56 - loss: 0.0136 - accuracy: 0.9959 24/146 [===>..........................] - ETA: 2:54 - loss: 0.0131 - accuracy: 0.9961 25/146 [====>.........................] - ETA: 2:53 - loss: 0.0126 - accuracy: 0.9962 26/146 [====>.........................] - ETA: 2:51 - loss: 0.0123 - accuracy: 0.9964 27/146 [====>.........................] - ETA: 2:50 - loss: 0.0144 - accuracy: 0.9954 28/146 [====>.........................] - ETA: 2:49 - loss: 0.0142 - accuracy: 0.9955 29/146 [====>.........................] - ETA: 2:48 - loss: 0.0137 - accuracy: 0.9957 30/146 [=====>........................] - ETA: 2:47 - loss: 0.0171 - accuracy: 0.9948 31/146 [=====>........................] - ETA: 2:45 - loss: 0.0171 - accuracy: 0.9950 32/146 [=====>........................] - ETA: 2:44 - loss: 0.0172 - accuracy: 0.9951 33/146 [=====>........................] - ETA: 2:42 - loss: 0.0169 - accuracy: 0.9953 34/146 [=====>........................] - ETA: 2:41 - loss: 0.0165 - accuracy: 0.9954 35/146 [======>.......................] - ETA: 2:40 - loss: 0.0160 - accuracy: 0.9955 36/146 [======>.......................] - ETA: 2:38 - loss: 0.0157 - accuracy: 0.9957 37/146 [======>.......................] - ETA: 2:37 - loss: 0.0157 - accuracy: 0.9958 38/146 [======>.......................] - ETA: 2:36 - loss: 0.0153 - accuracy: 0.9959 39/146 [=======>......................] - ETA: 2:35 - loss: 0.0150 - accuracy: 0.9960 40/146 [=======>......................] - ETA: 2:33 - loss: 0.0149 - accuracy: 0.9961 41/146 [=======>......................] - ETA: 2:32 - loss: 0.0148 - accuracy: 0.9962 42/146 [=======>......................] - ETA: 2:31 - loss: 0.0145 - accuracy: 0.9963 43/146 [=======>......................] - ETA: 2:30 - loss: 0.0162 - accuracy: 0.9956 44/146 [========>.....................] - ETA: 2:28 - loss: 0.0159 - accuracy: 0.9957 45/146 [========>.....................] - ETA: 2:27 - loss: 0.0156 - accuracy: 0.9958 46/146 [========>.....................] - ETA: 2:25 - loss: 0.0155 - accuracy: 0.9959 47/146 [========>.....................] - ETA: 2:24 - loss: 0.0159 - accuracy: 0.9953 48/146 [========>.....................] - ETA: 2:22 - loss: 0.0156 - accuracy: 0.9954 49/146 [=========>....................] - ETA: 2:21 - loss: 0.0164 - accuracy: 0.9949 50/146 [=========>....................] - ETA: 2:19 - loss: 0.0165 - accuracy: 0.9950 51/146 [=========>....................] - ETA: 2:17 - loss: 0.0213 - accuracy: 0.9945 52/146 [=========>....................] - ETA: 2:16 - loss: 0.0237 - accuracy: 0.9934 53/146 [=========>....................] - ETA: 2:15 - loss: 0.0233 - accuracy: 0.9935 54/146 [==========>...................] - ETA: 2:13 - loss: 0.0229 - accuracy: 0.9936 55/146 [==========>...................] - ETA: 2:12 - loss: 0.0227 - accuracy: 0.9937 56/146 [==========>...................] - ETA: 2:11 - loss: 0.0252 - accuracy: 0.9927 57/146 [==========>...................] - ETA: 2:09 - loss: 0.0264 - accuracy: 0.9923 58/146 [==========>...................] - ETA: 2:08 - loss: 0.0260 - accuracy: 0.9925 59/146 [===========>..................] - ETA: 2:06 - loss: 0.0256 - accuracy: 0.9926 60/146 [===========>..................] - ETA: 2:05 - loss: 0.0253 - accuracy: 0.9927 61/146 [===========>..................] - ETA: 2:03 - loss: 0.0250 - accuracy: 0.9928 62/146 [===========>..................] - ETA: 2:02 - loss: 0.0285 - accuracy: 0.9924 63/146 [===========>..................] - ETA: 2:01 - loss: 0.0280 - accuracy: 0.9926 64/146 [============>.................] - ETA: 1:59 - loss: 0.0276 - accuracy: 0.9927 65/146 [============>.................] - ETA: 1:58 - loss: 0.0272 - accuracy: 0.9928 66/146 [============>.................] - ETA: 1:56 - loss: 0.0270 - accuracy: 0.9929 67/146 [============>.................] - ETA: 1:55 - loss: 0.0287 - accuracy: 0.9925 68/146 [============>.................] - ETA: 1:53 - loss: 0.0285 - accuracy: 0.9926 69/146 [=============>................] - ETA: 1:52 - loss: 0.0300 - accuracy: 0.9918 70/146 [=============>................] - ETA: 1:50 - loss: 0.0296 - accuracy: 0.9920 71/146 [=============>................] - ETA: 1:49 - loss: 0.0299 - accuracy: 0.9916 72/146 [=============>................] - ETA: 1:47 - loss: 0.0307 - accuracy: 0.9909 73/146 [==============>...............] - ETA: 1:46 - loss: 0.0311 - accuracy: 0.9906 74/146 [==============>...............] - ETA: 1:44 - loss: 0.0308 - accuracy: 0.9907 75/146 [==============>...............] - ETA: 1:43 - loss: 0.0306 - accuracy: 0.9908 76/146 [==============>...............] - ETA: 1:41 - loss: 0.0302 - accuracy: 0.9910 77/146 [==============>...............] - ETA: 1:40 - loss: 0.0303 - accuracy: 0.9907 78/146 [===============>..............] - ETA: 1:39 - loss: 0.0299 - accuracy: 0.9908 79/146 [===============>..............] - ETA: 1:37 - loss: 0.0297 - accuracy: 0.9909 80/146 [===============>..............] - ETA: 1:36 - loss: 0.0295 - accuracy: 0.9910 81/146 [===============>..............] - ETA: 1:34 - loss: 0.0294 - accuracy: 0.9911 82/146 [===============>..............] - ETA: 1:33 - loss: 0.0293 - accuracy: 0.9912 83/146 [================>.............] - ETA: 1:31 - loss: 0.0299 - accuracy: 0.9906 84/146 [================>.............] - ETA: 1:30 - loss: 0.0298 - accuracy: 0.9907 85/146 [================>.............] - ETA: 1:29 - loss: 0.0296 - accuracy: 0.9908 86/146 [================>.............] - ETA: 1:27 - loss: 0.0294 - accuracy: 0.9909 87/146 [================>.............] - ETA: 1:25 - loss: 0.0296 - accuracy: 0.9907 88/146 [=================>............] - ETA: 1:24 - loss: 0.0294 - accuracy: 0.9908 89/146 [=================>............] - ETA: 1:23 - loss: 0.0300 - accuracy: 0.9905 90/146 [=================>............] - ETA: 1:21 - loss: 0.0307 - accuracy: 0.9903 91/146 [=================>............] - ETA: 1:20 - loss: 0.0306 - accuracy: 0.9904 92/146 [=================>............] - ETA: 1:18 - loss: 0.0304 - accuracy: 0.9905 93/146 [==================>...........] - ETA: 1:17 - loss: 0.0306 - accuracy: 0.9903 94/146 [==================>...........] - ETA: 1:15 - loss: 0.0305 - accuracy: 0.9904 95/146 [==================>...........] - ETA: 1:14 - loss: 0.0303 - accuracy: 0.9905 96/146 [==================>...........] - ETA: 1:12 - loss: 0.0300 - accuracy: 0.9906 97/146 [==================>...........] - ETA: 1:11 - loss: 0.0300 - accuracy: 0.9907 98/146 [===================>..........] - ETA: 1:09 - loss: 0.0297 - accuracy: 0.9908 99/146 [===================>..........] - ETA: 1:08 - loss: 0.0299 - accuracy: 0.9908100/146 [===================>..........] - ETA: 1:06 - loss: 0.0297 - accuracy: 0.9909101/146 [===================>..........] - ETA: 1:05 - loss: 0.0310 - accuracy: 0.9904102/146 [===================>..........] - ETA: 1:03 - loss: 0.0310 - accuracy: 0.9905103/146 [====================>.........] - ETA: 1:02 - loss: 0.0309 - accuracy: 0.9906104/146 [====================>.........] - ETA: 1:00 - loss: 0.0306 - accuracy: 0.9907105/146 [====================>.........] - ETA: 59s - loss: 0.0304 - accuracy: 0.9908 106/146 [====================>.........] - ETA: 57s - loss: 0.0302 - accuracy: 0.9909107/146 [====================>.........] - ETA: 56s - loss: 0.0302 - accuracy: 0.9909108/146 [=====================>........] - ETA: 54s - loss: 0.0301 - accuracy: 0.9910109/146 [=====================>........] - ETA: 53s - loss: 0.0306 - accuracy: 0.9908110/146 [=====================>........] - ETA: 52s - loss: 0.0305 - accuracy: 0.9909111/146 [=====================>........] - ETA: 50s - loss: 0.0304 - accuracy: 0.9910112/146 [======================>.......] - ETA: 49s - loss: 0.0320 - accuracy: 0.9908113/146 [======================>.......] - ETA: 47s - loss: 0.0318 - accuracy: 0.9909114/146 [======================>.......] - ETA: 46s - loss: 0.0320 - accuracy: 0.9907115/146 [======================>.......] - ETA: 44s - loss: 0.0318 - accuracy: 0.9908116/146 [======================>.......] - ETA: 43s - loss: 0.0315 - accuracy: 0.9908117/146 [=======================>......] - ETA: 41s - loss: 0.0313 - accuracy: 0.9909118/146 [=======================>......] - ETA: 40s - loss: 0.0326 - accuracy: 0.9907119/146 [=======================>......] - ETA: 38s - loss: 0.0325 - accuracy: 0.9908120/146 [=======================>......] - ETA: 37s - loss: 0.0323 - accuracy: 0.9909121/146 [=======================>......] - ETA: 36s - loss: 0.0322 - accuracy: 0.9910122/146 [========================>.....] - ETA: 34s - loss: 0.0331 - accuracy: 0.9908123/146 [========================>.....] - ETA: 33s - loss: 0.0330 - accuracy: 0.9909124/146 [========================>.....] - ETA: 31s - loss: 0.0335 - accuracy: 0.9907125/146 [========================>.....] - ETA: 30s - loss: 0.0334 - accuracy: 0.9908126/146 [========================>.....] - ETA: 28s - loss: 0.0338 - accuracy: 0.9906127/146 [=========================>....] - ETA: 27s - loss: 0.0337 - accuracy: 0.9906128/146 [=========================>....] - ETA: 25s - loss: 0.0335 - accuracy: 0.9907129/146 [=========================>....] - ETA: 24s - loss: 0.0335 - accuracy: 0.9908130/146 [=========================>....] - ETA: 23s - loss: 0.0333 - accuracy: 0.9909131/146 [=========================>....] - ETA: 21s - loss: 0.0334 - accuracy: 0.9907132/146 [==========================>...] - ETA: 20s - loss: 0.0334 - accuracy: 0.9908133/146 [==========================>...] - ETA: 18s - loss: 0.0332 - accuracy: 0.9908134/146 [==========================>...] - ETA: 17s - loss: 0.0334 - accuracy: 0.9907135/146 [==========================>...] - ETA: 15s - loss: 0.0332 - accuracy: 0.9907136/146 [==========================>...] - ETA: 14s - loss: 0.0334 - accuracy: 0.9903137/146 [===========================>..] - ETA: 13s - loss: 0.0331 - accuracy: 0.9904138/146 [===========================>..] - ETA: 11s - loss: 0.0332 - accuracy: 0.9903139/146 [===========================>..] - ETA: 10s - loss: 0.0331 - accuracy: 0.9903140/146 [===========================>..] - ETA: 8s - loss: 0.0329 - accuracy: 0.9904 141/146 [===========================>..] - ETA: 7s - loss: 0.0327 - accuracy: 0.9905142/146 [============================>.] - ETA: 5s - loss: 0.0325 - accuracy: 0.9905143/146 [============================>.] - ETA: 4s - loss: 0.0323 - accuracy: 0.9906144/146 [============================>.] - ETA: 2s - loss: 0.0321 - accuracy: 0.9907145/146 [============================>.] - ETA: 1s - loss: 0.0336 - accuracy: 0.9903146/146 [==============================] - ETA: 0s - loss: 0.0336 - accuracy: 0.9903146/146 [==============================] - 230s 2s/step - loss: 0.0336 - accuracy: 0.9903 - val_loss: 0.6229 - val_accuracy: 0.8989
Epoch 62/108
  1/146 [..............................] - ETA: 3:23 - loss: 0.0036 - accuracy: 1.0000  2/146 [..............................] - ETA: 3:34 - loss: 0.0140 - accuracy: 1.0000  3/146 [..............................] - ETA: 3:28 - loss: 0.0133 - accuracy: 1.0000  4/146 [..............................] - ETA: 3:25 - loss: 0.0419 - accuracy: 0.9922  5/146 [>.............................] - ETA: 3:24 - loss: 0.0343 - accuracy: 0.9937  6/146 [>.............................] - ETA: 3:23 - loss: 0.0295 - accuracy: 0.9948  7/146 [>.............................] - ETA: 3:21 - loss: 0.0259 - accuracy: 0.9955  8/146 [>.............................] - ETA: 3:19 - loss: 0.0262 - accuracy: 0.9961  9/146 [>.............................] - ETA: 3:18 - loss: 0.0240 - accuracy: 0.9965 10/146 [=>............................] - ETA: 3:17 - loss: 0.0219 - accuracy: 0.9969 11/146 [=>............................] - ETA: 3:15 - loss: 0.0236 - accuracy: 0.9943 12/146 [=>............................] - ETA: 3:14 - loss: 0.0234 - accuracy: 0.9948 13/146 [=>............................] - ETA: 3:13 - loss: 0.0249 - accuracy: 0.9928 14/146 [=>............................] - ETA: 3:11 - loss: 0.0239 - accuracy: 0.9933 15/146 [==>...........................] - ETA: 3:09 - loss: 0.0243 - accuracy: 0.9917 16/146 [==>...........................] - ETA: 3:08 - loss: 0.0244 - accuracy: 0.9922 17/146 [==>...........................] - ETA: 3:08 - loss: 0.0240 - accuracy: 0.9926 18/146 [==>...........................] - ETA: 3:07 - loss: 0.0229 - accuracy: 0.9931 19/146 [==>...........................] - ETA: 3:06 - loss: 0.0218 - accuracy: 0.9934 20/146 [===>..........................] - ETA: 3:04 - loss: 0.0211 - accuracy: 0.9937 21/146 [===>..........................] - ETA: 3:03 - loss: 0.0207 - accuracy: 0.9940 22/146 [===>..........................] - ETA: 3:01 - loss: 0.0199 - accuracy: 0.9943 23/146 [===>..........................] - ETA: 2:59 - loss: 0.0193 - accuracy: 0.9946 24/146 [===>..........................] - ETA: 2:58 - loss: 0.0191 - accuracy: 0.9948 25/146 [====>.........................] - ETA: 2:56 - loss: 0.0189 - accuracy: 0.9950 26/146 [====>.........................] - ETA: 2:55 - loss: 0.0183 - accuracy: 0.9952 27/146 [====>.........................] - ETA: 2:53 - loss: 0.0179 - accuracy: 0.9954 28/146 [====>.........................] - ETA: 2:52 - loss: 0.0237 - accuracy: 0.9933 29/146 [====>.........................] - ETA: 2:50 - loss: 0.0234 - accuracy: 0.9935 30/146 [=====>........................] - ETA: 2:49 - loss: 0.0226 - accuracy: 0.9937 31/146 [=====>........................] - ETA: 2:47 - loss: 0.0220 - accuracy: 0.9940 32/146 [=====>........................] - ETA: 2:46 - loss: 0.0217 - accuracy: 0.9941 33/146 [=====>........................] - ETA: 2:44 - loss: 0.0212 - accuracy: 0.9943 34/146 [=====>........................] - ETA: 2:42 - loss: 0.0252 - accuracy: 0.9936 35/146 [======>.......................] - ETA: 2:40 - loss: 0.0246 - accuracy: 0.9937 36/146 [======>.......................] - ETA: 2:39 - loss: 0.0239 - accuracy: 0.9939 37/146 [======>.......................] - ETA: 2:38 - loss: 0.0237 - accuracy: 0.9941 38/146 [======>.......................] - ETA: 2:36 - loss: 0.0240 - accuracy: 0.9934 39/146 [=======>......................] - ETA: 2:35 - loss: 0.0249 - accuracy: 0.9928 40/146 [=======>......................] - ETA: 2:33 - loss: 0.0248 - accuracy: 0.9930 41/146 [=======>......................] - ETA: 2:32 - loss: 0.0244 - accuracy: 0.9931 42/146 [=======>......................] - ETA: 2:30 - loss: 0.0245 - accuracy: 0.9926 43/146 [=======>......................] - ETA: 2:29 - loss: 0.0240 - accuracy: 0.9927 44/146 [========>.....................] - ETA: 2:28 - loss: 0.0235 - accuracy: 0.9929 45/146 [========>.....................] - ETA: 2:26 - loss: 0.0230 - accuracy: 0.9931 46/146 [========>.....................] - ETA: 2:24 - loss: 0.0229 - accuracy: 0.9932 47/146 [========>.....................] - ETA: 2:23 - loss: 0.0227 - accuracy: 0.9934 48/146 [========>.....................] - ETA: 2:21 - loss: 0.0224 - accuracy: 0.9935 49/146 [=========>....................] - ETA: 2:20 - loss: 0.0233 - accuracy: 0.9930 50/146 [=========>....................] - ETA: 2:19 - loss: 0.0228 - accuracy: 0.9931 51/146 [=========>....................] - ETA: 2:17 - loss: 0.0224 - accuracy: 0.9933 52/146 [=========>....................] - ETA: 2:16 - loss: 0.0221 - accuracy: 0.9934 53/146 [=========>....................] - ETA: 2:14 - loss: 0.0249 - accuracy: 0.9917 54/146 [==========>...................] - ETA: 2:13 - loss: 0.0259 - accuracy: 0.9913 55/146 [==========>...................] - ETA: 2:11 - loss: 0.0254 - accuracy: 0.9915 56/146 [==========>...................] - ETA: 2:10 - loss: 0.0250 - accuracy: 0.9916 57/146 [==========>...................] - ETA: 2:08 - loss: 0.0247 - accuracy: 0.9918 58/146 [==========>...................] - ETA: 2:06 - loss: 0.0244 - accuracy: 0.9919 59/146 [===========>..................] - ETA: 2:04 - loss: 0.0241 - accuracy: 0.9921 60/146 [===========>..................] - ETA: 2:03 - loss: 0.0238 - accuracy: 0.9922 61/146 [===========>..................] - ETA: 2:01 - loss: 0.0236 - accuracy: 0.9923 62/146 [===========>..................] - ETA: 2:00 - loss: 0.0233 - accuracy: 0.9924 63/146 [===========>..................] - ETA: 1:58 - loss: 0.0230 - accuracy: 0.9926 64/146 [============>.................] - ETA: 1:56 - loss: 0.0237 - accuracy: 0.9927 65/146 [============>.................] - ETA: 1:55 - loss: 0.0240 - accuracy: 0.9923 66/146 [============>.................] - ETA: 1:53 - loss: 0.0237 - accuracy: 0.9924 67/146 [============>.................] - ETA: 1:51 - loss: 0.0236 - accuracy: 0.9925 68/146 [============>.................] - ETA: 1:49 - loss: 0.0236 - accuracy: 0.9926 69/146 [=============>................] - ETA: 1:48 - loss: 0.0236 - accuracy: 0.9928 70/146 [=============>................] - ETA: 1:46 - loss: 0.0233 - accuracy: 0.9929 71/146 [=============>................] - ETA: 1:44 - loss: 0.0230 - accuracy: 0.9930 72/146 [=============>................] - ETA: 1:43 - loss: 0.0227 - accuracy: 0.9931 73/146 [==============>...............] - ETA: 1:41 - loss: 0.0225 - accuracy: 0.9932 74/146 [==============>...............] - ETA: 1:40 - loss: 0.0225 - accuracy: 0.9932 75/146 [==============>...............] - ETA: 1:38 - loss: 0.0237 - accuracy: 0.9929 76/146 [==============>...............] - ETA: 1:37 - loss: 0.0234 - accuracy: 0.9930 77/146 [==============>...............] - ETA: 1:35 - loss: 0.0233 - accuracy: 0.9931 78/146 [===============>..............] - ETA: 1:34 - loss: 0.0233 - accuracy: 0.9932 79/146 [===============>..............] - ETA: 1:33 - loss: 0.0234 - accuracy: 0.9929 80/146 [===============>..............] - ETA: 1:31 - loss: 0.0231 - accuracy: 0.9930 81/146 [===============>..............] - ETA: 1:30 - loss: 0.0231 - accuracy: 0.9931 82/146 [===============>..............] - ETA: 1:29 - loss: 0.0230 - accuracy: 0.9931 83/146 [================>.............] - ETA: 1:27 - loss: 0.0229 - accuracy: 0.9932 84/146 [================>.............] - ETA: 1:26 - loss: 0.0238 - accuracy: 0.9929 85/146 [================>.............] - ETA: 1:25 - loss: 0.0236 - accuracy: 0.9930 86/146 [================>.............] - ETA: 1:23 - loss: 0.0236 - accuracy: 0.9931 87/146 [================>.............] - ETA: 1:22 - loss: 0.0239 - accuracy: 0.9928 88/146 [=================>............] - ETA: 1:21 - loss: 0.0238 - accuracy: 0.9929 89/146 [=================>............] - ETA: 1:19 - loss: 0.0238 - accuracy: 0.9926 90/146 [=================>............] - ETA: 1:18 - loss: 0.0236 - accuracy: 0.9927 91/146 [=================>............] - ETA: 1:17 - loss: 0.0236 - accuracy: 0.9928 92/146 [=================>............] - ETA: 1:15 - loss: 0.0234 - accuracy: 0.9929 93/146 [==================>...........] - ETA: 1:14 - loss: 0.0236 - accuracy: 0.9926 94/146 [==================>...........] - ETA: 1:12 - loss: 0.0234 - accuracy: 0.9927 95/146 [==================>...........] - ETA: 1:11 - loss: 0.0232 - accuracy: 0.9928 96/146 [==================>...........] - ETA: 1:10 - loss: 0.0230 - accuracy: 0.9928 97/146 [==================>...........] - ETA: 1:08 - loss: 0.0228 - accuracy: 0.9929 98/146 [===================>..........] - ETA: 1:07 - loss: 0.0226 - accuracy: 0.9930 99/146 [===================>..........] - ETA: 1:06 - loss: 0.0224 - accuracy: 0.9931100/146 [===================>..........] - ETA: 1:04 - loss: 0.0251 - accuracy: 0.9928101/146 [===================>..........] - ETA: 1:03 - loss: 0.0249 - accuracy: 0.9929102/146 [===================>..........] - ETA: 1:02 - loss: 0.0247 - accuracy: 0.9930103/146 [====================>.........] - ETA: 1:00 - loss: 0.0245 - accuracy: 0.9930104/146 [====================>.........] - ETA: 59s - loss: 0.0243 - accuracy: 0.9931 105/146 [====================>.........] - ETA: 57s - loss: 0.0241 - accuracy: 0.9932106/146 [====================>.........] - ETA: 56s - loss: 0.0239 - accuracy: 0.9932107/146 [====================>.........] - ETA: 55s - loss: 0.0246 - accuracy: 0.9927108/146 [=====================>........] - ETA: 53s - loss: 0.0244 - accuracy: 0.9928109/146 [=====================>........] - ETA: 52s - loss: 0.0242 - accuracy: 0.9928110/146 [=====================>........] - ETA: 50s - loss: 0.0240 - accuracy: 0.9929111/146 [=====================>........] - ETA: 49s - loss: 0.0239 - accuracy: 0.9930112/146 [======================>.......] - ETA: 48s - loss: 0.0237 - accuracy: 0.9930113/146 [======================>.......] - ETA: 46s - loss: 0.0235 - accuracy: 0.9931114/146 [======================>.......] - ETA: 45s - loss: 0.0234 - accuracy: 0.9931115/146 [======================>.......] - ETA: 43s - loss: 0.0233 - accuracy: 0.9932116/146 [======================>.......] - ETA: 42s - loss: 0.0232 - accuracy: 0.9933117/146 [=======================>......] - ETA: 41s - loss: 0.0231 - accuracy: 0.9933118/146 [=======================>......] - ETA: 39s - loss: 0.0229 - accuracy: 0.9934119/146 [=======================>......] - ETA: 38s - loss: 0.0227 - accuracy: 0.9934120/146 [=======================>......] - ETA: 36s - loss: 0.0226 - accuracy: 0.9935121/146 [=======================>......] - ETA: 35s - loss: 0.0226 - accuracy: 0.9935122/146 [========================>.....] - ETA: 34s - loss: 0.0227 - accuracy: 0.9933123/146 [========================>.....] - ETA: 32s - loss: 0.0227 - accuracy: 0.9934124/146 [========================>.....] - ETA: 31s - loss: 0.0227 - accuracy: 0.9934125/146 [========================>.....] - ETA: 29s - loss: 0.0225 - accuracy: 0.9935126/146 [========================>.....] - ETA: 28s - loss: 0.0224 - accuracy: 0.9936127/146 [=========================>....] - ETA: 26s - loss: 0.0223 - accuracy: 0.9936128/146 [=========================>....] - ETA: 25s - loss: 0.0221 - accuracy: 0.9937129/146 [=========================>....] - ETA: 24s - loss: 0.0221 - accuracy: 0.9937130/146 [=========================>....] - ETA: 22s - loss: 0.0220 - accuracy: 0.9937131/146 [=========================>....] - ETA: 21s - loss: 0.0219 - accuracy: 0.9938132/146 [==========================>...] - ETA: 19s - loss: 0.0217 - accuracy: 0.9938133/146 [==========================>...] - ETA: 18s - loss: 0.0216 - accuracy: 0.9939134/146 [==========================>...] - ETA: 17s - loss: 0.0214 - accuracy: 0.9939135/146 [==========================>...] - ETA: 15s - loss: 0.0213 - accuracy: 0.9940136/146 [==========================>...] - ETA: 14s - loss: 0.0212 - accuracy: 0.9940137/146 [===========================>..] - ETA: 12s - loss: 0.0211 - accuracy: 0.9941138/146 [===========================>..] - ETA: 11s - loss: 0.0211 - accuracy: 0.9941139/146 [===========================>..] - ETA: 9s - loss: 0.0210 - accuracy: 0.9942 140/146 [===========================>..] - ETA: 8s - loss: 0.0210 - accuracy: 0.9940141/146 [===========================>..] - ETA: 7s - loss: 0.0209 - accuracy: 0.9940142/146 [============================>.] - ETA: 5s - loss: 0.0207 - accuracy: 0.9941143/146 [============================>.] - ETA: 4s - loss: 0.0206 - accuracy: 0.9941144/146 [============================>.] - ETA: 2s - loss: 0.0205 - accuracy: 0.9941145/146 [============================>.] - ETA: 1s - loss: 0.0206 - accuracy: 0.9942146/146 [==============================] - ETA: 0s - loss: 0.0207 - accuracy: 0.9942146/146 [==============================] - 225s 2s/step - loss: 0.0207 - accuracy: 0.9942 - val_loss: 0.8003 - val_accuracy: 0.8989
Epoch 63/108
  1/146 [..............................] - ETA: 3:34 - loss: 4.3594e-04 - accuracy: 1.0000  2/146 [..............................] - ETA: 3:35 - loss: 0.0027 - accuracy: 1.0000      3/146 [..............................] - ETA: 3:24 - loss: 0.0023 - accuracy: 1.0000  4/146 [..............................] - ETA: 3:26 - loss: 0.0019 - accuracy: 1.0000  5/146 [>.............................] - ETA: 3:24 - loss: 0.0352 - accuracy: 0.9937  6/146 [>.............................] - ETA: 3:22 - loss: 0.0294 - accuracy: 0.9948  7/146 [>.............................] - ETA: 3:21 - loss: 0.0253 - accuracy: 0.9955  8/146 [>.............................] - ETA: 3:19 - loss: 0.0225 - accuracy: 0.9961  9/146 [>.............................] - ETA: 3:17 - loss: 0.0201 - accuracy: 0.9965 10/146 [=>............................] - ETA: 3:15 - loss: 0.0192 - accuracy: 0.9969 11/146 [=>............................] - ETA: 3:13 - loss: 0.0175 - accuracy: 0.9972 12/146 [=>............................] - ETA: 3:11 - loss: 0.0173 - accuracy: 0.9974 13/146 [=>............................] - ETA: 3:10 - loss: 0.0161 - accuracy: 0.9976 14/146 [=>............................] - ETA: 3:09 - loss: 0.0165 - accuracy: 0.9978 15/146 [==>...........................] - ETA: 3:07 - loss: 0.0159 - accuracy: 0.9979 16/146 [==>...........................] - ETA: 3:05 - loss: 0.0152 - accuracy: 0.9980 17/146 [==>...........................] - ETA: 3:03 - loss: 0.0210 - accuracy: 0.9945 18/146 [==>...........................] - ETA: 3:02 - loss: 0.0199 - accuracy: 0.9948 19/146 [==>...........................] - ETA: 2:59 - loss: 0.0190 - accuracy: 0.9951 20/146 [===>..........................] - ETA: 2:56 - loss: 0.0188 - accuracy: 0.9953 21/146 [===>..........................] - ETA: 2:53 - loss: 0.0181 - accuracy: 0.9955 22/146 [===>..........................] - ETA: 2:51 - loss: 0.0175 - accuracy: 0.9957 23/146 [===>..........................] - ETA: 2:48 - loss: 0.0168 - accuracy: 0.9959 24/146 [===>..........................] - ETA: 2:45 - loss: 0.0166 - accuracy: 0.9961 25/146 [====>.........................] - ETA: 2:43 - loss: 0.0160 - accuracy: 0.9962 26/146 [====>.........................] - ETA: 2:42 - loss: 0.0155 - accuracy: 0.9964 27/146 [====>.........................] - ETA: 2:41 - loss: 0.0149 - accuracy: 0.9965 28/146 [====>.........................] - ETA: 2:40 - loss: 0.0145 - accuracy: 0.9967 29/146 [====>.........................] - ETA: 2:38 - loss: 0.0141 - accuracy: 0.9968 30/146 [=====>........................] - ETA: 2:37 - loss: 0.0141 - accuracy: 0.9969 31/146 [=====>........................] - ETA: 2:36 - loss: 0.0137 - accuracy: 0.9970 32/146 [=====>........................] - ETA: 2:34 - loss: 0.0133 - accuracy: 0.9971 33/146 [=====>........................] - ETA: 2:33 - loss: 0.0130 - accuracy: 0.9972 34/146 [=====>........................] - ETA: 2:31 - loss: 0.0129 - accuracy: 0.9972 35/146 [======>.......................] - ETA: 2:29 - loss: 0.0141 - accuracy: 0.9964 36/146 [======>.......................] - ETA: 2:26 - loss: 0.0137 - accuracy: 0.9965 37/146 [======>.......................] - ETA: 2:24 - loss: 0.0138 - accuracy: 0.9966 38/146 [======>.......................] - ETA: 2:22 - loss: 0.0141 - accuracy: 0.9967 39/146 [=======>......................] - ETA: 2:20 - loss: 0.0139 - accuracy: 0.9968 40/146 [=======>......................] - ETA: 2:19 - loss: 0.0136 - accuracy: 0.9969 41/146 [=======>......................] - ETA: 2:17 - loss: 0.0133 - accuracy: 0.9970 42/146 [=======>......................] - ETA: 2:16 - loss: 0.0131 - accuracy: 0.9970 43/146 [=======>......................] - ETA: 2:14 - loss: 0.0129 - accuracy: 0.9971 44/146 [========>.....................] - ETA: 2:12 - loss: 0.0145 - accuracy: 0.9964 45/146 [========>.....................] - ETA: 2:11 - loss: 0.0143 - accuracy: 0.9965 46/146 [========>.....................] - ETA: 2:09 - loss: 0.0140 - accuracy: 0.9966 47/146 [========>.....................] - ETA: 2:08 - loss: 0.0138 - accuracy: 0.9967 48/146 [========>.....................] - ETA: 2:07 - loss: 0.0138 - accuracy: 0.9967 49/146 [=========>....................] - ETA: 2:06 - loss: 0.0136 - accuracy: 0.9968 50/146 [=========>....................] - ETA: 2:05 - loss: 0.0136 - accuracy: 0.9969 51/146 [=========>....................] - ETA: 2:04 - loss: 0.0134 - accuracy: 0.9969 52/146 [=========>....................] - ETA: 2:03 - loss: 0.0132 - accuracy: 0.9970 53/146 [=========>....................] - ETA: 2:02 - loss: 0.0139 - accuracy: 0.9965 54/146 [==========>...................] - ETA: 2:01 - loss: 0.0138 - accuracy: 0.9965 55/146 [==========>...................] - ETA: 2:00 - loss: 0.0136 - accuracy: 0.9966 56/146 [==========>...................] - ETA: 1:59 - loss: 0.0134 - accuracy: 0.9967 57/146 [==========>...................] - ETA: 1:57 - loss: 0.0132 - accuracy: 0.9967 58/146 [==========>...................] - ETA: 1:56 - loss: 0.0130 - accuracy: 0.9968 59/146 [===========>..................] - ETA: 1:55 - loss: 0.0128 - accuracy: 0.9968 60/146 [===========>..................] - ETA: 1:54 - loss: 0.0126 - accuracy: 0.9969 61/146 [===========>..................] - ETA: 1:53 - loss: 0.0124 - accuracy: 0.9969 62/146 [===========>..................] - ETA: 1:52 - loss: 0.0122 - accuracy: 0.9970 63/146 [===========>..................] - ETA: 1:51 - loss: 0.0123 - accuracy: 0.9970 64/146 [============>.................] - ETA: 1:49 - loss: 0.0122 - accuracy: 0.9971 65/146 [============>.................] - ETA: 1:48 - loss: 0.0147 - accuracy: 0.9966 66/146 [============>.................] - ETA: 1:47 - loss: 0.0145 - accuracy: 0.9967 67/146 [============>.................] - ETA: 1:46 - loss: 0.0144 - accuracy: 0.9967 68/146 [============>.................] - ETA: 1:44 - loss: 0.0142 - accuracy: 0.9968 69/146 [=============>................] - ETA: 1:43 - loss: 0.0140 - accuracy: 0.9968 70/146 [=============>................] - ETA: 1:42 - loss: 0.0138 - accuracy: 0.9969 71/146 [=============>................] - ETA: 1:41 - loss: 0.0137 - accuracy: 0.9969 72/146 [=============>................] - ETA: 1:39 - loss: 0.0136 - accuracy: 0.9970 73/146 [==============>...............] - ETA: 1:38 - loss: 0.0136 - accuracy: 0.9970 74/146 [==============>...............] - ETA: 1:37 - loss: 0.0138 - accuracy: 0.9966 75/146 [==============>...............] - ETA: 1:36 - loss: 0.0136 - accuracy: 0.9967 76/146 [==============>...............] - ETA: 1:34 - loss: 0.0135 - accuracy: 0.9967 77/146 [==============>...............] - ETA: 1:33 - loss: 0.0134 - accuracy: 0.9968 78/146 [===============>..............] - ETA: 1:32 - loss: 0.0136 - accuracy: 0.9964 79/146 [===============>..............] - ETA: 1:31 - loss: 0.0137 - accuracy: 0.9964 80/146 [===============>..............] - ETA: 1:29 - loss: 0.0135 - accuracy: 0.9965 81/146 [===============>..............] - ETA: 1:28 - loss: 0.0134 - accuracy: 0.9965 82/146 [===============>..............] - ETA: 1:27 - loss: 0.0132 - accuracy: 0.9966 83/146 [================>.............] - ETA: 1:26 - loss: 0.0131 - accuracy: 0.9966 84/146 [================>.............] - ETA: 1:24 - loss: 0.0133 - accuracy: 0.9963 85/146 [================>.............] - ETA: 1:23 - loss: 0.0131 - accuracy: 0.9963 86/146 [================>.............] - ETA: 1:22 - loss: 0.0130 - accuracy: 0.9964 87/146 [================>.............] - ETA: 1:21 - loss: 0.0129 - accuracy: 0.9964 88/146 [=================>............] - ETA: 1:19 - loss: 0.0128 - accuracy: 0.9964 89/146 [=================>............] - ETA: 1:18 - loss: 0.0126 - accuracy: 0.9965 90/146 [=================>............] - ETA: 1:17 - loss: 0.0125 - accuracy: 0.9965 91/146 [=================>............] - ETA: 1:15 - loss: 0.0124 - accuracy: 0.9966 92/146 [=================>............] - ETA: 1:14 - loss: 0.0123 - accuracy: 0.9966 93/146 [==================>...........] - ETA: 1:13 - loss: 0.0124 - accuracy: 0.9966 94/146 [==================>...........] - ETA: 1:11 - loss: 0.0123 - accuracy: 0.9967 95/146 [==================>...........] - ETA: 1:10 - loss: 0.0121 - accuracy: 0.9967 96/146 [==================>...........] - ETA: 1:09 - loss: 0.0122 - accuracy: 0.9967 97/146 [==================>...........] - ETA: 1:07 - loss: 0.0121 - accuracy: 0.9968 98/146 [===================>..........] - ETA: 1:06 - loss: 0.0120 - accuracy: 0.9968 99/146 [===================>..........] - ETA: 1:04 - loss: 0.0119 - accuracy: 0.9968100/146 [===================>..........] - ETA: 1:03 - loss: 0.0142 - accuracy: 0.9966101/146 [===================>..........] - ETA: 1:02 - loss: 0.0140 - accuracy: 0.9966102/146 [===================>..........] - ETA: 1:00 - loss: 0.0139 - accuracy: 0.9966103/146 [====================>.........] - ETA: 59s - loss: 0.0139 - accuracy: 0.9967 104/146 [====================>.........] - ETA: 58s - loss: 0.0138 - accuracy: 0.9967105/146 [====================>.........] - ETA: 56s - loss: 0.0139 - accuracy: 0.9967106/146 [====================>.........] - ETA: 55s - loss: 0.0147 - accuracy: 0.9965107/146 [====================>.........] - ETA: 54s - loss: 0.0150 - accuracy: 0.9962108/146 [=====================>........] - ETA: 52s - loss: 0.0149 - accuracy: 0.9962109/146 [=====================>........] - ETA: 51s - loss: 0.0148 - accuracy: 0.9963110/146 [=====================>........] - ETA: 50s - loss: 0.0147 - accuracy: 0.9963111/146 [=====================>........] - ETA: 48s - loss: 0.0150 - accuracy: 0.9961112/146 [======================>.......] - ETA: 47s - loss: 0.0149 - accuracy: 0.9961113/146 [======================>.......] - ETA: 45s - loss: 0.0149 - accuracy: 0.9961114/146 [======================>.......] - ETA: 44s - loss: 0.0149 - accuracy: 0.9962115/146 [======================>.......] - ETA: 43s - loss: 0.0151 - accuracy: 0.9959116/146 [======================>.......] - ETA: 41s - loss: 0.0150 - accuracy: 0.9960117/146 [=======================>......] - ETA: 40s - loss: 0.0148 - accuracy: 0.9960118/146 [=======================>......] - ETA: 39s - loss: 0.0148 - accuracy: 0.9960119/146 [=======================>......] - ETA: 37s - loss: 0.0147 - accuracy: 0.9961120/146 [=======================>......] - ETA: 36s - loss: 0.0146 - accuracy: 0.9961121/146 [=======================>......] - ETA: 34s - loss: 0.0146 - accuracy: 0.9961122/146 [========================>.....] - ETA: 33s - loss: 0.0145 - accuracy: 0.9962123/146 [========================>.....] - ETA: 32s - loss: 0.0144 - accuracy: 0.9962124/146 [========================>.....] - ETA: 30s - loss: 0.0143 - accuracy: 0.9962125/146 [========================>.....] - ETA: 29s - loss: 0.0142 - accuracy: 0.9962126/146 [========================>.....] - ETA: 27s - loss: 0.0155 - accuracy: 0.9958127/146 [=========================>....] - ETA: 26s - loss: 0.0154 - accuracy: 0.9958128/146 [=========================>....] - ETA: 25s - loss: 0.0155 - accuracy: 0.9956129/146 [=========================>....] - ETA: 23s - loss: 0.0182 - accuracy: 0.9952130/146 [=========================>....] - ETA: 22s - loss: 0.0181 - accuracy: 0.9952131/146 [=========================>....] - ETA: 20s - loss: 0.0180 - accuracy: 0.9952132/146 [==========================>...] - ETA: 19s - loss: 0.0189 - accuracy: 0.9948133/146 [==========================>...] - ETA: 18s - loss: 0.0188 - accuracy: 0.9948134/146 [==========================>...] - ETA: 16s - loss: 0.0187 - accuracy: 0.9949135/146 [==========================>...] - ETA: 15s - loss: 0.0187 - accuracy: 0.9949136/146 [==========================>...] - ETA: 13s - loss: 0.0186 - accuracy: 0.9949137/146 [===========================>..] - ETA: 12s - loss: 0.0185 - accuracy: 0.9950138/146 [===========================>..] - ETA: 11s - loss: 0.0184 - accuracy: 0.9950139/146 [===========================>..] - ETA: 9s - loss: 0.0183 - accuracy: 0.9951 140/146 [===========================>..] - ETA: 8s - loss: 0.0188 - accuracy: 0.9949141/146 [===========================>..] - ETA: 6s - loss: 0.0187 - accuracy: 0.9949142/146 [============================>.] - ETA: 5s - loss: 0.0187 - accuracy: 0.9949143/146 [============================>.] - ETA: 4s - loss: 0.0187 - accuracy: 0.9950144/146 [============================>.] - ETA: 2s - loss: 0.0186 - accuracy: 0.9950145/146 [============================>.] - ETA: 1s - loss: 0.0184 - accuracy: 0.9950146/146 [==============================] - ETA: 0s - loss: 0.0184 - accuracy: 0.9950146/146 [==============================] - 220s 2s/step - loss: 0.0184 - accuracy: 0.9950 - val_loss: 0.6544 - val_accuracy: 0.9005
Epoch 64/108
  1/146 [..............................] - ETA: 3:33 - loss: 0.0101 - accuracy: 1.0000  2/146 [..............................] - ETA: 3:21 - loss: 0.0086 - accuracy: 1.0000  3/146 [..............................] - ETA: 3:19 - loss: 0.0171 - accuracy: 0.9896  4/146 [..............................] - ETA: 3:16 - loss: 0.0136 - accuracy: 0.9922  5/146 [>.............................] - ETA: 3:15 - loss: 0.0145 - accuracy: 0.9937  6/146 [>.............................] - ETA: 3:12 - loss: 0.0159 - accuracy: 0.9948  7/146 [>.............................] - ETA: 3:08 - loss: 0.0139 - accuracy: 0.9955  8/146 [>.............................] - ETA: 3:06 - loss: 0.0126 - accuracy: 0.9961  9/146 [>.............................] - ETA: 3:06 - loss: 0.0152 - accuracy: 0.9931 10/146 [=>............................] - ETA: 3:05 - loss: 0.0137 - accuracy: 0.9937 11/146 [=>............................] - ETA: 3:05 - loss: 0.0128 - accuracy: 0.9943 12/146 [=>............................] - ETA: 3:05 - loss: 0.0133 - accuracy: 0.9948 13/146 [=>............................] - ETA: 3:05 - loss: 0.0131 - accuracy: 0.9952 14/146 [=>............................] - ETA: 3:04 - loss: 0.0122 - accuracy: 0.9955 15/146 [==>...........................] - ETA: 3:03 - loss: 0.0120 - accuracy: 0.9958 16/146 [==>...........................] - ETA: 3:02 - loss: 0.0156 - accuracy: 0.9941 17/146 [==>...........................] - ETA: 3:02 - loss: 0.0168 - accuracy: 0.9926 18/146 [==>...........................] - ETA: 3:01 - loss: 0.0211 - accuracy: 0.9913 19/146 [==>...........................] - ETA: 3:00 - loss: 0.0202 - accuracy: 0.9918 20/146 [===>..........................] - ETA: 2:59 - loss: 0.0195 - accuracy: 0.9922 21/146 [===>..........................] - ETA: 2:58 - loss: 0.0186 - accuracy: 0.9926 22/146 [===>..........................] - ETA: 2:56 - loss: 0.0182 - accuracy: 0.9929 23/146 [===>..........................] - ETA: 2:55 - loss: 0.0228 - accuracy: 0.9918 24/146 [===>..........................] - ETA: 2:54 - loss: 0.0221 - accuracy: 0.9922 25/146 [====>.........................] - ETA: 2:53 - loss: 0.0216 - accuracy: 0.9925 26/146 [====>.........................] - ETA: 2:52 - loss: 0.0253 - accuracy: 0.9904 27/146 [====>.........................] - ETA: 2:51 - loss: 0.0249 - accuracy: 0.9907 28/146 [====>.........................] - ETA: 2:50 - loss: 0.0244 - accuracy: 0.9911 29/146 [====>.........................] - ETA: 2:48 - loss: 0.0237 - accuracy: 0.9914 30/146 [=====>........................] - ETA: 2:47 - loss: 0.0243 - accuracy: 0.9906 31/146 [=====>........................] - ETA: 2:45 - loss: 0.0243 - accuracy: 0.9909 32/146 [=====>........................] - ETA: 2:44 - loss: 0.0236 - accuracy: 0.9912 33/146 [=====>........................] - ETA: 2:43 - loss: 0.0230 - accuracy: 0.9915 34/146 [=====>........................] - ETA: 2:41 - loss: 0.0228 - accuracy: 0.9917 35/146 [======>.......................] - ETA: 2:40 - loss: 0.0234 - accuracy: 0.9920 36/146 [======>.......................] - ETA: 2:39 - loss: 0.0246 - accuracy: 0.9913 37/146 [======>.......................] - ETA: 2:37 - loss: 0.0290 - accuracy: 0.9899 38/146 [======>.......................] - ETA: 2:36 - loss: 0.0283 - accuracy: 0.9901 39/146 [=======>......................] - ETA: 2:35 - loss: 0.0279 - accuracy: 0.9904 40/146 [=======>......................] - ETA: 2:33 - loss: 0.0283 - accuracy: 0.9898 41/146 [=======>......................] - ETA: 2:32 - loss: 0.0288 - accuracy: 0.9901 42/146 [=======>......................] - ETA: 2:31 - loss: 0.0296 - accuracy: 0.9896 43/146 [=======>......................] - ETA: 2:30 - loss: 0.0292 - accuracy: 0.9898 44/146 [========>.....................] - ETA: 2:28 - loss: 0.0288 - accuracy: 0.9901 45/146 [========>.....................] - ETA: 2:27 - loss: 0.0290 - accuracy: 0.9903 46/146 [========>.....................] - ETA: 2:25 - loss: 0.0306 - accuracy: 0.9885 47/146 [========>.....................] - ETA: 2:24 - loss: 0.0305 - accuracy: 0.9887 48/146 [========>.....................] - ETA: 2:22 - loss: 0.0301 - accuracy: 0.9889 49/146 [=========>....................] - ETA: 2:21 - loss: 0.0295 - accuracy: 0.9892 50/146 [=========>....................] - ETA: 2:19 - loss: 0.0290 - accuracy: 0.9894 51/146 [=========>....................] - ETA: 2:18 - loss: 0.0286 - accuracy: 0.9896 52/146 [=========>....................] - ETA: 2:16 - loss: 0.0281 - accuracy: 0.9898 53/146 [=========>....................] - ETA: 2:15 - loss: 0.0277 - accuracy: 0.9900 54/146 [==========>...................] - ETA: 2:13 - loss: 0.0273 - accuracy: 0.9902 55/146 [==========>...................] - ETA: 2:12 - loss: 0.0281 - accuracy: 0.9892 56/146 [==========>...................] - ETA: 2:11 - loss: 0.0305 - accuracy: 0.9888 57/146 [==========>...................] - ETA: 2:09 - loss: 0.0305 - accuracy: 0.9890 58/146 [==========>...................] - ETA: 2:08 - loss: 0.0301 - accuracy: 0.9892 59/146 [===========>..................] - ETA: 2:06 - loss: 0.0299 - accuracy: 0.9894 60/146 [===========>..................] - ETA: 2:05 - loss: 0.0329 - accuracy: 0.9891 61/146 [===========>..................] - ETA: 2:03 - loss: 0.0333 - accuracy: 0.9887 62/146 [===========>..................] - ETA: 2:02 - loss: 0.0329 - accuracy: 0.9889 63/146 [===========>..................] - ETA: 2:01 - loss: 0.0364 - accuracy: 0.9876 64/146 [============>.................] - ETA: 1:59 - loss: 0.0359 - accuracy: 0.9878 65/146 [============>.................] - ETA: 1:58 - loss: 0.0354 - accuracy: 0.9880 66/146 [============>.................] - ETA: 1:56 - loss: 0.0350 - accuracy: 0.9882 67/146 [============>.................] - ETA: 1:55 - loss: 0.0345 - accuracy: 0.9883 68/146 [============>.................] - ETA: 1:53 - loss: 0.0341 - accuracy: 0.9885 69/146 [=============>................] - ETA: 1:52 - loss: 0.0339 - accuracy: 0.9882 70/146 [=============>................] - ETA: 1:51 - loss: 0.0336 - accuracy: 0.9884 71/146 [=============>................] - ETA: 1:49 - loss: 0.0332 - accuracy: 0.9886 72/146 [=============>................] - ETA: 1:48 - loss: 0.0332 - accuracy: 0.9883 73/146 [==============>...............] - ETA: 1:46 - loss: 0.0327 - accuracy: 0.9884 74/146 [==============>...............] - ETA: 1:45 - loss: 0.0345 - accuracy: 0.9882 75/146 [==============>...............] - ETA: 1:43 - loss: 0.0341 - accuracy: 0.9883 76/146 [==============>...............] - ETA: 1:42 - loss: 0.0353 - accuracy: 0.9881 77/146 [==============>...............] - ETA: 1:40 - loss: 0.0349 - accuracy: 0.9882 78/146 [===============>..............] - ETA: 1:39 - loss: 0.0351 - accuracy: 0.9880 79/146 [===============>..............] - ETA: 1:37 - loss: 0.0350 - accuracy: 0.9877 80/146 [===============>..............] - ETA: 1:36 - loss: 0.0347 - accuracy: 0.9879 81/146 [===============>..............] - ETA: 1:34 - loss: 0.0344 - accuracy: 0.9880 82/146 [===============>..............] - ETA: 1:32 - loss: 0.0355 - accuracy: 0.9878 83/146 [================>.............] - ETA: 1:31 - loss: 0.0359 - accuracy: 0.9876 84/146 [================>.............] - ETA: 1:29 - loss: 0.0357 - accuracy: 0.9877 85/146 [================>.............] - ETA: 1:28 - loss: 0.0358 - accuracy: 0.9875 86/146 [================>.............] - ETA: 1:26 - loss: 0.0359 - accuracy: 0.9873 87/146 [================>.............] - ETA: 1:24 - loss: 0.0355 - accuracy: 0.9874 88/146 [=================>............] - ETA: 1:23 - loss: 0.0353 - accuracy: 0.9876 89/146 [=================>............] - ETA: 1:21 - loss: 0.0354 - accuracy: 0.9877 90/146 [=================>............] - ETA: 1:20 - loss: 0.0351 - accuracy: 0.9878 91/146 [=================>............] - ETA: 1:18 - loss: 0.0350 - accuracy: 0.9880 92/146 [=================>............] - ETA: 1:17 - loss: 0.0347 - accuracy: 0.9881 93/146 [==================>...........] - ETA: 1:16 - loss: 0.0352 - accuracy: 0.9879 94/146 [==================>...........] - ETA: 1:14 - loss: 0.0354 - accuracy: 0.9877 95/146 [==================>...........] - ETA: 1:13 - loss: 0.0353 - accuracy: 0.9878 96/146 [==================>...........] - ETA: 1:11 - loss: 0.0351 - accuracy: 0.9880 97/146 [==================>...........] - ETA: 1:10 - loss: 0.0348 - accuracy: 0.9881 98/146 [===================>..........] - ETA: 1:08 - loss: 0.0345 - accuracy: 0.9882 99/146 [===================>..........] - ETA: 1:07 - loss: 0.0342 - accuracy: 0.9883100/146 [===================>..........] - ETA: 1:06 - loss: 0.0341 - accuracy: 0.9884101/146 [===================>..........] - ETA: 1:04 - loss: 0.0345 - accuracy: 0.9882102/146 [===================>..........] - ETA: 1:03 - loss: 0.0342 - accuracy: 0.9884103/146 [====================>.........] - ETA: 1:01 - loss: 0.0342 - accuracy: 0.9885104/146 [====================>.........] - ETA: 1:00 - loss: 0.0347 - accuracy: 0.9883105/146 [====================>.........] - ETA: 59s - loss: 0.0345 - accuracy: 0.9884 106/146 [====================>.........] - ETA: 57s - loss: 0.0342 - accuracy: 0.9885107/146 [====================>.........] - ETA: 56s - loss: 0.0339 - accuracy: 0.9886108/146 [=====================>........] - ETA: 54s - loss: 0.0350 - accuracy: 0.9878109/146 [=====================>........] - ETA: 53s - loss: 0.0347 - accuracy: 0.9880110/146 [=====================>........] - ETA: 51s - loss: 0.0345 - accuracy: 0.9881111/146 [=====================>........] - ETA: 50s - loss: 0.0343 - accuracy: 0.9882112/146 [======================>.......] - ETA: 49s - loss: 0.0345 - accuracy: 0.9880113/146 [======================>.......] - ETA: 47s - loss: 0.0343 - accuracy: 0.9881114/146 [======================>.......] - ETA: 46s - loss: 0.0354 - accuracy: 0.9877115/146 [======================>.......] - ETA: 44s - loss: 0.0351 - accuracy: 0.9878116/146 [======================>.......] - ETA: 43s - loss: 0.0351 - accuracy: 0.9879117/146 [=======================>......] - ETA: 41s - loss: 0.0369 - accuracy: 0.9874118/146 [=======================>......] - ETA: 40s - loss: 0.0368 - accuracy: 0.9876119/146 [=======================>......] - ETA: 38s - loss: 0.0365 - accuracy: 0.9877120/146 [=======================>......] - ETA: 37s - loss: 0.0363 - accuracy: 0.9878121/146 [=======================>......] - ETA: 36s - loss: 0.0360 - accuracy: 0.9879122/146 [========================>.....] - ETA: 34s - loss: 0.0359 - accuracy: 0.9880123/146 [========================>.....] - ETA: 33s - loss: 0.0356 - accuracy: 0.9881124/146 [========================>.....] - ETA: 31s - loss: 0.0353 - accuracy: 0.9882125/146 [========================>.....] - ETA: 30s - loss: 0.0351 - accuracy: 0.9883126/146 [========================>.....] - ETA: 28s - loss: 0.0348 - accuracy: 0.9883127/146 [=========================>....] - ETA: 27s - loss: 0.0346 - accuracy: 0.9884128/146 [=========================>....] - ETA: 25s - loss: 0.0343 - accuracy: 0.9885129/146 [=========================>....] - ETA: 24s - loss: 0.0341 - accuracy: 0.9886130/146 [=========================>....] - ETA: 23s - loss: 0.0344 - accuracy: 0.9885131/146 [=========================>....] - ETA: 21s - loss: 0.0343 - accuracy: 0.9885132/146 [==========================>...] - ETA: 20s - loss: 0.0343 - accuracy: 0.9884133/146 [==========================>...] - ETA: 18s - loss: 0.0342 - accuracy: 0.9885134/146 [==========================>...] - ETA: 17s - loss: 0.0340 - accuracy: 0.9886135/146 [==========================>...] - ETA: 15s - loss: 0.0362 - accuracy: 0.9884136/146 [==========================>...] - ETA: 14s - loss: 0.0360 - accuracy: 0.9885137/146 [===========================>..] - ETA: 12s - loss: 0.0360 - accuracy: 0.9886138/146 [===========================>..] - ETA: 11s - loss: 0.0357 - accuracy: 0.9887139/146 [===========================>..] - ETA: 10s - loss: 0.0356 - accuracy: 0.9888140/146 [===========================>..] - ETA: 8s - loss: 0.0353 - accuracy: 0.9888 141/146 [===========================>..] - ETA: 7s - loss: 0.0353 - accuracy: 0.9889142/146 [============================>.] - ETA: 5s - loss: 0.0350 - accuracy: 0.9890143/146 [============================>.] - ETA: 4s - loss: 0.0349 - accuracy: 0.9891144/146 [============================>.] - ETA: 2s - loss: 0.0347 - accuracy: 0.9891145/146 [============================>.] - ETA: 1s - loss: 0.0346 - accuracy: 0.9892146/146 [==============================] - ETA: 0s - loss: 0.0345 - accuracy: 0.9892146/146 [==============================] - 228s 2s/step - loss: 0.0345 - accuracy: 0.9892 - val_loss: 0.5941 - val_accuracy: 0.9005
Epoch 65/108
  1/146 [..............................] - ETA: 3:32 - loss: 0.0033 - accuracy: 1.0000  2/146 [..............................] - ETA: 3:43 - loss: 0.0143 - accuracy: 1.0000  3/146 [..............................] - ETA: 3:37 - loss: 0.0143 - accuracy: 1.0000  4/146 [..............................] - ETA: 3:31 - loss: 0.0120 - accuracy: 1.0000  5/146 [>.............................] - ETA: 3:31 - loss: 0.0246 - accuracy: 0.9937  6/146 [>.............................] - ETA: 3:29 - loss: 0.0212 - accuracy: 0.9948  7/146 [>.............................] - ETA: 3:29 - loss: 0.0184 - accuracy: 0.9955  8/146 [>.............................] - ETA: 3:28 - loss: 0.0166 - accuracy: 0.9961  9/146 [>.............................] - ETA: 3:25 - loss: 0.0157 - accuracy: 0.9965 10/146 [=>............................] - ETA: 3:23 - loss: 0.0196 - accuracy: 0.9937 11/146 [=>............................] - ETA: 3:20 - loss: 0.0213 - accuracy: 0.9915 12/146 [=>............................] - ETA: 3:19 - loss: 0.0196 - accuracy: 0.9922 13/146 [=>............................] - ETA: 3:17 - loss: 0.0212 - accuracy: 0.9904 14/146 [=>............................] - ETA: 3:15 - loss: 0.0284 - accuracy: 0.9888 15/146 [==>...........................] - ETA: 3:13 - loss: 0.0265 - accuracy: 0.9896 16/146 [==>...........................] - ETA: 3:12 - loss: 0.0249 - accuracy: 0.9902 17/146 [==>...........................] - ETA: 3:10 - loss: 0.0240 - accuracy: 0.9908 18/146 [==>...........................] - ETA: 3:09 - loss: 0.0256 - accuracy: 0.9896 19/146 [==>...........................] - ETA: 3:06 - loss: 0.0243 - accuracy: 0.9901 20/146 [===>..........................] - ETA: 3:04 - loss: 0.0234 - accuracy: 0.9906 21/146 [===>..........................] - ETA: 3:03 - loss: 0.0223 - accuracy: 0.9911 22/146 [===>..........................] - ETA: 3:01 - loss: 0.0214 - accuracy: 0.9915 23/146 [===>..........................] - ETA: 2:59 - loss: 0.0205 - accuracy: 0.9918 24/146 [===>..........................] - ETA: 2:57 - loss: 0.0198 - accuracy: 0.9922 25/146 [====>.........................] - ETA: 2:55 - loss: 0.0193 - accuracy: 0.9925 26/146 [====>.........................] - ETA: 2:54 - loss: 0.0189 - accuracy: 0.9928 27/146 [====>.........................] - ETA: 2:52 - loss: 0.0183 - accuracy: 0.9931 28/146 [====>.........................] - ETA: 2:50 - loss: 0.0179 - accuracy: 0.9933 29/146 [====>.........................] - ETA: 2:48 - loss: 0.0173 - accuracy: 0.9935 30/146 [=====>........................] - ETA: 2:47 - loss: 0.0169 - accuracy: 0.9937 31/146 [=====>........................] - ETA: 2:45 - loss: 0.0164 - accuracy: 0.9940 32/146 [=====>........................] - ETA: 2:43 - loss: 0.0160 - accuracy: 0.9941 33/146 [=====>........................] - ETA: 2:41 - loss: 0.0157 - accuracy: 0.9943 34/146 [=====>........................] - ETA: 2:39 - loss: 0.0160 - accuracy: 0.9936 35/146 [======>.......................] - ETA: 2:37 - loss: 0.0160 - accuracy: 0.9937 36/146 [======>.......................] - ETA: 2:35 - loss: 0.0158 - accuracy: 0.9939 37/146 [======>.......................] - ETA: 2:33 - loss: 0.0153 - accuracy: 0.9941 38/146 [======>.......................] - ETA: 2:31 - loss: 0.0151 - accuracy: 0.9942 39/146 [=======>......................] - ETA: 2:29 - loss: 0.0148 - accuracy: 0.9944 40/146 [=======>......................] - ETA: 2:28 - loss: 0.0145 - accuracy: 0.9945 41/146 [=======>......................] - ETA: 2:27 - loss: 0.0142 - accuracy: 0.9947 42/146 [=======>......................] - ETA: 2:25 - loss: 0.0139 - accuracy: 0.9948 43/146 [=======>......................] - ETA: 2:24 - loss: 0.0140 - accuracy: 0.9949 44/146 [========>.....................] - ETA: 2:22 - loss: 0.0137 - accuracy: 0.9950 45/146 [========>.....................] - ETA: 2:21 - loss: 0.0137 - accuracy: 0.9951 46/146 [========>.....................] - ETA: 2:20 - loss: 0.0134 - accuracy: 0.9952 47/146 [========>.....................] - ETA: 2:19 - loss: 0.0131 - accuracy: 0.9953 48/146 [========>.....................] - ETA: 2:17 - loss: 0.0129 - accuracy: 0.9954 49/146 [=========>....................] - ETA: 2:16 - loss: 0.0135 - accuracy: 0.9949 50/146 [=========>....................] - ETA: 2:15 - loss: 0.0133 - accuracy: 0.9950 51/146 [=========>....................] - ETA: 2:13 - loss: 0.0133 - accuracy: 0.9951 52/146 [=========>....................] - ETA: 2:12 - loss: 0.0131 - accuracy: 0.9952 53/146 [=========>....................] - ETA: 2:11 - loss: 0.0129 - accuracy: 0.9953 54/146 [==========>...................] - ETA: 2:09 - loss: 0.0127 - accuracy: 0.9954 55/146 [==========>...................] - ETA: 2:08 - loss: 0.0127 - accuracy: 0.9955 56/146 [==========>...................] - ETA: 2:07 - loss: 0.0126 - accuracy: 0.9955 57/146 [==========>...................] - ETA: 2:05 - loss: 0.0125 - accuracy: 0.9956 58/146 [==========>...................] - ETA: 2:04 - loss: 0.0123 - accuracy: 0.9957 59/146 [===========>..................] - ETA: 2:03 - loss: 0.0121 - accuracy: 0.9958 60/146 [===========>..................] - ETA: 2:01 - loss: 0.0120 - accuracy: 0.9958 61/146 [===========>..................] - ETA: 2:00 - loss: 0.0135 - accuracy: 0.9954 62/146 [===========>..................] - ETA: 1:58 - loss: 0.0133 - accuracy: 0.9955 63/146 [===========>..................] - ETA: 1:57 - loss: 0.0131 - accuracy: 0.9955 64/146 [============>.................] - ETA: 1:56 - loss: 0.0130 - accuracy: 0.9956 65/146 [============>.................] - ETA: 1:54 - loss: 0.0129 - accuracy: 0.9957 66/146 [============>.................] - ETA: 1:53 - loss: 0.0127 - accuracy: 0.9957 67/146 [============>.................] - ETA: 1:52 - loss: 0.0126 - accuracy: 0.9958 68/146 [============>.................] - ETA: 1:50 - loss: 0.0131 - accuracy: 0.9954 69/146 [=============>................] - ETA: 1:49 - loss: 0.0130 - accuracy: 0.9955 70/146 [=============>................] - ETA: 1:48 - loss: 0.0128 - accuracy: 0.9955 71/146 [=============>................] - ETA: 1:46 - loss: 0.0128 - accuracy: 0.9956 72/146 [=============>................] - ETA: 1:45 - loss: 0.0127 - accuracy: 0.9957 73/146 [==============>...............] - ETA: 1:44 - loss: 0.0128 - accuracy: 0.9957 74/146 [==============>...............] - ETA: 1:43 - loss: 0.0133 - accuracy: 0.9954 75/146 [==============>...............] - ETA: 1:41 - loss: 0.0133 - accuracy: 0.9954 76/146 [==============>...............] - ETA: 1:40 - loss: 0.0132 - accuracy: 0.9955 77/146 [==============>...............] - ETA: 1:38 - loss: 0.0131 - accuracy: 0.9955 78/146 [===============>..............] - ETA: 1:37 - loss: 0.0132 - accuracy: 0.9956 79/146 [===============>..............] - ETA: 1:36 - loss: 0.0133 - accuracy: 0.9956 80/146 [===============>..............] - ETA: 1:34 - loss: 0.0132 - accuracy: 0.9957 81/146 [===============>..............] - ETA: 1:33 - loss: 0.0130 - accuracy: 0.9958 82/146 [===============>..............] - ETA: 1:31 - loss: 0.0129 - accuracy: 0.9958 83/146 [================>.............] - ETA: 1:30 - loss: 0.0128 - accuracy: 0.9959 84/146 [================>.............] - ETA: 1:29 - loss: 0.0127 - accuracy: 0.9959 85/146 [================>.............] - ETA: 1:27 - loss: 0.0130 - accuracy: 0.9956 86/146 [================>.............] - ETA: 1:26 - loss: 0.0129 - accuracy: 0.9956 87/146 [================>.............] - ETA: 1:24 - loss: 0.0127 - accuracy: 0.9957 88/146 [=================>............] - ETA: 1:23 - loss: 0.0126 - accuracy: 0.9957 89/146 [=================>............] - ETA: 1:21 - loss: 0.0126 - accuracy: 0.9958 90/146 [=================>............] - ETA: 1:20 - loss: 0.0125 - accuracy: 0.9958 91/146 [=================>............] - ETA: 1:19 - loss: 0.0126 - accuracy: 0.9959 92/146 [=================>............] - ETA: 1:17 - loss: 0.0125 - accuracy: 0.9959 93/146 [==================>...........] - ETA: 1:16 - loss: 0.0124 - accuracy: 0.9960 94/146 [==================>...........] - ETA: 1:14 - loss: 0.0125 - accuracy: 0.9960 95/146 [==================>...........] - ETA: 1:13 - loss: 0.0124 - accuracy: 0.9961 96/146 [==================>...........] - ETA: 1:11 - loss: 0.0123 - accuracy: 0.9961 97/146 [==================>...........] - ETA: 1:10 - loss: 0.0122 - accuracy: 0.9961 98/146 [===================>..........] - ETA: 1:08 - loss: 0.0130 - accuracy: 0.9959 99/146 [===================>..........] - ETA: 1:07 - loss: 0.0133 - accuracy: 0.9956100/146 [===================>..........] - ETA: 1:05 - loss: 0.0131 - accuracy: 0.9956101/146 [===================>..........] - ETA: 1:04 - loss: 0.0138 - accuracy: 0.9950102/146 [===================>..........] - ETA: 1:03 - loss: 0.0139 - accuracy: 0.9951103/146 [====================>.........] - ETA: 1:01 - loss: 0.0144 - accuracy: 0.9948104/146 [====================>.........] - ETA: 1:00 - loss: 0.0143 - accuracy: 0.9949105/146 [====================>.........] - ETA: 58s - loss: 0.0142 - accuracy: 0.9949 106/146 [====================>.........] - ETA: 57s - loss: 0.0142 - accuracy: 0.9950107/146 [====================>.........] - ETA: 55s - loss: 0.0142 - accuracy: 0.9950108/146 [=====================>........] - ETA: 54s - loss: 0.0143 - accuracy: 0.9951109/146 [=====================>........] - ETA: 53s - loss: 0.0148 - accuracy: 0.9948110/146 [=====================>........] - ETA: 51s - loss: 0.0148 - accuracy: 0.9949111/146 [=====================>........] - ETA: 50s - loss: 0.0186 - accuracy: 0.9944112/146 [======================>.......] - ETA: 48s - loss: 0.0191 - accuracy: 0.9941113/146 [======================>.......] - ETA: 47s - loss: 0.0213 - accuracy: 0.9934114/146 [======================>.......] - ETA: 45s - loss: 0.0212 - accuracy: 0.9934115/146 [======================>.......] - ETA: 44s - loss: 0.0211 - accuracy: 0.9935116/146 [======================>.......] - ETA: 43s - loss: 0.0211 - accuracy: 0.9935117/146 [=======================>......] - ETA: 41s - loss: 0.0210 - accuracy: 0.9936118/146 [=======================>......] - ETA: 40s - loss: 0.0209 - accuracy: 0.9936119/146 [=======================>......] - ETA: 38s - loss: 0.0214 - accuracy: 0.9934120/146 [=======================>......] - ETA: 37s - loss: 0.0213 - accuracy: 0.9935121/146 [=======================>......] - ETA: 35s - loss: 0.0239 - accuracy: 0.9925122/146 [========================>.....] - ETA: 34s - loss: 0.0239 - accuracy: 0.9926123/146 [========================>.....] - ETA: 33s - loss: 0.0242 - accuracy: 0.9924124/146 [========================>.....] - ETA: 31s - loss: 0.0241 - accuracy: 0.9924125/146 [========================>.....] - ETA: 30s - loss: 0.0240 - accuracy: 0.9925126/146 [========================>.....] - ETA: 28s - loss: 0.0243 - accuracy: 0.9923127/146 [=========================>....] - ETA: 27s - loss: 0.0241 - accuracy: 0.9924128/146 [=========================>....] - ETA: 25s - loss: 0.0241 - accuracy: 0.9924129/146 [=========================>....] - ETA: 24s - loss: 0.0241 - accuracy: 0.9925130/146 [=========================>....] - ETA: 23s - loss: 0.0246 - accuracy: 0.9923131/146 [=========================>....] - ETA: 21s - loss: 0.0245 - accuracy: 0.9924132/146 [==========================>...] - ETA: 20s - loss: 0.0245 - accuracy: 0.9924133/146 [==========================>...] - ETA: 18s - loss: 0.0244 - accuracy: 0.9925134/146 [==========================>...] - ETA: 17s - loss: 0.0242 - accuracy: 0.9925135/146 [==========================>...] - ETA: 15s - loss: 0.0241 - accuracy: 0.9926136/146 [==========================>...] - ETA: 14s - loss: 0.0240 - accuracy: 0.9926137/146 [===========================>..] - ETA: 12s - loss: 0.0239 - accuracy: 0.9927138/146 [===========================>..] - ETA: 11s - loss: 0.0238 - accuracy: 0.9928139/146 [===========================>..] - ETA: 10s - loss: 0.0237 - accuracy: 0.9928140/146 [===========================>..] - ETA: 8s - loss: 0.0236 - accuracy: 0.9929 141/146 [===========================>..] - ETA: 7s - loss: 0.0235 - accuracy: 0.9929142/146 [============================>.] - ETA: 5s - loss: 0.0234 - accuracy: 0.9930143/146 [============================>.] - ETA: 4s - loss: 0.0233 - accuracy: 0.9930144/146 [============================>.] - ETA: 2s - loss: 0.0232 - accuracy: 0.9931145/146 [============================>.] - ETA: 1s - loss: 0.0231 - accuracy: 0.9931146/146 [==============================] - ETA: 0s - loss: 0.0231 - accuracy: 0.9931146/146 [==============================] - 229s 2s/step - loss: 0.0231 - accuracy: 0.9931 - val_loss: 0.6503 - val_accuracy: 0.8917
Epoch 66/108
  1/146 [..............................] - ETA: 3:35 - loss: 0.0203 - accuracy: 1.0000  2/146 [..............................] - ETA: 3:49 - loss: 0.0343 - accuracy: 0.9844  3/146 [..............................] - ETA: 3:39 - loss: 0.0302 - accuracy: 0.9896  4/146 [..............................] - ETA: 3:37 - loss: 0.0242 - accuracy: 0.9922  5/146 [>.............................] - ETA: 3:34 - loss: 0.0198 - accuracy: 0.9937  6/146 [>.............................] - ETA: 3:33 - loss: 0.0166 - accuracy: 0.9948  7/146 [>.............................] - ETA: 3:30 - loss: 0.0164 - accuracy: 0.9955  8/146 [>.............................] - ETA: 3:27 - loss: 0.0161 - accuracy: 0.9961  9/146 [>.............................] - ETA: 3:25 - loss: 0.0154 - accuracy: 0.9965 10/146 [=>............................] - ETA: 3:25 - loss: 0.0152 - accuracy: 0.9969 11/146 [=>............................] - ETA: 3:23 - loss: 0.0169 - accuracy: 0.9972 12/146 [=>............................] - ETA: 3:21 - loss: 0.0157 - accuracy: 0.9974 13/146 [=>............................] - ETA: 3:20 - loss: 0.0149 - accuracy: 0.9976 14/146 [=>............................] - ETA: 3:18 - loss: 0.0138 - accuracy: 0.9978 15/146 [==>...........................] - ETA: 3:17 - loss: 0.0130 - accuracy: 0.9979 16/146 [==>...........................] - ETA: 3:15 - loss: 0.0141 - accuracy: 0.9961 17/146 [==>...........................] - ETA: 3:13 - loss: 0.0135 - accuracy: 0.9963 18/146 [==>...........................] - ETA: 3:11 - loss: 0.0127 - accuracy: 0.9965 19/146 [==>...........................] - ETA: 3:10 - loss: 0.0123 - accuracy: 0.9967 20/146 [===>..........................] - ETA: 3:08 - loss: 0.0158 - accuracy: 0.9953 21/146 [===>..........................] - ETA: 3:07 - loss: 0.0152 - accuracy: 0.9955 22/146 [===>..........................] - ETA: 3:05 - loss: 0.0161 - accuracy: 0.9943 23/146 [===>..........................] - ETA: 3:03 - loss: 0.0155 - accuracy: 0.9946 24/146 [===>..........................] - ETA: 3:01 - loss: 0.0169 - accuracy: 0.9935 25/146 [====>.........................] - ETA: 3:00 - loss: 0.0162 - accuracy: 0.9937 26/146 [====>.........................] - ETA: 2:58 - loss: 0.0158 - accuracy: 0.9940 27/146 [====>.........................] - ETA: 2:57 - loss: 0.0154 - accuracy: 0.9942 28/146 [====>.........................] - ETA: 2:56 - loss: 0.0149 - accuracy: 0.9944 29/146 [====>.........................] - ETA: 2:54 - loss: 0.0145 - accuracy: 0.9946 30/146 [=====>........................] - ETA: 2:53 - loss: 0.0146 - accuracy: 0.9948 31/146 [=====>........................] - ETA: 2:52 - loss: 0.0142 - accuracy: 0.9950 32/146 [=====>........................] - ETA: 2:50 - loss: 0.0140 - accuracy: 0.9951 33/146 [=====>........................] - ETA: 2:48 - loss: 0.0136 - accuracy: 0.9953 34/146 [=====>........................] - ETA: 2:47 - loss: 0.0137 - accuracy: 0.9954 35/146 [======>.......................] - ETA: 2:45 - loss: 0.0137 - accuracy: 0.9955 36/146 [======>.......................] - ETA: 2:44 - loss: 0.0138 - accuracy: 0.9957 37/146 [======>.......................] - ETA: 2:42 - loss: 0.0134 - accuracy: 0.9958 38/146 [======>.......................] - ETA: 2:40 - loss: 0.0132 - accuracy: 0.9959 39/146 [=======>......................] - ETA: 2:39 - loss: 0.0135 - accuracy: 0.9952 40/146 [=======>......................] - ETA: 2:37 - loss: 0.0131 - accuracy: 0.9953 41/146 [=======>......................] - ETA: 2:36 - loss: 0.0129 - accuracy: 0.9954 42/146 [=======>......................] - ETA: 2:34 - loss: 0.0126 - accuracy: 0.9955 43/146 [=======>......................] - ETA: 2:33 - loss: 0.0124 - accuracy: 0.9956 44/146 [========>.....................] - ETA: 2:31 - loss: 0.0123 - accuracy: 0.9957 45/146 [========>.....................] - ETA: 2:29 - loss: 0.0121 - accuracy: 0.9958 46/146 [========>.....................] - ETA: 2:28 - loss: 0.0123 - accuracy: 0.9952 47/146 [========>.....................] - ETA: 2:26 - loss: 0.0120 - accuracy: 0.9953 48/146 [========>.....................] - ETA: 2:25 - loss: 0.0121 - accuracy: 0.9954 49/146 [=========>....................] - ETA: 2:23 - loss: 0.0119 - accuracy: 0.9955 50/146 [=========>....................] - ETA: 2:22 - loss: 0.0117 - accuracy: 0.9956 51/146 [=========>....................] - ETA: 2:20 - loss: 0.0114 - accuracy: 0.9957 52/146 [=========>....................] - ETA: 2:19 - loss: 0.0155 - accuracy: 0.9952 53/146 [=========>....................] - ETA: 2:17 - loss: 0.0154 - accuracy: 0.9953 54/146 [==========>...................] - ETA: 2:16 - loss: 0.0152 - accuracy: 0.9954 55/146 [==========>...................] - ETA: 2:14 - loss: 0.0149 - accuracy: 0.9955 56/146 [==========>...................] - ETA: 2:12 - loss: 0.0147 - accuracy: 0.9955 57/146 [==========>...................] - ETA: 2:11 - loss: 0.0144 - accuracy: 0.9956 58/146 [==========>...................] - ETA: 2:09 - loss: 0.0160 - accuracy: 0.9952 59/146 [===========>..................] - ETA: 2:07 - loss: 0.0157 - accuracy: 0.9952 60/146 [===========>..................] - ETA: 2:06 - loss: 0.0155 - accuracy: 0.9953 61/146 [===========>..................] - ETA: 2:04 - loss: 0.0153 - accuracy: 0.9954 62/146 [===========>..................] - ETA: 2:03 - loss: 0.0151 - accuracy: 0.9955 63/146 [===========>..................] - ETA: 2:01 - loss: 0.0149 - accuracy: 0.9955 64/146 [============>.................] - ETA: 1:59 - loss: 0.0148 - accuracy: 0.9956 65/146 [============>.................] - ETA: 1:58 - loss: 0.0153 - accuracy: 0.9952 66/146 [============>.................] - ETA: 1:56 - loss: 0.0153 - accuracy: 0.9953 67/146 [============>.................] - ETA: 1:54 - loss: 0.0156 - accuracy: 0.9949 68/146 [============>.................] - ETA: 1:52 - loss: 0.0155 - accuracy: 0.9949 69/146 [=============>................] - ETA: 1:50 - loss: 0.0155 - accuracy: 0.9950 70/146 [=============>................] - ETA: 1:49 - loss: 0.0153 - accuracy: 0.9951 71/146 [=============>................] - ETA: 1:47 - loss: 0.0151 - accuracy: 0.9952 72/146 [=============>................] - ETA: 1:45 - loss: 0.0151 - accuracy: 0.9952 73/146 [==============>...............] - ETA: 1:44 - loss: 0.0149 - accuracy: 0.9953 74/146 [==============>...............] - ETA: 1:42 - loss: 0.0147 - accuracy: 0.9954 75/146 [==============>...............] - ETA: 1:41 - loss: 0.0147 - accuracy: 0.9954 76/146 [==============>...............] - ETA: 1:39 - loss: 0.0146 - accuracy: 0.9955 77/146 [==============>...............] - ETA: 1:37 - loss: 0.0144 - accuracy: 0.9955 78/146 [===============>..............] - ETA: 1:36 - loss: 0.0148 - accuracy: 0.9952 79/146 [===============>..............] - ETA: 1:34 - loss: 0.0147 - accuracy: 0.9953 80/146 [===============>..............] - ETA: 1:32 - loss: 0.0145 - accuracy: 0.9953 81/146 [===============>..............] - ETA: 1:31 - loss: 0.0145 - accuracy: 0.9954 82/146 [===============>..............] - ETA: 1:30 - loss: 0.0143 - accuracy: 0.9954 83/146 [================>.............] - ETA: 1:28 - loss: 0.0142 - accuracy: 0.9955 84/146 [================>.............] - ETA: 1:27 - loss: 0.0141 - accuracy: 0.9955 85/146 [================>.............] - ETA: 1:25 - loss: 0.0139 - accuracy: 0.9956 86/146 [================>.............] - ETA: 1:24 - loss: 0.0140 - accuracy: 0.9956 87/146 [================>.............] - ETA: 1:22 - loss: 0.0139 - accuracy: 0.9957 88/146 [=================>............] - ETA: 1:21 - loss: 0.0137 - accuracy: 0.9957 89/146 [=================>............] - ETA: 1:19 - loss: 0.0136 - accuracy: 0.9958 90/146 [=================>............] - ETA: 1:18 - loss: 0.0135 - accuracy: 0.9958 91/146 [=================>............] - ETA: 1:16 - loss: 0.0134 - accuracy: 0.9959 92/146 [=================>............] - ETA: 1:15 - loss: 0.0176 - accuracy: 0.9956 93/146 [==================>...........] - ETA: 1:13 - loss: 0.0175 - accuracy: 0.9956 94/146 [==================>...........] - ETA: 1:12 - loss: 0.0173 - accuracy: 0.9957 95/146 [==================>...........] - ETA: 1:11 - loss: 0.0173 - accuracy: 0.9957 96/146 [==================>...........] - ETA: 1:09 - loss: 0.0179 - accuracy: 0.9954 97/146 [==================>...........] - ETA: 1:08 - loss: 0.0178 - accuracy: 0.9955 98/146 [===================>..........] - ETA: 1:06 - loss: 0.0185 - accuracy: 0.9952 99/146 [===================>..........] - ETA: 1:05 - loss: 0.0183 - accuracy: 0.9953100/146 [===================>..........] - ETA: 1:04 - loss: 0.0182 - accuracy: 0.9953101/146 [===================>..........] - ETA: 1:02 - loss: 0.0180 - accuracy: 0.9954102/146 [===================>..........] - ETA: 1:01 - loss: 0.0179 - accuracy: 0.9954103/146 [====================>.........] - ETA: 1:00 - loss: 0.0178 - accuracy: 0.9954104/146 [====================>.........] - ETA: 58s - loss: 0.0177 - accuracy: 0.9955 105/146 [====================>.........] - ETA: 57s - loss: 0.0177 - accuracy: 0.9955106/146 [====================>.........] - ETA: 56s - loss: 0.0177 - accuracy: 0.9956107/146 [====================>.........] - ETA: 54s - loss: 0.0182 - accuracy: 0.9953108/146 [=====================>........] - ETA: 53s - loss: 0.0181 - accuracy: 0.9954109/146 [=====================>........] - ETA: 51s - loss: 0.0191 - accuracy: 0.9951110/146 [=====================>........] - ETA: 50s - loss: 0.0190 - accuracy: 0.9952111/146 [=====================>........] - ETA: 49s - loss: 0.0189 - accuracy: 0.9952112/146 [======================>.......] - ETA: 47s - loss: 0.0188 - accuracy: 0.9953113/146 [======================>.......] - ETA: 46s - loss: 0.0187 - accuracy: 0.9953114/146 [======================>.......] - ETA: 44s - loss: 0.0195 - accuracy: 0.9951115/146 [======================>.......] - ETA: 43s - loss: 0.0193 - accuracy: 0.9951116/146 [======================>.......] - ETA: 42s - loss: 0.0192 - accuracy: 0.9952117/146 [=======================>......] - ETA: 40s - loss: 0.0191 - accuracy: 0.9952118/146 [=======================>......] - ETA: 39s - loss: 0.0193 - accuracy: 0.9950119/146 [=======================>......] - ETA: 37s - loss: 0.0193 - accuracy: 0.9950120/146 [=======================>......] - ETA: 36s - loss: 0.0195 - accuracy: 0.9948121/146 [=======================>......] - ETA: 35s - loss: 0.0194 - accuracy: 0.9948122/146 [========================>.....] - ETA: 33s - loss: 0.0195 - accuracy: 0.9949123/146 [========================>.....] - ETA: 32s - loss: 0.0194 - accuracy: 0.9949124/146 [========================>.....] - ETA: 31s - loss: 0.0195 - accuracy: 0.9947125/146 [========================>.....] - ETA: 29s - loss: 0.0197 - accuracy: 0.9945126/146 [========================>.....] - ETA: 28s - loss: 0.0207 - accuracy: 0.9940127/146 [=========================>....] - ETA: 26s - loss: 0.0205 - accuracy: 0.9941128/146 [=========================>....] - ETA: 25s - loss: 0.0204 - accuracy: 0.9941129/146 [=========================>....] - ETA: 24s - loss: 0.0208 - accuracy: 0.9939130/146 [=========================>....] - ETA: 22s - loss: 0.0207 - accuracy: 0.9940131/146 [=========================>....] - ETA: 21s - loss: 0.0207 - accuracy: 0.9940132/146 [==========================>...] - ETA: 19s - loss: 0.0209 - accuracy: 0.9938133/146 [==========================>...] - ETA: 18s - loss: 0.0209 - accuracy: 0.9939134/146 [==========================>...] - ETA: 16s - loss: 0.0211 - accuracy: 0.9937135/146 [==========================>...] - ETA: 15s - loss: 0.0212 - accuracy: 0.9935136/146 [==========================>...] - ETA: 14s - loss: 0.0211 - accuracy: 0.9936137/146 [===========================>..] - ETA: 12s - loss: 0.0210 - accuracy: 0.9936138/146 [===========================>..] - ETA: 11s - loss: 0.0208 - accuracy: 0.9937139/146 [===========================>..] - ETA: 9s - loss: 0.0207 - accuracy: 0.9937 140/146 [===========================>..] - ETA: 8s - loss: 0.0206 - accuracy: 0.9937141/146 [===========================>..] - ETA: 7s - loss: 0.0210 - accuracy: 0.9936142/146 [============================>.] - ETA: 5s - loss: 0.0212 - accuracy: 0.9934143/146 [============================>.] - ETA: 4s - loss: 0.0212 - accuracy: 0.9934144/146 [============================>.] - ETA: 2s - loss: 0.0212 - accuracy: 0.9935145/146 [============================>.] - ETA: 1s - loss: 0.0215 - accuracy: 0.9933146/146 [==============================] - ETA: 0s - loss: 0.0215 - accuracy: 0.9933146/146 [==============================] - 226s 2s/step - loss: 0.0215 - accuracy: 0.9933 - val_loss: 0.6786 - val_accuracy: 0.9029
Epoch 67/108
  1/146 [..............................] - ETA: 3:34 - loss: 0.0109 - accuracy: 1.0000  2/146 [..............................] - ETA: 3:26 - loss: 0.0061 - accuracy: 1.0000  3/146 [..............................] - ETA: 3:28 - loss: 0.0060 - accuracy: 1.0000  4/146 [..............................] - ETA: 3:28 - loss: 0.0111 - accuracy: 0.9922  5/146 [>.............................] - ETA: 3:24 - loss: 0.0095 - accuracy: 0.9937  6/146 [>.............................] - ETA: 3:24 - loss: 0.0092 - accuracy: 0.9948  7/146 [>.............................] - ETA: 3:21 - loss: 0.0082 - accuracy: 0.9955  8/146 [>.............................] - ETA: 3:21 - loss: 0.0074 - accuracy: 0.9961  9/146 [>.............................] - ETA: 3:20 - loss: 0.0068 - accuracy: 0.9965 10/146 [=>............................] - ETA: 3:18 - loss: 0.0063 - accuracy: 0.9969 11/146 [=>............................] - ETA: 3:16 - loss: 0.0074 - accuracy: 0.9972 12/146 [=>............................] - ETA: 3:15 - loss: 0.0068 - accuracy: 0.9974 13/146 [=>............................] - ETA: 3:13 - loss: 0.0067 - accuracy: 0.9976 14/146 [=>............................] - ETA: 3:12 - loss: 0.0066 - accuracy: 0.9978 15/146 [==>...........................] - ETA: 3:11 - loss: 0.0062 - accuracy: 0.9979 16/146 [==>...........................] - ETA: 3:10 - loss: 0.0069 - accuracy: 0.9980 17/146 [==>...........................] - ETA: 3:09 - loss: 0.0065 - accuracy: 0.9982 18/146 [==>...........................] - ETA: 3:08 - loss: 0.0065 - accuracy: 0.9983 19/146 [==>...........................] - ETA: 3:06 - loss: 0.0076 - accuracy: 0.9984 20/146 [===>..........................] - ETA: 3:05 - loss: 0.0074 - accuracy: 0.9984 21/146 [===>..........................] - ETA: 3:04 - loss: 0.0071 - accuracy: 0.9985 22/146 [===>..........................] - ETA: 3:02 - loss: 0.0073 - accuracy: 0.9986 23/146 [===>..........................] - ETA: 3:01 - loss: 0.0080 - accuracy: 0.9973 24/146 [===>..........................] - ETA: 2:58 - loss: 0.0079 - accuracy: 0.9974 25/146 [====>.........................] - ETA: 2:57 - loss: 0.0077 - accuracy: 0.9975 26/146 [====>.........................] - ETA: 2:56 - loss: 0.0077 - accuracy: 0.9976 27/146 [====>.........................] - ETA: 2:54 - loss: 0.0074 - accuracy: 0.9977 28/146 [====>.........................] - ETA: 2:52 - loss: 0.0073 - accuracy: 0.9978 29/146 [====>.........................] - ETA: 2:50 - loss: 0.0071 - accuracy: 0.9978 30/146 [=====>........................] - ETA: 2:47 - loss: 0.0073 - accuracy: 0.9979 31/146 [=====>........................] - ETA: 2:46 - loss: 0.0077 - accuracy: 0.9980 32/146 [=====>........................] - ETA: 2:44 - loss: 0.0091 - accuracy: 0.9971 33/146 [=====>........................] - ETA: 2:42 - loss: 0.0099 - accuracy: 0.9962 34/146 [=====>........................] - ETA: 2:40 - loss: 0.0099 - accuracy: 0.9963 35/146 [======>.......................] - ETA: 2:38 - loss: 0.0101 - accuracy: 0.9964 36/146 [======>.......................] - ETA: 2:37 - loss: 0.0099 - accuracy: 0.9965 37/146 [======>.......................] - ETA: 2:34 - loss: 0.0098 - accuracy: 0.9966 38/146 [======>.......................] - ETA: 2:32 - loss: 0.0096 - accuracy: 0.9967 39/146 [=======>......................] - ETA: 2:30 - loss: 0.0094 - accuracy: 0.9968 40/146 [=======>......................] - ETA: 2:28 - loss: 0.0149 - accuracy: 0.9961 41/146 [=======>......................] - ETA: 2:25 - loss: 0.0147 - accuracy: 0.9962 42/146 [=======>......................] - ETA: 2:23 - loss: 0.0144 - accuracy: 0.9963 43/146 [=======>......................] - ETA: 2:22 - loss: 0.0141 - accuracy: 0.9964 44/146 [========>.....................] - ETA: 2:20 - loss: 0.0142 - accuracy: 0.9964 45/146 [========>.....................] - ETA: 2:19 - loss: 0.0139 - accuracy: 0.9965 46/146 [========>.....................] - ETA: 2:18 - loss: 0.0136 - accuracy: 0.9966 47/146 [========>.....................] - ETA: 2:17 - loss: 0.0139 - accuracy: 0.9960 48/146 [========>.....................] - ETA: 2:16 - loss: 0.0151 - accuracy: 0.9954 49/146 [=========>....................] - ETA: 2:14 - loss: 0.0148 - accuracy: 0.9955 50/146 [=========>....................] - ETA: 2:13 - loss: 0.0145 - accuracy: 0.9956 51/146 [=========>....................] - ETA: 2:12 - loss: 0.0145 - accuracy: 0.9957 52/146 [=========>....................] - ETA: 2:11 - loss: 0.0142 - accuracy: 0.9958 53/146 [=========>....................] - ETA: 2:09 - loss: 0.0141 - accuracy: 0.9959 54/146 [==========>...................] - ETA: 2:08 - loss: 0.0139 - accuracy: 0.9959 55/146 [==========>...................] - ETA: 2:07 - loss: 0.0137 - accuracy: 0.9960 56/146 [==========>...................] - ETA: 2:06 - loss: 0.0135 - accuracy: 0.9961 57/146 [==========>...................] - ETA: 2:04 - loss: 0.0133 - accuracy: 0.9962 58/146 [==========>...................] - ETA: 2:03 - loss: 0.0140 - accuracy: 0.9957 59/146 [===========>..................] - ETA: 2:02 - loss: 0.0138 - accuracy: 0.9958 60/146 [===========>..................] - ETA: 2:00 - loss: 0.0136 - accuracy: 0.9958 61/146 [===========>..................] - ETA: 1:59 - loss: 0.0150 - accuracy: 0.9954 62/146 [===========>..................] - ETA: 1:58 - loss: 0.0148 - accuracy: 0.9955 63/146 [===========>..................] - ETA: 1:56 - loss: 0.0146 - accuracy: 0.9955 64/146 [============>.................] - ETA: 1:55 - loss: 0.0144 - accuracy: 0.9956 65/146 [============>.................] - ETA: 1:54 - loss: 0.0142 - accuracy: 0.9957 66/146 [============>.................] - ETA: 1:53 - loss: 0.0141 - accuracy: 0.9957 67/146 [============>.................] - ETA: 1:51 - loss: 0.0143 - accuracy: 0.9953 68/146 [============>.................] - ETA: 1:50 - loss: 0.0143 - accuracy: 0.9954 69/146 [=============>................] - ETA: 1:49 - loss: 0.0143 - accuracy: 0.9955 70/146 [=============>................] - ETA: 1:47 - loss: 0.0141 - accuracy: 0.9955 71/146 [=============>................] - ETA: 1:46 - loss: 0.0139 - accuracy: 0.9956 72/146 [=============>................] - ETA: 1:45 - loss: 0.0138 - accuracy: 0.9957 73/146 [==============>...............] - ETA: 1:43 - loss: 0.0140 - accuracy: 0.9957 74/146 [==============>...............] - ETA: 1:42 - loss: 0.0147 - accuracy: 0.9954 75/146 [==============>...............] - ETA: 1:40 - loss: 0.0145 - accuracy: 0.9954 76/146 [==============>...............] - ETA: 1:39 - loss: 0.0151 - accuracy: 0.9951 77/146 [==============>...............] - ETA: 1:38 - loss: 0.0159 - accuracy: 0.9947 78/146 [===============>..............] - ETA: 1:36 - loss: 0.0157 - accuracy: 0.9948 79/146 [===============>..............] - ETA: 1:35 - loss: 0.0171 - accuracy: 0.9945 80/146 [===============>..............] - ETA: 1:34 - loss: 0.0169 - accuracy: 0.9945 81/146 [===============>..............] - ETA: 1:32 - loss: 0.0167 - accuracy: 0.9946 82/146 [===============>..............] - ETA: 1:31 - loss: 0.0171 - accuracy: 0.9943 83/146 [================>.............] - ETA: 1:29 - loss: 0.0171 - accuracy: 0.9944 84/146 [================>.............] - ETA: 1:28 - loss: 0.0174 - accuracy: 0.9940 85/146 [================>.............] - ETA: 1:27 - loss: 0.0173 - accuracy: 0.9941 86/146 [================>.............] - ETA: 1:25 - loss: 0.0174 - accuracy: 0.9942 87/146 [================>.............] - ETA: 1:24 - loss: 0.0172 - accuracy: 0.9943 88/146 [=================>............] - ETA: 1:22 - loss: 0.0171 - accuracy: 0.9943 89/146 [=================>............] - ETA: 1:21 - loss: 0.0170 - accuracy: 0.9944 90/146 [=================>............] - ETA: 1:20 - loss: 0.0170 - accuracy: 0.9944 91/146 [=================>............] - ETA: 1:18 - loss: 0.0168 - accuracy: 0.9945 92/146 [=================>............] - ETA: 1:17 - loss: 0.0166 - accuracy: 0.9946 93/146 [==================>...........] - ETA: 1:15 - loss: 0.0166 - accuracy: 0.9946 94/146 [==================>...........] - ETA: 1:14 - loss: 0.0168 - accuracy: 0.9943 95/146 [==================>...........] - ETA: 1:13 - loss: 0.0170 - accuracy: 0.9944 96/146 [==================>...........] - ETA: 1:11 - loss: 0.0168 - accuracy: 0.9945 97/146 [==================>...........] - ETA: 1:10 - loss: 0.0166 - accuracy: 0.9945 98/146 [===================>..........] - ETA: 1:08 - loss: 0.0167 - accuracy: 0.9946 99/146 [===================>..........] - ETA: 1:07 - loss: 0.0166 - accuracy: 0.9946100/146 [===================>..........] - ETA: 1:06 - loss: 0.0168 - accuracy: 0.9944101/146 [===================>..........] - ETA: 1:04 - loss: 0.0168 - accuracy: 0.9944102/146 [===================>..........] - ETA: 1:03 - loss: 0.0166 - accuracy: 0.9945103/146 [====================>.........] - ETA: 1:01 - loss: 0.0168 - accuracy: 0.9942104/146 [====================>.........] - ETA: 1:00 - loss: 0.0166 - accuracy: 0.9943105/146 [====================>.........] - ETA: 58s - loss: 0.0166 - accuracy: 0.9943 106/146 [====================>.........] - ETA: 57s - loss: 0.0165 - accuracy: 0.9944107/146 [====================>.........] - ETA: 56s - loss: 0.0164 - accuracy: 0.9945108/146 [=====================>........] - ETA: 54s - loss: 0.0164 - accuracy: 0.9945109/146 [=====================>........] - ETA: 53s - loss: 0.0162 - accuracy: 0.9946110/146 [=====================>........] - ETA: 51s - loss: 0.0162 - accuracy: 0.9946111/146 [=====================>........] - ETA: 50s - loss: 0.0161 - accuracy: 0.9947112/146 [======================>.......] - ETA: 48s - loss: 0.0160 - accuracy: 0.9947113/146 [======================>.......] - ETA: 47s - loss: 0.0159 - accuracy: 0.9947114/146 [======================>.......] - ETA: 46s - loss: 0.0166 - accuracy: 0.9942115/146 [======================>.......] - ETA: 44s - loss: 0.0167 - accuracy: 0.9943116/146 [======================>.......] - ETA: 43s - loss: 0.0166 - accuracy: 0.9943117/146 [=======================>......] - ETA: 41s - loss: 0.0167 - accuracy: 0.9944118/146 [=======================>......] - ETA: 40s - loss: 0.0169 - accuracy: 0.9942119/146 [=======================>......] - ETA: 38s - loss: 0.0167 - accuracy: 0.9942120/146 [=======================>......] - ETA: 37s - loss: 0.0167 - accuracy: 0.9943121/146 [=======================>......] - ETA: 36s - loss: 0.0165 - accuracy: 0.9943122/146 [========================>.....] - ETA: 34s - loss: 0.0164 - accuracy: 0.9944123/146 [========================>.....] - ETA: 33s - loss: 0.0164 - accuracy: 0.9944124/146 [========================>.....] - ETA: 31s - loss: 0.0163 - accuracy: 0.9945125/146 [========================>.....] - ETA: 30s - loss: 0.0165 - accuracy: 0.9942126/146 [========================>.....] - ETA: 28s - loss: 0.0164 - accuracy: 0.9943127/146 [=========================>....] - ETA: 27s - loss: 0.0163 - accuracy: 0.9943128/146 [=========================>....] - ETA: 25s - loss: 0.0163 - accuracy: 0.9944129/146 [=========================>....] - ETA: 24s - loss: 0.0162 - accuracy: 0.9944130/146 [=========================>....] - ETA: 23s - loss: 0.0161 - accuracy: 0.9945131/146 [=========================>....] - ETA: 21s - loss: 0.0160 - accuracy: 0.9945132/146 [==========================>...] - ETA: 20s - loss: 0.0161 - accuracy: 0.9946133/146 [==========================>...] - ETA: 18s - loss: 0.0174 - accuracy: 0.9944134/146 [==========================>...] - ETA: 17s - loss: 0.0174 - accuracy: 0.9944135/146 [==========================>...] - ETA: 15s - loss: 0.0174 - accuracy: 0.9944136/146 [==========================>...] - ETA: 14s - loss: 0.0183 - accuracy: 0.9943137/146 [===========================>..] - ETA: 12s - loss: 0.0182 - accuracy: 0.9943138/146 [===========================>..] - ETA: 11s - loss: 0.0191 - accuracy: 0.9941139/146 [===========================>..] - ETA: 10s - loss: 0.0201 - accuracy: 0.9939140/146 [===========================>..] - ETA: 8s - loss: 0.0199 - accuracy: 0.9940 141/146 [===========================>..] - ETA: 7s - loss: 0.0207 - accuracy: 0.9936142/146 [============================>.] - ETA: 5s - loss: 0.0209 - accuracy: 0.9936143/146 [============================>.] - ETA: 4s - loss: 0.0213 - accuracy: 0.9934144/146 [============================>.] - ETA: 2s - loss: 0.0212 - accuracy: 0.9935145/146 [============================>.] - ETA: 1s - loss: 0.0211 - accuracy: 0.9935146/146 [==============================] - ETA: 0s - loss: 0.0211 - accuracy: 0.9935146/146 [==============================] - 225s 2s/step - loss: 0.0211 - accuracy: 0.9935 - val_loss: 0.6547 - val_accuracy: 0.9005
Epoch 68/108
  1/146 [..............................] - ETA: 3:18 - loss: 0.0013 - accuracy: 1.0000  2/146 [..............................] - ETA: 3:01 - loss: 0.0078 - accuracy: 1.0000  3/146 [..............................] - ETA: 3:06 - loss: 0.0198 - accuracy: 1.0000  4/146 [..............................] - ETA: 3:04 - loss: 0.0164 - accuracy: 1.0000  5/146 [>.............................] - ETA: 3:05 - loss: 0.0142 - accuracy: 1.0000  6/146 [>.............................] - ETA: 3:03 - loss: 0.0138 - accuracy: 1.0000  7/146 [>.............................] - ETA: 3:02 - loss: 0.0119 - accuracy: 1.0000  8/146 [>.............................] - ETA: 3:01 - loss: 0.0348 - accuracy: 0.9961  9/146 [>.............................] - ETA: 3:00 - loss: 0.0309 - accuracy: 0.9965 10/146 [=>............................] - ETA: 2:57 - loss: 0.0303 - accuracy: 0.9969 11/146 [=>............................] - ETA: 2:52 - loss: 0.0292 - accuracy: 0.9972 12/146 [=>............................] - ETA: 2:48 - loss: 0.0271 - accuracy: 0.9974 13/146 [=>............................] - ETA: 2:46 - loss: 0.0255 - accuracy: 0.9976 14/146 [=>............................] - ETA: 2:44 - loss: 0.0264 - accuracy: 0.9955 15/146 [==>...........................] - ETA: 2:43 - loss: 0.0265 - accuracy: 0.9958 16/146 [==>...........................] - ETA: 2:41 - loss: 0.0249 - accuracy: 0.9961 17/146 [==>...........................] - ETA: 2:39 - loss: 0.0241 - accuracy: 0.9963 18/146 [==>...........................] - ETA: 2:37 - loss: 0.0242 - accuracy: 0.9948 19/146 [==>...........................] - ETA: 2:35 - loss: 0.0236 - accuracy: 0.9951 20/146 [===>..........................] - ETA: 2:34 - loss: 0.0239 - accuracy: 0.9937 21/146 [===>..........................] - ETA: 2:32 - loss: 0.0251 - accuracy: 0.9926 22/146 [===>..........................] - ETA: 2:31 - loss: 0.0259 - accuracy: 0.9915 23/146 [===>..........................] - ETA: 2:29 - loss: 0.0248 - accuracy: 0.9918 24/146 [===>..........................] - ETA: 2:27 - loss: 0.0238 - accuracy: 0.9922 25/146 [====>.........................] - ETA: 2:26 - loss: 0.0231 - accuracy: 0.9925 26/146 [====>.........................] - ETA: 2:24 - loss: 0.0230 - accuracy: 0.9928 27/146 [====>.........................] - ETA: 2:23 - loss: 0.0228 - accuracy: 0.9931 28/146 [====>.........................] - ETA: 2:21 - loss: 0.0231 - accuracy: 0.9922 29/146 [====>.........................] - ETA: 2:20 - loss: 0.0224 - accuracy: 0.9925 30/146 [=====>........................] - ETA: 2:19 - loss: 0.0244 - accuracy: 0.9917 31/146 [=====>........................] - ETA: 2:17 - loss: 0.0246 - accuracy: 0.9919 32/146 [=====>........................] - ETA: 2:16 - loss: 0.0241 - accuracy: 0.9922 33/146 [=====>........................] - ETA: 2:14 - loss: 0.0238 - accuracy: 0.9924 34/146 [=====>........................] - ETA: 2:13 - loss: 0.0237 - accuracy: 0.9926 35/146 [======>.......................] - ETA: 2:12 - loss: 0.0239 - accuracy: 0.9929 36/146 [======>.......................] - ETA: 2:10 - loss: 0.0232 - accuracy: 0.9931 37/146 [======>.......................] - ETA: 2:09 - loss: 0.0240 - accuracy: 0.9924 38/146 [======>.......................] - ETA: 2:08 - loss: 0.0234 - accuracy: 0.9926 39/146 [=======>......................] - ETA: 2:07 - loss: 0.0228 - accuracy: 0.9928 40/146 [=======>......................] - ETA: 2:06 - loss: 0.0228 - accuracy: 0.9930 41/146 [=======>......................] - ETA: 2:05 - loss: 0.0223 - accuracy: 0.9931 42/146 [=======>......................] - ETA: 2:03 - loss: 0.0241 - accuracy: 0.9926 43/146 [=======>......................] - ETA: 2:02 - loss: 0.0238 - accuracy: 0.9927 44/146 [========>.....................] - ETA: 2:01 - loss: 0.0233 - accuracy: 0.9929 45/146 [========>.....................] - ETA: 2:00 - loss: 0.0231 - accuracy: 0.9931 46/146 [========>.....................] - ETA: 1:59 - loss: 0.0232 - accuracy: 0.9932 47/146 [========>.....................] - ETA: 1:57 - loss: 0.0234 - accuracy: 0.9927 48/146 [========>.....................] - ETA: 1:56 - loss: 0.0230 - accuracy: 0.9928 49/146 [=========>....................] - ETA: 1:55 - loss: 0.0228 - accuracy: 0.9930 50/146 [=========>....................] - ETA: 1:54 - loss: 0.0234 - accuracy: 0.9925 51/146 [=========>....................] - ETA: 1:52 - loss: 0.0230 - accuracy: 0.9926 52/146 [=========>....................] - ETA: 1:51 - loss: 0.0227 - accuracy: 0.9928 53/146 [=========>....................] - ETA: 1:50 - loss: 0.0252 - accuracy: 0.9917 54/146 [==========>...................] - ETA: 1:49 - loss: 0.0251 - accuracy: 0.9919 55/146 [==========>...................] - ETA: 1:47 - loss: 0.0247 - accuracy: 0.9920 56/146 [==========>...................] - ETA: 1:46 - loss: 0.0245 - accuracy: 0.9922 57/146 [==========>...................] - ETA: 1:45 - loss: 0.0242 - accuracy: 0.9923 58/146 [==========>...................] - ETA: 1:44 - loss: 0.0240 - accuracy: 0.9925 59/146 [===========>..................] - ETA: 1:43 - loss: 0.0242 - accuracy: 0.9921 60/146 [===========>..................] - ETA: 1:42 - loss: 0.0239 - accuracy: 0.9922 61/146 [===========>..................] - ETA: 1:41 - loss: 0.0238 - accuracy: 0.9923 62/146 [===========>..................] - ETA: 1:40 - loss: 0.0237 - accuracy: 0.9924 63/146 [===========>..................] - ETA: 1:39 - loss: 0.0238 - accuracy: 0.9921 64/146 [============>.................] - ETA: 1:38 - loss: 0.0236 - accuracy: 0.9922 65/146 [============>.................] - ETA: 1:37 - loss: 0.0232 - accuracy: 0.9923 66/146 [============>.................] - ETA: 1:36 - loss: 0.0231 - accuracy: 0.9924 67/146 [============>.................] - ETA: 1:35 - loss: 0.0229 - accuracy: 0.9925 68/146 [============>.................] - ETA: 1:34 - loss: 0.0227 - accuracy: 0.9926 69/146 [=============>................] - ETA: 1:33 - loss: 0.0236 - accuracy: 0.9923 70/146 [=============>................] - ETA: 1:32 - loss: 0.0233 - accuracy: 0.9924 71/146 [=============>................] - ETA: 1:31 - loss: 0.0230 - accuracy: 0.9925 72/146 [=============>................] - ETA: 1:29 - loss: 0.0227 - accuracy: 0.9926 73/146 [==============>...............] - ETA: 1:28 - loss: 0.0225 - accuracy: 0.9927 74/146 [==============>...............] - ETA: 1:27 - loss: 0.0222 - accuracy: 0.9928 75/146 [==============>...............] - ETA: 1:26 - loss: 0.0220 - accuracy: 0.9929 76/146 [==============>...............] - ETA: 1:25 - loss: 0.0217 - accuracy: 0.9930 77/146 [==============>...............] - ETA: 1:23 - loss: 0.0214 - accuracy: 0.9931 78/146 [===============>..............] - ETA: 1:22 - loss: 0.0212 - accuracy: 0.9932 79/146 [===============>..............] - ETA: 1:21 - loss: 0.0213 - accuracy: 0.9933 80/146 [===============>..............] - ETA: 1:20 - loss: 0.0212 - accuracy: 0.9934 81/146 [===============>..............] - ETA: 1:19 - loss: 0.0210 - accuracy: 0.9934 82/146 [===============>..............] - ETA: 1:18 - loss: 0.0208 - accuracy: 0.9935 83/146 [================>.............] - ETA: 1:17 - loss: 0.0217 - accuracy: 0.9932 84/146 [================>.............] - ETA: 1:16 - loss: 0.0214 - accuracy: 0.9933 85/146 [================>.............] - ETA: 1:15 - loss: 0.0240 - accuracy: 0.9926 86/146 [================>.............] - ETA: 1:14 - loss: 0.0237 - accuracy: 0.9927 87/146 [================>.............] - ETA: 1:13 - loss: 0.0234 - accuracy: 0.9928 88/146 [=================>............] - ETA: 1:12 - loss: 0.0232 - accuracy: 0.9929 89/146 [=================>............] - ETA: 1:11 - loss: 0.0232 - accuracy: 0.9930 90/146 [=================>............] - ETA: 1:09 - loss: 0.0230 - accuracy: 0.9931 91/146 [=================>............] - ETA: 1:08 - loss: 0.0229 - accuracy: 0.9931 92/146 [=================>............] - ETA: 1:07 - loss: 0.0226 - accuracy: 0.9932 93/146 [==================>...........] - ETA: 1:06 - loss: 0.0230 - accuracy: 0.9929 94/146 [==================>...........] - ETA: 1:05 - loss: 0.0229 - accuracy: 0.9930 95/146 [==================>...........] - ETA: 1:03 - loss: 0.0228 - accuracy: 0.9931 96/146 [==================>...........] - ETA: 1:02 - loss: 0.0226 - accuracy: 0.9932 97/146 [==================>...........] - ETA: 1:01 - loss: 0.0224 - accuracy: 0.9932 98/146 [===================>..........] - ETA: 1:00 - loss: 0.0222 - accuracy: 0.9933 99/146 [===================>..........] - ETA: 59s - loss: 0.0221 - accuracy: 0.9934 100/146 [===================>..........] - ETA: 58s - loss: 0.0218 - accuracy: 0.9934101/146 [===================>..........] - ETA: 57s - loss: 0.0233 - accuracy: 0.9932102/146 [===================>..........] - ETA: 55s - loss: 0.0241 - accuracy: 0.9930103/146 [====================>.........] - ETA: 54s - loss: 0.0239 - accuracy: 0.9930104/146 [====================>.........] - ETA: 53s - loss: 0.0237 - accuracy: 0.9931105/146 [====================>.........] - ETA: 52s - loss: 0.0241 - accuracy: 0.9929106/146 [====================>.........] - ETA: 51s - loss: 0.0241 - accuracy: 0.9929107/146 [====================>.........] - ETA: 49s - loss: 0.0239 - accuracy: 0.9930108/146 [=====================>........] - ETA: 48s - loss: 0.0239 - accuracy: 0.9931109/146 [=====================>........] - ETA: 47s - loss: 0.0242 - accuracy: 0.9928110/146 [=====================>........] - ETA: 46s - loss: 0.0256 - accuracy: 0.9926111/146 [=====================>........] - ETA: 45s - loss: 0.0256 - accuracy: 0.9927112/146 [======================>.......] - ETA: 43s - loss: 0.0258 - accuracy: 0.9925113/146 [======================>.......] - ETA: 42s - loss: 0.0259 - accuracy: 0.9923114/146 [======================>.......] - ETA: 41s - loss: 0.0257 - accuracy: 0.9923115/146 [======================>.......] - ETA: 40s - loss: 0.0254 - accuracy: 0.9924116/146 [======================>.......] - ETA: 38s - loss: 0.0252 - accuracy: 0.9925117/146 [=======================>......] - ETA: 37s - loss: 0.0251 - accuracy: 0.9925118/146 [=======================>......] - ETA: 36s - loss: 0.0252 - accuracy: 0.9923119/146 [=======================>......] - ETA: 35s - loss: 0.0254 - accuracy: 0.9921120/146 [=======================>......] - ETA: 33s - loss: 0.0257 - accuracy: 0.9919121/146 [=======================>......] - ETA: 32s - loss: 0.0259 - accuracy: 0.9917122/146 [========================>.....] - ETA: 31s - loss: 0.0257 - accuracy: 0.9918123/146 [========================>.....] - ETA: 30s - loss: 0.0256 - accuracy: 0.9919124/146 [========================>.....] - ETA: 28s - loss: 0.0254 - accuracy: 0.9919125/146 [========================>.....] - ETA: 27s - loss: 0.0254 - accuracy: 0.9920126/146 [========================>.....] - ETA: 26s - loss: 0.0253 - accuracy: 0.9921127/146 [=========================>....] - ETA: 24s - loss: 0.0251 - accuracy: 0.9921128/146 [=========================>....] - ETA: 23s - loss: 0.0249 - accuracy: 0.9922129/146 [=========================>....] - ETA: 22s - loss: 0.0248 - accuracy: 0.9922130/146 [=========================>....] - ETA: 21s - loss: 0.0247 - accuracy: 0.9923131/146 [=========================>....] - ETA: 19s - loss: 0.0246 - accuracy: 0.9924132/146 [==========================>...] - ETA: 18s - loss: 0.0244 - accuracy: 0.9924133/146 [==========================>...] - ETA: 17s - loss: 0.0243 - accuracy: 0.9925134/146 [==========================>...] - ETA: 15s - loss: 0.0260 - accuracy: 0.9923135/146 [==========================>...] - ETA: 14s - loss: 0.0258 - accuracy: 0.9924136/146 [==========================>...] - ETA: 13s - loss: 0.0261 - accuracy: 0.9920137/146 [===========================>..] - ETA: 11s - loss: 0.0260 - accuracy: 0.9920138/146 [===========================>..] - ETA: 10s - loss: 0.0259 - accuracy: 0.9921139/146 [===========================>..] - ETA: 9s - loss: 0.0258 - accuracy: 0.9921 140/146 [===========================>..] - ETA: 7s - loss: 0.0256 - accuracy: 0.9922141/146 [===========================>..] - ETA: 6s - loss: 0.0255 - accuracy: 0.9922142/146 [============================>.] - ETA: 5s - loss: 0.0254 - accuracy: 0.9923143/146 [============================>.] - ETA: 3s - loss: 0.0258 - accuracy: 0.9919144/146 [============================>.] - ETA: 2s - loss: 0.0258 - accuracy: 0.9920145/146 [============================>.] - ETA: 1s - loss: 0.0257 - accuracy: 0.9920146/146 [==============================] - ETA: 0s - loss: 0.0258 - accuracy: 0.9920146/146 [==============================] - 213s 1s/step - loss: 0.0258 - accuracy: 0.9920 - val_loss: 0.6705 - val_accuracy: 0.9021
Epoch 69/108
  1/146 [..............................] - ETA: 3:29 - loss: 1.2383e-04 - accuracy: 1.0000  2/146 [..............................] - ETA: 3:28 - loss: 0.0031 - accuracy: 1.0000      3/146 [..............................] - ETA: 3:30 - loss: 0.0085 - accuracy: 1.0000  4/146 [..............................] - ETA: 3:25 - loss: 0.0068 - accuracy: 1.0000  5/146 [>.............................] - ETA: 3:27 - loss: 0.0096 - accuracy: 1.0000  6/146 [>.............................] - ETA: 3:24 - loss: 0.0085 - accuracy: 1.0000  7/146 [>.............................] - ETA: 3:25 - loss: 0.0091 - accuracy: 1.0000  8/146 [>.............................] - ETA: 3:24 - loss: 0.0081 - accuracy: 1.0000  9/146 [>.............................] - ETA: 3:22 - loss: 0.0083 - accuracy: 1.0000 10/146 [=>............................] - ETA: 3:20 - loss: 0.0086 - accuracy: 1.0000 11/146 [=>............................] - ETA: 3:18 - loss: 0.0078 - accuracy: 1.0000 12/146 [=>............................] - ETA: 3:17 - loss: 0.0150 - accuracy: 0.9974 13/146 [=>............................] - ETA: 3:16 - loss: 0.0167 - accuracy: 0.9952 14/146 [=>............................] - ETA: 3:14 - loss: 0.0156 - accuracy: 0.9955 15/146 [==>...........................] - ETA: 3:13 - loss: 0.0146 - accuracy: 0.9958 16/146 [==>...........................] - ETA: 3:11 - loss: 0.0151 - accuracy: 0.9961 17/146 [==>...........................] - ETA: 3:09 - loss: 0.0143 - accuracy: 0.9963 18/146 [==>...........................] - ETA: 3:08 - loss: 0.0154 - accuracy: 0.9948 19/146 [==>...........................] - ETA: 3:07 - loss: 0.0219 - accuracy: 0.9934 20/146 [===>..........................] - ETA: 3:05 - loss: 0.0209 - accuracy: 0.9937 21/146 [===>..........................] - ETA: 3:04 - loss: 0.0200 - accuracy: 0.9940 22/146 [===>..........................] - ETA: 3:03 - loss: 0.0192 - accuracy: 0.9943 23/146 [===>..........................] - ETA: 3:01 - loss: 0.0185 - accuracy: 0.9946 24/146 [===>..........................] - ETA: 2:59 - loss: 0.0180 - accuracy: 0.9948 25/146 [====>.........................] - ETA: 2:57 - loss: 0.0196 - accuracy: 0.9937 26/146 [====>.........................] - ETA: 2:56 - loss: 0.0208 - accuracy: 0.9928 27/146 [====>.........................] - ETA: 2:54 - loss: 0.0203 - accuracy: 0.9931 28/146 [====>.........................] - ETA: 2:52 - loss: 0.0236 - accuracy: 0.9900 29/146 [====>.........................] - ETA: 2:51 - loss: 0.0231 - accuracy: 0.9903 30/146 [=====>........................] - ETA: 2:49 - loss: 0.0227 - accuracy: 0.9906 31/146 [=====>........................] - ETA: 2:47 - loss: 0.0277 - accuracy: 0.9899 32/146 [=====>........................] - ETA: 2:45 - loss: 0.0274 - accuracy: 0.9902 33/146 [=====>........................] - ETA: 2:44 - loss: 0.0267 - accuracy: 0.9905 34/146 [=====>........................] - ETA: 2:42 - loss: 0.0272 - accuracy: 0.9899 35/146 [======>.......................] - ETA: 2:40 - loss: 0.0275 - accuracy: 0.9902 36/146 [======>.......................] - ETA: 2:38 - loss: 0.0274 - accuracy: 0.9905 37/146 [======>.......................] - ETA: 2:35 - loss: 0.0267 - accuracy: 0.9907 38/146 [======>.......................] - ETA: 2:33 - loss: 0.0263 - accuracy: 0.9910 39/146 [=======>......................] - ETA: 2:30 - loss: 0.0261 - accuracy: 0.9912 40/146 [=======>......................] - ETA: 2:28 - loss: 0.0254 - accuracy: 0.9914 41/146 [=======>......................] - ETA: 2:26 - loss: 0.0250 - accuracy: 0.9916 42/146 [=======>......................] - ETA: 2:24 - loss: 0.0254 - accuracy: 0.9911 43/146 [=======>......................] - ETA: 2:22 - loss: 0.0257 - accuracy: 0.9906 44/146 [========>.....................] - ETA: 2:21 - loss: 0.0251 - accuracy: 0.9908 45/146 [========>.....................] - ETA: 2:19 - loss: 0.0246 - accuracy: 0.9910 46/146 [========>.....................] - ETA: 2:17 - loss: 0.0242 - accuracy: 0.9912 47/146 [========>.....................] - ETA: 2:16 - loss: 0.0241 - accuracy: 0.9914 48/146 [========>.....................] - ETA: 2:14 - loss: 0.0236 - accuracy: 0.9915 49/146 [=========>....................] - ETA: 2:12 - loss: 0.0243 - accuracy: 0.9911 50/146 [=========>....................] - ETA: 2:10 - loss: 0.0238 - accuracy: 0.9912 51/146 [=========>....................] - ETA: 2:09 - loss: 0.0239 - accuracy: 0.9908 52/146 [=========>....................] - ETA: 2:08 - loss: 0.0288 - accuracy: 0.9898 53/146 [=========>....................] - ETA: 2:06 - loss: 0.0282 - accuracy: 0.9900 54/146 [==========>...................] - ETA: 2:05 - loss: 0.0277 - accuracy: 0.9902 55/146 [==========>...................] - ETA: 2:04 - loss: 0.0277 - accuracy: 0.9903 56/146 [==========>...................] - ETA: 2:03 - loss: 0.0272 - accuracy: 0.9905 57/146 [==========>...................] - ETA: 2:02 - loss: 0.0268 - accuracy: 0.9907 58/146 [==========>...................] - ETA: 2:00 - loss: 0.0264 - accuracy: 0.9908 59/146 [===========>..................] - ETA: 1:59 - loss: 0.0273 - accuracy: 0.9905 60/146 [===========>..................] - ETA: 1:58 - loss: 0.0269 - accuracy: 0.9906 61/146 [===========>..................] - ETA: 1:57 - loss: 0.0268 - accuracy: 0.9903 62/146 [===========>..................] - ETA: 1:55 - loss: 0.0285 - accuracy: 0.9899 63/146 [===========>..................] - ETA: 1:54 - loss: 0.0280 - accuracy: 0.9901 64/146 [============>.................] - ETA: 1:53 - loss: 0.0285 - accuracy: 0.9897 65/146 [============>.................] - ETA: 1:52 - loss: 0.0298 - accuracy: 0.9889 66/146 [============>.................] - ETA: 1:50 - loss: 0.0295 - accuracy: 0.9891 67/146 [============>.................] - ETA: 1:49 - loss: 0.0295 - accuracy: 0.9888 68/146 [============>.................] - ETA: 1:48 - loss: 0.0292 - accuracy: 0.9890 69/146 [=============>................] - ETA: 1:47 - loss: 0.0299 - accuracy: 0.9887 70/146 [=============>................] - ETA: 1:45 - loss: 0.0295 - accuracy: 0.9888 71/146 [=============>................] - ETA: 1:44 - loss: 0.0300 - accuracy: 0.9886 72/146 [=============>................] - ETA: 1:43 - loss: 0.0302 - accuracy: 0.9883 73/146 [==============>...............] - ETA: 1:41 - loss: 0.0298 - accuracy: 0.9884 74/146 [==============>...............] - ETA: 1:40 - loss: 0.0296 - accuracy: 0.9886 75/146 [==============>...............] - ETA: 1:38 - loss: 0.0292 - accuracy: 0.9887 76/146 [==============>...............] - ETA: 1:37 - loss: 0.0294 - accuracy: 0.9889 77/146 [==============>...............] - ETA: 1:36 - loss: 0.0291 - accuracy: 0.9890 78/146 [===============>..............] - ETA: 1:35 - loss: 0.0287 - accuracy: 0.9892 79/146 [===============>..............] - ETA: 1:33 - loss: 0.0287 - accuracy: 0.9893 80/146 [===============>..............] - ETA: 1:32 - loss: 0.0287 - accuracy: 0.9891 81/146 [===============>..............] - ETA: 1:31 - loss: 0.0285 - accuracy: 0.9892 82/146 [===============>..............] - ETA: 1:29 - loss: 0.0288 - accuracy: 0.9889 83/146 [================>.............] - ETA: 1:28 - loss: 0.0301 - accuracy: 0.9887 84/146 [================>.............] - ETA: 1:27 - loss: 0.0298 - accuracy: 0.9888 85/146 [================>.............] - ETA: 1:25 - loss: 0.0298 - accuracy: 0.9890 86/146 [================>.............] - ETA: 1:24 - loss: 0.0302 - accuracy: 0.9887 87/146 [================>.............] - ETA: 1:23 - loss: 0.0301 - accuracy: 0.9889 88/146 [=================>............] - ETA: 1:21 - loss: 0.0299 - accuracy: 0.9890 89/146 [=================>............] - ETA: 1:20 - loss: 0.0299 - accuracy: 0.9888 90/146 [=================>............] - ETA: 1:18 - loss: 0.0320 - accuracy: 0.9885 91/146 [=================>............] - ETA: 1:17 - loss: 0.0329 - accuracy: 0.9883 92/146 [=================>............] - ETA: 1:16 - loss: 0.0326 - accuracy: 0.9885 93/146 [==================>...........] - ETA: 1:14 - loss: 0.0323 - accuracy: 0.9886 94/146 [==================>...........] - ETA: 1:13 - loss: 0.0329 - accuracy: 0.9884 95/146 [==================>...........] - ETA: 1:11 - loss: 0.0326 - accuracy: 0.9885 96/146 [==================>...........] - ETA: 1:10 - loss: 0.0323 - accuracy: 0.9886 97/146 [==================>...........] - ETA: 1:09 - loss: 0.0335 - accuracy: 0.9884 98/146 [===================>..........] - ETA: 1:07 - loss: 0.0332 - accuracy: 0.9885 99/146 [===================>..........] - ETA: 1:06 - loss: 0.0329 - accuracy: 0.9886100/146 [===================>..........] - ETA: 1:04 - loss: 0.0329 - accuracy: 0.9884101/146 [===================>..........] - ETA: 1:03 - loss: 0.0337 - accuracy: 0.9882102/146 [===================>..........] - ETA: 1:01 - loss: 0.0335 - accuracy: 0.9884103/146 [====================>.........] - ETA: 1:00 - loss: 0.0332 - accuracy: 0.9885104/146 [====================>.........] - ETA: 59s - loss: 0.0340 - accuracy: 0.9883 105/146 [====================>.........] - ETA: 57s - loss: 0.0342 - accuracy: 0.9881106/146 [====================>.........] - ETA: 56s - loss: 0.0343 - accuracy: 0.9879107/146 [====================>.........] - ETA: 54s - loss: 0.0346 - accuracy: 0.9877108/146 [=====================>........] - ETA: 53s - loss: 0.0346 - accuracy: 0.9876109/146 [=====================>........] - ETA: 51s - loss: 0.0346 - accuracy: 0.9877110/146 [=====================>........] - ETA: 50s - loss: 0.0348 - accuracy: 0.9875111/146 [=====================>........] - ETA: 48s - loss: 0.0345 - accuracy: 0.9876112/146 [======================>.......] - ETA: 47s - loss: 0.0342 - accuracy: 0.9877113/146 [======================>.......] - ETA: 46s - loss: 0.0340 - accuracy: 0.9878114/146 [======================>.......] - ETA: 44s - loss: 0.0341 - accuracy: 0.9877115/146 [======================>.......] - ETA: 43s - loss: 0.0345 - accuracy: 0.9875116/146 [======================>.......] - ETA: 41s - loss: 0.0356 - accuracy: 0.9868117/146 [=======================>......] - ETA: 40s - loss: 0.0354 - accuracy: 0.9869118/146 [=======================>......] - ETA: 39s - loss: 0.0352 - accuracy: 0.9870119/146 [=======================>......] - ETA: 37s - loss: 0.0350 - accuracy: 0.9871120/146 [=======================>......] - ETA: 36s - loss: 0.0347 - accuracy: 0.9872121/146 [=======================>......] - ETA: 35s - loss: 0.0346 - accuracy: 0.9873122/146 [========================>.....] - ETA: 33s - loss: 0.0346 - accuracy: 0.9872123/146 [========================>.....] - ETA: 32s - loss: 0.0350 - accuracy: 0.9870124/146 [========================>.....] - ETA: 30s - loss: 0.0358 - accuracy: 0.9869125/146 [========================>.....] - ETA: 29s - loss: 0.0356 - accuracy: 0.9870126/146 [========================>.....] - ETA: 28s - loss: 0.0359 - accuracy: 0.9866127/146 [=========================>....] - ETA: 26s - loss: 0.0357 - accuracy: 0.9867128/146 [=========================>....] - ETA: 25s - loss: 0.0363 - accuracy: 0.9863129/146 [=========================>....] - ETA: 23s - loss: 0.0371 - accuracy: 0.9859130/146 [=========================>....] - ETA: 22s - loss: 0.0382 - accuracy: 0.9853131/146 [=========================>....] - ETA: 21s - loss: 0.0394 - accuracy: 0.9845132/146 [==========================>...] - ETA: 19s - loss: 0.0391 - accuracy: 0.9846133/146 [==========================>...] - ETA: 18s - loss: 0.0388 - accuracy: 0.9847134/146 [==========================>...] - ETA: 16s - loss: 0.0395 - accuracy: 0.9841135/146 [==========================>...] - ETA: 15s - loss: 0.0415 - accuracy: 0.9833136/146 [==========================>...] - ETA: 14s - loss: 0.0414 - accuracy: 0.9835137/146 [===========================>..] - ETA: 12s - loss: 0.0412 - accuracy: 0.9836138/146 [===========================>..] - ETA: 11s - loss: 0.0410 - accuracy: 0.9837139/146 [===========================>..] - ETA: 9s - loss: 0.0408 - accuracy: 0.9838 140/146 [===========================>..] - ETA: 8s - loss: 0.0412 - accuracy: 0.9837141/146 [===========================>..] - ETA: 7s - loss: 0.0416 - accuracy: 0.9836142/146 [============================>.] - ETA: 5s - loss: 0.0414 - accuracy: 0.9837143/146 [============================>.] - ETA: 4s - loss: 0.0414 - accuracy: 0.9836144/146 [============================>.] - ETA: 2s - loss: 0.0412 - accuracy: 0.9837145/146 [============================>.] - ETA: 1s - loss: 0.0410 - accuracy: 0.9838146/146 [==============================] - ETA: 0s - loss: 0.0410 - accuracy: 0.9838146/146 [==============================] - 224s 2s/step - loss: 0.0410 - accuracy: 0.9838 - val_loss: 0.6456 - val_accuracy: 0.8933
Epoch 70/108
  1/146 [..............................] - ETA: 3:36 - loss: 0.0101 - accuracy: 1.0000  2/146 [..............................] - ETA: 3:27 - loss: 0.0094 - accuracy: 1.0000  3/146 [..............................] - ETA: 3:31 - loss: 0.0070 - accuracy: 1.0000  4/146 [..............................] - ETA: 3:29 - loss: 0.0122 - accuracy: 1.0000  5/146 [>.............................] - ETA: 3:25 - loss: 0.0144 - accuracy: 1.0000  6/146 [>.............................] - ETA: 3:26 - loss: 0.0122 - accuracy: 1.0000  7/146 [>.............................] - ETA: 3:27 - loss: 0.0133 - accuracy: 1.0000  8/146 [>.............................] - ETA: 3:24 - loss: 0.0134 - accuracy: 1.0000  9/146 [>.............................] - ETA: 3:20 - loss: 0.0125 - accuracy: 1.0000 10/146 [=>............................] - ETA: 3:17 - loss: 0.0117 - accuracy: 1.0000 11/146 [=>............................] - ETA: 3:15 - loss: 0.0125 - accuracy: 1.0000 12/146 [=>............................] - ETA: 3:14 - loss: 0.0182 - accuracy: 0.9974 13/146 [=>............................] - ETA: 3:11 - loss: 0.0180 - accuracy: 0.9976 14/146 [=>............................] - ETA: 3:08 - loss: 0.0172 - accuracy: 0.9978 15/146 [==>...........................] - ETA: 3:06 - loss: 0.0179 - accuracy: 0.9958 16/146 [==>...........................] - ETA: 3:05 - loss: 0.0194 - accuracy: 0.9961 17/146 [==>...........................] - ETA: 3:03 - loss: 0.0194 - accuracy: 0.9963 18/146 [==>...........................] - ETA: 3:02 - loss: 0.0330 - accuracy: 0.9948 19/146 [==>...........................] - ETA: 3:02 - loss: 0.0323 - accuracy: 0.9951 20/146 [===>..........................] - ETA: 3:01 - loss: 0.0310 - accuracy: 0.9953 21/146 [===>..........................] - ETA: 2:59 - loss: 0.0347 - accuracy: 0.9940 22/146 [===>..........................] - ETA: 2:58 - loss: 0.0332 - accuracy: 0.9943 23/146 [===>..........................] - ETA: 2:56 - loss: 0.0323 - accuracy: 0.9946 24/146 [===>..........................] - ETA: 2:55 - loss: 0.0317 - accuracy: 0.9948 25/146 [====>.........................] - ETA: 2:54 - loss: 0.0304 - accuracy: 0.9950 26/146 [====>.........................] - ETA: 2:53 - loss: 0.0298 - accuracy: 0.9952 27/146 [====>.........................] - ETA: 2:51 - loss: 0.0299 - accuracy: 0.9942 28/146 [====>.........................] - ETA: 2:50 - loss: 0.0295 - accuracy: 0.9944 29/146 [====>.........................] - ETA: 2:49 - loss: 0.0287 - accuracy: 0.9946 30/146 [=====>........................] - ETA: 2:47 - loss: 0.0278 - accuracy: 0.9948 31/146 [=====>........................] - ETA: 2:46 - loss: 0.0275 - accuracy: 0.9950 32/146 [=====>........................] - ETA: 2:45 - loss: 0.0269 - accuracy: 0.9951 33/146 [=====>........................] - ETA: 2:44 - loss: 0.0261 - accuracy: 0.9953 34/146 [=====>........................] - ETA: 2:42 - loss: 0.0263 - accuracy: 0.9945 35/146 [======>.......................] - ETA: 2:41 - loss: 0.0260 - accuracy: 0.9946 36/146 [======>.......................] - ETA: 2:39 - loss: 0.0264 - accuracy: 0.9948 37/146 [======>.......................] - ETA: 2:38 - loss: 0.0259 - accuracy: 0.9949 38/146 [======>.......................] - ETA: 2:36 - loss: 0.0269 - accuracy: 0.9942 39/146 [=======>......................] - ETA: 2:35 - loss: 0.0263 - accuracy: 0.9944 40/146 [=======>......................] - ETA: 2:33 - loss: 0.0261 - accuracy: 0.9945 41/146 [=======>......................] - ETA: 2:32 - loss: 0.0260 - accuracy: 0.9947 42/146 [=======>......................] - ETA: 2:30 - loss: 0.0272 - accuracy: 0.9940 43/146 [=======>......................] - ETA: 2:29 - loss: 0.0274 - accuracy: 0.9942 44/146 [========>.....................] - ETA: 2:27 - loss: 0.0270 - accuracy: 0.9943 45/146 [========>.....................] - ETA: 2:26 - loss: 0.0265 - accuracy: 0.9944 46/146 [========>.....................] - ETA: 2:25 - loss: 0.0259 - accuracy: 0.9946 47/146 [========>.....................] - ETA: 2:23 - loss: 0.0255 - accuracy: 0.9947 48/146 [========>.....................] - ETA: 2:22 - loss: 0.0252 - accuracy: 0.9948 49/146 [=========>....................] - ETA: 2:21 - loss: 0.0275 - accuracy: 0.9936 50/146 [=========>....................] - ETA: 2:19 - loss: 0.0272 - accuracy: 0.9937 51/146 [=========>....................] - ETA: 2:18 - loss: 0.0273 - accuracy: 0.9933 52/146 [=========>....................] - ETA: 2:17 - loss: 0.0274 - accuracy: 0.9934 53/146 [=========>....................] - ETA: 2:15 - loss: 0.0285 - accuracy: 0.9929 54/146 [==========>...................] - ETA: 2:14 - loss: 0.0296 - accuracy: 0.9925 55/146 [==========>...................] - ETA: 2:12 - loss: 0.0298 - accuracy: 0.9920 56/146 [==========>...................] - ETA: 2:11 - loss: 0.0293 - accuracy: 0.9922 57/146 [==========>...................] - ETA: 2:09 - loss: 0.0290 - accuracy: 0.9923 58/146 [==========>...................] - ETA: 2:08 - loss: 0.0287 - accuracy: 0.9925 59/146 [===========>..................] - ETA: 2:07 - loss: 0.0285 - accuracy: 0.9926 60/146 [===========>..................] - ETA: 2:05 - loss: 0.0281 - accuracy: 0.9927 61/146 [===========>..................] - ETA: 2:04 - loss: 0.0277 - accuracy: 0.9928 62/146 [===========>..................] - ETA: 2:02 - loss: 0.0275 - accuracy: 0.9929 63/146 [===========>..................] - ETA: 2:01 - loss: 0.0271 - accuracy: 0.9931 64/146 [============>.................] - ETA: 1:59 - loss: 0.0272 - accuracy: 0.9932 65/146 [============>.................] - ETA: 1:58 - loss: 0.0270 - accuracy: 0.9933 66/146 [============>.................] - ETA: 1:56 - loss: 0.0268 - accuracy: 0.9934 67/146 [============>.................] - ETA: 1:55 - loss: 0.0267 - accuracy: 0.9935 68/146 [============>.................] - ETA: 1:53 - loss: 0.0265 - accuracy: 0.9936 69/146 [=============>................] - ETA: 1:52 - loss: 0.0262 - accuracy: 0.9937 70/146 [=============>................] - ETA: 1:50 - loss: 0.0261 - accuracy: 0.9937 71/146 [=============>................] - ETA: 1:49 - loss: 0.0258 - accuracy: 0.9938 72/146 [=============>................] - ETA: 1:47 - loss: 0.0258 - accuracy: 0.9939 73/146 [==============>...............] - ETA: 1:46 - loss: 0.0255 - accuracy: 0.9940 74/146 [==============>...............] - ETA: 1:44 - loss: 0.0254 - accuracy: 0.9941 75/146 [==============>...............] - ETA: 1:43 - loss: 0.0252 - accuracy: 0.9942 76/146 [==============>...............] - ETA: 1:41 - loss: 0.0267 - accuracy: 0.9938 77/146 [==============>...............] - ETA: 1:40 - loss: 0.0264 - accuracy: 0.9939 78/146 [===============>..............] - ETA: 1:38 - loss: 0.0260 - accuracy: 0.9940 79/146 [===============>..............] - ETA: 1:36 - loss: 0.0257 - accuracy: 0.9941 80/146 [===============>..............] - ETA: 1:35 - loss: 0.0255 - accuracy: 0.9941 81/146 [===============>..............] - ETA: 1:33 - loss: 0.0253 - accuracy: 0.9942 82/146 [===============>..............] - ETA: 1:31 - loss: 0.0254 - accuracy: 0.9943 83/146 [================>.............] - ETA: 1:30 - loss: 0.0251 - accuracy: 0.9944 84/146 [================>.............] - ETA: 1:28 - loss: 0.0248 - accuracy: 0.9944 85/146 [================>.............] - ETA: 1:27 - loss: 0.0246 - accuracy: 0.9945 86/146 [================>.............] - ETA: 1:26 - loss: 0.0244 - accuracy: 0.9945 87/146 [================>.............] - ETA: 1:24 - loss: 0.0242 - accuracy: 0.9946 88/146 [=================>............] - ETA: 1:23 - loss: 0.0239 - accuracy: 0.9947 89/146 [=================>............] - ETA: 1:21 - loss: 0.0239 - accuracy: 0.9947 90/146 [=================>............] - ETA: 1:20 - loss: 0.0236 - accuracy: 0.9948 91/146 [=================>............] - ETA: 1:18 - loss: 0.0234 - accuracy: 0.9948 92/146 [=================>............] - ETA: 1:17 - loss: 0.0231 - accuracy: 0.9949 93/146 [==================>...........] - ETA: 1:16 - loss: 0.0229 - accuracy: 0.9950 94/146 [==================>...........] - ETA: 1:14 - loss: 0.0227 - accuracy: 0.9950 95/146 [==================>...........] - ETA: 1:13 - loss: 0.0224 - accuracy: 0.9951 96/146 [==================>...........] - ETA: 1:11 - loss: 0.0222 - accuracy: 0.9951 97/146 [==================>...........] - ETA: 1:10 - loss: 0.0220 - accuracy: 0.9952 98/146 [===================>..........] - ETA: 1:08 - loss: 0.0218 - accuracy: 0.9952 99/146 [===================>..........] - ETA: 1:07 - loss: 0.0216 - accuracy: 0.9953100/146 [===================>..........] - ETA: 1:06 - loss: 0.0214 - accuracy: 0.9953101/146 [===================>..........] - ETA: 1:04 - loss: 0.0212 - accuracy: 0.9954102/146 [===================>..........] - ETA: 1:03 - loss: 0.0210 - accuracy: 0.9954103/146 [====================>.........] - ETA: 1:01 - loss: 0.0215 - accuracy: 0.9951104/146 [====================>.........] - ETA: 1:00 - loss: 0.0214 - accuracy: 0.9952105/146 [====================>.........] - ETA: 59s - loss: 0.0212 - accuracy: 0.9952 106/146 [====================>.........] - ETA: 57s - loss: 0.0211 - accuracy: 0.9953107/146 [====================>.........] - ETA: 56s - loss: 0.0212 - accuracy: 0.9950108/146 [=====================>........] - ETA: 54s - loss: 0.0210 - accuracy: 0.9951109/146 [=====================>........] - ETA: 53s - loss: 0.0209 - accuracy: 0.9951110/146 [=====================>........] - ETA: 52s - loss: 0.0208 - accuracy: 0.9952111/146 [=====================>........] - ETA: 50s - loss: 0.0206 - accuracy: 0.9952112/146 [======================>.......] - ETA: 49s - loss: 0.0204 - accuracy: 0.9953113/146 [======================>.......] - ETA: 47s - loss: 0.0202 - accuracy: 0.9953114/146 [======================>.......] - ETA: 46s - loss: 0.0203 - accuracy: 0.9951115/146 [======================>.......] - ETA: 44s - loss: 0.0201 - accuracy: 0.9951116/146 [======================>.......] - ETA: 43s - loss: 0.0200 - accuracy: 0.9952117/146 [=======================>......] - ETA: 41s - loss: 0.0199 - accuracy: 0.9952118/146 [=======================>......] - ETA: 40s - loss: 0.0197 - accuracy: 0.9952119/146 [=======================>......] - ETA: 38s - loss: 0.0196 - accuracy: 0.9953120/146 [=======================>......] - ETA: 37s - loss: 0.0194 - accuracy: 0.9953121/146 [=======================>......] - ETA: 36s - loss: 0.0193 - accuracy: 0.9954122/146 [========================>.....] - ETA: 34s - loss: 0.0193 - accuracy: 0.9954123/146 [========================>.....] - ETA: 33s - loss: 0.0191 - accuracy: 0.9954124/146 [========================>.....] - ETA: 31s - loss: 0.0190 - accuracy: 0.9955125/146 [========================>.....] - ETA: 30s - loss: 0.0190 - accuracy: 0.9955126/146 [========================>.....] - ETA: 28s - loss: 0.0213 - accuracy: 0.9953127/146 [=========================>....] - ETA: 27s - loss: 0.0213 - accuracy: 0.9953128/146 [=========================>....] - ETA: 25s - loss: 0.0211 - accuracy: 0.9954129/146 [=========================>....] - ETA: 24s - loss: 0.0210 - accuracy: 0.9954130/146 [=========================>....] - ETA: 23s - loss: 0.0209 - accuracy: 0.9954131/146 [=========================>....] - ETA: 21s - loss: 0.0208 - accuracy: 0.9955132/146 [==========================>...] - ETA: 20s - loss: 0.0206 - accuracy: 0.9955133/146 [==========================>...] - ETA: 18s - loss: 0.0205 - accuracy: 0.9955134/146 [==========================>...] - ETA: 17s - loss: 0.0204 - accuracy: 0.9956135/146 [==========================>...] - ETA: 15s - loss: 0.0202 - accuracy: 0.9956136/146 [==========================>...] - ETA: 14s - loss: 0.0202 - accuracy: 0.9956137/146 [===========================>..] - ETA: 13s - loss: 0.0200 - accuracy: 0.9957138/146 [===========================>..] - ETA: 11s - loss: 0.0200 - accuracy: 0.9957139/146 [===========================>..] - ETA: 10s - loss: 0.0200 - accuracy: 0.9957140/146 [===========================>..] - ETA: 8s - loss: 0.0199 - accuracy: 0.9958 141/146 [===========================>..] - ETA: 7s - loss: 0.0198 - accuracy: 0.9958142/146 [============================>.] - ETA: 5s - loss: 0.0197 - accuracy: 0.9958143/146 [============================>.] - ETA: 4s - loss: 0.0196 - accuracy: 0.9958144/146 [============================>.] - ETA: 2s - loss: 0.0195 - accuracy: 0.9959145/146 [============================>.] - ETA: 1s - loss: 0.0194 - accuracy: 0.9959146/146 [==============================] - ETA: 0s - loss: 0.0194 - accuracy: 0.9959146/146 [==============================] - 230s 2s/step - loss: 0.0194 - accuracy: 0.9959 - val_loss: 0.7470 - val_accuracy: 0.9029
Epoch 71/108
  1/146 [..............................] - ETA: 3:33 - loss: 0.0059 - accuracy: 1.0000  2/146 [..............................] - ETA: 3:18 - loss: 0.0041 - accuracy: 1.0000  3/146 [..............................] - ETA: 3:25 - loss: 0.0029 - accuracy: 1.0000  4/146 [..............................] - ETA: 3:23 - loss: 0.0025 - accuracy: 1.0000  5/146 [>.............................] - ETA: 3:20 - loss: 0.0051 - accuracy: 1.0000  6/146 [>.............................] - ETA: 3:19 - loss: 0.0043 - accuracy: 1.0000  7/146 [>.............................] - ETA: 3:20 - loss: 0.0051 - accuracy: 1.0000  8/146 [>.............................] - ETA: 3:17 - loss: 0.0051 - accuracy: 1.0000  9/146 [>.............................] - ETA: 3:15 - loss: 0.0047 - accuracy: 1.0000 10/146 [=>............................] - ETA: 3:15 - loss: 0.0042 - accuracy: 1.0000 11/146 [=>............................] - ETA: 3:13 - loss: 0.0088 - accuracy: 0.9972 12/146 [=>............................] - ETA: 3:12 - loss: 0.0106 - accuracy: 0.9948 13/146 [=>............................] - ETA: 3:10 - loss: 0.0100 - accuracy: 0.9952 14/146 [=>............................] - ETA: 3:10 - loss: 0.0096 - accuracy: 0.9955 15/146 [==>...........................] - ETA: 3:08 - loss: 0.0092 - accuracy: 0.9958 16/146 [==>...........................] - ETA: 3:07 - loss: 0.0089 - accuracy: 0.9961 17/146 [==>...........................] - ETA: 3:05 - loss: 0.0084 - accuracy: 0.9963 18/146 [==>...........................] - ETA: 3:04 - loss: 0.0086 - accuracy: 0.9965 19/146 [==>...........................] - ETA: 3:03 - loss: 0.0085 - accuracy: 0.9967 20/146 [===>..........................] - ETA: 3:02 - loss: 0.0082 - accuracy: 0.9969 21/146 [===>..........................] - ETA: 3:00 - loss: 0.0099 - accuracy: 0.9955 22/146 [===>..........................] - ETA: 2:59 - loss: 0.0095 - accuracy: 0.9957 23/146 [===>..........................] - ETA: 2:57 - loss: 0.0092 - accuracy: 0.9959 24/146 [===>..........................] - ETA: 2:55 - loss: 0.0092 - accuracy: 0.9961 25/146 [====>.........................] - ETA: 2:54 - loss: 0.0089 - accuracy: 0.9962 26/146 [====>.........................] - ETA: 2:53 - loss: 0.0086 - accuracy: 0.9964 27/146 [====>.........................] - ETA: 2:51 - loss: 0.0083 - accuracy: 0.9965 28/146 [====>.........................] - ETA: 2:49 - loss: 0.0081 - accuracy: 0.9967 29/146 [====>.........................] - ETA: 2:48 - loss: 0.0079 - accuracy: 0.9968 30/146 [=====>........................] - ETA: 2:46 - loss: 0.0087 - accuracy: 0.9958 31/146 [=====>........................] - ETA: 2:44 - loss: 0.0085 - accuracy: 0.9960 32/146 [=====>........................] - ETA: 2:43 - loss: 0.0083 - accuracy: 0.9961 33/146 [=====>........................] - ETA: 2:41 - loss: 0.0080 - accuracy: 0.9962 34/146 [=====>........................] - ETA: 2:40 - loss: 0.0078 - accuracy: 0.9963 35/146 [======>.......................] - ETA: 2:39 - loss: 0.0076 - accuracy: 0.9964 36/146 [======>.......................] - ETA: 2:37 - loss: 0.0074 - accuracy: 0.9965 37/146 [======>.......................] - ETA: 2:36 - loss: 0.0072 - accuracy: 0.9966 38/146 [======>.......................] - ETA: 2:34 - loss: 0.0071 - accuracy: 0.9967 39/146 [=======>......................] - ETA: 2:33 - loss: 0.0077 - accuracy: 0.9960 40/146 [=======>......................] - ETA: 2:31 - loss: 0.0075 - accuracy: 0.9961 41/146 [=======>......................] - ETA: 2:30 - loss: 0.0080 - accuracy: 0.9954 42/146 [=======>......................] - ETA: 2:28 - loss: 0.0078 - accuracy: 0.9955 43/146 [=======>......................] - ETA: 2:27 - loss: 0.0076 - accuracy: 0.9956 44/146 [========>.....................] - ETA: 2:25 - loss: 0.0076 - accuracy: 0.9957 45/146 [========>.....................] - ETA: 2:24 - loss: 0.0075 - accuracy: 0.9958 46/146 [========>.....................] - ETA: 2:23 - loss: 0.0084 - accuracy: 0.9952 47/146 [========>.....................] - ETA: 2:21 - loss: 0.0133 - accuracy: 0.9947 48/146 [========>.....................] - ETA: 2:20 - loss: 0.0131 - accuracy: 0.9948 49/146 [=========>....................] - ETA: 2:18 - loss: 0.0129 - accuracy: 0.9949 50/146 [=========>....................] - ETA: 2:17 - loss: 0.0127 - accuracy: 0.9950 51/146 [=========>....................] - ETA: 2:15 - loss: 0.0125 - accuracy: 0.9951 52/146 [=========>....................] - ETA: 2:14 - loss: 0.0126 - accuracy: 0.9952 53/146 [=========>....................] - ETA: 2:13 - loss: 0.0124 - accuracy: 0.9953 54/146 [==========>...................] - ETA: 2:11 - loss: 0.0124 - accuracy: 0.9954 55/146 [==========>...................] - ETA: 2:10 - loss: 0.0140 - accuracy: 0.9949 56/146 [==========>...................] - ETA: 2:09 - loss: 0.0138 - accuracy: 0.9950 57/146 [==========>...................] - ETA: 2:08 - loss: 0.0148 - accuracy: 0.9945 58/146 [==========>...................] - ETA: 2:06 - loss: 0.0145 - accuracy: 0.9946 59/146 [===========>..................] - ETA: 2:05 - loss: 0.0143 - accuracy: 0.9947 60/146 [===========>..................] - ETA: 2:04 - loss: 0.0141 - accuracy: 0.9948 61/146 [===========>..................] - ETA: 2:02 - loss: 0.0139 - accuracy: 0.9949 62/146 [===========>..................] - ETA: 2:01 - loss: 0.0141 - accuracy: 0.9950 63/146 [===========>..................] - ETA: 2:00 - loss: 0.0140 - accuracy: 0.9950 64/146 [============>.................] - ETA: 1:58 - loss: 0.0158 - accuracy: 0.9941 65/146 [============>.................] - ETA: 1:57 - loss: 0.0173 - accuracy: 0.9933 66/146 [============>.................] - ETA: 1:55 - loss: 0.0171 - accuracy: 0.9934 67/146 [============>.................] - ETA: 1:54 - loss: 0.0174 - accuracy: 0.9930 68/146 [============>.................] - ETA: 1:52 - loss: 0.0178 - accuracy: 0.9926 69/146 [=============>................] - ETA: 1:51 - loss: 0.0176 - accuracy: 0.9928 70/146 [=============>................] - ETA: 1:50 - loss: 0.0180 - accuracy: 0.9924 71/146 [=============>................] - ETA: 1:48 - loss: 0.0182 - accuracy: 0.9925 72/146 [=============>................] - ETA: 1:47 - loss: 0.0183 - accuracy: 0.9922 73/146 [==============>...............] - ETA: 1:45 - loss: 0.0181 - accuracy: 0.9923 74/146 [==============>...............] - ETA: 1:44 - loss: 0.0190 - accuracy: 0.9916 75/146 [==============>...............] - ETA: 1:43 - loss: 0.0191 - accuracy: 0.9917 76/146 [==============>...............] - ETA: 1:41 - loss: 0.0191 - accuracy: 0.9918 77/146 [==============>...............] - ETA: 1:40 - loss: 0.0189 - accuracy: 0.9919 78/146 [===============>..............] - ETA: 1:38 - loss: 0.0187 - accuracy: 0.9920 79/146 [===============>..............] - ETA: 1:37 - loss: 0.0185 - accuracy: 0.9921 80/146 [===============>..............] - ETA: 1:35 - loss: 0.0184 - accuracy: 0.9922 81/146 [===============>..............] - ETA: 1:34 - loss: 0.0182 - accuracy: 0.9923 82/146 [===============>..............] - ETA: 1:32 - loss: 0.0181 - accuracy: 0.9924 83/146 [================>.............] - ETA: 1:31 - loss: 0.0188 - accuracy: 0.9917 84/146 [================>.............] - ETA: 1:30 - loss: 0.0199 - accuracy: 0.9907 85/146 [================>.............] - ETA: 1:28 - loss: 0.0197 - accuracy: 0.9908 86/146 [================>.............] - ETA: 1:27 - loss: 0.0196 - accuracy: 0.9909 87/146 [================>.............] - ETA: 1:25 - loss: 0.0194 - accuracy: 0.9910 88/146 [=================>............] - ETA: 1:24 - loss: 0.0192 - accuracy: 0.9911 89/146 [=================>............] - ETA: 1:22 - loss: 0.0193 - accuracy: 0.9912 90/146 [=================>............] - ETA: 1:21 - loss: 0.0194 - accuracy: 0.9913 91/146 [=================>............] - ETA: 1:19 - loss: 0.0192 - accuracy: 0.9914 92/146 [=================>............] - ETA: 1:18 - loss: 0.0197 - accuracy: 0.9915 93/146 [==================>...........] - ETA: 1:17 - loss: 0.0196 - accuracy: 0.9916 94/146 [==================>...........] - ETA: 1:15 - loss: 0.0194 - accuracy: 0.9917 95/146 [==================>...........] - ETA: 1:14 - loss: 0.0193 - accuracy: 0.9918 96/146 [==================>...........] - ETA: 1:12 - loss: 0.0191 - accuracy: 0.9919 97/146 [==================>...........] - ETA: 1:11 - loss: 0.0190 - accuracy: 0.9919 98/146 [===================>..........] - ETA: 1:09 - loss: 0.0189 - accuracy: 0.9920 99/146 [===================>..........] - ETA: 1:08 - loss: 0.0190 - accuracy: 0.9921100/146 [===================>..........] - ETA: 1:06 - loss: 0.0188 - accuracy: 0.9922101/146 [===================>..........] - ETA: 1:05 - loss: 0.0188 - accuracy: 0.9923102/146 [===================>..........] - ETA: 1:03 - loss: 0.0187 - accuracy: 0.9923103/146 [====================>.........] - ETA: 1:02 - loss: 0.0185 - accuracy: 0.9924104/146 [====================>.........] - ETA: 1:00 - loss: 0.0183 - accuracy: 0.9925105/146 [====================>.........] - ETA: 59s - loss: 0.0182 - accuracy: 0.9926 106/146 [====================>.........] - ETA: 57s - loss: 0.0180 - accuracy: 0.9926107/146 [====================>.........] - ETA: 56s - loss: 0.0179 - accuracy: 0.9927108/146 [=====================>........] - ETA: 55s - loss: 0.0185 - accuracy: 0.9925109/146 [=====================>........] - ETA: 53s - loss: 0.0185 - accuracy: 0.9925110/146 [=====================>........] - ETA: 52s - loss: 0.0183 - accuracy: 0.9926111/146 [=====================>........] - ETA: 50s - loss: 0.0182 - accuracy: 0.9927112/146 [======================>.......] - ETA: 49s - loss: 0.0181 - accuracy: 0.9927113/146 [======================>.......] - ETA: 47s - loss: 0.0179 - accuracy: 0.9928114/146 [======================>.......] - ETA: 46s - loss: 0.0178 - accuracy: 0.9929115/146 [======================>.......] - ETA: 44s - loss: 0.0178 - accuracy: 0.9929116/146 [======================>.......] - ETA: 43s - loss: 0.0177 - accuracy: 0.9930117/146 [=======================>......] - ETA: 41s - loss: 0.0176 - accuracy: 0.9931118/146 [=======================>......] - ETA: 40s - loss: 0.0179 - accuracy: 0.9928119/146 [=======================>......] - ETA: 39s - loss: 0.0178 - accuracy: 0.9929120/146 [=======================>......] - ETA: 37s - loss: 0.0177 - accuracy: 0.9930121/146 [=======================>......] - ETA: 36s - loss: 0.0196 - accuracy: 0.9928122/146 [========================>.....] - ETA: 34s - loss: 0.0196 - accuracy: 0.9928123/146 [========================>.....] - ETA: 33s - loss: 0.0195 - accuracy: 0.9929124/146 [========================>.....] - ETA: 31s - loss: 0.0195 - accuracy: 0.9929125/146 [========================>.....] - ETA: 30s - loss: 0.0193 - accuracy: 0.9930126/146 [========================>.....] - ETA: 28s - loss: 0.0192 - accuracy: 0.9931127/146 [=========================>....] - ETA: 27s - loss: 0.0191 - accuracy: 0.9931128/146 [=========================>....] - ETA: 25s - loss: 0.0190 - accuracy: 0.9932129/146 [=========================>....] - ETA: 24s - loss: 0.0189 - accuracy: 0.9932130/146 [=========================>....] - ETA: 23s - loss: 0.0188 - accuracy: 0.9933131/146 [=========================>....] - ETA: 21s - loss: 0.0186 - accuracy: 0.9933132/146 [==========================>...] - ETA: 20s - loss: 0.0185 - accuracy: 0.9934133/146 [==========================>...] - ETA: 18s - loss: 0.0184 - accuracy: 0.9934134/146 [==========================>...] - ETA: 17s - loss: 0.0183 - accuracy: 0.9935135/146 [==========================>...] - ETA: 15s - loss: 0.0181 - accuracy: 0.9935136/146 [==========================>...] - ETA: 14s - loss: 0.0181 - accuracy: 0.9936137/146 [===========================>..] - ETA: 12s - loss: 0.0180 - accuracy: 0.9936138/146 [===========================>..] - ETA: 11s - loss: 0.0178 - accuracy: 0.9937139/146 [===========================>..] - ETA: 10s - loss: 0.0177 - accuracy: 0.9937140/146 [===========================>..] - ETA: 8s - loss: 0.0177 - accuracy: 0.9937 141/146 [===========================>..] - ETA: 7s - loss: 0.0175 - accuracy: 0.9938142/146 [============================>.] - ETA: 5s - loss: 0.0174 - accuracy: 0.9938143/146 [============================>.] - ETA: 4s - loss: 0.0174 - accuracy: 0.9939144/146 [============================>.] - ETA: 2s - loss: 0.0173 - accuracy: 0.9939145/146 [============================>.] - ETA: 1s - loss: 0.0172 - accuracy: 0.9940146/146 [==============================] - ETA: 0s - loss: 0.0172 - accuracy: 0.9940146/146 [==============================] - 229s 2s/step - loss: 0.0172 - accuracy: 0.9940 - val_loss: 0.8247 - val_accuracy: 0.8941
Epoch 72/108
  1/146 [..............................] - ETA: 3:34 - loss: 0.0065 - accuracy: 1.0000  2/146 [..............................] - ETA: 3:25 - loss: 0.0063 - accuracy: 1.0000  3/146 [..............................] - ETA: 3:28 - loss: 0.0044 - accuracy: 1.0000  4/146 [..............................] - ETA: 3:24 - loss: 0.0034 - accuracy: 1.0000  5/146 [>.............................] - ETA: 3:24 - loss: 0.0029 - accuracy: 1.0000  6/146 [>.............................] - ETA: 3:25 - loss: 0.0024 - accuracy: 1.0000  7/146 [>.............................] - ETA: 3:23 - loss: 0.0182 - accuracy: 0.9955  8/146 [>.............................] - ETA: 3:19 - loss: 0.0162 - accuracy: 0.9961  9/146 [>.............................] - ETA: 3:15 - loss: 0.0145 - accuracy: 0.9965 10/146 [=>............................] - ETA: 3:14 - loss: 0.0135 - accuracy: 0.9969 11/146 [=>............................] - ETA: 3:12 - loss: 0.0140 - accuracy: 0.9972 12/146 [=>............................] - ETA: 3:09 - loss: 0.0129 - accuracy: 0.9974 13/146 [=>............................] - ETA: 3:07 - loss: 0.0167 - accuracy: 0.9928 14/146 [=>............................] - ETA: 3:06 - loss: 0.0168 - accuracy: 0.9933 15/146 [==>...........................] - ETA: 3:05 - loss: 0.0157 - accuracy: 0.9937 16/146 [==>...........................] - ETA: 3:03 - loss: 0.0148 - accuracy: 0.9941 17/146 [==>...........................] - ETA: 3:02 - loss: 0.0142 - accuracy: 0.9945 18/146 [==>...........................] - ETA: 3:00 - loss: 0.0138 - accuracy: 0.9948 19/146 [==>...........................] - ETA: 2:59 - loss: 0.0132 - accuracy: 0.9951 20/146 [===>..........................] - ETA: 2:58 - loss: 0.0127 - accuracy: 0.9953 21/146 [===>..........................] - ETA: 2:57 - loss: 0.0125 - accuracy: 0.9955 22/146 [===>..........................] - ETA: 2:56 - loss: 0.0142 - accuracy: 0.9943 23/146 [===>..........................] - ETA: 2:56 - loss: 0.0138 - accuracy: 0.9946 24/146 [===>..........................] - ETA: 2:54 - loss: 0.0132 - accuracy: 0.9948 25/146 [====>.........................] - ETA: 2:53 - loss: 0.0127 - accuracy: 0.9950 26/146 [====>.........................] - ETA: 2:52 - loss: 0.0126 - accuracy: 0.9952 27/146 [====>.........................] - ETA: 2:51 - loss: 0.0122 - accuracy: 0.9954 28/146 [====>.........................] - ETA: 2:49 - loss: 0.0119 - accuracy: 0.9955 29/146 [====>.........................] - ETA: 2:48 - loss: 0.0115 - accuracy: 0.9957 30/146 [=====>........................] - ETA: 2:47 - loss: 0.0114 - accuracy: 0.9958 31/146 [=====>........................] - ETA: 2:46 - loss: 0.0111 - accuracy: 0.9960 32/146 [=====>........................] - ETA: 2:44 - loss: 0.0116 - accuracy: 0.9951 33/146 [=====>........................] - ETA: 2:43 - loss: 0.0114 - accuracy: 0.9953 34/146 [=====>........................] - ETA: 2:41 - loss: 0.0113 - accuracy: 0.9954 35/146 [======>.......................] - ETA: 2:40 - loss: 0.0111 - accuracy: 0.9955 36/146 [======>.......................] - ETA: 2:39 - loss: 0.0113 - accuracy: 0.9957 37/146 [======>.......................] - ETA: 2:38 - loss: 0.0111 - accuracy: 0.9958 38/146 [======>.......................] - ETA: 2:36 - loss: 0.0109 - accuracy: 0.9959 39/146 [=======>......................] - ETA: 2:34 - loss: 0.0106 - accuracy: 0.9960 40/146 [=======>......................] - ETA: 2:33 - loss: 0.0107 - accuracy: 0.9961 41/146 [=======>......................] - ETA: 2:32 - loss: 0.0105 - accuracy: 0.9962 42/146 [=======>......................] - ETA: 2:30 - loss: 0.0103 - accuracy: 0.9963 43/146 [=======>......................] - ETA: 2:29 - loss: 0.0101 - accuracy: 0.9964 44/146 [========>.....................] - ETA: 2:28 - loss: 0.0098 - accuracy: 0.9964 45/146 [========>.....................] - ETA: 2:26 - loss: 0.0097 - accuracy: 0.9965 46/146 [========>.....................] - ETA: 2:25 - loss: 0.0095 - accuracy: 0.9966 47/146 [========>.....................] - ETA: 2:23 - loss: 0.0093 - accuracy: 0.9967 48/146 [========>.....................] - ETA: 2:22 - loss: 0.0093 - accuracy: 0.9967 49/146 [=========>....................] - ETA: 2:21 - loss: 0.0094 - accuracy: 0.9968 50/146 [=========>....................] - ETA: 2:19 - loss: 0.0093 - accuracy: 0.9969 51/146 [=========>....................] - ETA: 2:18 - loss: 0.0092 - accuracy: 0.9969 52/146 [=========>....................] - ETA: 2:16 - loss: 0.0090 - accuracy: 0.9970 53/146 [=========>....................] - ETA: 2:15 - loss: 0.0089 - accuracy: 0.9971 54/146 [==========>...................] - ETA: 2:13 - loss: 0.0094 - accuracy: 0.9965 55/146 [==========>...................] - ETA: 2:12 - loss: 0.0092 - accuracy: 0.9966 56/146 [==========>...................] - ETA: 2:11 - loss: 0.0091 - accuracy: 0.9967 57/146 [==========>...................] - ETA: 2:09 - loss: 0.0093 - accuracy: 0.9967 58/146 [==========>...................] - ETA: 2:08 - loss: 0.0091 - accuracy: 0.9968 59/146 [===========>..................] - ETA: 2:06 - loss: 0.0108 - accuracy: 0.9963 60/146 [===========>..................] - ETA: 2:05 - loss: 0.0107 - accuracy: 0.9964 61/146 [===========>..................] - ETA: 2:04 - loss: 0.0107 - accuracy: 0.9964 62/146 [===========>..................] - ETA: 2:02 - loss: 0.0105 - accuracy: 0.9965 63/146 [===========>..................] - ETA: 2:01 - loss: 0.0107 - accuracy: 0.9965 64/146 [============>.................] - ETA: 1:59 - loss: 0.0107 - accuracy: 0.9966 65/146 [============>.................] - ETA: 1:58 - loss: 0.0105 - accuracy: 0.9966 66/146 [============>.................] - ETA: 1:56 - loss: 0.0137 - accuracy: 0.9962 67/146 [============>.................] - ETA: 1:55 - loss: 0.0135 - accuracy: 0.9963 68/146 [============>.................] - ETA: 1:53 - loss: 0.0135 - accuracy: 0.9963 69/146 [=============>................] - ETA: 1:52 - loss: 0.0134 - accuracy: 0.9964 70/146 [=============>................] - ETA: 1:50 - loss: 0.0132 - accuracy: 0.9964 71/146 [=============>................] - ETA: 1:49 - loss: 0.0148 - accuracy: 0.9960 72/146 [=============>................] - ETA: 1:47 - loss: 0.0146 - accuracy: 0.9961 73/146 [==============>...............] - ETA: 1:46 - loss: 0.0145 - accuracy: 0.9961 74/146 [==============>...............] - ETA: 1:44 - loss: 0.0143 - accuracy: 0.9962 75/146 [==============>...............] - ETA: 1:43 - loss: 0.0142 - accuracy: 0.9962 76/146 [==============>...............] - ETA: 1:41 - loss: 0.0140 - accuracy: 0.9963 77/146 [==============>...............] - ETA: 1:39 - loss: 0.0142 - accuracy: 0.9963 78/146 [===============>..............] - ETA: 1:38 - loss: 0.0144 - accuracy: 0.9960 79/146 [===============>..............] - ETA: 1:36 - loss: 0.0142 - accuracy: 0.9960 80/146 [===============>..............] - ETA: 1:35 - loss: 0.0140 - accuracy: 0.9961 81/146 [===============>..............] - ETA: 1:33 - loss: 0.0139 - accuracy: 0.9961 82/146 [===============>..............] - ETA: 1:32 - loss: 0.0141 - accuracy: 0.9958 83/146 [================>.............] - ETA: 1:30 - loss: 0.0141 - accuracy: 0.9959 84/146 [================>.............] - ETA: 1:29 - loss: 0.0139 - accuracy: 0.9959 85/146 [================>.............] - ETA: 1:27 - loss: 0.0139 - accuracy: 0.9960 86/146 [================>.............] - ETA: 1:26 - loss: 0.0137 - accuracy: 0.9960 87/146 [================>.............] - ETA: 1:24 - loss: 0.0152 - accuracy: 0.9957 88/146 [=================>............] - ETA: 1:22 - loss: 0.0150 - accuracy: 0.9957 89/146 [=================>............] - ETA: 1:21 - loss: 0.0149 - accuracy: 0.9958 90/146 [=================>............] - ETA: 1:19 - loss: 0.0148 - accuracy: 0.9958 91/146 [=================>............] - ETA: 1:18 - loss: 0.0148 - accuracy: 0.9959 92/146 [=================>............] - ETA: 1:17 - loss: 0.0147 - accuracy: 0.9959 93/146 [==================>...........] - ETA: 1:15 - loss: 0.0149 - accuracy: 0.9956 94/146 [==================>...........] - ETA: 1:14 - loss: 0.0149 - accuracy: 0.9957 95/146 [==================>...........] - ETA: 1:12 - loss: 0.0148 - accuracy: 0.9957 96/146 [==================>...........] - ETA: 1:11 - loss: 0.0153 - accuracy: 0.9954 97/146 [==================>...........] - ETA: 1:10 - loss: 0.0158 - accuracy: 0.9952 98/146 [===================>..........] - ETA: 1:08 - loss: 0.0161 - accuracy: 0.9949 99/146 [===================>..........] - ETA: 1:07 - loss: 0.0173 - accuracy: 0.9946100/146 [===================>..........] - ETA: 1:05 - loss: 0.0180 - accuracy: 0.9941101/146 [===================>..........] - ETA: 1:04 - loss: 0.0178 - accuracy: 0.9941102/146 [===================>..........] - ETA: 1:03 - loss: 0.0177 - accuracy: 0.9942103/146 [====================>.........] - ETA: 1:01 - loss: 0.0182 - accuracy: 0.9939104/146 [====================>.........] - ETA: 1:00 - loss: 0.0181 - accuracy: 0.9940105/146 [====================>.........] - ETA: 58s - loss: 0.0190 - accuracy: 0.9935 106/146 [====================>.........] - ETA: 57s - loss: 0.0189 - accuracy: 0.9935107/146 [====================>.........] - ETA: 55s - loss: 0.0188 - accuracy: 0.9936108/146 [=====================>........] - ETA: 54s - loss: 0.0186 - accuracy: 0.9936109/146 [=====================>........] - ETA: 53s - loss: 0.0184 - accuracy: 0.9937110/146 [=====================>........] - ETA: 51s - loss: 0.0183 - accuracy: 0.9937111/146 [=====================>........] - ETA: 50s - loss: 0.0182 - accuracy: 0.9938112/146 [======================>.......] - ETA: 48s - loss: 0.0181 - accuracy: 0.9939113/146 [======================>.......] - ETA: 47s - loss: 0.0179 - accuracy: 0.9939114/146 [======================>.......] - ETA: 45s - loss: 0.0178 - accuracy: 0.9940115/146 [======================>.......] - ETA: 44s - loss: 0.0177 - accuracy: 0.9940116/146 [======================>.......] - ETA: 43s - loss: 0.0175 - accuracy: 0.9941117/146 [=======================>......] - ETA: 41s - loss: 0.0175 - accuracy: 0.9941118/146 [=======================>......] - ETA: 40s - loss: 0.0173 - accuracy: 0.9942119/146 [=======================>......] - ETA: 38s - loss: 0.0172 - accuracy: 0.9942120/146 [=======================>......] - ETA: 37s - loss: 0.0172 - accuracy: 0.9943121/146 [=======================>......] - ETA: 35s - loss: 0.0171 - accuracy: 0.9943122/146 [========================>.....] - ETA: 34s - loss: 0.0170 - accuracy: 0.9944123/146 [========================>.....] - ETA: 33s - loss: 0.0169 - accuracy: 0.9944124/146 [========================>.....] - ETA: 31s - loss: 0.0170 - accuracy: 0.9945125/146 [========================>.....] - ETA: 30s - loss: 0.0169 - accuracy: 0.9945126/146 [========================>.....] - ETA: 28s - loss: 0.0173 - accuracy: 0.9943127/146 [=========================>....] - ETA: 27s - loss: 0.0172 - accuracy: 0.9943128/146 [=========================>....] - ETA: 25s - loss: 0.0171 - accuracy: 0.9944129/146 [=========================>....] - ETA: 24s - loss: 0.0170 - accuracy: 0.9944130/146 [=========================>....] - ETA: 22s - loss: 0.0172 - accuracy: 0.9942131/146 [=========================>....] - ETA: 21s - loss: 0.0171 - accuracy: 0.9943132/146 [==========================>...] - ETA: 20s - loss: 0.0170 - accuracy: 0.9943133/146 [==========================>...] - ETA: 18s - loss: 0.0169 - accuracy: 0.9944134/146 [==========================>...] - ETA: 17s - loss: 0.0169 - accuracy: 0.9944135/146 [==========================>...] - ETA: 15s - loss: 0.0175 - accuracy: 0.9942136/146 [==========================>...] - ETA: 14s - loss: 0.0175 - accuracy: 0.9943137/146 [===========================>..] - ETA: 12s - loss: 0.0175 - accuracy: 0.9943138/146 [===========================>..] - ETA: 11s - loss: 0.0174 - accuracy: 0.9943139/146 [===========================>..] - ETA: 10s - loss: 0.0172 - accuracy: 0.9944140/146 [===========================>..] - ETA: 8s - loss: 0.0172 - accuracy: 0.9944 141/146 [===========================>..] - ETA: 7s - loss: 0.0171 - accuracy: 0.9945142/146 [============================>.] - ETA: 5s - loss: 0.0172 - accuracy: 0.9943143/146 [============================>.] - ETA: 4s - loss: 0.0172 - accuracy: 0.9943144/146 [============================>.] - ETA: 2s - loss: 0.0171 - accuracy: 0.9944145/146 [============================>.] - ETA: 1s - loss: 0.0173 - accuracy: 0.9942146/146 [==============================] - ETA: 0s - loss: 0.0173 - accuracy: 0.9942146/146 [==============================] - 226s 2s/step - loss: 0.0173 - accuracy: 0.9942 - val_loss: 0.7931 - val_accuracy: 0.8973
Epoch 73/108
  1/146 [..............................] - ETA: 3:33 - loss: 8.2477e-04 - accuracy: 1.0000  2/146 [..............................] - ETA: 3:27 - loss: 0.0018 - accuracy: 1.0000      3/146 [..............................] - ETA: 3:29 - loss: 0.0047 - accuracy: 1.0000  4/146 [..............................] - ETA: 3:27 - loss: 0.0036 - accuracy: 1.0000  5/146 [>.............................] - ETA: 3:25 - loss: 0.0029 - accuracy: 1.0000  6/146 [>.............................] - ETA: 3:26 - loss: 0.0039 - accuracy: 1.0000  7/146 [>.............................] - ETA: 3:27 - loss: 0.0034 - accuracy: 1.0000  8/146 [>.............................] - ETA: 3:24 - loss: 0.0031 - accuracy: 1.0000  9/146 [>.............................] - ETA: 3:22 - loss: 0.0028 - accuracy: 1.0000 10/146 [=>............................] - ETA: 3:19 - loss: 0.0027 - accuracy: 1.0000 11/146 [=>............................] - ETA: 3:16 - loss: 0.0026 - accuracy: 1.0000 12/146 [=>............................] - ETA: 3:16 - loss: 0.0038 - accuracy: 1.0000 13/146 [=>............................] - ETA: 3:15 - loss: 0.0036 - accuracy: 1.0000 14/146 [=>............................] - ETA: 3:14 - loss: 0.0034 - accuracy: 1.0000 15/146 [==>...........................] - ETA: 3:12 - loss: 0.0032 - accuracy: 1.0000 16/146 [==>...........................] - ETA: 3:10 - loss: 0.0031 - accuracy: 1.0000 17/146 [==>...........................] - ETA: 3:09 - loss: 0.0030 - accuracy: 1.0000 18/146 [==>...........................] - ETA: 3:08 - loss: 0.0114 - accuracy: 0.9965 19/146 [==>...........................] - ETA: 3:07 - loss: 0.0109 - accuracy: 0.9967 20/146 [===>..........................] - ETA: 3:06 - loss: 0.0108 - accuracy: 0.9969 21/146 [===>..........................] - ETA: 3:04 - loss: 0.0115 - accuracy: 0.9970 22/146 [===>..........................] - ETA: 3:03 - loss: 0.0120 - accuracy: 0.9972 23/146 [===>..........................] - ETA: 3:01 - loss: 0.0133 - accuracy: 0.9959 24/146 [===>..........................] - ETA: 3:00 - loss: 0.0141 - accuracy: 0.9961 25/146 [====>.........................] - ETA: 2:59 - loss: 0.0137 - accuracy: 0.9962 26/146 [====>.........................] - ETA: 2:57 - loss: 0.0139 - accuracy: 0.9964 27/146 [====>.........................] - ETA: 2:55 - loss: 0.0134 - accuracy: 0.9965 28/146 [====>.........................] - ETA: 2:53 - loss: 0.0130 - accuracy: 0.9967 29/146 [====>.........................] - ETA: 2:51 - loss: 0.0127 - accuracy: 0.9968 30/146 [=====>........................] - ETA: 2:50 - loss: 0.0137 - accuracy: 0.9958 31/146 [=====>........................] - ETA: 2:48 - loss: 0.0134 - accuracy: 0.9960 32/146 [=====>........................] - ETA: 2:46 - loss: 0.0130 - accuracy: 0.9961 33/146 [=====>........................] - ETA: 2:44 - loss: 0.0145 - accuracy: 0.9953 34/146 [=====>........................] - ETA: 2:42 - loss: 0.0142 - accuracy: 0.9954 35/146 [======>.......................] - ETA: 2:40 - loss: 0.0140 - accuracy: 0.9955 36/146 [======>.......................] - ETA: 2:37 - loss: 0.0140 - accuracy: 0.9957 37/146 [======>.......................] - ETA: 2:35 - loss: 0.0137 - accuracy: 0.9958 38/146 [======>.......................] - ETA: 2:33 - loss: 0.0134 - accuracy: 0.9959 39/146 [=======>......................] - ETA: 2:31 - loss: 0.0131 - accuracy: 0.9960 40/146 [=======>......................] - ETA: 2:29 - loss: 0.0152 - accuracy: 0.9953 41/146 [=======>......................] - ETA: 2:27 - loss: 0.0149 - accuracy: 0.9954 42/146 [=======>......................] - ETA: 2:25 - loss: 0.0146 - accuracy: 0.9955 43/146 [=======>......................] - ETA: 2:23 - loss: 0.0142 - accuracy: 0.9956 44/146 [========>.....................] - ETA: 2:22 - loss: 0.0144 - accuracy: 0.9957 45/146 [========>.....................] - ETA: 2:21 - loss: 0.0144 - accuracy: 0.9958 46/146 [========>.....................] - ETA: 2:20 - loss: 0.0206 - accuracy: 0.9952 47/146 [========>.....................] - ETA: 2:18 - loss: 0.0203 - accuracy: 0.9953 48/146 [========>.....................] - ETA: 2:17 - loss: 0.0199 - accuracy: 0.9954 49/146 [=========>....................] - ETA: 2:16 - loss: 0.0201 - accuracy: 0.9949 50/146 [=========>....................] - ETA: 2:14 - loss: 0.0197 - accuracy: 0.9950 51/146 [=========>....................] - ETA: 2:13 - loss: 0.0199 - accuracy: 0.9951 52/146 [=========>....................] - ETA: 2:12 - loss: 0.0196 - accuracy: 0.9952 53/146 [=========>....................] - ETA: 2:10 - loss: 0.0192 - accuracy: 0.9953 54/146 [==========>...................] - ETA: 2:09 - loss: 0.0189 - accuracy: 0.9954 55/146 [==========>...................] - ETA: 2:08 - loss: 0.0189 - accuracy: 0.9955 56/146 [==========>...................] - ETA: 2:06 - loss: 0.0187 - accuracy: 0.9955 57/146 [==========>...................] - ETA: 2:05 - loss: 0.0185 - accuracy: 0.9956 58/146 [==========>...................] - ETA: 2:04 - loss: 0.0188 - accuracy: 0.9952 59/146 [===========>..................] - ETA: 2:02 - loss: 0.0186 - accuracy: 0.9952 60/146 [===========>..................] - ETA: 2:01 - loss: 0.0193 - accuracy: 0.9948 61/146 [===========>..................] - ETA: 2:00 - loss: 0.0191 - accuracy: 0.9949 62/146 [===========>..................] - ETA: 1:58 - loss: 0.0190 - accuracy: 0.9950 63/146 [===========>..................] - ETA: 1:57 - loss: 0.0189 - accuracy: 0.9950 64/146 [============>.................] - ETA: 1:56 - loss: 0.0187 - accuracy: 0.9951 65/146 [============>.................] - ETA: 1:54 - loss: 0.0184 - accuracy: 0.9952 66/146 [============>.................] - ETA: 1:53 - loss: 0.0181 - accuracy: 0.9953 67/146 [============>.................] - ETA: 1:51 - loss: 0.0178 - accuracy: 0.9953 68/146 [============>.................] - ETA: 1:50 - loss: 0.0177 - accuracy: 0.9954 69/146 [=============>................] - ETA: 1:49 - loss: 0.0176 - accuracy: 0.9955 70/146 [=============>................] - ETA: 1:47 - loss: 0.0174 - accuracy: 0.9955 71/146 [=============>................] - ETA: 1:46 - loss: 0.0172 - accuracy: 0.9956 72/146 [=============>................] - ETA: 1:45 - loss: 0.0170 - accuracy: 0.9957 73/146 [==============>...............] - ETA: 1:43 - loss: 0.0193 - accuracy: 0.9953 74/146 [==============>...............] - ETA: 1:42 - loss: 0.0196 - accuracy: 0.9949 75/146 [==============>...............] - ETA: 1:41 - loss: 0.0194 - accuracy: 0.9950 76/146 [==============>...............] - ETA: 1:39 - loss: 0.0192 - accuracy: 0.9951 77/146 [==============>...............] - ETA: 1:38 - loss: 0.0189 - accuracy: 0.9951 78/146 [===============>..............] - ETA: 1:36 - loss: 0.0187 - accuracy: 0.9952 79/146 [===============>..............] - ETA: 1:35 - loss: 0.0188 - accuracy: 0.9953 80/146 [===============>..............] - ETA: 1:34 - loss: 0.0190 - accuracy: 0.9949 81/146 [===============>..............] - ETA: 1:32 - loss: 0.0188 - accuracy: 0.9950 82/146 [===============>..............] - ETA: 1:31 - loss: 0.0186 - accuracy: 0.9950 83/146 [================>.............] - ETA: 1:30 - loss: 0.0184 - accuracy: 0.9951 84/146 [================>.............] - ETA: 1:28 - loss: 0.0182 - accuracy: 0.9952 85/146 [================>.............] - ETA: 1:27 - loss: 0.0180 - accuracy: 0.9952 86/146 [================>.............] - ETA: 1:25 - loss: 0.0178 - accuracy: 0.9953 87/146 [================>.............] - ETA: 1:24 - loss: 0.0184 - accuracy: 0.9950 88/146 [=================>............] - ETA: 1:23 - loss: 0.0185 - accuracy: 0.9950 89/146 [=================>............] - ETA: 1:21 - loss: 0.0183 - accuracy: 0.9951 90/146 [=================>............] - ETA: 1:20 - loss: 0.0181 - accuracy: 0.9951 91/146 [=================>............] - ETA: 1:18 - loss: 0.0180 - accuracy: 0.9952 92/146 [=================>............] - ETA: 1:17 - loss: 0.0178 - accuracy: 0.9952 93/146 [==================>...........] - ETA: 1:16 - loss: 0.0177 - accuracy: 0.9953 94/146 [==================>...........] - ETA: 1:14 - loss: 0.0175 - accuracy: 0.9953 95/146 [==================>...........] - ETA: 1:13 - loss: 0.0175 - accuracy: 0.9954 96/146 [==================>...........] - ETA: 1:11 - loss: 0.0176 - accuracy: 0.9954 97/146 [==================>...........] - ETA: 1:10 - loss: 0.0174 - accuracy: 0.9955 98/146 [===================>..........] - ETA: 1:08 - loss: 0.0179 - accuracy: 0.9952 99/146 [===================>..........] - ETA: 1:07 - loss: 0.0178 - accuracy: 0.9953100/146 [===================>..........] - ETA: 1:06 - loss: 0.0177 - accuracy: 0.9953101/146 [===================>..........] - ETA: 1:04 - loss: 0.0175 - accuracy: 0.9954102/146 [===================>..........] - ETA: 1:03 - loss: 0.0173 - accuracy: 0.9954103/146 [====================>.........] - ETA: 1:01 - loss: 0.0172 - accuracy: 0.9954104/146 [====================>.........] - ETA: 1:00 - loss: 0.0170 - accuracy: 0.9955105/146 [====================>.........] - ETA: 59s - loss: 0.0179 - accuracy: 0.9952 106/146 [====================>.........] - ETA: 57s - loss: 0.0177 - accuracy: 0.9953107/146 [====================>.........] - ETA: 56s - loss: 0.0176 - accuracy: 0.9953108/146 [=====================>........] - ETA: 54s - loss: 0.0175 - accuracy: 0.9954109/146 [=====================>........] - ETA: 53s - loss: 0.0174 - accuracy: 0.9954110/146 [=====================>........] - ETA: 51s - loss: 0.0173 - accuracy: 0.9955111/146 [=====================>........] - ETA: 50s - loss: 0.0175 - accuracy: 0.9952112/146 [======================>.......] - ETA: 48s - loss: 0.0173 - accuracy: 0.9953113/146 [======================>.......] - ETA: 47s - loss: 0.0172 - accuracy: 0.9953114/146 [======================>.......] - ETA: 45s - loss: 0.0171 - accuracy: 0.9953115/146 [======================>.......] - ETA: 44s - loss: 0.0170 - accuracy: 0.9954116/146 [======================>.......] - ETA: 42s - loss: 0.0169 - accuracy: 0.9954117/146 [=======================>......] - ETA: 41s - loss: 0.0168 - accuracy: 0.9955118/146 [=======================>......] - ETA: 39s - loss: 0.0167 - accuracy: 0.9955119/146 [=======================>......] - ETA: 38s - loss: 0.0165 - accuracy: 0.9955120/146 [=======================>......] - ETA: 37s - loss: 0.0164 - accuracy: 0.9956121/146 [=======================>......] - ETA: 35s - loss: 0.0163 - accuracy: 0.9956122/146 [========================>.....] - ETA: 34s - loss: 0.0162 - accuracy: 0.9956123/146 [========================>.....] - ETA: 32s - loss: 0.0161 - accuracy: 0.9957124/146 [========================>.....] - ETA: 31s - loss: 0.0160 - accuracy: 0.9957125/146 [========================>.....] - ETA: 29s - loss: 0.0171 - accuracy: 0.9955126/146 [========================>.....] - ETA: 28s - loss: 0.0170 - accuracy: 0.9955127/146 [=========================>....] - ETA: 27s - loss: 0.0171 - accuracy: 0.9953128/146 [=========================>....] - ETA: 25s - loss: 0.0171 - accuracy: 0.9954129/146 [=========================>....] - ETA: 24s - loss: 0.0170 - accuracy: 0.9954130/146 [=========================>....] - ETA: 22s - loss: 0.0169 - accuracy: 0.9954131/146 [=========================>....] - ETA: 21s - loss: 0.0168 - accuracy: 0.9955132/146 [==========================>...] - ETA: 20s - loss: 0.0167 - accuracy: 0.9955133/146 [==========================>...] - ETA: 18s - loss: 0.0166 - accuracy: 0.9955134/146 [==========================>...] - ETA: 17s - loss: 0.0170 - accuracy: 0.9953135/146 [==========================>...] - ETA: 15s - loss: 0.0169 - accuracy: 0.9954136/146 [==========================>...] - ETA: 14s - loss: 0.0169 - accuracy: 0.9954137/146 [===========================>..] - ETA: 12s - loss: 0.0168 - accuracy: 0.9954138/146 [===========================>..] - ETA: 11s - loss: 0.0168 - accuracy: 0.9955139/146 [===========================>..] - ETA: 9s - loss: 0.0167 - accuracy: 0.9955 140/146 [===========================>..] - ETA: 8s - loss: 0.0170 - accuracy: 0.9953141/146 [===========================>..] - ETA: 7s - loss: 0.0169 - accuracy: 0.9953142/146 [============================>.] - ETA: 5s - loss: 0.0168 - accuracy: 0.9954143/146 [============================>.] - ETA: 4s - loss: 0.0167 - accuracy: 0.9954144/146 [============================>.] - ETA: 2s - loss: 0.0166 - accuracy: 0.9954145/146 [============================>.] - ETA: 1s - loss: 0.0166 - accuracy: 0.9955146/146 [==============================] - ETA: 0s - loss: 0.0166 - accuracy: 0.9955146/146 [==============================] - 227s 2s/step - loss: 0.0166 - accuracy: 0.9955 - val_loss: 0.8168 - val_accuracy: 0.8900
Epoch 74/108
  1/146 [..............................] - ETA: 3:31 - loss: 0.0288 - accuracy: 1.0000  2/146 [..............................] - ETA: 3:15 - loss: 0.0401 - accuracy: 0.9844  3/146 [..............................] - ETA: 3:16 - loss: 0.0270 - accuracy: 0.9896  4/146 [..............................] - ETA: 3:20 - loss: 0.0209 - accuracy: 0.9922  5/146 [>.............................] - ETA: 3:17 - loss: 0.0171 - accuracy: 0.9937  6/146 [>.............................] - ETA: 3:15 - loss: 0.0143 - accuracy: 0.9948  7/146 [>.............................] - ETA: 3:15 - loss: 0.0145 - accuracy: 0.9955  8/146 [>.............................] - ETA: 3:14 - loss: 0.0134 - accuracy: 0.9961  9/146 [>.............................] - ETA: 3:14 - loss: 0.0124 - accuracy: 0.9965 10/146 [=>............................] - ETA: 3:12 - loss: 0.0113 - accuracy: 0.9969 11/146 [=>............................] - ETA: 3:07 - loss: 0.0103 - accuracy: 0.9972 12/146 [=>............................] - ETA: 3:04 - loss: 0.0100 - accuracy: 0.9974 13/146 [=>............................] - ETA: 3:00 - loss: 0.0093 - accuracy: 0.9976 14/146 [=>............................] - ETA: 2:56 - loss: 0.0087 - accuracy: 0.9978 15/146 [==>...........................] - ETA: 2:54 - loss: 0.0083 - accuracy: 0.9979 16/146 [==>...........................] - ETA: 2:54 - loss: 0.0079 - accuracy: 0.9980 17/146 [==>...........................] - ETA: 2:53 - loss: 0.0079 - accuracy: 0.9982 18/146 [==>...........................] - ETA: 2:53 - loss: 0.0078 - accuracy: 0.9983 19/146 [==>...........................] - ETA: 2:52 - loss: 0.0107 - accuracy: 0.9951 20/146 [===>..........................] - ETA: 2:52 - loss: 0.0102 - accuracy: 0.9953 21/146 [===>..........................] - ETA: 2:51 - loss: 0.0099 - accuracy: 0.9955 22/146 [===>..........................] - ETA: 2:50 - loss: 0.0095 - accuracy: 0.9957 23/146 [===>..........................] - ETA: 2:49 - loss: 0.0091 - accuracy: 0.9959 24/146 [===>..........................] - ETA: 2:49 - loss: 0.0091 - accuracy: 0.9961 25/146 [====>.........................] - ETA: 2:48 - loss: 0.0088 - accuracy: 0.9962 26/146 [====>.........................] - ETA: 2:47 - loss: 0.0091 - accuracy: 0.9964 27/146 [====>.........................] - ETA: 2:47 - loss: 0.0151 - accuracy: 0.9942 28/146 [====>.........................] - ETA: 2:46 - loss: 0.0146 - accuracy: 0.9944 29/146 [====>.........................] - ETA: 2:44 - loss: 0.0141 - accuracy: 0.9946 30/146 [=====>........................] - ETA: 2:43 - loss: 0.0137 - accuracy: 0.9948 31/146 [=====>........................] - ETA: 2:42 - loss: 0.0134 - accuracy: 0.9950 32/146 [=====>........................] - ETA: 2:41 - loss: 0.0164 - accuracy: 0.9941 33/146 [=====>........................] - ETA: 2:40 - loss: 0.0159 - accuracy: 0.9943 34/146 [=====>........................] - ETA: 2:39 - loss: 0.0155 - accuracy: 0.9945 35/146 [======>.......................] - ETA: 2:38 - loss: 0.0152 - accuracy: 0.9946 36/146 [======>.......................] - ETA: 2:36 - loss: 0.0149 - accuracy: 0.9948 37/146 [======>.......................] - ETA: 2:35 - loss: 0.0145 - accuracy: 0.9949 38/146 [======>.......................] - ETA: 2:34 - loss: 0.0141 - accuracy: 0.9951 39/146 [=======>......................] - ETA: 2:33 - loss: 0.0150 - accuracy: 0.9944 40/146 [=======>......................] - ETA: 2:31 - loss: 0.0181 - accuracy: 0.9937 41/146 [=======>......................] - ETA: 2:30 - loss: 0.0177 - accuracy: 0.9939 42/146 [=======>......................] - ETA: 2:29 - loss: 0.0173 - accuracy: 0.9940 43/146 [=======>......................] - ETA: 2:27 - loss: 0.0170 - accuracy: 0.9942 44/146 [========>.....................] - ETA: 2:26 - loss: 0.0171 - accuracy: 0.9943 45/146 [========>.....................] - ETA: 2:25 - loss: 0.0167 - accuracy: 0.9944 46/146 [========>.....................] - ETA: 2:23 - loss: 0.0169 - accuracy: 0.9946 47/146 [========>.....................] - ETA: 2:22 - loss: 0.0165 - accuracy: 0.9947 48/146 [========>.....................] - ETA: 2:21 - loss: 0.0167 - accuracy: 0.9941 49/146 [=========>....................] - ETA: 2:19 - loss: 0.0165 - accuracy: 0.9943 50/146 [=========>....................] - ETA: 2:18 - loss: 0.0164 - accuracy: 0.9944 51/146 [=========>....................] - ETA: 2:17 - loss: 0.0165 - accuracy: 0.9945 52/146 [=========>....................] - ETA: 2:15 - loss: 0.0163 - accuracy: 0.9946 53/146 [=========>....................] - ETA: 2:14 - loss: 0.0161 - accuracy: 0.9947 54/146 [==========>...................] - ETA: 2:13 - loss: 0.0163 - accuracy: 0.9948 55/146 [==========>...................] - ETA: 2:12 - loss: 0.0162 - accuracy: 0.9949 56/146 [==========>...................] - ETA: 2:10 - loss: 0.0160 - accuracy: 0.9950 57/146 [==========>...................] - ETA: 2:09 - loss: 0.0157 - accuracy: 0.9951 58/146 [==========>...................] - ETA: 2:07 - loss: 0.0155 - accuracy: 0.9952 59/146 [===========>..................] - ETA: 2:06 - loss: 0.0152 - accuracy: 0.9952 60/146 [===========>..................] - ETA: 2:04 - loss: 0.0150 - accuracy: 0.9953 61/146 [===========>..................] - ETA: 2:03 - loss: 0.0149 - accuracy: 0.9954 62/146 [===========>..................] - ETA: 2:02 - loss: 0.0147 - accuracy: 0.9955 63/146 [===========>..................] - ETA: 2:00 - loss: 0.0145 - accuracy: 0.9955 64/146 [============>.................] - ETA: 1:59 - loss: 0.0145 - accuracy: 0.9956 65/146 [============>.................] - ETA: 1:57 - loss: 0.0143 - accuracy: 0.9957 66/146 [============>.................] - ETA: 1:56 - loss: 0.0142 - accuracy: 0.9957 67/146 [============>.................] - ETA: 1:54 - loss: 0.0143 - accuracy: 0.9958 68/146 [============>.................] - ETA: 1:53 - loss: 0.0141 - accuracy: 0.9959 69/146 [=============>................] - ETA: 1:51 - loss: 0.0139 - accuracy: 0.9959 70/146 [=============>................] - ETA: 1:50 - loss: 0.0137 - accuracy: 0.9960 71/146 [=============>................] - ETA: 1:49 - loss: 0.0136 - accuracy: 0.9960 72/146 [=============>................] - ETA: 1:47 - loss: 0.0134 - accuracy: 0.9961 73/146 [==============>...............] - ETA: 1:46 - loss: 0.0132 - accuracy: 0.9961 74/146 [==============>...............] - ETA: 1:44 - loss: 0.0130 - accuracy: 0.9962 75/146 [==============>...............] - ETA: 1:43 - loss: 0.0131 - accuracy: 0.9962 76/146 [==============>...............] - ETA: 1:41 - loss: 0.0130 - accuracy: 0.9963 77/146 [==============>...............] - ETA: 1:40 - loss: 0.0128 - accuracy: 0.9963 78/146 [===============>..............] - ETA: 1:38 - loss: 0.0127 - accuracy: 0.9964 79/146 [===============>..............] - ETA: 1:37 - loss: 0.0126 - accuracy: 0.9964 80/146 [===============>..............] - ETA: 1:35 - loss: 0.0125 - accuracy: 0.9965 81/146 [===============>..............] - ETA: 1:34 - loss: 0.0124 - accuracy: 0.9965 82/146 [===============>..............] - ETA: 1:32 - loss: 0.0126 - accuracy: 0.9966 83/146 [================>.............] - ETA: 1:31 - loss: 0.0125 - accuracy: 0.9966 84/146 [================>.............] - ETA: 1:29 - loss: 0.0124 - accuracy: 0.9967 85/146 [================>.............] - ETA: 1:28 - loss: 0.0123 - accuracy: 0.9967 86/146 [================>.............] - ETA: 1:26 - loss: 0.0122 - accuracy: 0.9967 87/146 [================>.............] - ETA: 1:25 - loss: 0.0121 - accuracy: 0.9968 88/146 [=================>............] - ETA: 1:23 - loss: 0.0120 - accuracy: 0.9968 89/146 [=================>............] - ETA: 1:22 - loss: 0.0119 - accuracy: 0.9968 90/146 [=================>............] - ETA: 1:20 - loss: 0.0117 - accuracy: 0.9969 91/146 [=================>............] - ETA: 1:19 - loss: 0.0116 - accuracy: 0.9969 92/146 [=================>............] - ETA: 1:18 - loss: 0.0116 - accuracy: 0.9969 93/146 [==================>...........] - ETA: 1:16 - loss: 0.0115 - accuracy: 0.9970 94/146 [==================>...........] - ETA: 1:15 - loss: 0.0114 - accuracy: 0.9970 95/146 [==================>...........] - ETA: 1:13 - loss: 0.0113 - accuracy: 0.9970 96/146 [==================>...........] - ETA: 1:12 - loss: 0.0112 - accuracy: 0.9971 97/146 [==================>...........] - ETA: 1:10 - loss: 0.0111 - accuracy: 0.9971 98/146 [===================>..........] - ETA: 1:09 - loss: 0.0111 - accuracy: 0.9971 99/146 [===================>..........] - ETA: 1:08 - loss: 0.0109 - accuracy: 0.9972100/146 [===================>..........] - ETA: 1:06 - loss: 0.0111 - accuracy: 0.9969101/146 [===================>..........] - ETA: 1:05 - loss: 0.0110 - accuracy: 0.9969102/146 [===================>..........] - ETA: 1:03 - loss: 0.0110 - accuracy: 0.9969103/146 [====================>.........] - ETA: 1:02 - loss: 0.0109 - accuracy: 0.9970104/146 [====================>.........] - ETA: 1:00 - loss: 0.0108 - accuracy: 0.9970105/146 [====================>.........] - ETA: 59s - loss: 0.0110 - accuracy: 0.9967 106/146 [====================>.........] - ETA: 58s - loss: 0.0112 - accuracy: 0.9968107/146 [====================>.........] - ETA: 56s - loss: 0.0111 - accuracy: 0.9968108/146 [=====================>........] - ETA: 55s - loss: 0.0110 - accuracy: 0.9968109/146 [=====================>........] - ETA: 53s - loss: 0.0109 - accuracy: 0.9968110/146 [=====================>........] - ETA: 52s - loss: 0.0108 - accuracy: 0.9969111/146 [=====================>........] - ETA: 50s - loss: 0.0108 - accuracy: 0.9969112/146 [======================>.......] - ETA: 49s - loss: 0.0107 - accuracy: 0.9969113/146 [======================>.......] - ETA: 47s - loss: 0.0106 - accuracy: 0.9970114/146 [======================>.......] - ETA: 46s - loss: 0.0105 - accuracy: 0.9970115/146 [======================>.......] - ETA: 45s - loss: 0.0105 - accuracy: 0.9970116/146 [======================>.......] - ETA: 43s - loss: 0.0104 - accuracy: 0.9970117/146 [=======================>......] - ETA: 42s - loss: 0.0105 - accuracy: 0.9968118/146 [=======================>......] - ETA: 40s - loss: 0.0104 - accuracy: 0.9968119/146 [=======================>......] - ETA: 39s - loss: 0.0104 - accuracy: 0.9968120/146 [=======================>......] - ETA: 37s - loss: 0.0103 - accuracy: 0.9969121/146 [=======================>......] - ETA: 36s - loss: 0.0102 - accuracy: 0.9969122/146 [========================>.....] - ETA: 34s - loss: 0.0101 - accuracy: 0.9969123/146 [========================>.....] - ETA: 33s - loss: 0.0101 - accuracy: 0.9970124/146 [========================>.....] - ETA: 31s - loss: 0.0100 - accuracy: 0.9970125/146 [========================>.....] - ETA: 30s - loss: 0.0099 - accuracy: 0.9970126/146 [========================>.....] - ETA: 29s - loss: 0.0099 - accuracy: 0.9970127/146 [=========================>....] - ETA: 27s - loss: 0.0098 - accuracy: 0.9970128/146 [=========================>....] - ETA: 26s - loss: 0.0097 - accuracy: 0.9971129/146 [=========================>....] - ETA: 24s - loss: 0.0097 - accuracy: 0.9971130/146 [=========================>....] - ETA: 23s - loss: 0.0097 - accuracy: 0.9971131/146 [=========================>....] - ETA: 21s - loss: 0.0096 - accuracy: 0.9971132/146 [==========================>...] - ETA: 20s - loss: 0.0096 - accuracy: 0.9972133/146 [==========================>...] - ETA: 18s - loss: 0.0095 - accuracy: 0.9972134/146 [==========================>...] - ETA: 17s - loss: 0.0095 - accuracy: 0.9972135/146 [==========================>...] - ETA: 15s - loss: 0.0095 - accuracy: 0.9972136/146 [==========================>...] - ETA: 14s - loss: 0.0094 - accuracy: 0.9972137/146 [===========================>..] - ETA: 13s - loss: 0.0093 - accuracy: 0.9973138/146 [===========================>..] - ETA: 11s - loss: 0.0096 - accuracy: 0.9971139/146 [===========================>..] - ETA: 10s - loss: 0.0096 - accuracy: 0.9971140/146 [===========================>..] - ETA: 8s - loss: 0.0095 - accuracy: 0.9971 141/146 [===========================>..] - ETA: 7s - loss: 0.0095 - accuracy: 0.9971142/146 [============================>.] - ETA: 5s - loss: 0.0097 - accuracy: 0.9969143/146 [============================>.] - ETA: 4s - loss: 0.0097 - accuracy: 0.9969144/146 [============================>.] - ETA: 2s - loss: 0.0096 - accuracy: 0.9970145/146 [============================>.] - ETA: 1s - loss: 0.0102 - accuracy: 0.9968146/146 [==============================] - ETA: 0s - loss: 0.0102 - accuracy: 0.9968146/146 [==============================] - 230s 2s/step - loss: 0.0102 - accuracy: 0.9968 - val_loss: 0.9824 - val_accuracy: 0.8933
Epoch 75/108
  1/146 [..............................] - ETA: 3:42 - loss: 0.0185 - accuracy: 1.0000  2/146 [..............................] - ETA: 3:41 - loss: 0.0134 - accuracy: 1.0000  3/146 [..............................] - ETA: 3:35 - loss: 0.0090 - accuracy: 1.0000  4/146 [..............................] - ETA: 3:30 - loss: 0.0147 - accuracy: 0.9922  5/146 [>.............................] - ETA: 3:32 - loss: 0.0132 - accuracy: 0.9937  6/146 [>.............................] - ETA: 3:27 - loss: 0.0110 - accuracy: 0.9948  7/146 [>.............................] - ETA: 3:23 - loss: 0.0095 - accuracy: 0.9955  8/146 [>.............................] - ETA: 3:21 - loss: 0.0178 - accuracy: 0.9883  9/146 [>.............................] - ETA: 3:18 - loss: 0.0160 - accuracy: 0.9896 10/146 [=>............................] - ETA: 3:16 - loss: 0.0144 - accuracy: 0.9906 11/146 [=>............................] - ETA: 3:14 - loss: 0.0131 - accuracy: 0.9915 12/146 [=>............................] - ETA: 3:14 - loss: 0.0124 - accuracy: 0.9922 13/146 [=>............................] - ETA: 3:13 - loss: 0.0124 - accuracy: 0.9928 14/146 [=>............................] - ETA: 3:11 - loss: 0.0115 - accuracy: 0.9933 15/146 [==>...........................] - ETA: 3:09 - loss: 0.0114 - accuracy: 0.9937 16/146 [==>...........................] - ETA: 3:08 - loss: 0.0107 - accuracy: 0.9941 17/146 [==>...........................] - ETA: 3:08 - loss: 0.0102 - accuracy: 0.9945 18/146 [==>...........................] - ETA: 3:05 - loss: 0.0101 - accuracy: 0.9948 19/146 [==>...........................] - ETA: 3:05 - loss: 0.0096 - accuracy: 0.9951 20/146 [===>..........................] - ETA: 3:04 - loss: 0.0106 - accuracy: 0.9937 21/146 [===>..........................] - ETA: 3:02 - loss: 0.0377 - accuracy: 0.9911 22/146 [===>..........................] - ETA: 3:01 - loss: 0.0360 - accuracy: 0.9915 23/146 [===>..........................] - ETA: 2:59 - loss: 0.0345 - accuracy: 0.9918 24/146 [===>..........................] - ETA: 2:57 - loss: 0.0330 - accuracy: 0.9922 25/146 [====>.........................] - ETA: 2:55 - loss: 0.0317 - accuracy: 0.9925 26/146 [====>.........................] - ETA: 2:53 - loss: 0.0413 - accuracy: 0.9904 27/146 [====>.........................] - ETA: 2:52 - loss: 0.0726 - accuracy: 0.9873 28/146 [====>.........................] - ETA: 2:50 - loss: 0.0701 - accuracy: 0.9877 29/146 [====>.........................] - ETA: 2:48 - loss: 0.0682 - accuracy: 0.9881 30/146 [=====>........................] - ETA: 2:46 - loss: 0.0661 - accuracy: 0.9885 31/146 [=====>........................] - ETA: 2:45 - loss: 0.0642 - accuracy: 0.9889 32/146 [=====>........................] - ETA: 2:43 - loss: 0.0805 - accuracy: 0.9844 33/146 [=====>........................] - ETA: 2:42 - loss: 0.0966 - accuracy: 0.9811 34/146 [=====>........................] - ETA: 2:40 - loss: 0.0952 - accuracy: 0.9807 35/146 [======>.......................] - ETA: 2:39 - loss: 0.0928 - accuracy: 0.9812 36/146 [======>.......................] - ETA: 2:38 - loss: 0.0910 - accuracy: 0.9809 37/146 [======>.......................] - ETA: 2:36 - loss: 0.0948 - accuracy: 0.9789 38/146 [======>.......................] - ETA: 2:35 - loss: 0.0935 - accuracy: 0.9794 39/146 [=======>......................] - ETA: 2:33 - loss: 0.0985 - accuracy: 0.9784 40/146 [=======>......................] - ETA: 2:32 - loss: 0.0999 - accuracy: 0.9766 41/146 [=======>......................] - ETA: 2:30 - loss: 0.1014 - accuracy: 0.9748 42/146 [=======>......................] - ETA: 2:28 - loss: 0.0990 - accuracy: 0.9754 43/146 [=======>......................] - ETA: 2:27 - loss: 0.0972 - accuracy: 0.9760 44/146 [========>.....................] - ETA: 2:25 - loss: 0.0965 - accuracy: 0.9766 45/146 [========>.....................] - ETA: 2:24 - loss: 0.0950 - accuracy: 0.9771 46/146 [========>.....................] - ETA: 2:22 - loss: 0.0963 - accuracy: 0.9762 47/146 [========>.....................] - ETA: 2:21 - loss: 0.0946 - accuracy: 0.9767 48/146 [========>.....................] - ETA: 2:19 - loss: 0.0938 - accuracy: 0.9766 49/146 [=========>....................] - ETA: 2:18 - loss: 0.0921 - accuracy: 0.9770 50/146 [=========>....................] - ETA: 2:16 - loss: 0.0906 - accuracy: 0.9775 51/146 [=========>....................] - ETA: 2:15 - loss: 0.0901 - accuracy: 0.9773 52/146 [=========>....................] - ETA: 2:14 - loss: 0.0893 - accuracy: 0.9778 53/146 [=========>....................] - ETA: 2:12 - loss: 0.0884 - accuracy: 0.9782 54/146 [==========>...................] - ETA: 2:11 - loss: 0.0875 - accuracy: 0.9780 55/146 [==========>...................] - ETA: 2:09 - loss: 0.0859 - accuracy: 0.9784 56/146 [==========>...................] - ETA: 2:08 - loss: 0.0846 - accuracy: 0.9788 57/146 [==========>...................] - ETA: 2:07 - loss: 0.0840 - accuracy: 0.9786 58/146 [==========>...................] - ETA: 2:05 - loss: 0.0830 - accuracy: 0.9784 59/146 [===========>..................] - ETA: 2:04 - loss: 0.0821 - accuracy: 0.9788 60/146 [===========>..................] - ETA: 2:02 - loss: 0.0808 - accuracy: 0.9792 61/146 [===========>..................] - ETA: 2:01 - loss: 0.0795 - accuracy: 0.9795 62/146 [===========>..................] - ETA: 2:00 - loss: 0.0838 - accuracy: 0.9783 63/146 [===========>..................] - ETA: 1:58 - loss: 0.0844 - accuracy: 0.9777 64/146 [============>.................] - ETA: 1:57 - loss: 0.0840 - accuracy: 0.9775 65/146 [============>.................] - ETA: 1:56 - loss: 0.0833 - accuracy: 0.9779 66/146 [============>.................] - ETA: 1:55 - loss: 0.0830 - accuracy: 0.9777 67/146 [============>.................] - ETA: 1:53 - loss: 0.0825 - accuracy: 0.9776 68/146 [============>.................] - ETA: 1:52 - loss: 0.0814 - accuracy: 0.9779 69/146 [=============>................] - ETA: 1:50 - loss: 0.0805 - accuracy: 0.9783 70/146 [=============>................] - ETA: 1:49 - loss: 0.0812 - accuracy: 0.9777 71/146 [=============>................] - ETA: 1:48 - loss: 0.0802 - accuracy: 0.9780 72/146 [=============>................] - ETA: 1:46 - loss: 0.0793 - accuracy: 0.9783 73/146 [==============>...............] - ETA: 1:45 - loss: 0.0789 - accuracy: 0.9782 74/146 [==============>...............] - ETA: 1:43 - loss: 0.0779 - accuracy: 0.9785 75/146 [==============>...............] - ETA: 1:42 - loss: 0.0769 - accuracy: 0.9787 76/146 [==============>...............] - ETA: 1:41 - loss: 0.0766 - accuracy: 0.9786 77/146 [==============>...............] - ETA: 1:39 - loss: 0.0757 - accuracy: 0.9789 78/146 [===============>..............] - ETA: 1:38 - loss: 0.0771 - accuracy: 0.9788 79/146 [===============>..............] - ETA: 1:36 - loss: 0.0761 - accuracy: 0.9790 80/146 [===============>..............] - ETA: 1:35 - loss: 0.0753 - accuracy: 0.9793 81/146 [===============>..............] - ETA: 1:33 - loss: 0.0767 - accuracy: 0.9788 82/146 [===============>..............] - ETA: 1:32 - loss: 0.0762 - accuracy: 0.9790 83/146 [================>.............] - ETA: 1:31 - loss: 0.0754 - accuracy: 0.9793 84/146 [================>.............] - ETA: 1:29 - loss: 0.0752 - accuracy: 0.9792 85/146 [================>.............] - ETA: 1:28 - loss: 0.0746 - accuracy: 0.9794 86/146 [================>.............] - ETA: 1:26 - loss: 0.0745 - accuracy: 0.9793 87/146 [================>.............] - ETA: 1:25 - loss: 0.0742 - accuracy: 0.9792 88/146 [=================>............] - ETA: 1:23 - loss: 0.0742 - accuracy: 0.9790 89/146 [=================>............] - ETA: 1:22 - loss: 0.0737 - accuracy: 0.9793 90/146 [=================>............] - ETA: 1:21 - loss: 0.0730 - accuracy: 0.9795 91/146 [=================>............] - ETA: 1:19 - loss: 0.0725 - accuracy: 0.9797 92/146 [=================>............] - ETA: 1:18 - loss: 0.0718 - accuracy: 0.9800 93/146 [==================>...........] - ETA: 1:16 - loss: 0.0727 - accuracy: 0.9798 94/146 [==================>...........] - ETA: 1:15 - loss: 0.0719 - accuracy: 0.9801 95/146 [==================>...........] - ETA: 1:13 - loss: 0.0713 - accuracy: 0.9803 96/146 [==================>...........] - ETA: 1:12 - loss: 0.0706 - accuracy: 0.9805 97/146 [==================>...........] - ETA: 1:10 - loss: 0.0701 - accuracy: 0.9807 98/146 [===================>..........] - ETA: 1:09 - loss: 0.0694 - accuracy: 0.9809 99/146 [===================>..........] - ETA: 1:07 - loss: 0.0692 - accuracy: 0.9811100/146 [===================>..........] - ETA: 1:06 - loss: 0.0686 - accuracy: 0.9812101/146 [===================>..........] - ETA: 1:05 - loss: 0.0679 - accuracy: 0.9814102/146 [===================>..........] - ETA: 1:03 - loss: 0.0676 - accuracy: 0.9813103/146 [====================>.........] - ETA: 1:02 - loss: 0.0676 - accuracy: 0.9812104/146 [====================>.........] - ETA: 1:00 - loss: 0.0671 - accuracy: 0.9814105/146 [====================>.........] - ETA: 59s - loss: 0.0668 - accuracy: 0.9815 106/146 [====================>.........] - ETA: 57s - loss: 0.0663 - accuracy: 0.9817107/146 [====================>.........] - ETA: 56s - loss: 0.0657 - accuracy: 0.9819108/146 [=====================>........] - ETA: 54s - loss: 0.0652 - accuracy: 0.9821109/146 [=====================>........] - ETA: 53s - loss: 0.0646 - accuracy: 0.9822110/146 [=====================>........] - ETA: 51s - loss: 0.0640 - accuracy: 0.9824111/146 [=====================>........] - ETA: 50s - loss: 0.0637 - accuracy: 0.9825112/146 [======================>.......] - ETA: 49s - loss: 0.0631 - accuracy: 0.9827113/146 [======================>.......] - ETA: 47s - loss: 0.0626 - accuracy: 0.9829114/146 [======================>.......] - ETA: 46s - loss: 0.0621 - accuracy: 0.9830115/146 [======================>.......] - ETA: 44s - loss: 0.0616 - accuracy: 0.9832116/146 [======================>.......] - ETA: 43s - loss: 0.0614 - accuracy: 0.9833117/146 [=======================>......] - ETA: 41s - loss: 0.0610 - accuracy: 0.9834118/146 [=======================>......] - ETA: 40s - loss: 0.0605 - accuracy: 0.9836119/146 [=======================>......] - ETA: 38s - loss: 0.0602 - accuracy: 0.9837120/146 [=======================>......] - ETA: 37s - loss: 0.0600 - accuracy: 0.9839121/146 [=======================>......] - ETA: 36s - loss: 0.0597 - accuracy: 0.9840122/146 [========================>.....] - ETA: 34s - loss: 0.0596 - accuracy: 0.9841123/146 [========================>.....] - ETA: 33s - loss: 0.0596 - accuracy: 0.9840124/146 [========================>.....] - ETA: 31s - loss: 0.0591 - accuracy: 0.9841125/146 [========================>.....] - ETA: 30s - loss: 0.0592 - accuracy: 0.9837126/146 [========================>.....] - ETA: 28s - loss: 0.0588 - accuracy: 0.9839127/146 [=========================>....] - ETA: 27s - loss: 0.0584 - accuracy: 0.9840128/146 [=========================>....] - ETA: 25s - loss: 0.0580 - accuracy: 0.9841129/146 [=========================>....] - ETA: 24s - loss: 0.0576 - accuracy: 0.9843130/146 [=========================>....] - ETA: 23s - loss: 0.0572 - accuracy: 0.9844131/146 [=========================>....] - ETA: 21s - loss: 0.0568 - accuracy: 0.9845132/146 [==========================>...] - ETA: 20s - loss: 0.0571 - accuracy: 0.9844133/146 [==========================>...] - ETA: 18s - loss: 0.0568 - accuracy: 0.9845134/146 [==========================>...] - ETA: 17s - loss: 0.0563 - accuracy: 0.9846135/146 [==========================>...] - ETA: 15s - loss: 0.0560 - accuracy: 0.9847136/146 [==========================>...] - ETA: 14s - loss: 0.0556 - accuracy: 0.9848137/146 [===========================>..] - ETA: 12s - loss: 0.0554 - accuracy: 0.9847138/146 [===========================>..] - ETA: 11s - loss: 0.0551 - accuracy: 0.9848139/146 [===========================>..] - ETA: 10s - loss: 0.0547 - accuracy: 0.9849140/146 [===========================>..] - ETA: 8s - loss: 0.0544 - accuracy: 0.9850 141/146 [===========================>..] - ETA: 7s - loss: 0.0542 - accuracy: 0.9852142/146 [============================>.] - ETA: 5s - loss: 0.0538 - accuracy: 0.9853143/146 [============================>.] - ETA: 4s - loss: 0.0535 - accuracy: 0.9854144/146 [============================>.] - ETA: 2s - loss: 0.0534 - accuracy: 0.9852145/146 [============================>.] - ETA: 1s - loss: 0.0531 - accuracy: 0.9853146/146 [==============================] - ETA: 0s - loss: 0.0531 - accuracy: 0.9854146/146 [==============================] - 227s 2s/step - loss: 0.0531 - accuracy: 0.9854 - val_loss: 0.6646 - val_accuracy: 0.9045
Epoch 76/108
  1/146 [..............................] - ETA: 3:42 - loss: 0.0119 - accuracy: 1.0000  2/146 [..............................] - ETA: 3:23 - loss: 0.0165 - accuracy: 1.0000  3/146 [..............................] - ETA: 3:32 - loss: 0.0125 - accuracy: 1.0000  4/146 [..............................] - ETA: 3:29 - loss: 0.0101 - accuracy: 1.0000  5/146 [>.............................] - ETA: 3:27 - loss: 0.0082 - accuracy: 1.0000  6/146 [>.............................] - ETA: 3:21 - loss: 0.0132 - accuracy: 0.9948  7/146 [>.............................] - ETA: 3:18 - loss: 0.0139 - accuracy: 0.9955  8/146 [>.............................] - ETA: 3:16 - loss: 0.0144 - accuracy: 0.9961  9/146 [>.............................] - ETA: 3:14 - loss: 0.0143 - accuracy: 0.9965 10/146 [=>............................] - ETA: 3:13 - loss: 0.0134 - accuracy: 0.9969 11/146 [=>............................] - ETA: 3:11 - loss: 0.0122 - accuracy: 0.9972 12/146 [=>............................] - ETA: 3:09 - loss: 0.0114 - accuracy: 0.9974 13/146 [=>............................] - ETA: 3:07 - loss: 0.0110 - accuracy: 0.9976 14/146 [=>............................] - ETA: 3:06 - loss: 0.0104 - accuracy: 0.9978 15/146 [==>...........................] - ETA: 3:03 - loss: 0.0144 - accuracy: 0.9958 16/146 [==>...........................] - ETA: 2:59 - loss: 0.0136 - accuracy: 0.9961 17/146 [==>...........................] - ETA: 2:56 - loss: 0.0129 - accuracy: 0.9963 18/146 [==>...........................] - ETA: 2:54 - loss: 0.0123 - accuracy: 0.9965 19/146 [==>...........................] - ETA: 2:51 - loss: 0.0127 - accuracy: 0.9967 20/146 [===>..........................] - ETA: 2:50 - loss: 0.0128 - accuracy: 0.9969 21/146 [===>..........................] - ETA: 2:50 - loss: 0.0124 - accuracy: 0.9970 22/146 [===>..........................] - ETA: 2:48 - loss: 0.0118 - accuracy: 0.9972 23/146 [===>..........................] - ETA: 2:48 - loss: 0.0113 - accuracy: 0.9973 24/146 [===>..........................] - ETA: 2:47 - loss: 0.0111 - accuracy: 0.9974 25/146 [====>.........................] - ETA: 2:46 - loss: 0.0109 - accuracy: 0.9975 26/146 [====>.........................] - ETA: 2:45 - loss: 0.0105 - accuracy: 0.9976 27/146 [====>.........................] - ETA: 2:44 - loss: 0.0102 - accuracy: 0.9977 28/146 [====>.........................] - ETA: 2:43 - loss: 0.0100 - accuracy: 0.9978 29/146 [====>.........................] - ETA: 2:42 - loss: 0.0098 - accuracy: 0.9978 30/146 [=====>........................] - ETA: 2:41 - loss: 0.0097 - accuracy: 0.9979 31/146 [=====>........................] - ETA: 2:40 - loss: 0.0095 - accuracy: 0.9980 32/146 [=====>........................] - ETA: 2:38 - loss: 0.0103 - accuracy: 0.9971 33/146 [=====>........................] - ETA: 2:37 - loss: 0.0100 - accuracy: 0.9972 34/146 [=====>........................] - ETA: 2:36 - loss: 0.0143 - accuracy: 0.9963 35/146 [======>.......................] - ETA: 2:35 - loss: 0.0139 - accuracy: 0.9964 36/146 [======>.......................] - ETA: 2:34 - loss: 0.0135 - accuracy: 0.9965 37/146 [======>.......................] - ETA: 2:33 - loss: 0.0143 - accuracy: 0.9958 38/146 [======>.......................] - ETA: 2:32 - loss: 0.0140 - accuracy: 0.9959 39/146 [=======>......................] - ETA: 2:31 - loss: 0.0137 - accuracy: 0.9960 40/146 [=======>......................] - ETA: 2:30 - loss: 0.0134 - accuracy: 0.9961 41/146 [=======>......................] - ETA: 2:28 - loss: 0.0132 - accuracy: 0.9962 42/146 [=======>......................] - ETA: 2:27 - loss: 0.0129 - accuracy: 0.9963 43/146 [=======>......................] - ETA: 2:26 - loss: 0.0127 - accuracy: 0.9964 44/146 [========>.....................] - ETA: 2:25 - loss: 0.0127 - accuracy: 0.9964 45/146 [========>.....................] - ETA: 2:24 - loss: 0.0129 - accuracy: 0.9958 46/146 [========>.....................] - ETA: 2:23 - loss: 0.0126 - accuracy: 0.9959 47/146 [========>.....................] - ETA: 2:22 - loss: 0.0125 - accuracy: 0.9960 48/146 [========>.....................] - ETA: 2:20 - loss: 0.0122 - accuracy: 0.9961 49/146 [=========>....................] - ETA: 2:19 - loss: 0.0120 - accuracy: 0.9962 50/146 [=========>....................] - ETA: 2:17 - loss: 0.0121 - accuracy: 0.9962 51/146 [=========>....................] - ETA: 2:16 - loss: 0.0133 - accuracy: 0.9957 52/146 [=========>....................] - ETA: 2:15 - loss: 0.0133 - accuracy: 0.9958 53/146 [=========>....................] - ETA: 2:13 - loss: 0.0131 - accuracy: 0.9959 54/146 [==========>...................] - ETA: 2:12 - loss: 0.0130 - accuracy: 0.9959 55/146 [==========>...................] - ETA: 2:11 - loss: 0.0132 - accuracy: 0.9960 56/146 [==========>...................] - ETA: 2:09 - loss: 0.0130 - accuracy: 0.9961 57/146 [==========>...................] - ETA: 2:08 - loss: 0.0128 - accuracy: 0.9962 58/146 [==========>...................] - ETA: 2:06 - loss: 0.0126 - accuracy: 0.9962 59/146 [===========>..................] - ETA: 2:05 - loss: 0.0125 - accuracy: 0.9963 60/146 [===========>..................] - ETA: 2:03 - loss: 0.0129 - accuracy: 0.9958 61/146 [===========>..................] - ETA: 2:02 - loss: 0.0126 - accuracy: 0.9959 62/146 [===========>..................] - ETA: 2:01 - loss: 0.0131 - accuracy: 0.9955 63/146 [===========>..................] - ETA: 1:59 - loss: 0.0131 - accuracy: 0.9955 64/146 [============>.................] - ETA: 1:58 - loss: 0.0133 - accuracy: 0.9956 65/146 [============>.................] - ETA: 1:57 - loss: 0.0135 - accuracy: 0.9957 66/146 [============>.................] - ETA: 1:55 - loss: 0.0134 - accuracy: 0.9957 67/146 [============>.................] - ETA: 1:54 - loss: 0.0141 - accuracy: 0.9953 68/146 [============>.................] - ETA: 1:52 - loss: 0.0139 - accuracy: 0.9954 69/146 [=============>................] - ETA: 1:51 - loss: 0.0137 - accuracy: 0.9955 70/146 [=============>................] - ETA: 1:49 - loss: 0.0136 - accuracy: 0.9955 71/146 [=============>................] - ETA: 1:48 - loss: 0.0134 - accuracy: 0.9956 72/146 [=============>................] - ETA: 1:47 - loss: 0.0132 - accuracy: 0.9957 73/146 [==============>...............] - ETA: 1:45 - loss: 0.0132 - accuracy: 0.9957 74/146 [==============>...............] - ETA: 1:44 - loss: 0.0134 - accuracy: 0.9954 75/146 [==============>...............] - ETA: 1:42 - loss: 0.0137 - accuracy: 0.9950 76/146 [==============>...............] - ETA: 1:41 - loss: 0.0136 - accuracy: 0.9951 77/146 [==============>...............] - ETA: 1:39 - loss: 0.0136 - accuracy: 0.9951 78/146 [===============>..............] - ETA: 1:38 - loss: 0.0135 - accuracy: 0.9952 79/146 [===============>..............] - ETA: 1:36 - loss: 0.0134 - accuracy: 0.9953 80/146 [===============>..............] - ETA: 1:35 - loss: 0.0132 - accuracy: 0.9953 81/146 [===============>..............] - ETA: 1:33 - loss: 0.0135 - accuracy: 0.9954 82/146 [===============>..............] - ETA: 1:32 - loss: 0.0143 - accuracy: 0.9947 83/146 [================>.............] - ETA: 1:30 - loss: 0.0142 - accuracy: 0.9947 84/146 [================>.............] - ETA: 1:29 - loss: 0.0145 - accuracy: 0.9948 85/146 [================>.............] - ETA: 1:27 - loss: 0.0143 - accuracy: 0.9949 86/146 [================>.............] - ETA: 1:26 - loss: 0.0142 - accuracy: 0.9949 87/146 [================>.............] - ETA: 1:24 - loss: 0.0141 - accuracy: 0.9950 88/146 [=================>............] - ETA: 1:23 - loss: 0.0148 - accuracy: 0.9947 89/146 [=================>............] - ETA: 1:22 - loss: 0.0146 - accuracy: 0.9947 90/146 [=================>............] - ETA: 1:20 - loss: 0.0145 - accuracy: 0.9948 91/146 [=================>............] - ETA: 1:19 - loss: 0.0143 - accuracy: 0.9948 92/146 [=================>............] - ETA: 1:17 - loss: 0.0142 - accuracy: 0.9949 93/146 [==================>...........] - ETA: 1:16 - loss: 0.0143 - accuracy: 0.9950 94/146 [==================>...........] - ETA: 1:14 - loss: 0.0141 - accuracy: 0.9950 95/146 [==================>...........] - ETA: 1:13 - loss: 0.0149 - accuracy: 0.9947 96/146 [==================>...........] - ETA: 1:11 - loss: 0.0148 - accuracy: 0.9948 97/146 [==================>...........] - ETA: 1:10 - loss: 0.0148 - accuracy: 0.9948 98/146 [===================>..........] - ETA: 1:09 - loss: 0.0147 - accuracy: 0.9949 99/146 [===================>..........] - ETA: 1:07 - loss: 0.0148 - accuracy: 0.9946100/146 [===================>..........] - ETA: 1:06 - loss: 0.0161 - accuracy: 0.9944101/146 [===================>..........] - ETA: 1:04 - loss: 0.0160 - accuracy: 0.9944102/146 [===================>..........] - ETA: 1:03 - loss: 0.0159 - accuracy: 0.9945103/146 [====================>.........] - ETA: 1:02 - loss: 0.0157 - accuracy: 0.9945104/146 [====================>.........] - ETA: 1:00 - loss: 0.0157 - accuracy: 0.9946105/146 [====================>.........] - ETA: 59s - loss: 0.0157 - accuracy: 0.9946 106/146 [====================>.........] - ETA: 57s - loss: 0.0157 - accuracy: 0.9947107/146 [====================>.........] - ETA: 56s - loss: 0.0155 - accuracy: 0.9947108/146 [=====================>........] - ETA: 54s - loss: 0.0154 - accuracy: 0.9948109/146 [=====================>........] - ETA: 53s - loss: 0.0153 - accuracy: 0.9948110/146 [=====================>........] - ETA: 52s - loss: 0.0152 - accuracy: 0.9949111/146 [=====================>........] - ETA: 50s - loss: 0.0150 - accuracy: 0.9949112/146 [======================>.......] - ETA: 49s - loss: 0.0149 - accuracy: 0.9950113/146 [======================>.......] - ETA: 47s - loss: 0.0148 - accuracy: 0.9950114/146 [======================>.......] - ETA: 46s - loss: 0.0156 - accuracy: 0.9948115/146 [======================>.......] - ETA: 44s - loss: 0.0155 - accuracy: 0.9948116/146 [======================>.......] - ETA: 43s - loss: 0.0158 - accuracy: 0.9946117/146 [=======================>......] - ETA: 42s - loss: 0.0160 - accuracy: 0.9944118/146 [=======================>......] - ETA: 40s - loss: 0.0159 - accuracy: 0.9944119/146 [=======================>......] - ETA: 39s - loss: 0.0158 - accuracy: 0.9945120/146 [=======================>......] - ETA: 37s - loss: 0.0158 - accuracy: 0.9945121/146 [=======================>......] - ETA: 36s - loss: 0.0157 - accuracy: 0.9946122/146 [========================>.....] - ETA: 34s - loss: 0.0157 - accuracy: 0.9946123/146 [========================>.....] - ETA: 33s - loss: 0.0158 - accuracy: 0.9947124/146 [========================>.....] - ETA: 31s - loss: 0.0157 - accuracy: 0.9947125/146 [========================>.....] - ETA: 30s - loss: 0.0157 - accuracy: 0.9948126/146 [========================>.....] - ETA: 29s - loss: 0.0156 - accuracy: 0.9948127/146 [=========================>....] - ETA: 27s - loss: 0.0155 - accuracy: 0.9948128/146 [=========================>....] - ETA: 26s - loss: 0.0154 - accuracy: 0.9949129/146 [=========================>....] - ETA: 24s - loss: 0.0154 - accuracy: 0.9949130/146 [=========================>....] - ETA: 23s - loss: 0.0154 - accuracy: 0.9950131/146 [=========================>....] - ETA: 21s - loss: 0.0166 - accuracy: 0.9948132/146 [==========================>...] - ETA: 20s - loss: 0.0167 - accuracy: 0.9948133/146 [==========================>...] - ETA: 18s - loss: 0.0166 - accuracy: 0.9948134/146 [==========================>...] - ETA: 17s - loss: 0.0165 - accuracy: 0.9949135/146 [==========================>...] - ETA: 15s - loss: 0.0164 - accuracy: 0.9949136/146 [==========================>...] - ETA: 14s - loss: 0.0179 - accuracy: 0.9947137/146 [===========================>..] - ETA: 13s - loss: 0.0177 - accuracy: 0.9948138/146 [===========================>..] - ETA: 11s - loss: 0.0177 - accuracy: 0.9948139/146 [===========================>..] - ETA: 10s - loss: 0.0176 - accuracy: 0.9948140/146 [===========================>..] - ETA: 8s - loss: 0.0175 - accuracy: 0.9949 141/146 [===========================>..] - ETA: 7s - loss: 0.0174 - accuracy: 0.9949142/146 [============================>.] - ETA: 5s - loss: 0.0173 - accuracy: 0.9949143/146 [============================>.] - ETA: 4s - loss: 0.0173 - accuracy: 0.9950144/146 [============================>.] - ETA: 2s - loss: 0.0173 - accuracy: 0.9950145/146 [============================>.] - ETA: 1s - loss: 0.0172 - accuracy: 0.9950146/146 [==============================] - ETA: 0s - loss: 0.0172 - accuracy: 0.9950146/146 [==============================] - 228s 2s/step - loss: 0.0172 - accuracy: 0.9950 - val_loss: 0.7840 - val_accuracy: 0.9093
Epoch 77/108
  1/146 [..............................] - ETA: 3:32 - loss: 7.2329e-04 - accuracy: 1.0000  2/146 [..............................] - ETA: 3:37 - loss: 6.9603e-04 - accuracy: 1.0000  3/146 [..............................] - ETA: 3:29 - loss: 0.0010 - accuracy: 1.0000      4/146 [..............................] - ETA: 3:26 - loss: 0.0069 - accuracy: 1.0000  5/146 [>.............................] - ETA: 3:27 - loss: 0.0102 - accuracy: 0.9937  6/146 [>.............................] - ETA: 3:26 - loss: 0.0085 - accuracy: 0.9948  7/146 [>.............................] - ETA: 3:27 - loss: 0.0488 - accuracy: 0.9911  8/146 [>.............................] - ETA: 3:27 - loss: 0.0459 - accuracy: 0.9922  9/146 [>.............................] - ETA: 3:25 - loss: 0.0413 - accuracy: 0.9931 10/146 [=>............................] - ETA: 3:25 - loss: 0.0379 - accuracy: 0.9937 11/146 [=>............................] - ETA: 3:22 - loss: 0.0350 - accuracy: 0.9943 12/146 [=>............................] - ETA: 3:20 - loss: 0.0321 - accuracy: 0.9948 13/146 [=>............................] - ETA: 3:19 - loss: 0.0297 - accuracy: 0.9952 14/146 [=>............................] - ETA: 3:17 - loss: 0.0278 - accuracy: 0.9955 15/146 [==>...........................] - ETA: 3:16 - loss: 0.0260 - accuracy: 0.9958 16/146 [==>...........................] - ETA: 3:15 - loss: 0.0245 - accuracy: 0.9961 17/146 [==>...........................] - ETA: 3:13 - loss: 0.0241 - accuracy: 0.9963 18/146 [==>...........................] - ETA: 3:12 - loss: 0.0228 - accuracy: 0.9965 19/146 [==>...........................] - ETA: 3:10 - loss: 0.0220 - accuracy: 0.9967 20/146 [===>..........................] - ETA: 3:09 - loss: 0.0228 - accuracy: 0.9953 21/146 [===>..........................] - ETA: 3:07 - loss: 0.0238 - accuracy: 0.9940 22/146 [===>..........................] - ETA: 3:05 - loss: 0.0247 - accuracy: 0.9929 23/146 [===>..........................] - ETA: 3:04 - loss: 0.0237 - accuracy: 0.9932 24/146 [===>..........................] - ETA: 3:02 - loss: 0.0235 - accuracy: 0.9935 25/146 [====>.........................] - ETA: 3:01 - loss: 0.0227 - accuracy: 0.9937 26/146 [====>.........................] - ETA: 2:59 - loss: 0.0224 - accuracy: 0.9940 27/146 [====>.........................] - ETA: 2:56 - loss: 0.0216 - accuracy: 0.9942 28/146 [====>.........................] - ETA: 2:55 - loss: 0.0214 - accuracy: 0.9944 29/146 [====>.........................] - ETA: 2:52 - loss: 0.0207 - accuracy: 0.9946 30/146 [=====>........................] - ETA: 2:50 - loss: 0.0203 - accuracy: 0.9948 31/146 [=====>........................] - ETA: 2:48 - loss: 0.0198 - accuracy: 0.9950 32/146 [=====>........................] - ETA: 2:47 - loss: 0.0195 - accuracy: 0.9951 33/146 [=====>........................] - ETA: 2:45 - loss: 0.0192 - accuracy: 0.9953 34/146 [=====>........................] - ETA: 2:43 - loss: 0.0188 - accuracy: 0.9954 35/146 [======>.......................] - ETA: 2:42 - loss: 0.0183 - accuracy: 0.9955 36/146 [======>.......................] - ETA: 2:41 - loss: 0.0180 - accuracy: 0.9957 37/146 [======>.......................] - ETA: 2:39 - loss: 0.0175 - accuracy: 0.9958 38/146 [======>.......................] - ETA: 2:37 - loss: 0.0176 - accuracy: 0.9959 39/146 [=======>......................] - ETA: 2:36 - loss: 0.0173 - accuracy: 0.9960 40/146 [=======>......................] - ETA: 2:34 - loss: 0.0169 - accuracy: 0.9961 41/146 [=======>......................] - ETA: 2:32 - loss: 0.0166 - accuracy: 0.9962 42/146 [=======>......................] - ETA: 2:31 - loss: 0.0163 - accuracy: 0.9963 43/146 [=======>......................] - ETA: 2:29 - loss: 0.0159 - accuracy: 0.9964 44/146 [========>.....................] - ETA: 2:28 - loss: 0.0156 - accuracy: 0.9964 45/146 [========>.....................] - ETA: 2:26 - loss: 0.0154 - accuracy: 0.9965 46/146 [========>.....................] - ETA: 2:25 - loss: 0.0150 - accuracy: 0.9966 47/146 [========>.....................] - ETA: 2:23 - loss: 0.0148 - accuracy: 0.9967 48/146 [========>.....................] - ETA: 2:22 - loss: 0.0147 - accuracy: 0.9967 49/146 [=========>....................] - ETA: 2:20 - loss: 0.0144 - accuracy: 0.9968 50/146 [=========>....................] - ETA: 2:19 - loss: 0.0147 - accuracy: 0.9962 51/146 [=========>....................] - ETA: 2:17 - loss: 0.0148 - accuracy: 0.9963 52/146 [=========>....................] - ETA: 2:16 - loss: 0.0148 - accuracy: 0.9964 53/146 [=========>....................] - ETA: 2:14 - loss: 0.0152 - accuracy: 0.9965 54/146 [==========>...................] - ETA: 2:13 - loss: 0.0150 - accuracy: 0.9965 55/146 [==========>...................] - ETA: 2:12 - loss: 0.0171 - accuracy: 0.9960 56/146 [==========>...................] - ETA: 2:10 - loss: 0.0168 - accuracy: 0.9961 57/146 [==========>...................] - ETA: 2:09 - loss: 0.0166 - accuracy: 0.9962 58/146 [==========>...................] - ETA: 2:07 - loss: 0.0191 - accuracy: 0.9957 59/146 [===========>..................] - ETA: 2:06 - loss: 0.0189 - accuracy: 0.9958 60/146 [===========>..................] - ETA: 2:04 - loss: 0.0188 - accuracy: 0.9958 61/146 [===========>..................] - ETA: 2:03 - loss: 0.0197 - accuracy: 0.9954 62/146 [===========>..................] - ETA: 2:02 - loss: 0.0207 - accuracy: 0.9945 63/146 [===========>..................] - ETA: 2:00 - loss: 0.0207 - accuracy: 0.9945 64/146 [============>.................] - ETA: 1:59 - loss: 0.0205 - accuracy: 0.9946 65/146 [============>.................] - ETA: 1:57 - loss: 0.0207 - accuracy: 0.9942 66/146 [============>.................] - ETA: 1:56 - loss: 0.0204 - accuracy: 0.9943 67/146 [============>.................] - ETA: 1:54 - loss: 0.0209 - accuracy: 0.9939 68/146 [============>.................] - ETA: 1:53 - loss: 0.0238 - accuracy: 0.9936 69/146 [=============>................] - ETA: 1:52 - loss: 0.0235 - accuracy: 0.9937 70/146 [=============>................] - ETA: 1:50 - loss: 0.0232 - accuracy: 0.9937 71/146 [=============>................] - ETA: 1:49 - loss: 0.0230 - accuracy: 0.9938 72/146 [=============>................] - ETA: 1:47 - loss: 0.0240 - accuracy: 0.9931 73/146 [==============>...............] - ETA: 1:46 - loss: 0.0248 - accuracy: 0.9927 74/146 [==============>...............] - ETA: 1:45 - loss: 0.0265 - accuracy: 0.9920 75/146 [==============>...............] - ETA: 1:43 - loss: 0.0263 - accuracy: 0.9921 76/146 [==============>...............] - ETA: 1:42 - loss: 0.0260 - accuracy: 0.9922 77/146 [==============>...............] - ETA: 1:40 - loss: 0.0258 - accuracy: 0.9923 78/146 [===============>..............] - ETA: 1:39 - loss: 0.0257 - accuracy: 0.9924 79/146 [===============>..............] - ETA: 1:37 - loss: 0.0258 - accuracy: 0.9921 80/146 [===============>..............] - ETA: 1:36 - loss: 0.0255 - accuracy: 0.9922 81/146 [===============>..............] - ETA: 1:34 - loss: 0.0255 - accuracy: 0.9919 82/146 [===============>..............] - ETA: 1:33 - loss: 0.0263 - accuracy: 0.9912 83/146 [================>.............] - ETA: 1:31 - loss: 0.0265 - accuracy: 0.9910 84/146 [================>.............] - ETA: 1:30 - loss: 0.0266 - accuracy: 0.9911 85/146 [================>.............] - ETA: 1:29 - loss: 0.0264 - accuracy: 0.9912 86/146 [================>.............] - ETA: 1:27 - loss: 0.0267 - accuracy: 0.9909 87/146 [================>.............] - ETA: 1:26 - loss: 0.0265 - accuracy: 0.9910 88/146 [=================>............] - ETA: 1:24 - loss: 0.0262 - accuracy: 0.9911 89/146 [=================>............] - ETA: 1:23 - loss: 0.0261 - accuracy: 0.9912 90/146 [=================>............] - ETA: 1:21 - loss: 0.0260 - accuracy: 0.9913 91/146 [=================>............] - ETA: 1:20 - loss: 0.0261 - accuracy: 0.9914 92/146 [=================>............] - ETA: 1:18 - loss: 0.0262 - accuracy: 0.9915 93/146 [==================>...........] - ETA: 1:17 - loss: 0.0262 - accuracy: 0.9913 94/146 [==================>...........] - ETA: 1:15 - loss: 0.0260 - accuracy: 0.9914 95/146 [==================>...........] - ETA: 1:14 - loss: 0.0282 - accuracy: 0.9908 96/146 [==================>...........] - ETA: 1:13 - loss: 0.0284 - accuracy: 0.9906 97/146 [==================>...........] - ETA: 1:11 - loss: 0.0281 - accuracy: 0.9907 98/146 [===================>..........] - ETA: 1:10 - loss: 0.0279 - accuracy: 0.9908 99/146 [===================>..........] - ETA: 1:08 - loss: 0.0278 - accuracy: 0.9908100/146 [===================>..........] - ETA: 1:07 - loss: 0.0294 - accuracy: 0.9906101/146 [===================>..........] - ETA: 1:05 - loss: 0.0291 - accuracy: 0.9907102/146 [===================>..........] - ETA: 1:04 - loss: 0.0300 - accuracy: 0.9902103/146 [====================>.........] - ETA: 1:02 - loss: 0.0311 - accuracy: 0.9897104/146 [====================>.........] - ETA: 1:01 - loss: 0.0308 - accuracy: 0.9898105/146 [====================>.........] - ETA: 59s - loss: 0.0305 - accuracy: 0.9899 106/146 [====================>.........] - ETA: 58s - loss: 0.0306 - accuracy: 0.9897107/146 [====================>.........] - ETA: 56s - loss: 0.0304 - accuracy: 0.9898108/146 [=====================>........] - ETA: 55s - loss: 0.0302 - accuracy: 0.9899109/146 [=====================>........] - ETA: 53s - loss: 0.0300 - accuracy: 0.9900110/146 [=====================>........] - ETA: 52s - loss: 0.0301 - accuracy: 0.9898111/146 [=====================>........] - ETA: 50s - loss: 0.0303 - accuracy: 0.9896112/146 [======================>.......] - ETA: 49s - loss: 0.0309 - accuracy: 0.9894113/146 [======================>.......] - ETA: 47s - loss: 0.0315 - accuracy: 0.9892114/146 [======================>.......] - ETA: 46s - loss: 0.0314 - accuracy: 0.9893115/146 [======================>.......] - ETA: 44s - loss: 0.0314 - accuracy: 0.9894116/146 [======================>.......] - ETA: 43s - loss: 0.0313 - accuracy: 0.9895117/146 [=======================>......] - ETA: 42s - loss: 0.0310 - accuracy: 0.9896118/146 [=======================>......] - ETA: 40s - loss: 0.0310 - accuracy: 0.9897119/146 [=======================>......] - ETA: 39s - loss: 0.0309 - accuracy: 0.9898120/146 [=======================>......] - ETA: 37s - loss: 0.0312 - accuracy: 0.9896121/146 [=======================>......] - ETA: 36s - loss: 0.0309 - accuracy: 0.9897122/146 [========================>.....] - ETA: 34s - loss: 0.0308 - accuracy: 0.9898123/146 [========================>.....] - ETA: 33s - loss: 0.0306 - accuracy: 0.9898124/146 [========================>.....] - ETA: 31s - loss: 0.0305 - accuracy: 0.9899125/146 [========================>.....] - ETA: 30s - loss: 0.0303 - accuracy: 0.9900126/146 [========================>.....] - ETA: 29s - loss: 0.0301 - accuracy: 0.9901127/146 [=========================>....] - ETA: 27s - loss: 0.0300 - accuracy: 0.9902128/146 [=========================>....] - ETA: 26s - loss: 0.0305 - accuracy: 0.9897129/146 [=========================>....] - ETA: 24s - loss: 0.0304 - accuracy: 0.9898130/146 [=========================>....] - ETA: 23s - loss: 0.0301 - accuracy: 0.9899131/146 [=========================>....] - ETA: 21s - loss: 0.0306 - accuracy: 0.9895132/146 [==========================>...] - ETA: 20s - loss: 0.0307 - accuracy: 0.9893133/146 [==========================>...] - ETA: 18s - loss: 0.0310 - accuracy: 0.9892134/146 [==========================>...] - ETA: 17s - loss: 0.0312 - accuracy: 0.9890135/146 [==========================>...] - ETA: 15s - loss: 0.0311 - accuracy: 0.9891136/146 [==========================>...] - ETA: 14s - loss: 0.0309 - accuracy: 0.9892137/146 [===========================>..] - ETA: 12s - loss: 0.0310 - accuracy: 0.9891138/146 [===========================>..] - ETA: 11s - loss: 0.0308 - accuracy: 0.9891139/146 [===========================>..] - ETA: 10s - loss: 0.0307 - accuracy: 0.9892140/146 [===========================>..] - ETA: 8s - loss: 0.0305 - accuracy: 0.9893 141/146 [===========================>..] - ETA: 7s - loss: 0.0303 - accuracy: 0.9894142/146 [============================>.] - ETA: 5s - loss: 0.0301 - accuracy: 0.9894143/146 [============================>.] - ETA: 4s - loss: 0.0300 - accuracy: 0.9895144/146 [============================>.] - ETA: 2s - loss: 0.0298 - accuracy: 0.9896145/146 [============================>.] - ETA: 1s - loss: 0.0297 - accuracy: 0.9897146/146 [==============================] - ETA: 0s - loss: 0.0297 - accuracy: 0.9897146/146 [==============================] - 229s 2s/step - loss: 0.0297 - accuracy: 0.9897 - val_loss: 0.6421 - val_accuracy: 0.8900
Epoch 78/108
  1/146 [..............................] - ETA: 3:47 - loss: 0.0063 - accuracy: 1.0000  2/146 [..............................] - ETA: 3:39 - loss: 0.0095 - accuracy: 1.0000  3/146 [..............................] - ETA: 3:32 - loss: 0.0077 - accuracy: 1.0000  4/146 [..............................] - ETA: 3:26 - loss: 0.0141 - accuracy: 1.0000  5/146 [>.............................] - ETA: 3:26 - loss: 0.0116 - accuracy: 1.0000  6/146 [>.............................] - ETA: 3:19 - loss: 0.0128 - accuracy: 1.0000  7/146 [>.............................] - ETA: 3:15 - loss: 0.0114 - accuracy: 1.0000  8/146 [>.............................] - ETA: 3:12 - loss: 0.0175 - accuracy: 0.9961  9/146 [>.............................] - ETA: 3:10 - loss: 0.0168 - accuracy: 0.9965 10/146 [=>............................] - ETA: 3:08 - loss: 0.0154 - accuracy: 0.9969 11/146 [=>............................] - ETA: 3:07 - loss: 0.0141 - accuracy: 0.9972 12/146 [=>............................] - ETA: 3:06 - loss: 0.0168 - accuracy: 0.9948 13/146 [=>............................] - ETA: 3:05 - loss: 0.0160 - accuracy: 0.9952 14/146 [=>............................] - ETA: 3:04 - loss: 0.0151 - accuracy: 0.9955 15/146 [==>...........................] - ETA: 3:02 - loss: 0.0142 - accuracy: 0.9958 16/146 [==>...........................] - ETA: 3:01 - loss: 0.0134 - accuracy: 0.9961 17/146 [==>...........................] - ETA: 2:57 - loss: 0.0128 - accuracy: 0.9963 18/146 [==>...........................] - ETA: 2:55 - loss: 0.0121 - accuracy: 0.9965 19/146 [==>...........................] - ETA: 2:52 - loss: 0.0132 - accuracy: 0.9951 20/146 [===>..........................] - ETA: 2:50 - loss: 0.0127 - accuracy: 0.9953 21/146 [===>..........................] - ETA: 2:48 - loss: 0.0140 - accuracy: 0.9940 22/146 [===>..........................] - ETA: 2:49 - loss: 0.0142 - accuracy: 0.9943 23/146 [===>..........................] - ETA: 2:48 - loss: 0.0136 - accuracy: 0.9946 24/146 [===>..........................] - ETA: 2:48 - loss: 0.0131 - accuracy: 0.9948 25/146 [====>.........................] - ETA: 2:47 - loss: 0.0129 - accuracy: 0.9950 26/146 [====>.........................] - ETA: 2:46 - loss: 0.0124 - accuracy: 0.9952 27/146 [====>.........................] - ETA: 2:45 - loss: 0.0121 - accuracy: 0.9954 28/146 [====>.........................] - ETA: 2:43 - loss: 0.0117 - accuracy: 0.9955 29/146 [====>.........................] - ETA: 2:42 - loss: 0.0132 - accuracy: 0.9946 30/146 [=====>........................] - ETA: 2:41 - loss: 0.0128 - accuracy: 0.9948 31/146 [=====>........................] - ETA: 2:39 - loss: 0.0128 - accuracy: 0.9950 32/146 [=====>........................] - ETA: 2:38 - loss: 0.0125 - accuracy: 0.9951 33/146 [=====>........................] - ETA: 2:37 - loss: 0.0121 - accuracy: 0.9953 34/146 [=====>........................] - ETA: 2:36 - loss: 0.0119 - accuracy: 0.9954 35/146 [======>.......................] - ETA: 2:35 - loss: 0.0116 - accuracy: 0.9955 36/146 [======>.......................] - ETA: 2:34 - loss: 0.0133 - accuracy: 0.9948 37/146 [======>.......................] - ETA: 2:33 - loss: 0.0133 - accuracy: 0.9949 38/146 [======>.......................] - ETA: 2:31 - loss: 0.0139 - accuracy: 0.9942 39/146 [=======>......................] - ETA: 2:30 - loss: 0.0136 - accuracy: 0.9944 40/146 [=======>......................] - ETA: 2:29 - loss: 0.0133 - accuracy: 0.9945 41/146 [=======>......................] - ETA: 2:28 - loss: 0.0131 - accuracy: 0.9947 42/146 [=======>......................] - ETA: 2:27 - loss: 0.0131 - accuracy: 0.9948 43/146 [=======>......................] - ETA: 2:26 - loss: 0.0130 - accuracy: 0.9949 44/146 [========>.....................] - ETA: 2:24 - loss: 0.0132 - accuracy: 0.9950 45/146 [========>.....................] - ETA: 2:23 - loss: 0.0129 - accuracy: 0.9951 46/146 [========>.....................] - ETA: 2:22 - loss: 0.0133 - accuracy: 0.9946 47/146 [========>.....................] - ETA: 2:21 - loss: 0.0132 - accuracy: 0.9947 48/146 [========>.....................] - ETA: 2:19 - loss: 0.0162 - accuracy: 0.9935 49/146 [=========>....................] - ETA: 2:17 - loss: 0.0189 - accuracy: 0.9930 50/146 [=========>....................] - ETA: 2:16 - loss: 0.0192 - accuracy: 0.9925 51/146 [=========>....................] - ETA: 2:15 - loss: 0.0190 - accuracy: 0.9926 52/146 [=========>....................] - ETA: 2:13 - loss: 0.0188 - accuracy: 0.9928 53/146 [=========>....................] - ETA: 2:12 - loss: 0.0201 - accuracy: 0.9923 54/146 [==========>...................] - ETA: 2:10 - loss: 0.0199 - accuracy: 0.9925 55/146 [==========>...................] - ETA: 2:09 - loss: 0.0198 - accuracy: 0.9926 56/146 [==========>...................] - ETA: 2:08 - loss: 0.0197 - accuracy: 0.9927 57/146 [==========>...................] - ETA: 2:06 - loss: 0.0204 - accuracy: 0.9923 58/146 [==========>...................] - ETA: 2:05 - loss: 0.0229 - accuracy: 0.9914 59/146 [===========>..................] - ETA: 2:04 - loss: 0.0230 - accuracy: 0.9915 60/146 [===========>..................] - ETA: 2:02 - loss: 0.0230 - accuracy: 0.9917 61/146 [===========>..................] - ETA: 2:01 - loss: 0.0233 - accuracy: 0.9913 62/146 [===========>..................] - ETA: 1:59 - loss: 0.0238 - accuracy: 0.9909 63/146 [===========>..................] - ETA: 1:58 - loss: 0.0236 - accuracy: 0.9911 64/146 [============>.................] - ETA: 1:57 - loss: 0.0233 - accuracy: 0.9912 65/146 [============>.................] - ETA: 1:55 - loss: 0.0232 - accuracy: 0.9913 66/146 [============>.................] - ETA: 1:54 - loss: 0.0248 - accuracy: 0.9905 67/146 [============>.................] - ETA: 1:52 - loss: 0.0245 - accuracy: 0.9907 68/146 [============>.................] - ETA: 1:51 - loss: 0.0258 - accuracy: 0.9903 69/146 [=============>................] - ETA: 1:50 - loss: 0.0260 - accuracy: 0.9905 70/146 [=============>................] - ETA: 1:48 - loss: 0.0257 - accuracy: 0.9906 71/146 [=============>................] - ETA: 1:47 - loss: 0.0254 - accuracy: 0.9908 72/146 [=============>................] - ETA: 1:46 - loss: 0.0251 - accuracy: 0.9909 73/146 [==============>...............] - ETA: 1:44 - loss: 0.0247 - accuracy: 0.9910 74/146 [==============>...............] - ETA: 1:43 - loss: 0.0248 - accuracy: 0.9911 75/146 [==============>...............] - ETA: 1:42 - loss: 0.0248 - accuracy: 0.9912 76/146 [==============>...............] - ETA: 1:40 - loss: 0.0245 - accuracy: 0.9914 77/146 [==============>...............] - ETA: 1:39 - loss: 0.0243 - accuracy: 0.9915 78/146 [===============>..............] - ETA: 1:37 - loss: 0.0243 - accuracy: 0.9916 79/146 [===============>..............] - ETA: 1:35 - loss: 0.0241 - accuracy: 0.9917 80/146 [===============>..............] - ETA: 1:34 - loss: 0.0239 - accuracy: 0.9918 81/146 [===============>..............] - ETA: 1:32 - loss: 0.0237 - accuracy: 0.9919 82/146 [===============>..............] - ETA: 1:31 - loss: 0.0237 - accuracy: 0.9920 83/146 [================>.............] - ETA: 1:29 - loss: 0.0234 - accuracy: 0.9921 84/146 [================>.............] - ETA: 1:28 - loss: 0.0232 - accuracy: 0.9922 85/146 [================>.............] - ETA: 1:26 - loss: 0.0229 - accuracy: 0.9923 86/146 [================>.............] - ETA: 1:25 - loss: 0.0236 - accuracy: 0.9916 87/146 [================>.............] - ETA: 1:23 - loss: 0.0233 - accuracy: 0.9917 88/146 [=================>............] - ETA: 1:22 - loss: 0.0231 - accuracy: 0.9918 89/146 [=================>............] - ETA: 1:20 - loss: 0.0232 - accuracy: 0.9919 90/146 [=================>............] - ETA: 1:19 - loss: 0.0229 - accuracy: 0.9920 91/146 [=================>............] - ETA: 1:17 - loss: 0.0231 - accuracy: 0.9921 92/146 [=================>............] - ETA: 1:16 - loss: 0.0228 - accuracy: 0.9922 93/146 [==================>...........] - ETA: 1:14 - loss: 0.0232 - accuracy: 0.9919 94/146 [==================>...........] - ETA: 1:13 - loss: 0.0233 - accuracy: 0.9917 95/146 [==================>...........] - ETA: 1:11 - loss: 0.0245 - accuracy: 0.9911 96/146 [==================>...........] - ETA: 1:10 - loss: 0.0242 - accuracy: 0.9912 97/146 [==================>...........] - ETA: 1:09 - loss: 0.0242 - accuracy: 0.9913 98/146 [===================>..........] - ETA: 1:07 - loss: 0.0240 - accuracy: 0.9914 99/146 [===================>..........] - ETA: 1:06 - loss: 0.0244 - accuracy: 0.9912100/146 [===================>..........] - ETA: 1:05 - loss: 0.0245 - accuracy: 0.9912101/146 [===================>..........] - ETA: 1:03 - loss: 0.0243 - accuracy: 0.9913102/146 [===================>..........] - ETA: 1:02 - loss: 0.0240 - accuracy: 0.9914103/146 [====================>.........] - ETA: 1:00 - loss: 0.0238 - accuracy: 0.9915104/146 [====================>.........] - ETA: 59s - loss: 0.0254 - accuracy: 0.9910 105/146 [====================>.........] - ETA: 58s - loss: 0.0253 - accuracy: 0.9911106/146 [====================>.........] - ETA: 56s - loss: 0.0252 - accuracy: 0.9912107/146 [====================>.........] - ETA: 55s - loss: 0.0250 - accuracy: 0.9912108/146 [=====================>........] - ETA: 53s - loss: 0.0258 - accuracy: 0.9910109/146 [=====================>........] - ETA: 52s - loss: 0.0256 - accuracy: 0.9911110/146 [=====================>........] - ETA: 51s - loss: 0.0256 - accuracy: 0.9912111/146 [=====================>........] - ETA: 49s - loss: 0.0255 - accuracy: 0.9913112/146 [======================>.......] - ETA: 48s - loss: 0.0252 - accuracy: 0.9914113/146 [======================>.......] - ETA: 46s - loss: 0.0256 - accuracy: 0.9912114/146 [======================>.......] - ETA: 45s - loss: 0.0254 - accuracy: 0.9912115/146 [======================>.......] - ETA: 44s - loss: 0.0253 - accuracy: 0.9913116/146 [======================>.......] - ETA: 42s - loss: 0.0256 - accuracy: 0.9908117/146 [=======================>......] - ETA: 41s - loss: 0.0254 - accuracy: 0.9909118/146 [=======================>......] - ETA: 39s - loss: 0.0252 - accuracy: 0.9910119/146 [=======================>......] - ETA: 38s - loss: 0.0250 - accuracy: 0.9911120/146 [=======================>......] - ETA: 37s - loss: 0.0249 - accuracy: 0.9911121/146 [=======================>......] - ETA: 35s - loss: 0.0248 - accuracy: 0.9912122/146 [========================>.....] - ETA: 34s - loss: 0.0246 - accuracy: 0.9913123/146 [========================>.....] - ETA: 32s - loss: 0.0244 - accuracy: 0.9914124/146 [========================>.....] - ETA: 31s - loss: 0.0244 - accuracy: 0.9914125/146 [========================>.....] - ETA: 29s - loss: 0.0243 - accuracy: 0.9915126/146 [========================>.....] - ETA: 28s - loss: 0.0242 - accuracy: 0.9916127/146 [=========================>....] - ETA: 27s - loss: 0.0241 - accuracy: 0.9916128/146 [=========================>....] - ETA: 25s - loss: 0.0251 - accuracy: 0.9915129/146 [=========================>....] - ETA: 24s - loss: 0.0254 - accuracy: 0.9913130/146 [=========================>....] - ETA: 22s - loss: 0.0253 - accuracy: 0.9913131/146 [=========================>....] - ETA: 21s - loss: 0.0254 - accuracy: 0.9912132/146 [==========================>...] - ETA: 20s - loss: 0.0252 - accuracy: 0.9912133/146 [==========================>...] - ETA: 18s - loss: 0.0254 - accuracy: 0.9911134/146 [==========================>...] - ETA: 17s - loss: 0.0252 - accuracy: 0.9911135/146 [==========================>...] - ETA: 15s - loss: 0.0251 - accuracy: 0.9912136/146 [==========================>...] - ETA: 14s - loss: 0.0250 - accuracy: 0.9913137/146 [===========================>..] - ETA: 12s - loss: 0.0250 - accuracy: 0.9913138/146 [===========================>..] - ETA: 11s - loss: 0.0257 - accuracy: 0.9909139/146 [===========================>..] - ETA: 9s - loss: 0.0260 - accuracy: 0.9908 140/146 [===========================>..] - ETA: 8s - loss: 0.0258 - accuracy: 0.9908141/146 [===========================>..] - ETA: 7s - loss: 0.0256 - accuracy: 0.9909142/146 [============================>.] - ETA: 5s - loss: 0.0255 - accuracy: 0.9910143/146 [============================>.] - ETA: 4s - loss: 0.0254 - accuracy: 0.9910144/146 [============================>.] - ETA: 2s - loss: 0.0255 - accuracy: 0.9911145/146 [============================>.] - ETA: 1s - loss: 0.0253 - accuracy: 0.9912146/146 [==============================] - ETA: 0s - loss: 0.0253 - accuracy: 0.9912146/146 [==============================] - 227s 2s/step - loss: 0.0253 - accuracy: 0.9912 - val_loss: 0.7344 - val_accuracy: 0.8812
Epoch 79/108
  1/146 [..............................] - ETA: 3:41 - loss: 0.0292 - accuracy: 1.0000  2/146 [..............................] - ETA: 3:30 - loss: 0.0174 - accuracy: 1.0000  3/146 [..............................] - ETA: 3:26 - loss: 0.0169 - accuracy: 1.0000  4/146 [..............................] - ETA: 3:26 - loss: 0.0169 - accuracy: 1.0000  5/146 [>.............................] - ETA: 3:24 - loss: 0.0137 - accuracy: 1.0000  6/146 [>.............................] - ETA: 3:23 - loss: 0.0121 - accuracy: 1.0000  7/146 [>.............................] - ETA: 3:21 - loss: 0.0120 - accuracy: 1.0000  8/146 [>.............................] - ETA: 3:19 - loss: 0.0162 - accuracy: 0.9961  9/146 [>.............................] - ETA: 3:19 - loss: 0.0159 - accuracy: 0.9965 10/146 [=>............................] - ETA: 3:17 - loss: 0.0144 - accuracy: 0.9969 11/146 [=>............................] - ETA: 3:16 - loss: 0.0131 - accuracy: 0.9972 12/146 [=>............................] - ETA: 3:14 - loss: 0.0121 - accuracy: 0.9974 13/146 [=>............................] - ETA: 3:13 - loss: 0.0131 - accuracy: 0.9952 14/146 [=>............................] - ETA: 3:12 - loss: 0.0128 - accuracy: 0.9955 15/146 [==>...........................] - ETA: 3:10 - loss: 0.0119 - accuracy: 0.9958 16/146 [==>...........................] - ETA: 3:09 - loss: 0.0112 - accuracy: 0.9961 17/146 [==>...........................] - ETA: 3:07 - loss: 0.0108 - accuracy: 0.9963 18/146 [==>...........................] - ETA: 3:06 - loss: 0.0102 - accuracy: 0.9965 19/146 [==>...........................] - ETA: 3:05 - loss: 0.0097 - accuracy: 0.9967 20/146 [===>..........................] - ETA: 3:03 - loss: 0.0094 - accuracy: 0.9969 21/146 [===>..........................] - ETA: 3:02 - loss: 0.0089 - accuracy: 0.9970 22/146 [===>..........................] - ETA: 3:00 - loss: 0.0086 - accuracy: 0.9972 23/146 [===>..........................] - ETA: 2:58 - loss: 0.0082 - accuracy: 0.9973 24/146 [===>..........................] - ETA: 2:57 - loss: 0.0082 - accuracy: 0.9974 25/146 [====>.........................] - ETA: 2:55 - loss: 0.0079 - accuracy: 0.9975 26/146 [====>.........................] - ETA: 2:53 - loss: 0.0125 - accuracy: 0.9964 27/146 [====>.........................] - ETA: 2:52 - loss: 0.0123 - accuracy: 0.9965 28/146 [====>.........................] - ETA: 2:51 - loss: 0.0121 - accuracy: 0.9967 29/146 [====>.........................] - ETA: 2:49 - loss: 0.0117 - accuracy: 0.9968 30/146 [=====>........................] - ETA: 2:47 - loss: 0.0114 - accuracy: 0.9969 31/146 [=====>........................] - ETA: 2:44 - loss: 0.0115 - accuracy: 0.9970 32/146 [=====>........................] - ETA: 2:42 - loss: 0.0187 - accuracy: 0.9961 33/146 [=====>........................] - ETA: 2:40 - loss: 0.0241 - accuracy: 0.9943 34/146 [=====>........................] - ETA: 2:38 - loss: 0.0346 - accuracy: 0.9926 35/146 [======>.......................] - ETA: 2:35 - loss: 0.0338 - accuracy: 0.9929 36/146 [======>.......................] - ETA: 2:33 - loss: 0.0331 - accuracy: 0.9931 37/146 [======>.......................] - ETA: 2:32 - loss: 0.0336 - accuracy: 0.9924 38/146 [======>.......................] - ETA: 2:31 - loss: 0.0329 - accuracy: 0.9926 39/146 [=======>......................] - ETA: 2:30 - loss: 0.0360 - accuracy: 0.9912 40/146 [=======>......................] - ETA: 2:29 - loss: 0.0393 - accuracy: 0.9906 41/146 [=======>......................] - ETA: 2:27 - loss: 0.0388 - accuracy: 0.9909 42/146 [=======>......................] - ETA: 2:26 - loss: 0.0395 - accuracy: 0.9903 43/146 [=======>......................] - ETA: 2:25 - loss: 0.0392 - accuracy: 0.9906 44/146 [========>.....................] - ETA: 2:23 - loss: 0.0394 - accuracy: 0.9908 45/146 [========>.....................] - ETA: 2:22 - loss: 0.0393 - accuracy: 0.9910 46/146 [========>.....................] - ETA: 2:21 - loss: 0.0387 - accuracy: 0.9912 47/146 [========>.....................] - ETA: 2:20 - loss: 0.0399 - accuracy: 0.9900 48/146 [========>.....................] - ETA: 2:18 - loss: 0.0403 - accuracy: 0.9902 49/146 [=========>....................] - ETA: 2:17 - loss: 0.0400 - accuracy: 0.9904 50/146 [=========>....................] - ETA: 2:15 - loss: 0.0396 - accuracy: 0.9906 51/146 [=========>....................] - ETA: 2:14 - loss: 0.0399 - accuracy: 0.9902 52/146 [=========>....................] - ETA: 2:12 - loss: 0.0395 - accuracy: 0.9904 53/146 [=========>....................] - ETA: 2:11 - loss: 0.0391 - accuracy: 0.9906 54/146 [==========>...................] - ETA: 2:10 - loss: 0.0385 - accuracy: 0.9907 55/146 [==========>...................] - ETA: 2:08 - loss: 0.0381 - accuracy: 0.9909 56/146 [==========>...................] - ETA: 2:07 - loss: 0.0378 - accuracy: 0.9911 57/146 [==========>...................] - ETA: 2:05 - loss: 0.0376 - accuracy: 0.9912 58/146 [==========>...................] - ETA: 2:04 - loss: 0.0374 - accuracy: 0.9914 59/146 [===========>..................] - ETA: 2:02 - loss: 0.0373 - accuracy: 0.9915 60/146 [===========>..................] - ETA: 2:00 - loss: 0.0372 - accuracy: 0.9911 61/146 [===========>..................] - ETA: 1:59 - loss: 0.0369 - accuracy: 0.9913 62/146 [===========>..................] - ETA: 1:57 - loss: 0.0364 - accuracy: 0.9914 63/146 [===========>..................] - ETA: 1:55 - loss: 0.0358 - accuracy: 0.9916 64/146 [============>.................] - ETA: 1:54 - loss: 0.0358 - accuracy: 0.9912 65/146 [============>.................] - ETA: 1:53 - loss: 0.0388 - accuracy: 0.9904 66/146 [============>.................] - ETA: 1:51 - loss: 0.0383 - accuracy: 0.9905 67/146 [============>.................] - ETA: 1:50 - loss: 0.0382 - accuracy: 0.9902 68/146 [============>.................] - ETA: 1:48 - loss: 0.0377 - accuracy: 0.9903 69/146 [=============>................] - ETA: 1:47 - loss: 0.0372 - accuracy: 0.9905 70/146 [=============>................] - ETA: 1:46 - loss: 0.0367 - accuracy: 0.9906 71/146 [=============>................] - ETA: 1:44 - loss: 0.0364 - accuracy: 0.9908 72/146 [=============>................] - ETA: 1:43 - loss: 0.0420 - accuracy: 0.9896 73/146 [==============>...............] - ETA: 1:42 - loss: 0.0417 - accuracy: 0.9897 74/146 [==============>...............] - ETA: 1:41 - loss: 0.0443 - accuracy: 0.9894 75/146 [==============>...............] - ETA: 1:39 - loss: 0.0446 - accuracy: 0.9892 76/146 [==============>...............] - ETA: 1:38 - loss: 0.0442 - accuracy: 0.9893 77/146 [==============>...............] - ETA: 1:36 - loss: 0.0438 - accuracy: 0.9894 78/146 [===============>..............] - ETA: 1:35 - loss: 0.0445 - accuracy: 0.9892 79/146 [===============>..............] - ETA: 1:34 - loss: 0.0451 - accuracy: 0.9889 80/146 [===============>..............] - ETA: 1:32 - loss: 0.0446 - accuracy: 0.9891 81/146 [===============>..............] - ETA: 1:31 - loss: 0.0448 - accuracy: 0.9888 82/146 [===============>..............] - ETA: 1:30 - loss: 0.0446 - accuracy: 0.9889 83/146 [================>.............] - ETA: 1:28 - loss: 0.0446 - accuracy: 0.9887 84/146 [================>.............] - ETA: 1:27 - loss: 0.0448 - accuracy: 0.9881 85/146 [================>.............] - ETA: 1:26 - loss: 0.0444 - accuracy: 0.9882 86/146 [================>.............] - ETA: 1:24 - loss: 0.0439 - accuracy: 0.9884 87/146 [================>.............] - ETA: 1:23 - loss: 0.0435 - accuracy: 0.9885 88/146 [=================>............] - ETA: 1:21 - loss: 0.0438 - accuracy: 0.9883 89/146 [=================>............] - ETA: 1:20 - loss: 0.0436 - accuracy: 0.9884 90/146 [=================>............] - ETA: 1:19 - loss: 0.0434 - accuracy: 0.9885 91/146 [=================>............] - ETA: 1:17 - loss: 0.0444 - accuracy: 0.9880 92/146 [=================>............] - ETA: 1:16 - loss: 0.0442 - accuracy: 0.9881 93/146 [==================>...........] - ETA: 1:15 - loss: 0.0440 - accuracy: 0.9882 94/146 [==================>...........] - ETA: 1:13 - loss: 0.0438 - accuracy: 0.9884 95/146 [==================>...........] - ETA: 1:12 - loss: 0.0434 - accuracy: 0.9885 96/146 [==================>...........] - ETA: 1:10 - loss: 0.0434 - accuracy: 0.9883 97/146 [==================>...........] - ETA: 1:09 - loss: 0.0435 - accuracy: 0.9881 98/146 [===================>..........] - ETA: 1:08 - loss: 0.0432 - accuracy: 0.9882 99/146 [===================>..........] - ETA: 1:06 - loss: 0.0436 - accuracy: 0.9877100/146 [===================>..........] - ETA: 1:05 - loss: 0.0433 - accuracy: 0.9878101/146 [===================>..........] - ETA: 1:03 - loss: 0.0430 - accuracy: 0.9879102/146 [===================>..........] - ETA: 1:02 - loss: 0.0426 - accuracy: 0.9881103/146 [====================>.........] - ETA: 1:01 - loss: 0.0422 - accuracy: 0.9882104/146 [====================>.........] - ETA: 59s - loss: 0.0418 - accuracy: 0.9883 105/146 [====================>.........] - ETA: 58s - loss: 0.0415 - accuracy: 0.9884106/146 [====================>.........] - ETA: 56s - loss: 0.0413 - accuracy: 0.9885107/146 [====================>.........] - ETA: 55s - loss: 0.0410 - accuracy: 0.9886108/146 [=====================>........] - ETA: 53s - loss: 0.0407 - accuracy: 0.9887109/146 [=====================>........] - ETA: 52s - loss: 0.0403 - accuracy: 0.9888110/146 [=====================>........] - ETA: 51s - loss: 0.0403 - accuracy: 0.9886111/146 [=====================>........] - ETA: 49s - loss: 0.0399 - accuracy: 0.9887112/146 [======================>.......] - ETA: 48s - loss: 0.0400 - accuracy: 0.9886113/146 [======================>.......] - ETA: 46s - loss: 0.0397 - accuracy: 0.9887114/146 [======================>.......] - ETA: 45s - loss: 0.0394 - accuracy: 0.9888115/146 [======================>.......] - ETA: 44s - loss: 0.0391 - accuracy: 0.9889116/146 [======================>.......] - ETA: 42s - loss: 0.0397 - accuracy: 0.9887117/146 [=======================>......] - ETA: 41s - loss: 0.0394 - accuracy: 0.9888118/146 [=======================>......] - ETA: 39s - loss: 0.0391 - accuracy: 0.9889119/146 [=======================>......] - ETA: 38s - loss: 0.0388 - accuracy: 0.9890120/146 [=======================>......] - ETA: 37s - loss: 0.0387 - accuracy: 0.9891121/146 [=======================>......] - ETA: 35s - loss: 0.0387 - accuracy: 0.9889122/146 [========================>.....] - ETA: 34s - loss: 0.0389 - accuracy: 0.9887123/146 [========================>.....] - ETA: 32s - loss: 0.0385 - accuracy: 0.9888124/146 [========================>.....] - ETA: 31s - loss: 0.0398 - accuracy: 0.9887125/146 [========================>.....] - ETA: 29s - loss: 0.0395 - accuracy: 0.9887126/146 [========================>.....] - ETA: 28s - loss: 0.0394 - accuracy: 0.9888127/146 [=========================>....] - ETA: 27s - loss: 0.0393 - accuracy: 0.9889128/146 [=========================>....] - ETA: 25s - loss: 0.0390 - accuracy: 0.9890129/146 [=========================>....] - ETA: 24s - loss: 0.0387 - accuracy: 0.9891130/146 [=========================>....] - ETA: 22s - loss: 0.0384 - accuracy: 0.9892131/146 [=========================>....] - ETA: 21s - loss: 0.0381 - accuracy: 0.9893132/146 [==========================>...] - ETA: 19s - loss: 0.0379 - accuracy: 0.9893133/146 [==========================>...] - ETA: 18s - loss: 0.0382 - accuracy: 0.9890134/146 [==========================>...] - ETA: 17s - loss: 0.0383 - accuracy: 0.9888135/146 [==========================>...] - ETA: 15s - loss: 0.0382 - accuracy: 0.9887136/146 [==========================>...] - ETA: 14s - loss: 0.0381 - accuracy: 0.9887137/146 [===========================>..] - ETA: 12s - loss: 0.0379 - accuracy: 0.9888138/146 [===========================>..] - ETA: 11s - loss: 0.0377 - accuracy: 0.9889139/146 [===========================>..] - ETA: 9s - loss: 0.0379 - accuracy: 0.9888 140/146 [===========================>..] - ETA: 8s - loss: 0.0384 - accuracy: 0.9886141/146 [===========================>..] - ETA: 7s - loss: 0.0381 - accuracy: 0.9887142/146 [============================>.] - ETA: 5s - loss: 0.0381 - accuracy: 0.9886143/146 [============================>.] - ETA: 4s - loss: 0.0381 - accuracy: 0.9886144/146 [============================>.] - ETA: 2s - loss: 0.0378 - accuracy: 0.9887145/146 [============================>.] - ETA: 1s - loss: 0.0376 - accuracy: 0.9888146/146 [==============================] - ETA: 0s - loss: 0.0376 - accuracy: 0.9888146/146 [==============================] - 227s 2s/step - loss: 0.0376 - accuracy: 0.9888 - val_loss: 0.6730 - val_accuracy: 0.9029
Epoch 80/108
  1/146 [..............................] - ETA: 3:31 - loss: 3.6175e-04 - accuracy: 1.0000  2/146 [..............................] - ETA: 3:33 - loss: 7.5043e-04 - accuracy: 1.0000  3/146 [..............................] - ETA: 3:31 - loss: 0.0019 - accuracy: 1.0000      4/146 [..............................] - ETA: 3:31 - loss: 0.0022 - accuracy: 1.0000  5/146 [>.............................] - ETA: 3:29 - loss: 0.0039 - accuracy: 1.0000  6/146 [>.............................] - ETA: 3:26 - loss: 0.0040 - accuracy: 1.0000  7/146 [>.............................] - ETA: 3:23 - loss: 0.0063 - accuracy: 1.0000  8/146 [>.............................] - ETA: 3:24 - loss: 0.0066 - accuracy: 1.0000  9/146 [>.............................] - ETA: 3:21 - loss: 0.0119 - accuracy: 0.9965 10/146 [=>............................] - ETA: 3:19 - loss: 0.0109 - accuracy: 0.9969 11/146 [=>............................] - ETA: 3:17 - loss: 0.0151 - accuracy: 0.9943 12/146 [=>............................] - ETA: 3:15 - loss: 0.0148 - accuracy: 0.9948 13/146 [=>............................] - ETA: 3:13 - loss: 0.0169 - accuracy: 0.9928 14/146 [=>............................] - ETA: 3:11 - loss: 0.0165 - accuracy: 0.9933 15/146 [==>...........................] - ETA: 3:09 - loss: 0.0157 - accuracy: 0.9937 16/146 [==>...........................] - ETA: 3:08 - loss: 0.0147 - accuracy: 0.9941 17/146 [==>...........................] - ETA: 3:07 - loss: 0.0141 - accuracy: 0.9945 18/146 [==>...........................] - ETA: 3:07 - loss: 0.0146 - accuracy: 0.9948 19/146 [==>...........................] - ETA: 3:05 - loss: 0.0143 - accuracy: 0.9951 20/146 [===>..........................] - ETA: 3:03 - loss: 0.0155 - accuracy: 0.9937 21/146 [===>..........................] - ETA: 3:01 - loss: 0.0150 - accuracy: 0.9940 22/146 [===>..........................] - ETA: 2:59 - loss: 0.0151 - accuracy: 0.9943 23/146 [===>..........................] - ETA: 2:57 - loss: 0.0156 - accuracy: 0.9932 24/146 [===>..........................] - ETA: 2:55 - loss: 0.0161 - accuracy: 0.9922 25/146 [====>.........................] - ETA: 2:53 - loss: 0.0157 - accuracy: 0.9925 26/146 [====>.........................] - ETA: 2:52 - loss: 0.0152 - accuracy: 0.9928 27/146 [====>.........................] - ETA: 2:50 - loss: 0.0150 - accuracy: 0.9931 28/146 [====>.........................] - ETA: 2:48 - loss: 0.0157 - accuracy: 0.9922 29/146 [====>.........................] - ETA: 2:47 - loss: 0.0155 - accuracy: 0.9925 30/146 [=====>........................] - ETA: 2:45 - loss: 0.0157 - accuracy: 0.9927 31/146 [=====>........................] - ETA: 2:44 - loss: 0.0153 - accuracy: 0.9929 32/146 [=====>........................] - ETA: 2:43 - loss: 0.0155 - accuracy: 0.9932 33/146 [=====>........................] - ETA: 2:42 - loss: 0.0153 - accuracy: 0.9934 34/146 [=====>........................] - ETA: 2:40 - loss: 0.0149 - accuracy: 0.9936 35/146 [======>.......................] - ETA: 2:39 - loss: 0.0157 - accuracy: 0.9929 36/146 [======>.......................] - ETA: 2:37 - loss: 0.0155 - accuracy: 0.9931 37/146 [======>.......................] - ETA: 2:36 - loss: 0.0154 - accuracy: 0.9932 38/146 [======>.......................] - ETA: 2:35 - loss: 0.0152 - accuracy: 0.9934 39/146 [=======>......................] - ETA: 2:33 - loss: 0.0151 - accuracy: 0.9936 40/146 [=======>......................] - ETA: 2:32 - loss: 0.0147 - accuracy: 0.9937 41/146 [=======>......................] - ETA: 2:31 - loss: 0.0146 - accuracy: 0.9939 42/146 [=======>......................] - ETA: 2:30 - loss: 0.0143 - accuracy: 0.9940 43/146 [=======>......................] - ETA: 2:29 - loss: 0.0150 - accuracy: 0.9935 44/146 [========>.....................] - ETA: 2:27 - loss: 0.0152 - accuracy: 0.9936 45/146 [========>.....................] - ETA: 2:26 - loss: 0.0149 - accuracy: 0.9937 46/146 [========>.....................] - ETA: 2:24 - loss: 0.0146 - accuracy: 0.9939 47/146 [========>.....................] - ETA: 2:23 - loss: 0.0147 - accuracy: 0.9940 48/146 [========>.....................] - ETA: 2:22 - loss: 0.0148 - accuracy: 0.9941 49/146 [=========>....................] - ETA: 2:20 - loss: 0.0145 - accuracy: 0.9943 50/146 [=========>....................] - ETA: 2:19 - loss: 0.0143 - accuracy: 0.9944 51/146 [=========>....................] - ETA: 2:17 - loss: 0.0147 - accuracy: 0.9939 52/146 [=========>....................] - ETA: 2:16 - loss: 0.0145 - accuracy: 0.9940 53/146 [=========>....................] - ETA: 2:15 - loss: 0.0142 - accuracy: 0.9941 54/146 [==========>...................] - ETA: 2:13 - loss: 0.0140 - accuracy: 0.9942 55/146 [==========>...................] - ETA: 2:12 - loss: 0.0137 - accuracy: 0.9943 56/146 [==========>...................] - ETA: 2:11 - loss: 0.0140 - accuracy: 0.9939 57/146 [==========>...................] - ETA: 2:09 - loss: 0.0138 - accuracy: 0.9940 58/146 [==========>...................] - ETA: 2:08 - loss: 0.0136 - accuracy: 0.9941 59/146 [===========>..................] - ETA: 2:06 - loss: 0.0133 - accuracy: 0.9942 60/146 [===========>..................] - ETA: 2:05 - loss: 0.0132 - accuracy: 0.9943 61/146 [===========>..................] - ETA: 2:03 - loss: 0.0130 - accuracy: 0.9944 62/146 [===========>..................] - ETA: 2:02 - loss: 0.0128 - accuracy: 0.9945 63/146 [===========>..................] - ETA: 2:00 - loss: 0.0127 - accuracy: 0.9945 64/146 [============>.................] - ETA: 1:59 - loss: 0.0128 - accuracy: 0.9946 65/146 [============>.................] - ETA: 1:58 - loss: 0.0126 - accuracy: 0.9947 66/146 [============>.................] - ETA: 1:56 - loss: 0.0124 - accuracy: 0.9948 67/146 [============>.................] - ETA: 1:55 - loss: 0.0123 - accuracy: 0.9949 68/146 [============>.................] - ETA: 1:53 - loss: 0.0125 - accuracy: 0.9949 69/146 [=============>................] - ETA: 1:52 - loss: 0.0123 - accuracy: 0.9950 70/146 [=============>................] - ETA: 1:50 - loss: 0.0124 - accuracy: 0.9951 71/146 [=============>................] - ETA: 1:49 - loss: 0.0123 - accuracy: 0.9952 72/146 [=============>................] - ETA: 1:47 - loss: 0.0122 - accuracy: 0.9952 73/146 [==============>...............] - ETA: 1:46 - loss: 0.0120 - accuracy: 0.9953 74/146 [==============>...............] - ETA: 1:44 - loss: 0.0124 - accuracy: 0.9949 75/146 [==============>...............] - ETA: 1:42 - loss: 0.0124 - accuracy: 0.9950 76/146 [==============>...............] - ETA: 1:41 - loss: 0.0123 - accuracy: 0.9951 77/146 [==============>...............] - ETA: 1:39 - loss: 0.0121 - accuracy: 0.9951 78/146 [===============>..............] - ETA: 1:38 - loss: 0.0120 - accuracy: 0.9952 79/146 [===============>..............] - ETA: 1:36 - loss: 0.0119 - accuracy: 0.9953 80/146 [===============>..............] - ETA: 1:34 - loss: 0.0117 - accuracy: 0.9953 81/146 [===============>..............] - ETA: 1:33 - loss: 0.0116 - accuracy: 0.9954 82/146 [===============>..............] - ETA: 1:31 - loss: 0.0116 - accuracy: 0.9954 83/146 [================>.............] - ETA: 1:29 - loss: 0.0115 - accuracy: 0.9955 84/146 [================>.............] - ETA: 1:28 - loss: 0.0114 - accuracy: 0.9955 85/146 [================>.............] - ETA: 1:26 - loss: 0.0118 - accuracy: 0.9952 86/146 [================>.............] - ETA: 1:25 - loss: 0.0116 - accuracy: 0.9953 87/146 [================>.............] - ETA: 1:23 - loss: 0.0117 - accuracy: 0.9953 88/146 [=================>............] - ETA: 1:22 - loss: 0.0115 - accuracy: 0.9954 89/146 [=================>............] - ETA: 1:21 - loss: 0.0115 - accuracy: 0.9954 90/146 [=================>............] - ETA: 1:19 - loss: 0.0114 - accuracy: 0.9955 91/146 [=================>............] - ETA: 1:18 - loss: 0.0112 - accuracy: 0.9955 92/146 [=================>............] - ETA: 1:16 - loss: 0.0113 - accuracy: 0.9956 93/146 [==================>...........] - ETA: 1:15 - loss: 0.0111 - accuracy: 0.9956 94/146 [==================>...........] - ETA: 1:14 - loss: 0.0110 - accuracy: 0.9957 95/146 [==================>...........] - ETA: 1:12 - loss: 0.0149 - accuracy: 0.9947 96/146 [==================>...........] - ETA: 1:11 - loss: 0.0148 - accuracy: 0.9948 97/146 [==================>...........] - ETA: 1:10 - loss: 0.0147 - accuracy: 0.9948 98/146 [===================>..........] - ETA: 1:08 - loss: 0.0145 - accuracy: 0.9949 99/146 [===================>..........] - ETA: 1:07 - loss: 0.0144 - accuracy: 0.9949100/146 [===================>..........] - ETA: 1:05 - loss: 0.0147 - accuracy: 0.9947101/146 [===================>..........] - ETA: 1:04 - loss: 0.0159 - accuracy: 0.9941102/146 [===================>..........] - ETA: 1:03 - loss: 0.0185 - accuracy: 0.9933103/146 [====================>.........] - ETA: 1:01 - loss: 0.0184 - accuracy: 0.9933104/146 [====================>.........] - ETA: 1:00 - loss: 0.0182 - accuracy: 0.9934105/146 [====================>.........] - ETA: 58s - loss: 0.0187 - accuracy: 0.9932 106/146 [====================>.........] - ETA: 57s - loss: 0.0186 - accuracy: 0.9932107/146 [====================>.........] - ETA: 55s - loss: 0.0184 - accuracy: 0.9933108/146 [=====================>........] - ETA: 54s - loss: 0.0187 - accuracy: 0.9931109/146 [=====================>........] - ETA: 53s - loss: 0.0186 - accuracy: 0.9931110/146 [=====================>........] - ETA: 51s - loss: 0.0193 - accuracy: 0.9926111/146 [=====================>........] - ETA: 50s - loss: 0.0205 - accuracy: 0.9924112/146 [======================>.......] - ETA: 48s - loss: 0.0205 - accuracy: 0.9925113/146 [======================>.......] - ETA: 47s - loss: 0.0204 - accuracy: 0.9925114/146 [======================>.......] - ETA: 45s - loss: 0.0202 - accuracy: 0.9926115/146 [======================>.......] - ETA: 44s - loss: 0.0201 - accuracy: 0.9927116/146 [======================>.......] - ETA: 43s - loss: 0.0200 - accuracy: 0.9927117/146 [=======================>......] - ETA: 41s - loss: 0.0198 - accuracy: 0.9928118/146 [=======================>......] - ETA: 40s - loss: 0.0198 - accuracy: 0.9928119/146 [=======================>......] - ETA: 38s - loss: 0.0197 - accuracy: 0.9929120/146 [=======================>......] - ETA: 37s - loss: 0.0196 - accuracy: 0.9930121/146 [=======================>......] - ETA: 36s - loss: 0.0202 - accuracy: 0.9925122/146 [========================>.....] - ETA: 34s - loss: 0.0203 - accuracy: 0.9926123/146 [========================>.....] - ETA: 33s - loss: 0.0214 - accuracy: 0.9924124/146 [========================>.....] - ETA: 31s - loss: 0.0213 - accuracy: 0.9924125/146 [========================>.....] - ETA: 30s - loss: 0.0213 - accuracy: 0.9923126/146 [========================>.....] - ETA: 28s - loss: 0.0214 - accuracy: 0.9921127/146 [=========================>....] - ETA: 27s - loss: 0.0213 - accuracy: 0.9921128/146 [=========================>....] - ETA: 25s - loss: 0.0212 - accuracy: 0.9922129/146 [=========================>....] - ETA: 24s - loss: 0.0211 - accuracy: 0.9922130/146 [=========================>....] - ETA: 23s - loss: 0.0210 - accuracy: 0.9923131/146 [=========================>....] - ETA: 21s - loss: 0.0209 - accuracy: 0.9924132/146 [==========================>...] - ETA: 20s - loss: 0.0208 - accuracy: 0.9924133/146 [==========================>...] - ETA: 18s - loss: 0.0208 - accuracy: 0.9925134/146 [==========================>...] - ETA: 17s - loss: 0.0207 - accuracy: 0.9925135/146 [==========================>...] - ETA: 15s - loss: 0.0226 - accuracy: 0.9921136/146 [==========================>...] - ETA: 14s - loss: 0.0227 - accuracy: 0.9920137/146 [===========================>..] - ETA: 12s - loss: 0.0250 - accuracy: 0.9916138/146 [===========================>..] - ETA: 11s - loss: 0.0249 - accuracy: 0.9916139/146 [===========================>..] - ETA: 10s - loss: 0.0252 - accuracy: 0.9915140/146 [===========================>..] - ETA: 8s - loss: 0.0264 - accuracy: 0.9913 141/146 [===========================>..] - ETA: 7s - loss: 0.0264 - accuracy: 0.9914142/146 [============================>.] - ETA: 5s - loss: 0.0266 - accuracy: 0.9912143/146 [============================>.] - ETA: 4s - loss: 0.0271 - accuracy: 0.9908144/146 [============================>.] - ETA: 2s - loss: 0.0283 - accuracy: 0.9902145/146 [============================>.] - ETA: 1s - loss: 0.0303 - accuracy: 0.9899146/146 [==============================] - ETA: 0s - loss: 0.0303 - accuracy: 0.9899146/146 [==============================] - 229s 2s/step - loss: 0.0303 - accuracy: 0.9899 - val_loss: 0.4897 - val_accuracy: 0.9029
Epoch 81/108
  1/146 [..............................] - ETA: 3:32 - loss: 0.0740 - accuracy: 0.9375  2/146 [..............................] - ETA: 3:48 - loss: 0.0589 - accuracy: 0.9531  3/146 [..............................] - ETA: 3:40 - loss: 0.0440 - accuracy: 0.9688  4/146 [..............................] - ETA: 3:38 - loss: 0.0680 - accuracy: 0.9609  5/146 [>.............................] - ETA: 3:33 - loss: 0.0560 - accuracy: 0.9688  6/146 [>.............................] - ETA: 3:29 - loss: 0.0514 - accuracy: 0.9688  7/146 [>.............................] - ETA: 3:28 - loss: 0.0468 - accuracy: 0.9732  8/146 [>.............................] - ETA: 3:27 - loss: 0.0574 - accuracy: 0.9648  9/146 [>.............................] - ETA: 3:26 - loss: 0.0922 - accuracy: 0.9514 10/146 [=>............................] - ETA: 3:24 - loss: 0.0894 - accuracy: 0.9531 11/146 [=>............................] - ETA: 3:23 - loss: 0.0846 - accuracy: 0.9545 12/146 [=>............................] - ETA: 3:21 - loss: 0.0840 - accuracy: 0.9557 13/146 [=>............................] - ETA: 3:18 - loss: 0.0810 - accuracy: 0.9591 14/146 [=>............................] - ETA: 3:17 - loss: 0.0890 - accuracy: 0.9576 15/146 [==>...........................] - ETA: 3:15 - loss: 0.0842 - accuracy: 0.9604 16/146 [==>...........................] - ETA: 3:14 - loss: 0.0829 - accuracy: 0.9609 17/146 [==>...........................] - ETA: 3:12 - loss: 0.0825 - accuracy: 0.9596 18/146 [==>...........................] - ETA: 3:09 - loss: 0.0816 - accuracy: 0.9601 19/146 [==>...........................] - ETA: 3:07 - loss: 0.0823 - accuracy: 0.9589 20/146 [===>..........................] - ETA: 3:05 - loss: 0.0830 - accuracy: 0.9578 21/146 [===>..........................] - ETA: 3:03 - loss: 0.0837 - accuracy: 0.9568 22/146 [===>..........................] - ETA: 3:02 - loss: 0.0882 - accuracy: 0.9545 23/146 [===>..........................] - ETA: 3:00 - loss: 0.0853 - accuracy: 0.9565 24/146 [===>..........................] - ETA: 2:59 - loss: 0.0821 - accuracy: 0.9583 25/146 [====>.........................] - ETA: 2:56 - loss: 0.0793 - accuracy: 0.9600 26/146 [====>.........................] - ETA: 2:54 - loss: 0.0769 - accuracy: 0.9615 27/146 [====>.........................] - ETA: 2:52 - loss: 0.0746 - accuracy: 0.9630 28/146 [====>.........................] - ETA: 2:50 - loss: 0.0724 - accuracy: 0.9643 29/146 [====>.........................] - ETA: 2:48 - loss: 0.0733 - accuracy: 0.9634 30/146 [=====>........................] - ETA: 2:45 - loss: 0.0735 - accuracy: 0.9635 31/146 [=====>........................] - ETA: 2:43 - loss: 0.0743 - accuracy: 0.9637 32/146 [=====>........................] - ETA: 2:41 - loss: 0.0749 - accuracy: 0.9639 33/146 [=====>........................] - ETA: 2:39 - loss: 0.0730 - accuracy: 0.9650 34/146 [=====>........................] - ETA: 2:38 - loss: 0.0712 - accuracy: 0.9660 35/146 [======>.......................] - ETA: 2:37 - loss: 0.0699 - accuracy: 0.9670 36/146 [======>.......................] - ETA: 2:35 - loss: 0.0680 - accuracy: 0.9679 37/146 [======>.......................] - ETA: 2:34 - loss: 0.0667 - accuracy: 0.9688 38/146 [======>.......................] - ETA: 2:33 - loss: 0.0655 - accuracy: 0.9696 39/146 [=======>......................] - ETA: 2:31 - loss: 0.0643 - accuracy: 0.9704 40/146 [=======>......................] - ETA: 2:30 - loss: 0.0627 - accuracy: 0.9711 41/146 [=======>......................] - ETA: 2:28 - loss: 0.0616 - accuracy: 0.9718 42/146 [=======>......................] - ETA: 2:27 - loss: 0.0608 - accuracy: 0.9725 43/146 [=======>......................] - ETA: 2:26 - loss: 0.0595 - accuracy: 0.9731 44/146 [========>.....................] - ETA: 2:24 - loss: 0.0585 - accuracy: 0.9737 45/146 [========>.....................] - ETA: 2:23 - loss: 0.0572 - accuracy: 0.9743 46/146 [========>.....................] - ETA: 2:21 - loss: 0.0561 - accuracy: 0.9749 47/146 [========>.....................] - ETA: 2:20 - loss: 0.0550 - accuracy: 0.9754 48/146 [========>.....................] - ETA: 2:18 - loss: 0.0545 - accuracy: 0.9753 49/146 [=========>....................] - ETA: 2:17 - loss: 0.0535 - accuracy: 0.9758 50/146 [=========>....................] - ETA: 2:15 - loss: 0.0527 - accuracy: 0.9762 51/146 [=========>....................] - ETA: 2:13 - loss: 0.0535 - accuracy: 0.9761 52/146 [=========>....................] - ETA: 2:11 - loss: 0.0525 - accuracy: 0.9766 53/146 [=========>....................] - ETA: 2:09 - loss: 0.0517 - accuracy: 0.9770 54/146 [==========>...................] - ETA: 2:08 - loss: 0.0507 - accuracy: 0.9774 55/146 [==========>...................] - ETA: 2:06 - loss: 0.0502 - accuracy: 0.9778 56/146 [==========>...................] - ETA: 2:05 - loss: 0.0494 - accuracy: 0.9782 57/146 [==========>...................] - ETA: 2:04 - loss: 0.0487 - accuracy: 0.9786 58/146 [==========>...................] - ETA: 2:03 - loss: 0.0482 - accuracy: 0.9790 59/146 [===========>..................] - ETA: 2:01 - loss: 0.0476 - accuracy: 0.9793 60/146 [===========>..................] - ETA: 2:00 - loss: 0.0469 - accuracy: 0.9797 61/146 [===========>..................] - ETA: 1:59 - loss: 0.0465 - accuracy: 0.9800 62/146 [===========>..................] - ETA: 1:57 - loss: 0.0458 - accuracy: 0.9803 63/146 [===========>..................] - ETA: 1:56 - loss: 0.0452 - accuracy: 0.9807 64/146 [============>.................] - ETA: 1:55 - loss: 0.0445 - accuracy: 0.9810 65/146 [============>.................] - ETA: 1:54 - loss: 0.0439 - accuracy: 0.9812 66/146 [============>.................] - ETA: 1:52 - loss: 0.0435 - accuracy: 0.9815 67/146 [============>.................] - ETA: 1:51 - loss: 0.0429 - accuracy: 0.9818 68/146 [============>.................] - ETA: 1:49 - loss: 0.0426 - accuracy: 0.9821 69/146 [=============>................] - ETA: 1:48 - loss: 0.0420 - accuracy: 0.9823 70/146 [=============>................] - ETA: 1:47 - loss: 0.0414 - accuracy: 0.9826 71/146 [=============>................] - ETA: 1:45 - loss: 0.0411 - accuracy: 0.9828 72/146 [=============>................] - ETA: 1:44 - loss: 0.0409 - accuracy: 0.9831 73/146 [==============>...............] - ETA: 1:43 - loss: 0.0404 - accuracy: 0.9833 74/146 [==============>...............] - ETA: 1:41 - loss: 0.0399 - accuracy: 0.9835 75/146 [==============>...............] - ETA: 1:40 - loss: 0.0395 - accuracy: 0.9837 76/146 [==============>...............] - ETA: 1:39 - loss: 0.0391 - accuracy: 0.9840 77/146 [==============>...............] - ETA: 1:37 - loss: 0.0395 - accuracy: 0.9838 78/146 [===============>..............] - ETA: 1:36 - loss: 0.0392 - accuracy: 0.9840 79/146 [===============>..............] - ETA: 1:34 - loss: 0.0387 - accuracy: 0.9842 80/146 [===============>..............] - ETA: 1:33 - loss: 0.0382 - accuracy: 0.9844 81/146 [===============>..............] - ETA: 1:32 - loss: 0.0393 - accuracy: 0.9842 82/146 [===============>..............] - ETA: 1:30 - loss: 0.0391 - accuracy: 0.9844 83/146 [================>.............] - ETA: 1:29 - loss: 0.0387 - accuracy: 0.9846 84/146 [================>.............] - ETA: 1:28 - loss: 0.0383 - accuracy: 0.9847 85/146 [================>.............] - ETA: 1:26 - loss: 0.0379 - accuracy: 0.9849 86/146 [================>.............] - ETA: 1:25 - loss: 0.0376 - accuracy: 0.9851 87/146 [================>.............] - ETA: 1:23 - loss: 0.0373 - accuracy: 0.9853 88/146 [=================>............] - ETA: 1:22 - loss: 0.0373 - accuracy: 0.9851 89/146 [=================>............] - ETA: 1:21 - loss: 0.0370 - accuracy: 0.9853 90/146 [=================>............] - ETA: 1:19 - loss: 0.0366 - accuracy: 0.9854 91/146 [=================>............] - ETA: 1:18 - loss: 0.0362 - accuracy: 0.9856 92/146 [=================>............] - ETA: 1:16 - loss: 0.0358 - accuracy: 0.9857 93/146 [==================>...........] - ETA: 1:15 - loss: 0.0354 - accuracy: 0.9859 94/146 [==================>...........] - ETA: 1:14 - loss: 0.0351 - accuracy: 0.9860 95/146 [==================>...........] - ETA: 1:12 - loss: 0.0349 - accuracy: 0.9862 96/146 [==================>...........] - ETA: 1:11 - loss: 0.0347 - accuracy: 0.9863 97/146 [==================>...........] - ETA: 1:09 - loss: 0.0344 - accuracy: 0.9865 98/146 [===================>..........] - ETA: 1:08 - loss: 0.0341 - accuracy: 0.9866 99/146 [===================>..........] - ETA: 1:07 - loss: 0.0338 - accuracy: 0.9867100/146 [===================>..........] - ETA: 1:05 - loss: 0.0335 - accuracy: 0.9869101/146 [===================>..........] - ETA: 1:04 - loss: 0.0332 - accuracy: 0.9870102/146 [===================>..........] - ETA: 1:02 - loss: 0.0330 - accuracy: 0.9871103/146 [====================>.........] - ETA: 1:01 - loss: 0.0327 - accuracy: 0.9873104/146 [====================>.........] - ETA: 1:00 - loss: 0.0324 - accuracy: 0.9874105/146 [====================>.........] - ETA: 58s - loss: 0.0321 - accuracy: 0.9875 106/146 [====================>.........] - ETA: 57s - loss: 0.0319 - accuracy: 0.9876107/146 [====================>.........] - ETA: 55s - loss: 0.0316 - accuracy: 0.9877108/146 [=====================>........] - ETA: 54s - loss: 0.0313 - accuracy: 0.9878109/146 [=====================>........] - ETA: 52s - loss: 0.0310 - accuracy: 0.9880110/146 [=====================>........] - ETA: 51s - loss: 0.0307 - accuracy: 0.9881111/146 [=====================>........] - ETA: 50s - loss: 0.0305 - accuracy: 0.9882112/146 [======================>.......] - ETA: 48s - loss: 0.0303 - accuracy: 0.9883113/146 [======================>.......] - ETA: 47s - loss: 0.0315 - accuracy: 0.9881114/146 [======================>.......] - ETA: 45s - loss: 0.0313 - accuracy: 0.9882115/146 [======================>.......] - ETA: 44s - loss: 0.0310 - accuracy: 0.9883116/146 [======================>.......] - ETA: 42s - loss: 0.0308 - accuracy: 0.9884117/146 [=======================>......] - ETA: 41s - loss: 0.0306 - accuracy: 0.9885118/146 [=======================>......] - ETA: 40s - loss: 0.0305 - accuracy: 0.9886119/146 [=======================>......] - ETA: 38s - loss: 0.0302 - accuracy: 0.9887120/146 [=======================>......] - ETA: 37s - loss: 0.0300 - accuracy: 0.9888121/146 [=======================>......] - ETA: 35s - loss: 0.0298 - accuracy: 0.9889122/146 [========================>.....] - ETA: 34s - loss: 0.0298 - accuracy: 0.9890123/146 [========================>.....] - ETA: 32s - loss: 0.0295 - accuracy: 0.9891124/146 [========================>.....] - ETA: 31s - loss: 0.0299 - accuracy: 0.9889125/146 [========================>.....] - ETA: 29s - loss: 0.0297 - accuracy: 0.9890126/146 [========================>.....] - ETA: 28s - loss: 0.0296 - accuracy: 0.9891127/146 [=========================>....] - ETA: 26s - loss: 0.0294 - accuracy: 0.9892128/146 [=========================>....] - ETA: 25s - loss: 0.0292 - accuracy: 0.9893129/146 [=========================>....] - ETA: 24s - loss: 0.0289 - accuracy: 0.9893130/146 [=========================>....] - ETA: 22s - loss: 0.0292 - accuracy: 0.9892131/146 [=========================>....] - ETA: 21s - loss: 0.0290 - accuracy: 0.9893132/146 [==========================>...] - ETA: 19s - loss: 0.0288 - accuracy: 0.9893133/146 [==========================>...] - ETA: 18s - loss: 0.0286 - accuracy: 0.9894134/146 [==========================>...] - ETA: 16s - loss: 0.0284 - accuracy: 0.9895135/146 [==========================>...] - ETA: 15s - loss: 0.0283 - accuracy: 0.9896136/146 [==========================>...] - ETA: 14s - loss: 0.0281 - accuracy: 0.9897137/146 [===========================>..] - ETA: 12s - loss: 0.0280 - accuracy: 0.9897138/146 [===========================>..] - ETA: 11s - loss: 0.0278 - accuracy: 0.9898139/146 [===========================>..] - ETA: 9s - loss: 0.0276 - accuracy: 0.9899 140/146 [===========================>..] - ETA: 8s - loss: 0.0274 - accuracy: 0.9900141/146 [===========================>..] - ETA: 7s - loss: 0.0272 - accuracy: 0.9900142/146 [============================>.] - ETA: 5s - loss: 0.0271 - accuracy: 0.9901143/146 [============================>.] - ETA: 4s - loss: 0.0269 - accuracy: 0.9902144/146 [============================>.] - ETA: 2s - loss: 0.0268 - accuracy: 0.9902145/146 [============================>.] - ETA: 1s - loss: 0.0267 - accuracy: 0.9903146/146 [==============================] - ETA: 0s - loss: 0.0266 - accuracy: 0.9903146/146 [==============================] - 220s 2s/step - loss: 0.0266 - accuracy: 0.9903 - val_loss: 0.7809 - val_accuracy: 0.9109
Epoch 82/108
  1/146 [..............................] - ETA: 2:44 - loss: 0.0031 - accuracy: 1.0000  2/146 [..............................] - ETA: 2:46 - loss: 0.0017 - accuracy: 1.0000  3/146 [..............................] - ETA: 2:48 - loss: 0.0058 - accuracy: 1.0000  4/146 [..............................] - ETA: 2:51 - loss: 0.0065 - accuracy: 1.0000  5/146 [>.............................] - ETA: 2:48 - loss: 0.0055 - accuracy: 1.0000  6/146 [>.............................] - ETA: 2:47 - loss: 0.0048 - accuracy: 1.0000  7/146 [>.............................] - ETA: 2:45 - loss: 0.0044 - accuracy: 1.0000  8/146 [>.............................] - ETA: 2:43 - loss: 0.0040 - accuracy: 1.0000  9/146 [>.............................] - ETA: 2:43 - loss: 0.0036 - accuracy: 1.0000 10/146 [=>............................] - ETA: 2:40 - loss: 0.0032 - accuracy: 1.0000 11/146 [=>............................] - ETA: 2:39 - loss: 0.0036 - accuracy: 1.0000 12/146 [=>............................] - ETA: 2:36 - loss: 0.0033 - accuracy: 1.0000 13/146 [=>............................] - ETA: 2:35 - loss: 0.0071 - accuracy: 0.9976 14/146 [=>............................] - ETA: 2:32 - loss: 0.0072 - accuracy: 0.9978 15/146 [==>...........................] - ETA: 2:31 - loss: 0.0068 - accuracy: 0.9979 16/146 [==>...........................] - ETA: 2:30 - loss: 0.0068 - accuracy: 0.9980 17/146 [==>...........................] - ETA: 2:28 - loss: 0.0064 - accuracy: 0.9982 18/146 [==>...........................] - ETA: 2:26 - loss: 0.0060 - accuracy: 0.9983 19/146 [==>...........................] - ETA: 2:26 - loss: 0.0060 - accuracy: 0.9984 20/146 [===>..........................] - ETA: 2:25 - loss: 0.0080 - accuracy: 0.9969 21/146 [===>..........................] - ETA: 2:25 - loss: 0.0091 - accuracy: 0.9955 22/146 [===>..........................] - ETA: 2:25 - loss: 0.0115 - accuracy: 0.9943 23/146 [===>..........................] - ETA: 2:25 - loss: 0.0111 - accuracy: 0.9946 24/146 [===>..........................] - ETA: 2:25 - loss: 0.0111 - accuracy: 0.9948 25/146 [====>.........................] - ETA: 2:25 - loss: 0.0111 - accuracy: 0.9950 26/146 [====>.........................] - ETA: 2:25 - loss: 0.0108 - accuracy: 0.9952 27/146 [====>.........................] - ETA: 2:25 - loss: 0.0104 - accuracy: 0.9954 28/146 [====>.........................] - ETA: 2:25 - loss: 0.0101 - accuracy: 0.9955 29/146 [====>.........................] - ETA: 2:24 - loss: 0.0099 - accuracy: 0.9957 30/146 [=====>........................] - ETA: 2:23 - loss: 0.0096 - accuracy: 0.9958 31/146 [=====>........................] - ETA: 2:22 - loss: 0.0101 - accuracy: 0.9950 32/146 [=====>........................] - ETA: 2:21 - loss: 0.0099 - accuracy: 0.9951 33/146 [=====>........................] - ETA: 2:21 - loss: 0.0098 - accuracy: 0.9953 34/146 [=====>........................] - ETA: 2:21 - loss: 0.0097 - accuracy: 0.9954 35/146 [======>.......................] - ETA: 2:20 - loss: 0.0095 - accuracy: 0.9955 36/146 [======>.......................] - ETA: 2:20 - loss: 0.0094 - accuracy: 0.9957 37/146 [======>.......................] - ETA: 2:19 - loss: 0.0092 - accuracy: 0.9958 38/146 [======>.......................] - ETA: 2:18 - loss: 0.0090 - accuracy: 0.9959 39/146 [=======>......................] - ETA: 2:18 - loss: 0.0088 - accuracy: 0.9960 40/146 [=======>......................] - ETA: 2:17 - loss: 0.0086 - accuracy: 0.9961 41/146 [=======>......................] - ETA: 2:16 - loss: 0.0084 - accuracy: 0.9962 42/146 [=======>......................] - ETA: 2:15 - loss: 0.0082 - accuracy: 0.9963 43/146 [=======>......................] - ETA: 2:14 - loss: 0.0080 - accuracy: 0.9964 44/146 [========>.....................] - ETA: 2:13 - loss: 0.0079 - accuracy: 0.9964 45/146 [========>.....................] - ETA: 2:12 - loss: 0.0077 - accuracy: 0.9965 46/146 [========>.....................] - ETA: 2:11 - loss: 0.0084 - accuracy: 0.9959 47/146 [========>.....................] - ETA: 2:10 - loss: 0.0082 - accuracy: 0.9960 48/146 [========>.....................] - ETA: 2:09 - loss: 0.0088 - accuracy: 0.9954 49/146 [=========>....................] - ETA: 2:08 - loss: 0.0087 - accuracy: 0.9955 50/146 [=========>....................] - ETA: 2:07 - loss: 0.0085 - accuracy: 0.9956 51/146 [=========>....................] - ETA: 2:06 - loss: 0.0084 - accuracy: 0.9957 52/146 [=========>....................] - ETA: 2:05 - loss: 0.0082 - accuracy: 0.9958 53/146 [=========>....................] - ETA: 2:04 - loss: 0.0106 - accuracy: 0.9947 54/146 [==========>...................] - ETA: 2:03 - loss: 0.0104 - accuracy: 0.9948 55/146 [==========>...................] - ETA: 2:02 - loss: 0.0102 - accuracy: 0.9949 56/146 [==========>...................] - ETA: 2:00 - loss: 0.0102 - accuracy: 0.9950 57/146 [==========>...................] - ETA: 1:59 - loss: 0.0100 - accuracy: 0.9951 58/146 [==========>...................] - ETA: 1:58 - loss: 0.0100 - accuracy: 0.9952 59/146 [===========>..................] - ETA: 1:57 - loss: 0.0104 - accuracy: 0.9947 60/146 [===========>..................] - ETA: 1:56 - loss: 0.0104 - accuracy: 0.9948 61/146 [===========>..................] - ETA: 1:55 - loss: 0.0102 - accuracy: 0.9949 62/146 [===========>..................] - ETA: 1:54 - loss: 0.0101 - accuracy: 0.9950 63/146 [===========>..................] - ETA: 1:53 - loss: 0.0100 - accuracy: 0.9950 64/146 [============>.................] - ETA: 1:51 - loss: 0.0104 - accuracy: 0.9946 65/146 [============>.................] - ETA: 1:50 - loss: 0.0103 - accuracy: 0.9947 66/146 [============>.................] - ETA: 1:49 - loss: 0.0103 - accuracy: 0.9948 67/146 [============>.................] - ETA: 1:48 - loss: 0.0133 - accuracy: 0.9935 68/146 [============>.................] - ETA: 1:46 - loss: 0.0131 - accuracy: 0.9936 69/146 [=============>................] - ETA: 1:45 - loss: 0.0129 - accuracy: 0.9937 70/146 [=============>................] - ETA: 1:44 - loss: 0.0128 - accuracy: 0.9937 71/146 [=============>................] - ETA: 1:42 - loss: 0.0126 - accuracy: 0.9938 72/146 [=============>................] - ETA: 1:41 - loss: 0.0127 - accuracy: 0.9939 73/146 [==============>...............] - ETA: 1:40 - loss: 0.0126 - accuracy: 0.9940 74/146 [==============>...............] - ETA: 1:39 - loss: 0.0128 - accuracy: 0.9941 75/146 [==============>...............] - ETA: 1:38 - loss: 0.0135 - accuracy: 0.9937 76/146 [==============>...............] - ETA: 1:36 - loss: 0.0145 - accuracy: 0.9934 77/146 [==============>...............] - ETA: 1:35 - loss: 0.0147 - accuracy: 0.9931 78/146 [===============>..............] - ETA: 1:34 - loss: 0.0146 - accuracy: 0.9932 79/146 [===============>..............] - ETA: 1:32 - loss: 0.0145 - accuracy: 0.9933 80/146 [===============>..............] - ETA: 1:31 - loss: 0.0145 - accuracy: 0.9934 81/146 [===============>..............] - ETA: 1:30 - loss: 0.0144 - accuracy: 0.9934 82/146 [===============>..............] - ETA: 1:28 - loss: 0.0145 - accuracy: 0.9935 83/146 [================>.............] - ETA: 1:27 - loss: 0.0143 - accuracy: 0.9936 84/146 [================>.............] - ETA: 1:26 - loss: 0.0142 - accuracy: 0.9937 85/146 [================>.............] - ETA: 1:24 - loss: 0.0140 - accuracy: 0.9937 86/146 [================>.............] - ETA: 1:23 - loss: 0.0139 - accuracy: 0.9938 87/146 [================>.............] - ETA: 1:22 - loss: 0.0140 - accuracy: 0.9939 88/146 [=================>............] - ETA: 1:20 - loss: 0.0138 - accuracy: 0.9940 89/146 [=================>............] - ETA: 1:19 - loss: 0.0139 - accuracy: 0.9940 90/146 [=================>............] - ETA: 1:17 - loss: 0.0139 - accuracy: 0.9941 91/146 [=================>............] - ETA: 1:16 - loss: 0.0139 - accuracy: 0.9942 92/146 [=================>............] - ETA: 1:15 - loss: 0.0138 - accuracy: 0.9942 93/146 [==================>...........] - ETA: 1:13 - loss: 0.0139 - accuracy: 0.9943 94/146 [==================>...........] - ETA: 1:12 - loss: 0.0138 - accuracy: 0.9943 95/146 [==================>...........] - ETA: 1:10 - loss: 0.0137 - accuracy: 0.9944 96/146 [==================>...........] - ETA: 1:09 - loss: 0.0136 - accuracy: 0.9945 97/146 [==================>...........] - ETA: 1:08 - loss: 0.0135 - accuracy: 0.9945 98/146 [===================>..........] - ETA: 1:06 - loss: 0.0134 - accuracy: 0.9946 99/146 [===================>..........] - ETA: 1:05 - loss: 0.0134 - accuracy: 0.9946100/146 [===================>..........] - ETA: 1:04 - loss: 0.0133 - accuracy: 0.9947101/146 [===================>..........] - ETA: 1:02 - loss: 0.0134 - accuracy: 0.9947102/146 [===================>..........] - ETA: 1:01 - loss: 0.0133 - accuracy: 0.9948103/146 [====================>.........] - ETA: 1:00 - loss: 0.0132 - accuracy: 0.9948104/146 [====================>.........] - ETA: 58s - loss: 0.0131 - accuracy: 0.9949 105/146 [====================>.........] - ETA: 57s - loss: 0.0130 - accuracy: 0.9949106/146 [====================>.........] - ETA: 55s - loss: 0.0134 - accuracy: 0.9947107/146 [====================>.........] - ETA: 54s - loss: 0.0134 - accuracy: 0.9947108/146 [=====================>........] - ETA: 53s - loss: 0.0133 - accuracy: 0.9948109/146 [=====================>........] - ETA: 51s - loss: 0.0134 - accuracy: 0.9948110/146 [=====================>........] - ETA: 50s - loss: 0.0133 - accuracy: 0.9949111/146 [=====================>........] - ETA: 49s - loss: 0.0134 - accuracy: 0.9949112/146 [======================>.......] - ETA: 47s - loss: 0.0133 - accuracy: 0.9950113/146 [======================>.......] - ETA: 46s - loss: 0.0135 - accuracy: 0.9947114/146 [======================>.......] - ETA: 44s - loss: 0.0134 - accuracy: 0.9948115/146 [======================>.......] - ETA: 43s - loss: 0.0134 - accuracy: 0.9948116/146 [======================>.......] - ETA: 42s - loss: 0.0133 - accuracy: 0.9949117/146 [=======================>......] - ETA: 40s - loss: 0.0132 - accuracy: 0.9949118/146 [=======================>......] - ETA: 39s - loss: 0.0131 - accuracy: 0.9950119/146 [=======================>......] - ETA: 37s - loss: 0.0130 - accuracy: 0.9950120/146 [=======================>......] - ETA: 36s - loss: 0.0131 - accuracy: 0.9951121/146 [=======================>......] - ETA: 35s - loss: 0.0130 - accuracy: 0.9951122/146 [========================>.....] - ETA: 33s - loss: 0.0132 - accuracy: 0.9949123/146 [========================>.....] - ETA: 32s - loss: 0.0131 - accuracy: 0.9949124/146 [========================>.....] - ETA: 31s - loss: 0.0131 - accuracy: 0.9950125/146 [========================>.....] - ETA: 29s - loss: 0.0131 - accuracy: 0.9950126/146 [========================>.....] - ETA: 28s - loss: 0.0130 - accuracy: 0.9950127/146 [=========================>....] - ETA: 26s - loss: 0.0129 - accuracy: 0.9951128/146 [=========================>....] - ETA: 25s - loss: 0.0129 - accuracy: 0.9951129/146 [=========================>....] - ETA: 23s - loss: 0.0128 - accuracy: 0.9952130/146 [=========================>....] - ETA: 22s - loss: 0.0127 - accuracy: 0.9952131/146 [=========================>....] - ETA: 21s - loss: 0.0126 - accuracy: 0.9952132/146 [==========================>...] - ETA: 19s - loss: 0.0125 - accuracy: 0.9953133/146 [==========================>...] - ETA: 18s - loss: 0.0124 - accuracy: 0.9953134/146 [==========================>...] - ETA: 16s - loss: 0.0124 - accuracy: 0.9953135/146 [==========================>...] - ETA: 15s - loss: 0.0124 - accuracy: 0.9954136/146 [==========================>...] - ETA: 14s - loss: 0.0123 - accuracy: 0.9954137/146 [===========================>..] - ETA: 12s - loss: 0.0122 - accuracy: 0.9954138/146 [===========================>..] - ETA: 11s - loss: 0.0129 - accuracy: 0.9952139/146 [===========================>..] - ETA: 9s - loss: 0.0128 - accuracy: 0.9953 140/146 [===========================>..] - ETA: 8s - loss: 0.0128 - accuracy: 0.9953141/146 [===========================>..] - ETA: 7s - loss: 0.0128 - accuracy: 0.9953142/146 [============================>.] - ETA: 5s - loss: 0.0128 - accuracy: 0.9954143/146 [============================>.] - ETA: 4s - loss: 0.0127 - accuracy: 0.9954144/146 [============================>.] - ETA: 2s - loss: 0.0126 - accuracy: 0.9954145/146 [============================>.] - ETA: 1s - loss: 0.0125 - accuracy: 0.9955146/146 [==============================] - ETA: 0s - loss: 0.0125 - accuracy: 0.9955146/146 [==============================] - 222s 2s/step - loss: 0.0125 - accuracy: 0.9955 - val_loss: 0.8768 - val_accuracy: 0.8772
Epoch 83/108
  1/146 [..............................] - ETA: 3:34 - loss: 0.0032 - accuracy: 1.0000  2/146 [..............................] - ETA: 3:38 - loss: 0.0061 - accuracy: 1.0000  3/146 [..............................] - ETA: 3:36 - loss: 0.0041 - accuracy: 1.0000  4/146 [..............................] - ETA: 3:34 - loss: 0.0142 - accuracy: 0.9922  5/146 [>.............................] - ETA: 3:30 - loss: 0.0118 - accuracy: 0.9937  6/146 [>.............................] - ETA: 3:28 - loss: 0.0099 - accuracy: 0.9948  7/146 [>.............................] - ETA: 3:26 - loss: 0.0091 - accuracy: 0.9955  8/146 [>.............................] - ETA: 3:23 - loss: 0.0099 - accuracy: 0.9961  9/146 [>.............................] - ETA: 3:20 - loss: 0.0088 - accuracy: 0.9965 10/146 [=>............................] - ETA: 3:19 - loss: 0.0094 - accuracy: 0.9969 11/146 [=>............................] - ETA: 3:16 - loss: 0.0092 - accuracy: 0.9972 12/146 [=>............................] - ETA: 3:16 - loss: 0.0085 - accuracy: 0.9974 13/146 [=>............................] - ETA: 3:13 - loss: 0.0316 - accuracy: 0.9952 14/146 [=>............................] - ETA: 3:13 - loss: 0.0294 - accuracy: 0.9955 15/146 [==>...........................] - ETA: 3:12 - loss: 0.0275 - accuracy: 0.9958 16/146 [==>...........................] - ETA: 3:10 - loss: 0.0329 - accuracy: 0.9941 17/146 [==>...........................] - ETA: 3:08 - loss: 0.0311 - accuracy: 0.9945 18/146 [==>...........................] - ETA: 3:07 - loss: 0.0294 - accuracy: 0.9948 19/146 [==>...........................] - ETA: 3:06 - loss: 0.0279 - accuracy: 0.9951 20/146 [===>..........................] - ETA: 3:04 - loss: 0.0348 - accuracy: 0.9937 21/146 [===>..........................] - ETA: 3:02 - loss: 0.0334 - accuracy: 0.9940 22/146 [===>..........................] - ETA: 3:01 - loss: 0.0319 - accuracy: 0.9943 23/146 [===>..........................] - ETA: 3:00 - loss: 0.0329 - accuracy: 0.9932 24/146 [===>..........................] - ETA: 2:58 - loss: 0.0320 - accuracy: 0.9935 25/146 [====>.........................] - ETA: 2:57 - loss: 0.0311 - accuracy: 0.9937 26/146 [====>.........................] - ETA: 2:56 - loss: 0.0307 - accuracy: 0.9940 27/146 [====>.........................] - ETA: 2:55 - loss: 0.0298 - accuracy: 0.9942 28/146 [====>.........................] - ETA: 2:53 - loss: 0.0291 - accuracy: 0.9944 29/146 [====>.........................] - ETA: 2:52 - loss: 0.0283 - accuracy: 0.9946 30/146 [=====>........................] - ETA: 2:50 - loss: 0.0279 - accuracy: 0.9948 31/146 [=====>........................] - ETA: 2:49 - loss: 0.0304 - accuracy: 0.9929 32/146 [=====>........................] - ETA: 2:47 - loss: 0.0368 - accuracy: 0.9922 33/146 [=====>........................] - ETA: 2:46 - loss: 0.0359 - accuracy: 0.9924 34/146 [=====>........................] - ETA: 2:44 - loss: 0.0349 - accuracy: 0.9926 35/146 [======>.......................] - ETA: 2:42 - loss: 0.0341 - accuracy: 0.9929 36/146 [======>.......................] - ETA: 2:41 - loss: 0.0335 - accuracy: 0.9931 37/146 [======>.......................] - ETA: 2:40 - loss: 0.0339 - accuracy: 0.9924 38/146 [======>.......................] - ETA: 2:39 - loss: 0.0332 - accuracy: 0.9926 39/146 [=======>......................] - ETA: 2:37 - loss: 0.0337 - accuracy: 0.9920 40/146 [=======>......................] - ETA: 2:36 - loss: 0.0333 - accuracy: 0.9922 41/146 [=======>......................] - ETA: 2:34 - loss: 0.0325 - accuracy: 0.9924 42/146 [=======>......................] - ETA: 2:33 - loss: 0.0320 - accuracy: 0.9926 43/146 [=======>......................] - ETA: 2:31 - loss: 0.0314 - accuracy: 0.9927 44/146 [========>.....................] - ETA: 2:30 - loss: 0.0307 - accuracy: 0.9929 45/146 [========>.....................] - ETA: 2:28 - loss: 0.0302 - accuracy: 0.9931 46/146 [========>.....................] - ETA: 2:27 - loss: 0.0315 - accuracy: 0.9925 47/146 [========>.....................] - ETA: 2:25 - loss: 0.0312 - accuracy: 0.9927 48/146 [========>.....................] - ETA: 2:23 - loss: 0.0309 - accuracy: 0.9928 49/146 [=========>....................] - ETA: 2:22 - loss: 0.0303 - accuracy: 0.9930 50/146 [=========>....................] - ETA: 2:20 - loss: 0.0298 - accuracy: 0.9931 51/146 [=========>....................] - ETA: 2:19 - loss: 0.0292 - accuracy: 0.9933 52/146 [=========>....................] - ETA: 2:17 - loss: 0.0290 - accuracy: 0.9934 53/146 [=========>....................] - ETA: 2:16 - loss: 0.0285 - accuracy: 0.9935 54/146 [==========>...................] - ETA: 2:14 - loss: 0.0280 - accuracy: 0.9936 55/146 [==========>...................] - ETA: 2:12 - loss: 0.0280 - accuracy: 0.9932 56/146 [==========>...................] - ETA: 2:11 - loss: 0.0276 - accuracy: 0.9933 57/146 [==========>...................] - ETA: 2:09 - loss: 0.0279 - accuracy: 0.9929 58/146 [==========>...................] - ETA: 2:08 - loss: 0.0286 - accuracy: 0.9925 59/146 [===========>..................] - ETA: 2:06 - loss: 0.0283 - accuracy: 0.9926 60/146 [===========>..................] - ETA: 2:04 - loss: 0.0279 - accuracy: 0.9927 61/146 [===========>..................] - ETA: 2:03 - loss: 0.0275 - accuracy: 0.9928 62/146 [===========>..................] - ETA: 2:02 - loss: 0.0279 - accuracy: 0.9924 63/146 [===========>..................] - ETA: 2:00 - loss: 0.0277 - accuracy: 0.9926 64/146 [============>.................] - ETA: 1:59 - loss: 0.0274 - accuracy: 0.9927 65/146 [============>.................] - ETA: 1:57 - loss: 0.0270 - accuracy: 0.9928 66/146 [============>.................] - ETA: 1:56 - loss: 0.0267 - accuracy: 0.9929 67/146 [============>.................] - ETA: 1:54 - loss: 0.0264 - accuracy: 0.9930 68/146 [============>.................] - ETA: 1:53 - loss: 0.0261 - accuracy: 0.9931 69/146 [=============>................] - ETA: 1:51 - loss: 0.0258 - accuracy: 0.9932 70/146 [=============>................] - ETA: 1:50 - loss: 0.0255 - accuracy: 0.9933 71/146 [=============>................] - ETA: 1:49 - loss: 0.0252 - accuracy: 0.9934 72/146 [=============>................] - ETA: 1:47 - loss: 0.0249 - accuracy: 0.9935 73/146 [==============>...............] - ETA: 1:46 - loss: 0.0246 - accuracy: 0.9936 74/146 [==============>...............] - ETA: 1:44 - loss: 0.0243 - accuracy: 0.9937 75/146 [==============>...............] - ETA: 1:43 - loss: 0.0240 - accuracy: 0.9937 76/146 [==============>...............] - ETA: 1:41 - loss: 0.0238 - accuracy: 0.9938 77/146 [==============>...............] - ETA: 1:39 - loss: 0.0235 - accuracy: 0.9939 78/146 [===============>..............] - ETA: 1:38 - loss: 0.0233 - accuracy: 0.9940 79/146 [===============>..............] - ETA: 1:37 - loss: 0.0232 - accuracy: 0.9941 80/146 [===============>..............] - ETA: 1:35 - loss: 0.0229 - accuracy: 0.9941 81/146 [===============>..............] - ETA: 1:34 - loss: 0.0229 - accuracy: 0.9942 82/146 [===============>..............] - ETA: 1:32 - loss: 0.0226 - accuracy: 0.9943 83/146 [================>.............] - ETA: 1:31 - loss: 0.0223 - accuracy: 0.9944 84/146 [================>.............] - ETA: 1:29 - loss: 0.0220 - accuracy: 0.9944 85/146 [================>.............] - ETA: 1:28 - loss: 0.0220 - accuracy: 0.9945 86/146 [================>.............] - ETA: 1:27 - loss: 0.0218 - accuracy: 0.9945 87/146 [================>.............] - ETA: 1:25 - loss: 0.0216 - accuracy: 0.9946 88/146 [=================>............] - ETA: 1:24 - loss: 0.0213 - accuracy: 0.9947 89/146 [=================>............] - ETA: 1:22 - loss: 0.0211 - accuracy: 0.9947 90/146 [=================>............] - ETA: 1:21 - loss: 0.0210 - accuracy: 0.9948 91/146 [=================>............] - ETA: 1:19 - loss: 0.0227 - accuracy: 0.9942 92/146 [=================>............] - ETA: 1:18 - loss: 0.0226 - accuracy: 0.9942 93/146 [==================>...........] - ETA: 1:16 - loss: 0.0224 - accuracy: 0.9943 94/146 [==================>...........] - ETA: 1:15 - loss: 0.0222 - accuracy: 0.9943 95/146 [==================>...........] - ETA: 1:14 - loss: 0.0220 - accuracy: 0.9944 96/146 [==================>...........] - ETA: 1:12 - loss: 0.0218 - accuracy: 0.9945 97/146 [==================>...........] - ETA: 1:11 - loss: 0.0216 - accuracy: 0.9945 98/146 [===================>..........] - ETA: 1:09 - loss: 0.0227 - accuracy: 0.9943 99/146 [===================>..........] - ETA: 1:08 - loss: 0.0225 - accuracy: 0.9943100/146 [===================>..........] - ETA: 1:06 - loss: 0.0226 - accuracy: 0.9941101/146 [===================>..........] - ETA: 1:05 - loss: 0.0226 - accuracy: 0.9941102/146 [===================>..........] - ETA: 1:04 - loss: 0.0232 - accuracy: 0.9936103/146 [====================>.........] - ETA: 1:02 - loss: 0.0231 - accuracy: 0.9936104/146 [====================>.........] - ETA: 1:01 - loss: 0.0229 - accuracy: 0.9937105/146 [====================>.........] - ETA: 59s - loss: 0.0227 - accuracy: 0.9937 106/146 [====================>.........] - ETA: 58s - loss: 0.0233 - accuracy: 0.9932107/146 [====================>.........] - ETA: 56s - loss: 0.0231 - accuracy: 0.9933108/146 [=====================>........] - ETA: 55s - loss: 0.0229 - accuracy: 0.9933109/146 [=====================>........] - ETA: 53s - loss: 0.0227 - accuracy: 0.9934110/146 [=====================>........] - ETA: 52s - loss: 0.0226 - accuracy: 0.9935111/146 [=====================>........] - ETA: 50s - loss: 0.0224 - accuracy: 0.9935112/146 [======================>.......] - ETA: 49s - loss: 0.0222 - accuracy: 0.9936113/146 [======================>.......] - ETA: 47s - loss: 0.0222 - accuracy: 0.9936114/146 [======================>.......] - ETA: 46s - loss: 0.0226 - accuracy: 0.9934115/146 [======================>.......] - ETA: 45s - loss: 0.0230 - accuracy: 0.9932116/146 [======================>.......] - ETA: 43s - loss: 0.0229 - accuracy: 0.9933117/146 [=======================>......] - ETA: 42s - loss: 0.0252 - accuracy: 0.9931118/146 [=======================>......] - ETA: 40s - loss: 0.0253 - accuracy: 0.9928119/146 [=======================>......] - ETA: 39s - loss: 0.0252 - accuracy: 0.9929120/146 [=======================>......] - ETA: 37s - loss: 0.0251 - accuracy: 0.9930121/146 [=======================>......] - ETA: 36s - loss: 0.0249 - accuracy: 0.9930122/146 [========================>.....] - ETA: 34s - loss: 0.0257 - accuracy: 0.9928123/146 [========================>.....] - ETA: 33s - loss: 0.0259 - accuracy: 0.9924124/146 [========================>.....] - ETA: 31s - loss: 0.0257 - accuracy: 0.9924125/146 [========================>.....] - ETA: 30s - loss: 0.0257 - accuracy: 0.9925126/146 [========================>.....] - ETA: 28s - loss: 0.0258 - accuracy: 0.9923127/146 [=========================>....] - ETA: 27s - loss: 0.0257 - accuracy: 0.9924128/146 [=========================>....] - ETA: 25s - loss: 0.0255 - accuracy: 0.9924129/146 [=========================>....] - ETA: 24s - loss: 0.0254 - accuracy: 0.9925130/146 [=========================>....] - ETA: 23s - loss: 0.0252 - accuracy: 0.9925131/146 [=========================>....] - ETA: 21s - loss: 0.0262 - accuracy: 0.9924132/146 [==========================>...] - ETA: 20s - loss: 0.0260 - accuracy: 0.9924133/146 [==========================>...] - ETA: 18s - loss: 0.0260 - accuracy: 0.9925134/146 [==========================>...] - ETA: 17s - loss: 0.0258 - accuracy: 0.9925135/146 [==========================>...] - ETA: 15s - loss: 0.0256 - accuracy: 0.9926136/146 [==========================>...] - ETA: 14s - loss: 0.0257 - accuracy: 0.9924137/146 [===========================>..] - ETA: 12s - loss: 0.0255 - accuracy: 0.9925138/146 [===========================>..] - ETA: 11s - loss: 0.0262 - accuracy: 0.9923139/146 [===========================>..] - ETA: 10s - loss: 0.0261 - accuracy: 0.9924140/146 [===========================>..] - ETA: 8s - loss: 0.0260 - accuracy: 0.9924 141/146 [===========================>..] - ETA: 7s - loss: 0.0258 - accuracy: 0.9925142/146 [============================>.] - ETA: 5s - loss: 0.0257 - accuracy: 0.9925143/146 [============================>.] - ETA: 4s - loss: 0.0256 - accuracy: 0.9926144/146 [============================>.] - ETA: 2s - loss: 0.0254 - accuracy: 0.9926145/146 [============================>.] - ETA: 1s - loss: 0.0252 - accuracy: 0.9927146/146 [==============================] - ETA: 0s - loss: 0.0252 - accuracy: 0.9927146/146 [==============================] - 229s 2s/step - loss: 0.0252 - accuracy: 0.9927 - val_loss: 0.7279 - val_accuracy: 0.8844
Epoch 84/108
  1/146 [..............................] - ETA: 3:42 - loss: 0.0060 - accuracy: 1.0000  2/146 [..............................] - ETA: 3:26 - loss: 0.0066 - accuracy: 1.0000  3/146 [..............................] - ETA: 3:29 - loss: 0.0052 - accuracy: 1.0000  4/146 [..............................] - ETA: 3:28 - loss: 0.0041 - accuracy: 1.0000  5/146 [>.............................] - ETA: 3:27 - loss: 0.0039 - accuracy: 1.0000  6/146 [>.............................] - ETA: 3:25 - loss: 0.0058 - accuracy: 1.0000  7/146 [>.............................] - ETA: 3:23 - loss: 0.0055 - accuracy: 1.0000  8/146 [>.............................] - ETA: 3:22 - loss: 0.0049 - accuracy: 1.0000  9/146 [>.............................] - ETA: 3:21 - loss: 0.0050 - accuracy: 1.0000 10/146 [=>............................] - ETA: 3:20 - loss: 0.0127 - accuracy: 0.9969 11/146 [=>............................] - ETA: 3:19 - loss: 0.0116 - accuracy: 0.9972 12/146 [=>............................] - ETA: 3:17 - loss: 0.0120 - accuracy: 0.9974 13/146 [=>............................] - ETA: 3:16 - loss: 0.0112 - accuracy: 0.9976 14/146 [=>............................] - ETA: 3:14 - loss: 0.0104 - accuracy: 0.9978 15/146 [==>...........................] - ETA: 3:12 - loss: 0.0102 - accuracy: 0.9979 16/146 [==>...........................] - ETA: 3:09 - loss: 0.0101 - accuracy: 0.9980 17/146 [==>...........................] - ETA: 3:07 - loss: 0.0173 - accuracy: 0.9963 18/146 [==>...........................] - ETA: 3:05 - loss: 0.0164 - accuracy: 0.9965 19/146 [==>...........................] - ETA: 3:03 - loss: 0.0156 - accuracy: 0.9967 20/146 [===>..........................] - ETA: 3:01 - loss: 0.0156 - accuracy: 0.9969 21/146 [===>..........................] - ETA: 2:58 - loss: 0.0154 - accuracy: 0.9970 22/146 [===>..........................] - ETA: 2:57 - loss: 0.0149 - accuracy: 0.9972 23/146 [===>..........................] - ETA: 2:55 - loss: 0.0144 - accuracy: 0.9973 24/146 [===>..........................] - ETA: 2:53 - loss: 0.0143 - accuracy: 0.9974 25/146 [====>.........................] - ETA: 2:52 - loss: 0.0141 - accuracy: 0.9975 26/146 [====>.........................] - ETA: 2:50 - loss: 0.0139 - accuracy: 0.9976 27/146 [====>.........................] - ETA: 2:48 - loss: 0.0135 - accuracy: 0.9977 28/146 [====>.........................] - ETA: 2:47 - loss: 0.0130 - accuracy: 0.9978 29/146 [====>.........................] - ETA: 2:46 - loss: 0.0126 - accuracy: 0.9978 30/146 [=====>........................] - ETA: 2:44 - loss: 0.0123 - accuracy: 0.9979 31/146 [=====>........................] - ETA: 2:43 - loss: 0.0119 - accuracy: 0.9980 32/146 [=====>........................] - ETA: 2:42 - loss: 0.0127 - accuracy: 0.9971 33/146 [=====>........................] - ETA: 2:41 - loss: 0.0139 - accuracy: 0.9962 34/146 [=====>........................] - ETA: 2:39 - loss: 0.0146 - accuracy: 0.9954 35/146 [======>.......................] - ETA: 2:38 - loss: 0.0143 - accuracy: 0.9955 36/146 [======>.......................] - ETA: 2:37 - loss: 0.0141 - accuracy: 0.9957 37/146 [======>.......................] - ETA: 2:36 - loss: 0.0140 - accuracy: 0.9958 38/146 [======>.......................] - ETA: 2:34 - loss: 0.0151 - accuracy: 0.9951 39/146 [=======>......................] - ETA: 2:33 - loss: 0.0148 - accuracy: 0.9952 40/146 [=======>......................] - ETA: 2:32 - loss: 0.0145 - accuracy: 0.9953 41/146 [=======>......................] - ETA: 2:30 - loss: 0.0145 - accuracy: 0.9954 42/146 [=======>......................] - ETA: 2:29 - loss: 0.0150 - accuracy: 0.9948 43/146 [=======>......................] - ETA: 2:28 - loss: 0.0152 - accuracy: 0.9949 44/146 [========>.....................] - ETA: 2:26 - loss: 0.0148 - accuracy: 0.9950 45/146 [========>.....................] - ETA: 2:25 - loss: 0.0150 - accuracy: 0.9951 46/146 [========>.....................] - ETA: 2:23 - loss: 0.0147 - accuracy: 0.9952 47/146 [========>.....................] - ETA: 2:22 - loss: 0.0144 - accuracy: 0.9953 48/146 [========>.....................] - ETA: 2:21 - loss: 0.0143 - accuracy: 0.9954 49/146 [=========>....................] - ETA: 2:19 - loss: 0.0149 - accuracy: 0.9949 50/146 [=========>....................] - ETA: 2:18 - loss: 0.0147 - accuracy: 0.9950 51/146 [=========>....................] - ETA: 2:16 - loss: 0.0145 - accuracy: 0.9951 52/146 [=========>....................] - ETA: 2:15 - loss: 0.0150 - accuracy: 0.9946 53/146 [=========>....................] - ETA: 2:14 - loss: 0.0154 - accuracy: 0.9941 54/146 [==========>...................] - ETA: 2:12 - loss: 0.0153 - accuracy: 0.9942 55/146 [==========>...................] - ETA: 2:11 - loss: 0.0150 - accuracy: 0.9943 56/146 [==========>...................] - ETA: 2:09 - loss: 0.0148 - accuracy: 0.9944 57/146 [==========>...................] - ETA: 2:08 - loss: 0.0145 - accuracy: 0.9945 58/146 [==========>...................] - ETA: 2:07 - loss: 0.0143 - accuracy: 0.9946 59/146 [===========>..................] - ETA: 2:05 - loss: 0.0142 - accuracy: 0.9947 60/146 [===========>..................] - ETA: 2:04 - loss: 0.0140 - accuracy: 0.9948 61/146 [===========>..................] - ETA: 2:02 - loss: 0.0137 - accuracy: 0.9949 62/146 [===========>..................] - ETA: 2:01 - loss: 0.0137 - accuracy: 0.9950 63/146 [===========>..................] - ETA: 1:59 - loss: 0.0135 - accuracy: 0.9950 64/146 [============>.................] - ETA: 1:58 - loss: 0.0133 - accuracy: 0.9951 65/146 [============>.................] - ETA: 1:57 - loss: 0.0131 - accuracy: 0.9952 66/146 [============>.................] - ETA: 1:55 - loss: 0.0130 - accuracy: 0.9953 67/146 [============>.................] - ETA: 1:54 - loss: 0.0128 - accuracy: 0.9953 68/146 [============>.................] - ETA: 1:52 - loss: 0.0129 - accuracy: 0.9954 69/146 [=============>................] - ETA: 1:51 - loss: 0.0127 - accuracy: 0.9955 70/146 [=============>................] - ETA: 1:49 - loss: 0.0128 - accuracy: 0.9955 71/146 [=============>................] - ETA: 1:48 - loss: 0.0126 - accuracy: 0.9956 72/146 [=============>................] - ETA: 1:47 - loss: 0.0125 - accuracy: 0.9957 73/146 [==============>...............] - ETA: 1:45 - loss: 0.0123 - accuracy: 0.9957 74/146 [==============>...............] - ETA: 1:44 - loss: 0.0122 - accuracy: 0.9958 75/146 [==============>...............] - ETA: 1:42 - loss: 0.0120 - accuracy: 0.9958 76/146 [==============>...............] - ETA: 1:41 - loss: 0.0119 - accuracy: 0.9959 77/146 [==============>...............] - ETA: 1:39 - loss: 0.0118 - accuracy: 0.9959 78/146 [===============>..............] - ETA: 1:38 - loss: 0.0117 - accuracy: 0.9960 79/146 [===============>..............] - ETA: 1:36 - loss: 0.0116 - accuracy: 0.9960 80/146 [===============>..............] - ETA: 1:35 - loss: 0.0115 - accuracy: 0.9961 81/146 [===============>..............] - ETA: 1:33 - loss: 0.0115 - accuracy: 0.9961 82/146 [===============>..............] - ETA: 1:32 - loss: 0.0114 - accuracy: 0.9962 83/146 [================>.............] - ETA: 1:30 - loss: 0.0113 - accuracy: 0.9962 84/146 [================>.............] - ETA: 1:29 - loss: 0.0114 - accuracy: 0.9963 85/146 [================>.............] - ETA: 1:27 - loss: 0.0112 - accuracy: 0.9963 86/146 [================>.............] - ETA: 1:26 - loss: 0.0112 - accuracy: 0.9964 87/146 [================>.............] - ETA: 1:24 - loss: 0.0110 - accuracy: 0.9964 88/146 [=================>............] - ETA: 1:23 - loss: 0.0109 - accuracy: 0.9964 89/146 [=================>............] - ETA: 1:21 - loss: 0.0108 - accuracy: 0.9965 90/146 [=================>............] - ETA: 1:20 - loss: 0.0107 - accuracy: 0.9965 91/146 [=================>............] - ETA: 1:18 - loss: 0.0110 - accuracy: 0.9962 92/146 [=================>............] - ETA: 1:17 - loss: 0.0109 - accuracy: 0.9963 93/146 [==================>...........] - ETA: 1:15 - loss: 0.0109 - accuracy: 0.9963 94/146 [==================>...........] - ETA: 1:14 - loss: 0.0108 - accuracy: 0.9963 95/146 [==================>...........] - ETA: 1:12 - loss: 0.0107 - accuracy: 0.9964 96/146 [==================>...........] - ETA: 1:11 - loss: 0.0106 - accuracy: 0.9964 97/146 [==================>...........] - ETA: 1:10 - loss: 0.0105 - accuracy: 0.9965 98/146 [===================>..........] - ETA: 1:08 - loss: 0.0104 - accuracy: 0.9965 99/146 [===================>..........] - ETA: 1:07 - loss: 0.0105 - accuracy: 0.9965100/146 [===================>..........] - ETA: 1:05 - loss: 0.0104 - accuracy: 0.9966101/146 [===================>..........] - ETA: 1:04 - loss: 0.0105 - accuracy: 0.9966102/146 [===================>..........] - ETA: 1:02 - loss: 0.0104 - accuracy: 0.9966103/146 [====================>.........] - ETA: 1:01 - loss: 0.0103 - accuracy: 0.9967104/146 [====================>.........] - ETA: 1:00 - loss: 0.0102 - accuracy: 0.9967105/146 [====================>.........] - ETA: 58s - loss: 0.0101 - accuracy: 0.9967 106/146 [====================>.........] - ETA: 57s - loss: 0.0101 - accuracy: 0.9968107/146 [====================>.........] - ETA: 55s - loss: 0.0100 - accuracy: 0.9968108/146 [=====================>........] - ETA: 54s - loss: 0.0099 - accuracy: 0.9968109/146 [=====================>........] - ETA: 53s - loss: 0.0101 - accuracy: 0.9966110/146 [=====================>........] - ETA: 51s - loss: 0.0101 - accuracy: 0.9966111/146 [=====================>........] - ETA: 50s - loss: 0.0100 - accuracy: 0.9966112/146 [======================>.......] - ETA: 48s - loss: 0.0100 - accuracy: 0.9967113/146 [======================>.......] - ETA: 47s - loss: 0.0099 - accuracy: 0.9967114/146 [======================>.......] - ETA: 45s - loss: 0.0099 - accuracy: 0.9967115/146 [======================>.......] - ETA: 44s - loss: 0.0098 - accuracy: 0.9967116/146 [======================>.......] - ETA: 43s - loss: 0.0097 - accuracy: 0.9968117/146 [=======================>......] - ETA: 41s - loss: 0.0097 - accuracy: 0.9968118/146 [=======================>......] - ETA: 40s - loss: 0.0097 - accuracy: 0.9968119/146 [=======================>......] - ETA: 38s - loss: 0.0097 - accuracy: 0.9968120/146 [=======================>......] - ETA: 37s - loss: 0.0096 - accuracy: 0.9969121/146 [=======================>......] - ETA: 35s - loss: 0.0096 - accuracy: 0.9969122/146 [========================>.....] - ETA: 34s - loss: 0.0096 - accuracy: 0.9969123/146 [========================>.....] - ETA: 33s - loss: 0.0096 - accuracy: 0.9970124/146 [========================>.....] - ETA: 31s - loss: 0.0095 - accuracy: 0.9970125/146 [========================>.....] - ETA: 30s - loss: 0.0095 - accuracy: 0.9970126/146 [========================>.....] - ETA: 28s - loss: 0.0094 - accuracy: 0.9970127/146 [=========================>....] - ETA: 27s - loss: 0.0094 - accuracy: 0.9970128/146 [=========================>....] - ETA: 25s - loss: 0.0093 - accuracy: 0.9971129/146 [=========================>....] - ETA: 24s - loss: 0.0093 - accuracy: 0.9971130/146 [=========================>....] - ETA: 22s - loss: 0.0092 - accuracy: 0.9971131/146 [=========================>....] - ETA: 21s - loss: 0.0091 - accuracy: 0.9971132/146 [==========================>...] - ETA: 20s - loss: 0.0091 - accuracy: 0.9972133/146 [==========================>...] - ETA: 18s - loss: 0.0090 - accuracy: 0.9972134/146 [==========================>...] - ETA: 17s - loss: 0.0089 - accuracy: 0.9972135/146 [==========================>...] - ETA: 15s - loss: 0.0089 - accuracy: 0.9972136/146 [==========================>...] - ETA: 14s - loss: 0.0089 - accuracy: 0.9972137/146 [===========================>..] - ETA: 12s - loss: 0.0088 - accuracy: 0.9973138/146 [===========================>..] - ETA: 11s - loss: 0.0088 - accuracy: 0.9973139/146 [===========================>..] - ETA: 10s - loss: 0.0088 - accuracy: 0.9973140/146 [===========================>..] - ETA: 8s - loss: 0.0087 - accuracy: 0.9973 141/146 [===========================>..] - ETA: 7s - loss: 0.0087 - accuracy: 0.9973142/146 [============================>.] - ETA: 5s - loss: 0.0086 - accuracy: 0.9974143/146 [============================>.] - ETA: 4s - loss: 0.0086 - accuracy: 0.9974144/146 [============================>.] - ETA: 2s - loss: 0.0086 - accuracy: 0.9974145/146 [============================>.] - ETA: 1s - loss: 0.0089 - accuracy: 0.9972146/146 [==============================] - ETA: 0s - loss: 0.0089 - accuracy: 0.9972146/146 [==============================] - 227s 2s/step - loss: 0.0089 - accuracy: 0.9972 - val_loss: 0.9581 - val_accuracy: 0.8917
Epoch 85/108
  1/146 [..............................] - ETA: 2:48 - loss: 0.0138 - accuracy: 1.0000  2/146 [..............................] - ETA: 2:54 - loss: 0.0174 - accuracy: 1.0000  3/146 [..............................] - ETA: 2:59 - loss: 0.0116 - accuracy: 1.0000  4/146 [..............................] - ETA: 2:51 - loss: 0.0088 - accuracy: 1.0000  5/146 [>.............................] - ETA: 2:49 - loss: 0.0072 - accuracy: 1.0000  6/146 [>.............................] - ETA: 2:50 - loss: 0.0074 - accuracy: 1.0000  7/146 [>.............................] - ETA: 2:49 - loss: 0.0066 - accuracy: 1.0000  8/146 [>.............................] - ETA: 2:48 - loss: 0.0061 - accuracy: 1.0000  9/146 [>.............................] - ETA: 2:47 - loss: 0.0290 - accuracy: 0.9931 10/146 [=>............................] - ETA: 2:45 - loss: 0.0261 - accuracy: 0.9937 11/146 [=>............................] - ETA: 2:43 - loss: 0.0237 - accuracy: 0.9943 12/146 [=>............................] - ETA: 2:42 - loss: 0.0219 - accuracy: 0.9948 13/146 [=>............................] - ETA: 2:41 - loss: 0.0205 - accuracy: 0.9952 14/146 [=>............................] - ETA: 2:40 - loss: 0.0194 - accuracy: 0.9955 15/146 [==>...........................] - ETA: 2:38 - loss: 0.0215 - accuracy: 0.9937 16/146 [==>...........................] - ETA: 2:38 - loss: 0.0201 - accuracy: 0.9941 17/146 [==>...........................] - ETA: 2:36 - loss: 0.0190 - accuracy: 0.9945 18/146 [==>...........................] - ETA: 2:35 - loss: 0.0179 - accuracy: 0.9948 19/146 [==>...........................] - ETA: 2:34 - loss: 0.0174 - accuracy: 0.9951 20/146 [===>..........................] - ETA: 2:32 - loss: 0.0166 - accuracy: 0.9953 21/146 [===>..........................] - ETA: 2:31 - loss: 0.0162 - accuracy: 0.9955 22/146 [===>..........................] - ETA: 2:30 - loss: 0.0156 - accuracy: 0.9957 23/146 [===>..........................] - ETA: 2:29 - loss: 0.0149 - accuracy: 0.9959 24/146 [===>..........................] - ETA: 2:28 - loss: 0.0149 - accuracy: 0.9961 25/146 [====>.........................] - ETA: 2:27 - loss: 0.0143 - accuracy: 0.9962 26/146 [====>.........................] - ETA: 2:27 - loss: 0.0138 - accuracy: 0.9964 27/146 [====>.........................] - ETA: 2:27 - loss: 0.0167 - accuracy: 0.9954 28/146 [====>.........................] - ETA: 2:26 - loss: 0.0165 - accuracy: 0.9955 29/146 [====>.........................] - ETA: 2:26 - loss: 0.0160 - accuracy: 0.9957 30/146 [=====>........................] - ETA: 2:25 - loss: 0.0155 - accuracy: 0.9958 31/146 [=====>........................] - ETA: 2:24 - loss: 0.0223 - accuracy: 0.9929 32/146 [=====>........................] - ETA: 2:23 - loss: 0.0218 - accuracy: 0.9932 33/146 [=====>........................] - ETA: 2:23 - loss: 0.0211 - accuracy: 0.9934 34/146 [=====>........................] - ETA: 2:22 - loss: 0.0205 - accuracy: 0.9936 35/146 [======>.......................] - ETA: 2:22 - loss: 0.0199 - accuracy: 0.9937 36/146 [======>.......................] - ETA: 2:21 - loss: 0.0193 - accuracy: 0.9939 37/146 [======>.......................] - ETA: 2:20 - loss: 0.0188 - accuracy: 0.9941 38/146 [======>.......................] - ETA: 2:19 - loss: 0.0193 - accuracy: 0.9934 39/146 [=======>......................] - ETA: 2:17 - loss: 0.0188 - accuracy: 0.9936 40/146 [=======>......................] - ETA: 2:16 - loss: 0.0188 - accuracy: 0.9937 41/146 [=======>......................] - ETA: 2:14 - loss: 0.0184 - accuracy: 0.9939 42/146 [=======>......................] - ETA: 2:13 - loss: 0.0322 - accuracy: 0.9933 43/146 [=======>......................] - ETA: 2:12 - loss: 0.0316 - accuracy: 0.9935 44/146 [========>.....................] - ETA: 2:11 - loss: 0.0313 - accuracy: 0.9936 45/146 [========>.....................] - ETA: 2:10 - loss: 0.0307 - accuracy: 0.9937 46/146 [========>.....................] - ETA: 2:09 - loss: 0.0301 - accuracy: 0.9939 47/146 [========>.....................] - ETA: 2:08 - loss: 0.0295 - accuracy: 0.9940 48/146 [========>.....................] - ETA: 2:06 - loss: 0.0290 - accuracy: 0.9941 49/146 [=========>....................] - ETA: 2:05 - loss: 0.0295 - accuracy: 0.9936 50/146 [=========>....................] - ETA: 2:04 - loss: 0.0295 - accuracy: 0.9937 51/146 [=========>....................] - ETA: 2:03 - loss: 0.0300 - accuracy: 0.9933 52/146 [=========>....................] - ETA: 2:01 - loss: 0.0295 - accuracy: 0.9934 53/146 [=========>....................] - ETA: 2:00 - loss: 0.0290 - accuracy: 0.9935 54/146 [==========>...................] - ETA: 1:59 - loss: 0.0286 - accuracy: 0.9936 55/146 [==========>...................] - ETA: 1:58 - loss: 0.0283 - accuracy: 0.9937 56/146 [==========>...................] - ETA: 1:56 - loss: 0.0282 - accuracy: 0.9939 57/146 [==========>...................] - ETA: 1:55 - loss: 0.0277 - accuracy: 0.9940 58/146 [==========>...................] - ETA: 1:53 - loss: 0.0272 - accuracy: 0.9941 59/146 [===========>..................] - ETA: 1:52 - loss: 0.0276 - accuracy: 0.9936 60/146 [===========>..................] - ETA: 1:50 - loss: 0.0272 - accuracy: 0.9937 61/146 [===========>..................] - ETA: 1:49 - loss: 0.0286 - accuracy: 0.9928 62/146 [===========>..................] - ETA: 1:47 - loss: 0.0283 - accuracy: 0.9929 63/146 [===========>..................] - ETA: 1:46 - loss: 0.0278 - accuracy: 0.9931 64/146 [============>.................] - ETA: 1:44 - loss: 0.0278 - accuracy: 0.9927 65/146 [============>.................] - ETA: 1:43 - loss: 0.0274 - accuracy: 0.9928 66/146 [============>.................] - ETA: 1:42 - loss: 0.0272 - accuracy: 0.9929 67/146 [============>.................] - ETA: 1:40 - loss: 0.0269 - accuracy: 0.9930 68/146 [============>.................] - ETA: 1:39 - loss: 0.0288 - accuracy: 0.9922 69/146 [=============>................] - ETA: 1:37 - loss: 0.0307 - accuracy: 0.9918 70/146 [=============>................] - ETA: 1:36 - loss: 0.0306 - accuracy: 0.9920 71/146 [=============>................] - ETA: 1:35 - loss: 0.0304 - accuracy: 0.9921 72/146 [=============>................] - ETA: 1:33 - loss: 0.0300 - accuracy: 0.9922 73/146 [==============>...............] - ETA: 1:32 - loss: 0.0297 - accuracy: 0.9923 74/146 [==============>...............] - ETA: 1:31 - loss: 0.0309 - accuracy: 0.9920 75/146 [==============>...............] - ETA: 1:29 - loss: 0.0333 - accuracy: 0.9912 76/146 [==============>...............] - ETA: 1:28 - loss: 0.0329 - accuracy: 0.9914 77/146 [==============>...............] - ETA: 1:27 - loss: 0.0324 - accuracy: 0.9915 78/146 [===============>..............] - ETA: 1:26 - loss: 0.0322 - accuracy: 0.9916 79/146 [===============>..............] - ETA: 1:24 - loss: 0.0318 - accuracy: 0.9917 80/146 [===============>..............] - ETA: 1:23 - loss: 0.0316 - accuracy: 0.9918 81/146 [===============>..............] - ETA: 1:22 - loss: 0.0330 - accuracy: 0.9911 82/146 [===============>..............] - ETA: 1:20 - loss: 0.0326 - accuracy: 0.9912 83/146 [================>.............] - ETA: 1:19 - loss: 0.0335 - accuracy: 0.9910 84/146 [================>.............] - ETA: 1:18 - loss: 0.0332 - accuracy: 0.9911 85/146 [================>.............] - ETA: 1:16 - loss: 0.0329 - accuracy: 0.9912 86/146 [================>.............] - ETA: 1:15 - loss: 0.0329 - accuracy: 0.9913 87/146 [================>.............] - ETA: 1:14 - loss: 0.0326 - accuracy: 0.9914 88/146 [=================>............] - ETA: 1:12 - loss: 0.0324 - accuracy: 0.9915 89/146 [=================>............] - ETA: 1:11 - loss: 0.0322 - accuracy: 0.9916 90/146 [=================>............] - ETA: 1:10 - loss: 0.0318 - accuracy: 0.9917 91/146 [=================>............] - ETA: 1:08 - loss: 0.0316 - accuracy: 0.9918 92/146 [=================>............] - ETA: 1:07 - loss: 0.0315 - accuracy: 0.9918 93/146 [==================>...........] - ETA: 1:06 - loss: 0.0315 - accuracy: 0.9916 94/146 [==================>...........] - ETA: 1:05 - loss: 0.0312 - accuracy: 0.9917 95/146 [==================>...........] - ETA: 1:03 - loss: 0.0310 - accuracy: 0.9918 96/146 [==================>...........] - ETA: 1:02 - loss: 0.0311 - accuracy: 0.9919 97/146 [==================>...........] - ETA: 1:01 - loss: 0.0315 - accuracy: 0.9916 98/146 [===================>..........] - ETA: 59s - loss: 0.0312 - accuracy: 0.9917  99/146 [===================>..........] - ETA: 58s - loss: 0.0310 - accuracy: 0.9918100/146 [===================>..........] - ETA: 57s - loss: 0.0308 - accuracy: 0.9919101/146 [===================>..........] - ETA: 56s - loss: 0.0308 - accuracy: 0.9920102/146 [===================>..........] - ETA: 54s - loss: 0.0306 - accuracy: 0.9920103/146 [====================>.........] - ETA: 53s - loss: 0.0304 - accuracy: 0.9921104/146 [====================>.........] - ETA: 52s - loss: 0.0301 - accuracy: 0.9922105/146 [====================>.........] - ETA: 50s - loss: 0.0299 - accuracy: 0.9923106/146 [====================>.........] - ETA: 49s - loss: 0.0298 - accuracy: 0.9920107/146 [====================>.........] - ETA: 48s - loss: 0.0296 - accuracy: 0.9921108/146 [=====================>........] - ETA: 47s - loss: 0.0295 - accuracy: 0.9922109/146 [=====================>........] - ETA: 45s - loss: 0.0293 - accuracy: 0.9923110/146 [=====================>........] - ETA: 44s - loss: 0.0292 - accuracy: 0.9923111/146 [=====================>........] - ETA: 43s - loss: 0.0298 - accuracy: 0.9918112/146 [======================>.......] - ETA: 41s - loss: 0.0295 - accuracy: 0.9919113/146 [======================>.......] - ETA: 40s - loss: 0.0293 - accuracy: 0.9920114/146 [======================>.......] - ETA: 39s - loss: 0.0293 - accuracy: 0.9918115/146 [======================>.......] - ETA: 38s - loss: 0.0290 - accuracy: 0.9918116/146 [======================>.......] - ETA: 36s - loss: 0.0288 - accuracy: 0.9919117/146 [=======================>......] - ETA: 35s - loss: 0.0286 - accuracy: 0.9920118/146 [=======================>......] - ETA: 34s - loss: 0.0284 - accuracy: 0.9921119/146 [=======================>......] - ETA: 33s - loss: 0.0283 - accuracy: 0.9921120/146 [=======================>......] - ETA: 32s - loss: 0.0282 - accuracy: 0.9922121/146 [=======================>......] - ETA: 30s - loss: 0.0279 - accuracy: 0.9923122/146 [========================>.....] - ETA: 29s - loss: 0.0278 - accuracy: 0.9923123/146 [========================>.....] - ETA: 28s - loss: 0.0276 - accuracy: 0.9924124/146 [========================>.....] - ETA: 27s - loss: 0.0276 - accuracy: 0.9922125/146 [========================>.....] - ETA: 25s - loss: 0.0274 - accuracy: 0.9923126/146 [========================>.....] - ETA: 24s - loss: 0.0272 - accuracy: 0.9923127/146 [=========================>....] - ETA: 23s - loss: 0.0272 - accuracy: 0.9921128/146 [=========================>....] - ETA: 22s - loss: 0.0272 - accuracy: 0.9922129/146 [=========================>....] - ETA: 20s - loss: 0.0270 - accuracy: 0.9922130/146 [=========================>....] - ETA: 19s - loss: 0.0268 - accuracy: 0.9923131/146 [=========================>....] - ETA: 18s - loss: 0.0266 - accuracy: 0.9924132/146 [==========================>...] - ETA: 17s - loss: 0.0264 - accuracy: 0.9924133/146 [==========================>...] - ETA: 15s - loss: 0.0274 - accuracy: 0.9922134/146 [==========================>...] - ETA: 14s - loss: 0.0272 - accuracy: 0.9923135/146 [==========================>...] - ETA: 13s - loss: 0.0270 - accuracy: 0.9924136/146 [==========================>...] - ETA: 12s - loss: 0.0269 - accuracy: 0.9924137/146 [===========================>..] - ETA: 11s - loss: 0.0271 - accuracy: 0.9922138/146 [===========================>..] - ETA: 9s - loss: 0.0271 - accuracy: 0.9921 139/146 [===========================>..] - ETA: 8s - loss: 0.0277 - accuracy: 0.9919140/146 [===========================>..] - ETA: 7s - loss: 0.0275 - accuracy: 0.9920141/146 [===========================>..] - ETA: 6s - loss: 0.0273 - accuracy: 0.9920142/146 [============================>.] - ETA: 4s - loss: 0.0272 - accuracy: 0.9921143/146 [============================>.] - ETA: 3s - loss: 0.0270 - accuracy: 0.9921144/146 [============================>.] - ETA: 2s - loss: 0.0268 - accuracy: 0.9922145/146 [============================>.] - ETA: 1s - loss: 0.0267 - accuracy: 0.9922146/146 [==============================] - ETA: 0s - loss: 0.0266 - accuracy: 0.9922146/146 [==============================] - 194s 1s/step - loss: 0.0266 - accuracy: 0.9922 - val_loss: 0.8528 - val_accuracy: 0.8989
Epoch 86/108
  1/146 [..............................] - ETA: 2:40 - loss: 0.1119 - accuracy: 0.9688  2/146 [..............................] - ETA: 2:36 - loss: 0.0561 - accuracy: 0.9844  3/146 [..............................] - ETA: 2:34 - loss: 0.0384 - accuracy: 0.9896  4/146 [..............................] - ETA: 2:36 - loss: 0.0398 - accuracy: 0.9844  5/146 [>.............................] - ETA: 2:37 - loss: 0.0814 - accuracy: 0.9750  6/146 [>.............................] - ETA: 2:37 - loss: 0.0689 - accuracy: 0.9792  7/146 [>.............................] - ETA: 2:36 - loss: 0.0595 - accuracy: 0.9821  8/146 [>.............................] - ETA: 2:33 - loss: 0.0522 - accuracy: 0.9844  9/146 [>.............................] - ETA: 2:33 - loss: 0.0490 - accuracy: 0.9861 10/146 [=>............................] - ETA: 2:31 - loss: 0.0441 - accuracy: 0.9875 11/146 [=>............................] - ETA: 2:30 - loss: 0.0403 - accuracy: 0.9886 12/146 [=>............................] - ETA: 2:29 - loss: 0.0387 - accuracy: 0.9896 13/146 [=>............................] - ETA: 2:27 - loss: 0.0359 - accuracy: 0.9904 14/146 [=>............................] - ETA: 2:26 - loss: 0.0339 - accuracy: 0.9911 15/146 [==>...........................] - ETA: 2:25 - loss: 0.0317 - accuracy: 0.9917 16/146 [==>...........................] - ETA: 2:25 - loss: 0.0299 - accuracy: 0.9922 17/146 [==>...........................] - ETA: 2:23 - loss: 0.0288 - accuracy: 0.9926 18/146 [==>...........................] - ETA: 2:22 - loss: 0.0274 - accuracy: 0.9931 19/146 [==>...........................] - ETA: 2:20 - loss: 0.0279 - accuracy: 0.9934 20/146 [===>..........................] - ETA: 2:19 - loss: 0.0277 - accuracy: 0.9922 21/146 [===>..........................] - ETA: 2:16 - loss: 0.0264 - accuracy: 0.9926 22/146 [===>..........................] - ETA: 2:14 - loss: 0.0256 - accuracy: 0.9929 23/146 [===>..........................] - ETA: 2:12 - loss: 0.0246 - accuracy: 0.9932 24/146 [===>..........................] - ETA: 2:10 - loss: 0.0242 - accuracy: 0.9935 25/146 [====>.........................] - ETA: 2:08 - loss: 0.0234 - accuracy: 0.9937 26/146 [====>.........................] - ETA: 2:06 - loss: 0.0235 - accuracy: 0.9928 27/146 [====>.........................] - ETA: 2:04 - loss: 0.0231 - accuracy: 0.9931 28/146 [====>.........................] - ETA: 2:02 - loss: 0.0225 - accuracy: 0.9933 29/146 [====>.........................] - ETA: 2:00 - loss: 0.0277 - accuracy: 0.9925 30/146 [=====>........................] - ETA: 1:59 - loss: 0.0270 - accuracy: 0.9927 31/146 [=====>........................] - ETA: 1:59 - loss: 0.0262 - accuracy: 0.9929 32/146 [=====>........................] - ETA: 1:58 - loss: 0.0254 - accuracy: 0.9932 33/146 [=====>........................] - ETA: 1:58 - loss: 0.0247 - accuracy: 0.9934 34/146 [=====>........................] - ETA: 1:57 - loss: 0.0241 - accuracy: 0.9936 35/146 [======>.......................] - ETA: 1:57 - loss: 0.0235 - accuracy: 0.9937 36/146 [======>.......................] - ETA: 1:56 - loss: 0.0229 - accuracy: 0.9939 37/146 [======>.......................] - ETA: 1:55 - loss: 0.0227 - accuracy: 0.9941 38/146 [======>.......................] - ETA: 1:55 - loss: 0.0221 - accuracy: 0.9942 39/146 [=======>......................] - ETA: 1:54 - loss: 0.0216 - accuracy: 0.9944 40/146 [=======>......................] - ETA: 1:54 - loss: 0.0210 - accuracy: 0.9945 41/146 [=======>......................] - ETA: 1:53 - loss: 0.0207 - accuracy: 0.9947 42/146 [=======>......................] - ETA: 1:52 - loss: 0.0205 - accuracy: 0.9948 43/146 [=======>......................] - ETA: 1:51 - loss: 0.0202 - accuracy: 0.9949 44/146 [========>.....................] - ETA: 1:50 - loss: 0.0198 - accuracy: 0.9950 45/146 [========>.....................] - ETA: 1:50 - loss: 0.0194 - accuracy: 0.9951 46/146 [========>.....................] - ETA: 1:49 - loss: 0.0191 - accuracy: 0.9952 47/146 [========>.....................] - ETA: 1:48 - loss: 0.0187 - accuracy: 0.9953 48/146 [========>.....................] - ETA: 1:47 - loss: 0.0183 - accuracy: 0.9954 49/146 [=========>....................] - ETA: 1:46 - loss: 0.0184 - accuracy: 0.9955 50/146 [=========>....................] - ETA: 1:45 - loss: 0.0180 - accuracy: 0.9956 51/146 [=========>....................] - ETA: 1:44 - loss: 0.0177 - accuracy: 0.9957 52/146 [=========>....................] - ETA: 1:43 - loss: 0.0175 - accuracy: 0.9958 53/146 [=========>....................] - ETA: 1:42 - loss: 0.0178 - accuracy: 0.9959 54/146 [==========>...................] - ETA: 1:41 - loss: 0.0175 - accuracy: 0.9959 55/146 [==========>...................] - ETA: 1:40 - loss: 0.0173 - accuracy: 0.9960 56/146 [==========>...................] - ETA: 1:39 - loss: 0.0181 - accuracy: 0.9955 57/146 [==========>...................] - ETA: 1:39 - loss: 0.0179 - accuracy: 0.9956 58/146 [==========>...................] - ETA: 1:38 - loss: 0.0189 - accuracy: 0.9952 59/146 [===========>..................] - ETA: 1:37 - loss: 0.0190 - accuracy: 0.9952 60/146 [===========>..................] - ETA: 1:36 - loss: 0.0188 - accuracy: 0.9953 61/146 [===========>..................] - ETA: 1:35 - loss: 0.0185 - accuracy: 0.9954 62/146 [===========>..................] - ETA: 1:34 - loss: 0.0182 - accuracy: 0.9955 63/146 [===========>..................] - ETA: 1:33 - loss: 0.0192 - accuracy: 0.9950 64/146 [============>.................] - ETA: 1:32 - loss: 0.0189 - accuracy: 0.9951 65/146 [============>.................] - ETA: 1:30 - loss: 0.0189 - accuracy: 0.9952 66/146 [============>.................] - ETA: 1:30 - loss: 0.0215 - accuracy: 0.9938 67/146 [============>.................] - ETA: 1:29 - loss: 0.0231 - accuracy: 0.9935 68/146 [============>.................] - ETA: 1:27 - loss: 0.0229 - accuracy: 0.9936 69/146 [=============>................] - ETA: 1:26 - loss: 0.0232 - accuracy: 0.9937 70/146 [=============>................] - ETA: 1:25 - loss: 0.0228 - accuracy: 0.9937 71/146 [=============>................] - ETA: 1:24 - loss: 0.0225 - accuracy: 0.9938 72/146 [=============>................] - ETA: 1:23 - loss: 0.0226 - accuracy: 0.9939 73/146 [==============>...............] - ETA: 1:22 - loss: 0.0228 - accuracy: 0.9936 74/146 [==============>...............] - ETA: 1:20 - loss: 0.0237 - accuracy: 0.9932 75/146 [==============>...............] - ETA: 1:19 - loss: 0.0245 - accuracy: 0.9929 76/146 [==============>...............] - ETA: 1:18 - loss: 0.0256 - accuracy: 0.9926 77/146 [==============>...............] - ETA: 1:17 - loss: 0.0275 - accuracy: 0.9919 78/146 [===============>..............] - ETA: 1:16 - loss: 0.0272 - accuracy: 0.9920 79/146 [===============>..............] - ETA: 1:15 - loss: 0.0300 - accuracy: 0.9917 80/146 [===============>..............] - ETA: 1:13 - loss: 0.0298 - accuracy: 0.9918 81/146 [===============>..............] - ETA: 1:12 - loss: 0.0295 - accuracy: 0.9919 82/146 [===============>..............] - ETA: 1:11 - loss: 0.0296 - accuracy: 0.9920 83/146 [================>.............] - ETA: 1:10 - loss: 0.0295 - accuracy: 0.9921 84/146 [================>.............] - ETA: 1:09 - loss: 0.0292 - accuracy: 0.9922 85/146 [================>.............] - ETA: 1:07 - loss: 0.0304 - accuracy: 0.9919 86/146 [================>.............] - ETA: 1:06 - loss: 0.0309 - accuracy: 0.9916 87/146 [================>.............] - ETA: 1:05 - loss: 0.0312 - accuracy: 0.9917 88/146 [=================>............] - ETA: 1:04 - loss: 0.0311 - accuracy: 0.9918 89/146 [=================>............] - ETA: 1:03 - loss: 0.0310 - accuracy: 0.9919 90/146 [=================>............] - ETA: 1:02 - loss: 0.0310 - accuracy: 0.9917 91/146 [=================>............] - ETA: 1:01 - loss: 0.0319 - accuracy: 0.9914 92/146 [=================>............] - ETA: 1:00 - loss: 0.0320 - accuracy: 0.9915 93/146 [==================>...........] - ETA: 59s - loss: 0.0353 - accuracy: 0.9909  94/146 [==================>...........] - ETA: 57s - loss: 0.0354 - accuracy: 0.9907 95/146 [==================>...........] - ETA: 56s - loss: 0.0352 - accuracy: 0.9908 96/146 [==================>...........] - ETA: 55s - loss: 0.0348 - accuracy: 0.9909 97/146 [==================>...........] - ETA: 54s - loss: 0.0346 - accuracy: 0.9910 98/146 [===================>..........] - ETA: 53s - loss: 0.0343 - accuracy: 0.9911 99/146 [===================>..........] - ETA: 51s - loss: 0.0346 - accuracy: 0.9908100/146 [===================>..........] - ETA: 50s - loss: 0.0345 - accuracy: 0.9906101/146 [===================>..........] - ETA: 49s - loss: 0.0343 - accuracy: 0.9907102/146 [===================>..........] - ETA: 48s - loss: 0.0342 - accuracy: 0.9908103/146 [====================>.........] - ETA: 47s - loss: 0.0345 - accuracy: 0.9906104/146 [====================>.........] - ETA: 45s - loss: 0.0342 - accuracy: 0.9907105/146 [====================>.........] - ETA: 44s - loss: 0.0339 - accuracy: 0.9908106/146 [====================>.........] - ETA: 43s - loss: 0.0339 - accuracy: 0.9906107/146 [====================>.........] - ETA: 42s - loss: 0.0336 - accuracy: 0.9907108/146 [=====================>........] - ETA: 41s - loss: 0.0334 - accuracy: 0.9907109/146 [=====================>........] - ETA: 40s - loss: 0.0334 - accuracy: 0.9908110/146 [=====================>........] - ETA: 39s - loss: 0.0331 - accuracy: 0.9909111/146 [=====================>........] - ETA: 38s - loss: 0.0332 - accuracy: 0.9910112/146 [======================>.......] - ETA: 37s - loss: 0.0332 - accuracy: 0.9911113/146 [======================>.......] - ETA: 36s - loss: 0.0331 - accuracy: 0.9912114/146 [======================>.......] - ETA: 34s - loss: 0.0329 - accuracy: 0.9912115/146 [======================>.......] - ETA: 33s - loss: 0.0328 - accuracy: 0.9913116/146 [======================>.......] - ETA: 32s - loss: 0.0325 - accuracy: 0.9914117/146 [=======================>......] - ETA: 31s - loss: 0.0324 - accuracy: 0.9915118/146 [=======================>......] - ETA: 30s - loss: 0.0322 - accuracy: 0.9915119/146 [=======================>......] - ETA: 29s - loss: 0.0319 - accuracy: 0.9916120/146 [=======================>......] - ETA: 28s - loss: 0.0317 - accuracy: 0.9917121/146 [=======================>......] - ETA: 27s - loss: 0.0315 - accuracy: 0.9917122/146 [========================>.....] - ETA: 26s - loss: 0.0314 - accuracy: 0.9918123/146 [========================>.....] - ETA: 25s - loss: 0.0313 - accuracy: 0.9919124/146 [========================>.....] - ETA: 24s - loss: 0.0311 - accuracy: 0.9919125/146 [========================>.....] - ETA: 23s - loss: 0.0309 - accuracy: 0.9920126/146 [========================>.....] - ETA: 21s - loss: 0.0309 - accuracy: 0.9918127/146 [=========================>....] - ETA: 20s - loss: 0.0307 - accuracy: 0.9919128/146 [=========================>....] - ETA: 19s - loss: 0.0307 - accuracy: 0.9917129/146 [=========================>....] - ETA: 18s - loss: 0.0305 - accuracy: 0.9918130/146 [=========================>....] - ETA: 17s - loss: 0.0305 - accuracy: 0.9918131/146 [=========================>....] - ETA: 16s - loss: 0.0303 - accuracy: 0.9919132/146 [==========================>...] - ETA: 15s - loss: 0.0302 - accuracy: 0.9920133/146 [==========================>...] - ETA: 14s - loss: 0.0324 - accuracy: 0.9915134/146 [==========================>...] - ETA: 13s - loss: 0.0326 - accuracy: 0.9911135/146 [==========================>...] - ETA: 12s - loss: 0.0326 - accuracy: 0.9912136/146 [==========================>...] - ETA: 11s - loss: 0.0324 - accuracy: 0.9913137/146 [===========================>..] - ETA: 9s - loss: 0.0323 - accuracy: 0.9913 138/146 [===========================>..] - ETA: 8s - loss: 0.0321 - accuracy: 0.9914139/146 [===========================>..] - ETA: 7s - loss: 0.0325 - accuracy: 0.9912140/146 [===========================>..] - ETA: 6s - loss: 0.0323 - accuracy: 0.9913141/146 [===========================>..] - ETA: 5s - loss: 0.0320 - accuracy: 0.9914142/146 [============================>.] - ETA: 4s - loss: 0.0319 - accuracy: 0.9914143/146 [============================>.] - ETA: 3s - loss: 0.0320 - accuracy: 0.9913144/146 [============================>.] - ETA: 2s - loss: 0.0318 - accuracy: 0.9913145/146 [============================>.] - ETA: 1s - loss: 0.0317 - accuracy: 0.9914146/146 [==============================] - ETA: 0s - loss: 0.0317 - accuracy: 0.9914146/146 [==============================] - 176s 1s/step - loss: 0.0317 - accuracy: 0.9914 - val_loss: 0.6533 - val_accuracy: 0.9053
Epoch 87/108
  1/146 [..............................] - ETA: 2:15 - loss: 0.0028 - accuracy: 1.0000  2/146 [..............................] - ETA: 2:12 - loss: 0.0042 - accuracy: 1.0000  3/146 [..............................] - ETA: 2:11 - loss: 0.0043 - accuracy: 1.0000  4/146 [..............................] - ETA: 2:11 - loss: 0.0044 - accuracy: 1.0000  5/146 [>.............................] - ETA: 2:10 - loss: 0.0039 - accuracy: 1.0000  6/146 [>.............................] - ETA: 2:10 - loss: 0.0036 - accuracy: 1.0000  7/146 [>.............................] - ETA: 2:16 - loss: 0.0048 - accuracy: 1.0000  8/146 [>.............................] - ETA: 2:20 - loss: 0.0050 - accuracy: 1.0000  9/146 [>.............................] - ETA: 2:21 - loss: 0.0050 - accuracy: 1.0000 10/146 [=>............................] - ETA: 2:21 - loss: 0.0061 - accuracy: 1.0000 11/146 [=>............................] - ETA: 2:22 - loss: 0.0060 - accuracy: 1.0000 12/146 [=>............................] - ETA: 2:23 - loss: 0.0057 - accuracy: 1.0000 13/146 [=>............................] - ETA: 2:23 - loss: 0.0053 - accuracy: 1.0000 14/146 [=>............................] - ETA: 2:24 - loss: 0.0060 - accuracy: 1.0000 15/146 [==>...........................] - ETA: 2:24 - loss: 0.0070 - accuracy: 1.0000 16/146 [==>...........................] - ETA: 2:24 - loss: 0.0067 - accuracy: 1.0000 17/146 [==>...........................] - ETA: 2:24 - loss: 0.0064 - accuracy: 1.0000 18/146 [==>...........................] - ETA: 2:23 - loss: 0.0066 - accuracy: 1.0000 19/146 [==>...........................] - ETA: 2:23 - loss: 0.0062 - accuracy: 1.0000 20/146 [===>..........................] - ETA: 2:23 - loss: 0.0060 - accuracy: 1.0000 21/146 [===>..........................] - ETA: 2:22 - loss: 0.0058 - accuracy: 1.0000 22/146 [===>..........................] - ETA: 2:22 - loss: 0.0056 - accuracy: 1.0000 23/146 [===>..........................] - ETA: 2:21 - loss: 0.0054 - accuracy: 1.0000 24/146 [===>..........................] - ETA: 2:20 - loss: 0.0053 - accuracy: 1.0000 25/146 [====>.........................] - ETA: 2:19 - loss: 0.0051 - accuracy: 1.0000 26/146 [====>.........................] - ETA: 2:18 - loss: 0.0050 - accuracy: 1.0000 27/146 [====>.........................] - ETA: 2:17 - loss: 0.0065 - accuracy: 0.9988 28/146 [====>.........................] - ETA: 2:16 - loss: 0.0063 - accuracy: 0.9989 29/146 [====>.........................] - ETA: 2:15 - loss: 0.0062 - accuracy: 0.9989 30/146 [=====>........................] - ETA: 2:14 - loss: 0.0061 - accuracy: 0.9990 31/146 [=====>........................] - ETA: 2:13 - loss: 0.0060 - accuracy: 0.9990 32/146 [=====>........................] - ETA: 2:12 - loss: 0.0065 - accuracy: 0.9990 33/146 [=====>........................] - ETA: 2:11 - loss: 0.0063 - accuracy: 0.9991 34/146 [=====>........................] - ETA: 2:10 - loss: 0.0066 - accuracy: 0.9991 35/146 [======>.......................] - ETA: 2:09 - loss: 0.0087 - accuracy: 0.9982 36/146 [======>.......................] - ETA: 2:08 - loss: 0.0091 - accuracy: 0.9983 37/146 [======>.......................] - ETA: 2:07 - loss: 0.0089 - accuracy: 0.9983 38/146 [======>.......................] - ETA: 2:06 - loss: 0.0088 - accuracy: 0.9984 39/146 [=======>......................] - ETA: 2:05 - loss: 0.0091 - accuracy: 0.9984 40/146 [=======>......................] - ETA: 2:04 - loss: 0.0091 - accuracy: 0.9984 41/146 [=======>......................] - ETA: 2:03 - loss: 0.0089 - accuracy: 0.9985 42/146 [=======>......................] - ETA: 2:02 - loss: 0.0087 - accuracy: 0.9985 43/146 [=======>......................] - ETA: 2:01 - loss: 0.0085 - accuracy: 0.9985 44/146 [========>.....................] - ETA: 1:59 - loss: 0.0091 - accuracy: 0.9979 45/146 [========>.....................] - ETA: 1:58 - loss: 0.0090 - accuracy: 0.9979 46/146 [========>.....................] - ETA: 1:57 - loss: 0.0089 - accuracy: 0.9980 47/146 [========>.....................] - ETA: 1:56 - loss: 0.0088 - accuracy: 0.9980 48/146 [========>.....................] - ETA: 1:55 - loss: 0.0088 - accuracy: 0.9980 49/146 [=========>....................] - ETA: 1:53 - loss: 0.0094 - accuracy: 0.9974 50/146 [=========>....................] - ETA: 1:53 - loss: 0.0094 - accuracy: 0.9975 51/146 [=========>....................] - ETA: 1:51 - loss: 0.0098 - accuracy: 0.9969 52/146 [=========>....................] - ETA: 1:50 - loss: 0.0096 - accuracy: 0.9970 53/146 [=========>....................] - ETA: 1:49 - loss: 0.0098 - accuracy: 0.9971 54/146 [==========>...................] - ETA: 1:47 - loss: 0.0096 - accuracy: 0.9971 55/146 [==========>...................] - ETA: 1:46 - loss: 0.0095 - accuracy: 0.9972 56/146 [==========>...................] - ETA: 1:45 - loss: 0.0096 - accuracy: 0.9972 57/146 [==========>...................] - ETA: 1:43 - loss: 0.0096 - accuracy: 0.9973 58/146 [==========>...................] - ETA: 1:42 - loss: 0.0094 - accuracy: 0.9973 59/146 [===========>..................] - ETA: 1:41 - loss: 0.0095 - accuracy: 0.9974 60/146 [===========>..................] - ETA: 1:40 - loss: 0.0093 - accuracy: 0.9974 61/146 [===========>..................] - ETA: 1:38 - loss: 0.0092 - accuracy: 0.9974 62/146 [===========>..................] - ETA: 1:37 - loss: 0.0147 - accuracy: 0.9970 63/146 [===========>..................] - ETA: 1:36 - loss: 0.0146 - accuracy: 0.9970 64/146 [============>.................] - ETA: 1:35 - loss: 0.0146 - accuracy: 0.9971 65/146 [============>.................] - ETA: 1:33 - loss: 0.0144 - accuracy: 0.9971 66/146 [============>.................] - ETA: 1:32 - loss: 0.0141 - accuracy: 0.9972 67/146 [============>.................] - ETA: 1:31 - loss: 0.0144 - accuracy: 0.9972 68/146 [============>.................] - ETA: 1:30 - loss: 0.0142 - accuracy: 0.9972 69/146 [=============>................] - ETA: 1:29 - loss: 0.0141 - accuracy: 0.9973 70/146 [=============>................] - ETA: 1:27 - loss: 0.0139 - accuracy: 0.9973 71/146 [=============>................] - ETA: 1:26 - loss: 0.0140 - accuracy: 0.9969 72/146 [=============>................] - ETA: 1:25 - loss: 0.0140 - accuracy: 0.9970 73/146 [==============>...............] - ETA: 1:23 - loss: 0.0140 - accuracy: 0.9970 74/146 [==============>...............] - ETA: 1:22 - loss: 0.0139 - accuracy: 0.9970 75/146 [==============>...............] - ETA: 1:21 - loss: 0.0138 - accuracy: 0.9971 76/146 [==============>...............] - ETA: 1:19 - loss: 0.0136 - accuracy: 0.9971 77/146 [==============>...............] - ETA: 1:18 - loss: 0.0135 - accuracy: 0.9972 78/146 [===============>..............] - ETA: 1:17 - loss: 0.0134 - accuracy: 0.9972 79/146 [===============>..............] - ETA: 1:15 - loss: 0.0132 - accuracy: 0.9972 80/146 [===============>..............] - ETA: 1:14 - loss: 0.0131 - accuracy: 0.9973 81/146 [===============>..............] - ETA: 1:13 - loss: 0.0131 - accuracy: 0.9973 82/146 [===============>..............] - ETA: 1:12 - loss: 0.0131 - accuracy: 0.9973 83/146 [================>.............] - ETA: 1:11 - loss: 0.0130 - accuracy: 0.9974 84/146 [================>.............] - ETA: 1:09 - loss: 0.0135 - accuracy: 0.9970 85/146 [================>.............] - ETA: 1:08 - loss: 0.0133 - accuracy: 0.9971 86/146 [================>.............] - ETA: 1:07 - loss: 0.0132 - accuracy: 0.9971 87/146 [================>.............] - ETA: 1:06 - loss: 0.0133 - accuracy: 0.9971 88/146 [=================>............] - ETA: 1:05 - loss: 0.0134 - accuracy: 0.9968 89/146 [=================>............] - ETA: 1:04 - loss: 0.0133 - accuracy: 0.9968 90/146 [=================>............] - ETA: 1:03 - loss: 0.0132 - accuracy: 0.9969 91/146 [=================>............] - ETA: 1:02 - loss: 0.0131 - accuracy: 0.9969 92/146 [=================>............] - ETA: 1:01 - loss: 0.0130 - accuracy: 0.9969 93/146 [==================>...........] - ETA: 1:00 - loss: 0.0130 - accuracy: 0.9970 94/146 [==================>...........] - ETA: 59s - loss: 0.0129 - accuracy: 0.9970  95/146 [==================>...........] - ETA: 57s - loss: 0.0136 - accuracy: 0.9967 96/146 [==================>...........] - ETA: 56s - loss: 0.0135 - accuracy: 0.9967 97/146 [==================>...........] - ETA: 55s - loss: 0.0136 - accuracy: 0.9968 98/146 [===================>..........] - ETA: 54s - loss: 0.0135 - accuracy: 0.9968 99/146 [===================>..........] - ETA: 53s - loss: 0.0134 - accuracy: 0.9968100/146 [===================>..........] - ETA: 52s - loss: 0.0133 - accuracy: 0.9969101/146 [===================>..........] - ETA: 51s - loss: 0.0133 - accuracy: 0.9969102/146 [===================>..........] - ETA: 50s - loss: 0.0132 - accuracy: 0.9969103/146 [====================>.........] - ETA: 49s - loss: 0.0131 - accuracy: 0.9970104/146 [====================>.........] - ETA: 47s - loss: 0.0129 - accuracy: 0.9970105/146 [====================>.........] - ETA: 46s - loss: 0.0128 - accuracy: 0.9970106/146 [====================>.........] - ETA: 45s - loss: 0.0130 - accuracy: 0.9971107/146 [====================>.........] - ETA: 44s - loss: 0.0129 - accuracy: 0.9971108/146 [=====================>........] - ETA: 43s - loss: 0.0131 - accuracy: 0.9971109/146 [=====================>........] - ETA: 42s - loss: 0.0131 - accuracy: 0.9971110/146 [=====================>........] - ETA: 41s - loss: 0.0130 - accuracy: 0.9972111/146 [=====================>........] - ETA: 40s - loss: 0.0130 - accuracy: 0.9972112/146 [======================>.......] - ETA: 38s - loss: 0.0129 - accuracy: 0.9972113/146 [======================>.......] - ETA: 37s - loss: 0.0129 - accuracy: 0.9972114/146 [======================>.......] - ETA: 36s - loss: 0.0128 - accuracy: 0.9973115/146 [======================>.......] - ETA: 35s - loss: 0.0127 - accuracy: 0.9973116/146 [======================>.......] - ETA: 34s - loss: 0.0126 - accuracy: 0.9973117/146 [=======================>......] - ETA: 33s - loss: 0.0125 - accuracy: 0.9973118/146 [=======================>......] - ETA: 32s - loss: 0.0124 - accuracy: 0.9974119/146 [=======================>......] - ETA: 30s - loss: 0.0124 - accuracy: 0.9974120/146 [=======================>......] - ETA: 29s - loss: 0.0123 - accuracy: 0.9974121/146 [=======================>......] - ETA: 28s - loss: 0.0122 - accuracy: 0.9974122/146 [========================>.....] - ETA: 27s - loss: 0.0121 - accuracy: 0.9974123/146 [========================>.....] - ETA: 26s - loss: 0.0121 - accuracy: 0.9975124/146 [========================>.....] - ETA: 25s - loss: 0.0123 - accuracy: 0.9972125/146 [========================>.....] - ETA: 24s - loss: 0.0124 - accuracy: 0.9973126/146 [========================>.....] - ETA: 22s - loss: 0.0123 - accuracy: 0.9973127/146 [=========================>....] - ETA: 21s - loss: 0.0127 - accuracy: 0.9970128/146 [=========================>....] - ETA: 20s - loss: 0.0126 - accuracy: 0.9971129/146 [=========================>....] - ETA: 19s - loss: 0.0128 - accuracy: 0.9969130/146 [=========================>....] - ETA: 18s - loss: 0.0128 - accuracy: 0.9969131/146 [=========================>....] - ETA: 17s - loss: 0.0128 - accuracy: 0.9969132/146 [==========================>...] - ETA: 16s - loss: 0.0127 - accuracy: 0.9969133/146 [==========================>...] - ETA: 14s - loss: 0.0126 - accuracy: 0.9969134/146 [==========================>...] - ETA: 13s - loss: 0.0125 - accuracy: 0.9970135/146 [==========================>...] - ETA: 12s - loss: 0.0124 - accuracy: 0.9970136/146 [==========================>...] - ETA: 11s - loss: 0.0124 - accuracy: 0.9970137/146 [===========================>..] - ETA: 10s - loss: 0.0123 - accuracy: 0.9970138/146 [===========================>..] - ETA: 9s - loss: 0.0122 - accuracy: 0.9971 139/146 [===========================>..] - ETA: 7s - loss: 0.0121 - accuracy: 0.9971140/146 [===========================>..] - ETA: 6s - loss: 0.0120 - accuracy: 0.9971141/146 [===========================>..] - ETA: 5s - loss: 0.0126 - accuracy: 0.9969142/146 [============================>.] - ETA: 4s - loss: 0.0127 - accuracy: 0.9967143/146 [============================>.] - ETA: 3s - loss: 0.0127 - accuracy: 0.9967144/146 [============================>.] - ETA: 2s - loss: 0.0126 - accuracy: 0.9967145/146 [============================>.] - ETA: 1s - loss: 0.0125 - accuracy: 0.9968146/146 [==============================] - ETA: 0s - loss: 0.0125 - accuracy: 0.9968146/146 [==============================] - 180s 1s/step - loss: 0.0125 - accuracy: 0.9968 - val_loss: 0.8148 - val_accuracy: 0.8997
Epoch 88/108
  1/146 [..............................] - ETA: 2:45 - loss: 0.0063 - accuracy: 1.0000  2/146 [..............................] - ETA: 2:32 - loss: 0.0062 - accuracy: 1.0000  3/146 [..............................] - ETA: 2:34 - loss: 0.0326 - accuracy: 0.9896  4/146 [..............................] - ETA: 2:33 - loss: 0.0257 - accuracy: 0.9922  5/146 [>.............................] - ETA: 2:33 - loss: 0.0211 - accuracy: 0.9937  6/146 [>.............................] - ETA: 2:32 - loss: 0.0181 - accuracy: 0.9948  7/146 [>.............................] - ETA: 2:33 - loss: 0.0160 - accuracy: 0.9955  8/146 [>.............................] - ETA: 2:33 - loss: 0.0156 - accuracy: 0.9961  9/146 [>.............................] - ETA: 2:33 - loss: 0.0255 - accuracy: 0.9861 10/146 [=>............................] - ETA: 2:34 - loss: 0.0234 - accuracy: 0.9875 11/146 [=>............................] - ETA: 2:33 - loss: 0.0232 - accuracy: 0.9886 12/146 [=>............................] - ETA: 2:33 - loss: 0.0214 - accuracy: 0.9896 13/146 [=>............................] - ETA: 2:33 - loss: 0.0206 - accuracy: 0.9904 14/146 [=>............................] - ETA: 2:32 - loss: 0.0191 - accuracy: 0.9911 15/146 [==>...........................] - ETA: 2:31 - loss: 0.0179 - accuracy: 0.9917 16/146 [==>...........................] - ETA: 2:31 - loss: 0.0174 - accuracy: 0.9922 17/146 [==>...........................] - ETA: 2:30 - loss: 0.0169 - accuracy: 0.9926 18/146 [==>...........................] - ETA: 2:29 - loss: 0.0203 - accuracy: 0.9913 19/146 [==>...........................] - ETA: 2:28 - loss: 0.0194 - accuracy: 0.9918 20/146 [===>..........................] - ETA: 2:27 - loss: 0.0186 - accuracy: 0.9922 21/146 [===>..........................] - ETA: 2:26 - loss: 0.0193 - accuracy: 0.9911 22/146 [===>..........................] - ETA: 2:25 - loss: 0.0185 - accuracy: 0.9915 23/146 [===>..........................] - ETA: 2:24 - loss: 0.0180 - accuracy: 0.9918 24/146 [===>..........................] - ETA: 2:23 - loss: 0.0175 - accuracy: 0.9922 25/146 [====>.........................] - ETA: 2:22 - loss: 0.0168 - accuracy: 0.9925 26/146 [====>.........................] - ETA: 2:21 - loss: 0.0162 - accuracy: 0.9928 27/146 [====>.........................] - ETA: 2:20 - loss: 0.0157 - accuracy: 0.9931 28/146 [====>.........................] - ETA: 2:19 - loss: 0.0156 - accuracy: 0.9933 29/146 [====>.........................] - ETA: 2:17 - loss: 0.0151 - accuracy: 0.9935 30/146 [=====>........................] - ETA: 2:16 - loss: 0.0147 - accuracy: 0.9937 31/146 [=====>........................] - ETA: 2:15 - loss: 0.0143 - accuracy: 0.9940 32/146 [=====>........................] - ETA: 2:14 - loss: 0.0139 - accuracy: 0.9941 33/146 [=====>........................] - ETA: 2:13 - loss: 0.0135 - accuracy: 0.9943 34/146 [=====>........................] - ETA: 2:12 - loss: 0.0144 - accuracy: 0.9936 35/146 [======>.......................] - ETA: 2:11 - loss: 0.0140 - accuracy: 0.9937 36/146 [======>.......................] - ETA: 2:09 - loss: 0.0161 - accuracy: 0.9931 37/146 [======>.......................] - ETA: 2:08 - loss: 0.0159 - accuracy: 0.9932 38/146 [======>.......................] - ETA: 2:07 - loss: 0.0155 - accuracy: 0.9934 39/146 [=======>......................] - ETA: 2:06 - loss: 0.0155 - accuracy: 0.9936 40/146 [=======>......................] - ETA: 2:04 - loss: 0.0152 - accuracy: 0.9937 41/146 [=======>......................] - ETA: 2:03 - loss: 0.0153 - accuracy: 0.9939 42/146 [=======>......................] - ETA: 2:02 - loss: 0.0150 - accuracy: 0.9940 43/146 [=======>......................] - ETA: 2:00 - loss: 0.0146 - accuracy: 0.9942 44/146 [========>.....................] - ETA: 1:59 - loss: 0.0143 - accuracy: 0.9943 45/146 [========>.....................] - ETA: 1:58 - loss: 0.0142 - accuracy: 0.9944 46/146 [========>.....................] - ETA: 1:56 - loss: 0.0140 - accuracy: 0.9946 47/146 [========>.....................] - ETA: 1:55 - loss: 0.0138 - accuracy: 0.9947 48/146 [========>.....................] - ETA: 1:54 - loss: 0.0138 - accuracy: 0.9948 49/146 [=========>....................] - ETA: 1:53 - loss: 0.0136 - accuracy: 0.9949 50/146 [=========>....................] - ETA: 1:52 - loss: 0.0135 - accuracy: 0.9950 51/146 [=========>....................] - ETA: 1:50 - loss: 0.0133 - accuracy: 0.9951 52/146 [=========>....................] - ETA: 1:49 - loss: 0.0131 - accuracy: 0.9952 53/146 [=========>....................] - ETA: 1:48 - loss: 0.0129 - accuracy: 0.9953 54/146 [==========>...................] - ETA: 1:47 - loss: 0.0127 - accuracy: 0.9954 55/146 [==========>...................] - ETA: 1:46 - loss: 0.0126 - accuracy: 0.9955 56/146 [==========>...................] - ETA: 1:45 - loss: 0.0124 - accuracy: 0.9955 57/146 [==========>...................] - ETA: 1:44 - loss: 0.0122 - accuracy: 0.9956 58/146 [==========>...................] - ETA: 1:42 - loss: 0.0124 - accuracy: 0.9957 59/146 [===========>..................] - ETA: 1:41 - loss: 0.0135 - accuracy: 0.9952 60/146 [===========>..................] - ETA: 1:40 - loss: 0.0133 - accuracy: 0.9953 61/146 [===========>..................] - ETA: 1:39 - loss: 0.0162 - accuracy: 0.9944 62/146 [===========>..................] - ETA: 1:38 - loss: 0.0159 - accuracy: 0.9945 63/146 [===========>..................] - ETA: 1:37 - loss: 0.0158 - accuracy: 0.9945 64/146 [============>.................] - ETA: 1:36 - loss: 0.0156 - accuracy: 0.9946 65/146 [============>.................] - ETA: 1:35 - loss: 0.0154 - accuracy: 0.9947 66/146 [============>.................] - ETA: 1:33 - loss: 0.0169 - accuracy: 0.9938 67/146 [============>.................] - ETA: 1:32 - loss: 0.0173 - accuracy: 0.9935 68/146 [============>.................] - ETA: 1:31 - loss: 0.0174 - accuracy: 0.9936 69/146 [=============>................] - ETA: 1:30 - loss: 0.0171 - accuracy: 0.9937 70/146 [=============>................] - ETA: 1:29 - loss: 0.0169 - accuracy: 0.9937 71/146 [=============>................] - ETA: 1:27 - loss: 0.0185 - accuracy: 0.9934 72/146 [=============>................] - ETA: 1:26 - loss: 0.0183 - accuracy: 0.9935 73/146 [==============>...............] - ETA: 1:25 - loss: 0.0182 - accuracy: 0.9936 74/146 [==============>...............] - ETA: 1:24 - loss: 0.0181 - accuracy: 0.9937 75/146 [==============>...............] - ETA: 1:23 - loss: 0.0180 - accuracy: 0.9937 76/146 [==============>...............] - ETA: 1:22 - loss: 0.0204 - accuracy: 0.9926 77/146 [==============>...............] - ETA: 1:21 - loss: 0.0212 - accuracy: 0.9923 78/146 [===============>..............] - ETA: 1:20 - loss: 0.0209 - accuracy: 0.9924 79/146 [===============>..............] - ETA: 1:18 - loss: 0.0207 - accuracy: 0.9925 80/146 [===============>..............] - ETA: 1:17 - loss: 0.0204 - accuracy: 0.9926 81/146 [===============>..............] - ETA: 1:16 - loss: 0.0202 - accuracy: 0.9927 82/146 [===============>..............] - ETA: 1:15 - loss: 0.0200 - accuracy: 0.9928 83/146 [================>.............] - ETA: 1:14 - loss: 0.0198 - accuracy: 0.9928 84/146 [================>.............] - ETA: 1:12 - loss: 0.0196 - accuracy: 0.9929 85/146 [================>.............] - ETA: 1:11 - loss: 0.0208 - accuracy: 0.9926 86/146 [================>.............] - ETA: 1:10 - loss: 0.0208 - accuracy: 0.9927 87/146 [================>.............] - ETA: 1:09 - loss: 0.0206 - accuracy: 0.9928 88/146 [=================>............] - ETA: 1:08 - loss: 0.0205 - accuracy: 0.9929 89/146 [=================>............] - ETA: 1:07 - loss: 0.0226 - accuracy: 0.9923 90/146 [=================>............] - ETA: 1:05 - loss: 0.0223 - accuracy: 0.9924 91/146 [=================>............] - ETA: 1:04 - loss: 0.0223 - accuracy: 0.9924 92/146 [=================>............] - ETA: 1:03 - loss: 0.0220 - accuracy: 0.9925 93/146 [==================>...........] - ETA: 1:02 - loss: 0.0220 - accuracy: 0.9926 94/146 [==================>...........] - ETA: 1:01 - loss: 0.0221 - accuracy: 0.9924 95/146 [==================>...........] - ETA: 1:00 - loss: 0.0219 - accuracy: 0.9924 96/146 [==================>...........] - ETA: 58s - loss: 0.0217 - accuracy: 0.9925  97/146 [==================>...........] - ETA: 57s - loss: 0.0215 - accuracy: 0.9926 98/146 [===================>..........] - ETA: 56s - loss: 0.0213 - accuracy: 0.9927 99/146 [===================>..........] - ETA: 55s - loss: 0.0222 - accuracy: 0.9924100/146 [===================>..........] - ETA: 54s - loss: 0.0220 - accuracy: 0.9925101/146 [===================>..........] - ETA: 52s - loss: 0.0231 - accuracy: 0.9920102/146 [===================>..........] - ETA: 51s - loss: 0.0237 - accuracy: 0.9914103/146 [====================>.........] - ETA: 50s - loss: 0.0236 - accuracy: 0.9915104/146 [====================>.........] - ETA: 49s - loss: 0.0234 - accuracy: 0.9916105/146 [====================>.........] - ETA: 47s - loss: 0.0238 - accuracy: 0.9911106/146 [====================>.........] - ETA: 46s - loss: 0.0236 - accuracy: 0.9912107/146 [====================>.........] - ETA: 45s - loss: 0.0240 - accuracy: 0.9909108/146 [=====================>........] - ETA: 44s - loss: 0.0239 - accuracy: 0.9910109/146 [=====================>........] - ETA: 43s - loss: 0.0238 - accuracy: 0.9911110/146 [=====================>........] - ETA: 41s - loss: 0.0236 - accuracy: 0.9912111/146 [=====================>........] - ETA: 40s - loss: 0.0234 - accuracy: 0.9913112/146 [======================>.......] - ETA: 39s - loss: 0.0233 - accuracy: 0.9914113/146 [======================>.......] - ETA: 38s - loss: 0.0233 - accuracy: 0.9914114/146 [======================>.......] - ETA: 37s - loss: 0.0235 - accuracy: 0.9912115/146 [======================>.......] - ETA: 36s - loss: 0.0243 - accuracy: 0.9910116/146 [======================>.......] - ETA: 34s - loss: 0.0242 - accuracy: 0.9911117/146 [=======================>......] - ETA: 33s - loss: 0.0241 - accuracy: 0.9912118/146 [=======================>......] - ETA: 32s - loss: 0.0239 - accuracy: 0.9913119/146 [=======================>......] - ETA: 31s - loss: 0.0238 - accuracy: 0.9913120/146 [=======================>......] - ETA: 30s - loss: 0.0237 - accuracy: 0.9914121/146 [=======================>......] - ETA: 29s - loss: 0.0235 - accuracy: 0.9915122/146 [========================>.....] - ETA: 28s - loss: 0.0233 - accuracy: 0.9915123/146 [========================>.....] - ETA: 26s - loss: 0.0232 - accuracy: 0.9916124/146 [========================>.....] - ETA: 25s - loss: 0.0236 - accuracy: 0.9914125/146 [========================>.....] - ETA: 24s - loss: 0.0239 - accuracy: 0.9912126/146 [========================>.....] - ETA: 23s - loss: 0.0239 - accuracy: 0.9913127/146 [=========================>....] - ETA: 22s - loss: 0.0238 - accuracy: 0.9914128/146 [=========================>....] - ETA: 21s - loss: 0.0237 - accuracy: 0.9915129/146 [=========================>....] - ETA: 19s - loss: 0.0236 - accuracy: 0.9915130/146 [=========================>....] - ETA: 18s - loss: 0.0234 - accuracy: 0.9916131/146 [=========================>....] - ETA: 17s - loss: 0.0235 - accuracy: 0.9914132/146 [==========================>...] - ETA: 16s - loss: 0.0233 - accuracy: 0.9915133/146 [==========================>...] - ETA: 15s - loss: 0.0233 - accuracy: 0.9915134/146 [==========================>...] - ETA: 14s - loss: 0.0233 - accuracy: 0.9914135/146 [==========================>...] - ETA: 12s - loss: 0.0235 - accuracy: 0.9912136/146 [==========================>...] - ETA: 11s - loss: 0.0233 - accuracy: 0.9913137/146 [===========================>..] - ETA: 10s - loss: 0.0232 - accuracy: 0.9913138/146 [===========================>..] - ETA: 9s - loss: 0.0231 - accuracy: 0.9914 139/146 [===========================>..] - ETA: 8s - loss: 0.0229 - accuracy: 0.9915140/146 [===========================>..] - ETA: 7s - loss: 0.0229 - accuracy: 0.9915141/146 [===========================>..] - ETA: 5s - loss: 0.0228 - accuracy: 0.9916142/146 [============================>.] - ETA: 4s - loss: 0.0229 - accuracy: 0.9916143/146 [============================>.] - ETA: 3s - loss: 0.0227 - accuracy: 0.9917144/146 [============================>.] - ETA: 2s - loss: 0.0226 - accuracy: 0.9918145/146 [============================>.] - ETA: 1s - loss: 0.0224 - accuracy: 0.9918146/146 [==============================] - ETA: 0s - loss: 0.0224 - accuracy: 0.9918146/146 [==============================] - 186s 1s/step - loss: 0.0224 - accuracy: 0.9918 - val_loss: 0.7988 - val_accuracy: 0.8900
Epoch 89/108
  1/146 [..............................] - ETA: 3:00 - loss: 9.3989e-05 - accuracy: 1.0000  2/146 [..............................] - ETA: 2:51 - loss: 0.0014 - accuracy: 1.0000      3/146 [..............................] - ETA: 2:48 - loss: 0.0016 - accuracy: 1.0000  4/146 [..............................] - ETA: 2:48 - loss: 0.0013 - accuracy: 1.0000  5/146 [>.............................] - ETA: 2:45 - loss: 0.0017 - accuracy: 1.0000  6/146 [>.............................] - ETA: 2:38 - loss: 0.0014 - accuracy: 1.0000  7/146 [>.............................] - ETA: 2:36 - loss: 0.0021 - accuracy: 1.0000  8/146 [>.............................] - ETA: 2:33 - loss: 0.0019 - accuracy: 1.0000  9/146 [>.............................] - ETA: 2:32 - loss: 0.0017 - accuracy: 1.0000 10/146 [=>............................] - ETA: 2:31 - loss: 0.0015 - accuracy: 1.0000 11/146 [=>............................] - ETA: 2:30 - loss: 0.0038 - accuracy: 0.9972 12/146 [=>............................] - ETA: 2:28 - loss: 0.0048 - accuracy: 0.9974 13/146 [=>............................] - ETA: 2:28 - loss: 0.0062 - accuracy: 0.9952 14/146 [=>............................] - ETA: 2:26 - loss: 0.0110 - accuracy: 0.9933 15/146 [==>...........................] - ETA: 2:25 - loss: 0.0103 - accuracy: 0.9937 16/146 [==>...........................] - ETA: 2:25 - loss: 0.0097 - accuracy: 0.9941 17/146 [==>...........................] - ETA: 2:25 - loss: 0.0092 - accuracy: 0.9945 18/146 [==>...........................] - ETA: 2:25 - loss: 0.0114 - accuracy: 0.9931 19/146 [==>...........................] - ETA: 2:24 - loss: 0.0110 - accuracy: 0.9934 20/146 [===>..........................] - ETA: 2:23 - loss: 0.0106 - accuracy: 0.9937 21/146 [===>..........................] - ETA: 2:22 - loss: 0.0102 - accuracy: 0.9940 22/146 [===>..........................] - ETA: 2:21 - loss: 0.0104 - accuracy: 0.9943 23/146 [===>..........................] - ETA: 2:20 - loss: 0.0101 - accuracy: 0.9946 24/146 [===>..........................] - ETA: 2:19 - loss: 0.0119 - accuracy: 0.9935 25/146 [====>.........................] - ETA: 2:17 - loss: 0.0126 - accuracy: 0.9925 26/146 [====>.........................] - ETA: 2:17 - loss: 0.0121 - accuracy: 0.9928 27/146 [====>.........................] - ETA: 2:16 - loss: 0.0117 - accuracy: 0.9931 28/146 [====>.........................] - ETA: 2:15 - loss: 0.0114 - accuracy: 0.9933 29/146 [====>.........................] - ETA: 2:14 - loss: 0.0111 - accuracy: 0.9935 30/146 [=====>........................] - ETA: 2:14 - loss: 0.0108 - accuracy: 0.9937 31/146 [=====>........................] - ETA: 2:13 - loss: 0.0105 - accuracy: 0.9940 32/146 [=====>........................] - ETA: 2:12 - loss: 0.0102 - accuracy: 0.9941 33/146 [=====>........................] - ETA: 2:10 - loss: 0.0100 - accuracy: 0.9943 34/146 [=====>........................] - ETA: 2:10 - loss: 0.0097 - accuracy: 0.9945 35/146 [======>.......................] - ETA: 2:08 - loss: 0.0109 - accuracy: 0.9937 36/146 [======>.......................] - ETA: 2:07 - loss: 0.0117 - accuracy: 0.9931 37/146 [======>.......................] - ETA: 2:07 - loss: 0.0114 - accuracy: 0.9932 38/146 [======>.......................] - ETA: 2:05 - loss: 0.0111 - accuracy: 0.9934 39/146 [=======>......................] - ETA: 2:04 - loss: 0.0108 - accuracy: 0.9936 40/146 [=======>......................] - ETA: 2:03 - loss: 0.0106 - accuracy: 0.9937 41/146 [=======>......................] - ETA: 2:02 - loss: 0.0103 - accuracy: 0.9939 42/146 [=======>......................] - ETA: 2:01 - loss: 0.0104 - accuracy: 0.9940 43/146 [=======>......................] - ETA: 2:00 - loss: 0.0102 - accuracy: 0.9942 44/146 [========>.....................] - ETA: 1:59 - loss: 0.0100 - accuracy: 0.9943 45/146 [========>.....................] - ETA: 1:58 - loss: 0.0098 - accuracy: 0.9944 46/146 [========>.....................] - ETA: 1:57 - loss: 0.0097 - accuracy: 0.9946 47/146 [========>.....................] - ETA: 1:55 - loss: 0.0098 - accuracy: 0.9947 48/146 [========>.....................] - ETA: 1:54 - loss: 0.0097 - accuracy: 0.9948 49/146 [=========>....................] - ETA: 1:53 - loss: 0.0095 - accuracy: 0.9949 50/146 [=========>....................] - ETA: 1:52 - loss: 0.0093 - accuracy: 0.9950 51/146 [=========>....................] - ETA: 1:50 - loss: 0.0094 - accuracy: 0.9951 52/146 [=========>....................] - ETA: 1:49 - loss: 0.0093 - accuracy: 0.9952 53/146 [=========>....................] - ETA: 1:48 - loss: 0.0092 - accuracy: 0.9953 54/146 [==========>...................] - ETA: 1:46 - loss: 0.0090 - accuracy: 0.9954 55/146 [==========>...................] - ETA: 1:45 - loss: 0.0089 - accuracy: 0.9955 56/146 [==========>...................] - ETA: 1:44 - loss: 0.0088 - accuracy: 0.9955 57/146 [==========>...................] - ETA: 1:43 - loss: 0.0086 - accuracy: 0.9956 58/146 [==========>...................] - ETA: 1:41 - loss: 0.0085 - accuracy: 0.9957 59/146 [===========>..................] - ETA: 1:40 - loss: 0.0084 - accuracy: 0.9958 60/146 [===========>..................] - ETA: 1:39 - loss: 0.0084 - accuracy: 0.9958 61/146 [===========>..................] - ETA: 1:38 - loss: 0.0083 - accuracy: 0.9959 62/146 [===========>..................] - ETA: 1:37 - loss: 0.0082 - accuracy: 0.9960 63/146 [===========>..................] - ETA: 1:36 - loss: 0.0081 - accuracy: 0.9960 64/146 [============>.................] - ETA: 1:35 - loss: 0.0080 - accuracy: 0.9961 65/146 [============>.................] - ETA: 1:34 - loss: 0.0081 - accuracy: 0.9962 66/146 [============>.................] - ETA: 1:33 - loss: 0.0080 - accuracy: 0.9962 67/146 [============>.................] - ETA: 1:31 - loss: 0.0079 - accuracy: 0.9963 68/146 [============>.................] - ETA: 1:30 - loss: 0.0078 - accuracy: 0.9963 69/146 [=============>................] - ETA: 1:29 - loss: 0.0080 - accuracy: 0.9964 70/146 [=============>................] - ETA: 1:28 - loss: 0.0079 - accuracy: 0.9964 71/146 [=============>................] - ETA: 1:26 - loss: 0.0080 - accuracy: 0.9965 72/146 [=============>................] - ETA: 1:25 - loss: 0.0079 - accuracy: 0.9965 73/146 [==============>...............] - ETA: 1:24 - loss: 0.0078 - accuracy: 0.9966 74/146 [==============>...............] - ETA: 1:23 - loss: 0.0077 - accuracy: 0.9966 75/146 [==============>...............] - ETA: 1:22 - loss: 0.0077 - accuracy: 0.9967 76/146 [==============>...............] - ETA: 1:20 - loss: 0.0076 - accuracy: 0.9967 77/146 [==============>...............] - ETA: 1:19 - loss: 0.0075 - accuracy: 0.9968 78/146 [===============>..............] - ETA: 1:18 - loss: 0.0075 - accuracy: 0.9968 79/146 [===============>..............] - ETA: 1:16 - loss: 0.0074 - accuracy: 0.9968 80/146 [===============>..............] - ETA: 1:15 - loss: 0.0073 - accuracy: 0.9969 81/146 [===============>..............] - ETA: 1:14 - loss: 0.0073 - accuracy: 0.9969 82/146 [===============>..............] - ETA: 1:12 - loss: 0.0072 - accuracy: 0.9970 83/146 [================>.............] - ETA: 1:11 - loss: 0.0071 - accuracy: 0.9970 84/146 [================>.............] - ETA: 1:10 - loss: 0.0070 - accuracy: 0.9970 85/146 [================>.............] - ETA: 1:09 - loss: 0.0070 - accuracy: 0.9971 86/146 [================>.............] - ETA: 1:08 - loss: 0.0069 - accuracy: 0.9971 87/146 [================>.............] - ETA: 1:06 - loss: 0.0069 - accuracy: 0.9971 88/146 [=================>............] - ETA: 1:05 - loss: 0.0068 - accuracy: 0.9972 89/146 [=================>............] - ETA: 1:04 - loss: 0.0068 - accuracy: 0.9972 90/146 [=================>............] - ETA: 1:03 - loss: 0.0067 - accuracy: 0.9972 91/146 [=================>............] - ETA: 1:02 - loss: 0.0067 - accuracy: 0.9973 92/146 [=================>............] - ETA: 1:01 - loss: 0.0066 - accuracy: 0.9973 93/146 [==================>...........] - ETA: 1:00 - loss: 0.0066 - accuracy: 0.9973 94/146 [==================>...........] - ETA: 59s - loss: 0.0065 - accuracy: 0.9973  95/146 [==================>...........] - ETA: 58s - loss: 0.0064 - accuracy: 0.9974 96/146 [==================>...........] - ETA: 56s - loss: 0.0064 - accuracy: 0.9974 97/146 [==================>...........] - ETA: 55s - loss: 0.0064 - accuracy: 0.9974 98/146 [===================>..........] - ETA: 54s - loss: 0.0063 - accuracy: 0.9974 99/146 [===================>..........] - ETA: 53s - loss: 0.0062 - accuracy: 0.9975100/146 [===================>..........] - ETA: 52s - loss: 0.0062 - accuracy: 0.9975101/146 [===================>..........] - ETA: 51s - loss: 0.0061 - accuracy: 0.9975102/146 [===================>..........] - ETA: 50s - loss: 0.0061 - accuracy: 0.9975103/146 [====================>.........] - ETA: 49s - loss: 0.0061 - accuracy: 0.9976104/146 [====================>.........] - ETA: 47s - loss: 0.0060 - accuracy: 0.9976105/146 [====================>.........] - ETA: 46s - loss: 0.0062 - accuracy: 0.9976106/146 [====================>.........] - ETA: 45s - loss: 0.0061 - accuracy: 0.9976107/146 [====================>.........] - ETA: 44s - loss: 0.0062 - accuracy: 0.9977108/146 [=====================>........] - ETA: 43s - loss: 0.0061 - accuracy: 0.9977109/146 [=====================>........] - ETA: 42s - loss: 0.0061 - accuracy: 0.9977110/146 [=====================>........] - ETA: 41s - loss: 0.0060 - accuracy: 0.9977111/146 [=====================>........] - ETA: 40s - loss: 0.0060 - accuracy: 0.9977112/146 [======================>.......] - ETA: 39s - loss: 0.0060 - accuracy: 0.9978113/146 [======================>.......] - ETA: 37s - loss: 0.0060 - accuracy: 0.9978114/146 [======================>.......] - ETA: 36s - loss: 0.0059 - accuracy: 0.9978115/146 [======================>.......] - ETA: 35s - loss: 0.0059 - accuracy: 0.9978116/146 [======================>.......] - ETA: 34s - loss: 0.0058 - accuracy: 0.9978117/146 [=======================>......] - ETA: 33s - loss: 0.0058 - accuracy: 0.9979118/146 [=======================>......] - ETA: 32s - loss: 0.0058 - accuracy: 0.9979119/146 [=======================>......] - ETA: 31s - loss: 0.0058 - accuracy: 0.9979120/146 [=======================>......] - ETA: 29s - loss: 0.0057 - accuracy: 0.9979121/146 [=======================>......] - ETA: 28s - loss: 0.0057 - accuracy: 0.9979122/146 [========================>.....] - ETA: 27s - loss: 0.0057 - accuracy: 0.9980123/146 [========================>.....] - ETA: 26s - loss: 0.0057 - accuracy: 0.9980124/146 [========================>.....] - ETA: 25s - loss: 0.0056 - accuracy: 0.9980125/146 [========================>.....] - ETA: 24s - loss: 0.0056 - accuracy: 0.9980126/146 [========================>.....] - ETA: 23s - loss: 0.0056 - accuracy: 0.9980127/146 [=========================>....] - ETA: 21s - loss: 0.0058 - accuracy: 0.9978128/146 [=========================>....] - ETA: 20s - loss: 0.0060 - accuracy: 0.9976129/146 [=========================>....] - ETA: 19s - loss: 0.0061 - accuracy: 0.9976130/146 [=========================>....] - ETA: 18s - loss: 0.0061 - accuracy: 0.9976131/146 [=========================>....] - ETA: 17s - loss: 0.0060 - accuracy: 0.9976132/146 [==========================>...] - ETA: 16s - loss: 0.0063 - accuracy: 0.9974133/146 [==========================>...] - ETA: 14s - loss: 0.0081 - accuracy: 0.9972134/146 [==========================>...] - ETA: 13s - loss: 0.0081 - accuracy: 0.9972135/146 [==========================>...] - ETA: 12s - loss: 0.0081 - accuracy: 0.9972136/146 [==========================>...] - ETA: 11s - loss: 0.0080 - accuracy: 0.9972137/146 [===========================>..] - ETA: 10s - loss: 0.0080 - accuracy: 0.9973138/146 [===========================>..] - ETA: 9s - loss: 0.0080 - accuracy: 0.9973 139/146 [===========================>..] - ETA: 8s - loss: 0.0081 - accuracy: 0.9973140/146 [===========================>..] - ETA: 6s - loss: 0.0084 - accuracy: 0.9971141/146 [===========================>..] - ETA: 5s - loss: 0.0084 - accuracy: 0.9971142/146 [============================>.] - ETA: 4s - loss: 0.0083 - accuracy: 0.9971143/146 [============================>.] - ETA: 3s - loss: 0.0083 - accuracy: 0.9972144/146 [============================>.] - ETA: 2s - loss: 0.0083 - accuracy: 0.9972145/146 [============================>.] - ETA: 1s - loss: 0.0084 - accuracy: 0.9970146/146 [==============================] - ETA: 0s - loss: 0.0084 - accuracy: 0.9970146/146 [==============================] - 183s 1s/step - loss: 0.0084 - accuracy: 0.9970 - val_loss: 0.8148 - val_accuracy: 0.8981
Epoch 90/108
  1/146 [..............................] - ETA: 2:46 - loss: 0.0036 - accuracy: 1.0000  2/146 [..............................] - ETA: 2:43 - loss: 0.0061 - accuracy: 1.0000  3/146 [..............................] - ETA: 2:33 - loss: 0.0049 - accuracy: 1.0000  4/146 [..............................] - ETA: 2:33 - loss: 0.0153 - accuracy: 0.9922  5/146 [>.............................] - ETA: 2:37 - loss: 0.0138 - accuracy: 0.9937  6/146 [>.............................] - ETA: 2:39 - loss: 0.0481 - accuracy: 0.9844  7/146 [>.............................] - ETA: 2:37 - loss: 0.0573 - accuracy: 0.9821  8/146 [>.............................] - ETA: 2:36 - loss: 0.0503 - accuracy: 0.9844  9/146 [>.............................] - ETA: 2:35 - loss: 0.0448 - accuracy: 0.9861 10/146 [=>............................] - ETA: 2:35 - loss: 0.0425 - accuracy: 0.9875 11/146 [=>............................] - ETA: 2:34 - loss: 0.0393 - accuracy: 0.9886 12/146 [=>............................] - ETA: 2:32 - loss: 0.0361 - accuracy: 0.9896 13/146 [=>............................] - ETA: 2:32 - loss: 0.0335 - accuracy: 0.9904 14/146 [=>............................] - ETA: 2:31 - loss: 0.0312 - accuracy: 0.9911 15/146 [==>...........................] - ETA: 2:30 - loss: 0.0335 - accuracy: 0.9896 16/146 [==>...........................] - ETA: 2:29 - loss: 0.0330 - accuracy: 0.9902 17/146 [==>...........................] - ETA: 2:29 - loss: 0.0323 - accuracy: 0.9908 18/146 [==>...........................] - ETA: 2:28 - loss: 0.0315 - accuracy: 0.9913 19/146 [==>...........................] - ETA: 2:28 - loss: 0.0303 - accuracy: 0.9918 20/146 [===>..........................] - ETA: 2:26 - loss: 0.0296 - accuracy: 0.9922 21/146 [===>..........................] - ETA: 2:25 - loss: 0.0300 - accuracy: 0.9926 22/146 [===>..........................] - ETA: 2:25 - loss: 0.0289 - accuracy: 0.9929 23/146 [===>..........................] - ETA: 2:23 - loss: 0.0277 - accuracy: 0.9932 24/146 [===>..........................] - ETA: 2:22 - loss: 0.0284 - accuracy: 0.9922 25/146 [====>.........................] - ETA: 2:22 - loss: 0.0274 - accuracy: 0.9925 26/146 [====>.........................] - ETA: 2:20 - loss: 0.0265 - accuracy: 0.9928 27/146 [====>.........................] - ETA: 2:19 - loss: 0.0256 - accuracy: 0.9931 28/146 [====>.........................] - ETA: 2:18 - loss: 0.0250 - accuracy: 0.9933 29/146 [====>.........................] - ETA: 2:17 - loss: 0.0242 - accuracy: 0.9935 30/146 [=====>........................] - ETA: 2:15 - loss: 0.0241 - accuracy: 0.9937 31/146 [=====>........................] - ETA: 2:14 - loss: 0.0238 - accuracy: 0.9940 32/146 [=====>........................] - ETA: 2:13 - loss: 0.0231 - accuracy: 0.9941 33/146 [=====>........................] - ETA: 2:11 - loss: 0.0224 - accuracy: 0.9943 34/146 [=====>........................] - ETA: 2:10 - loss: 0.0218 - accuracy: 0.9945 35/146 [======>.......................] - ETA: 2:09 - loss: 0.0212 - accuracy: 0.9946 36/146 [======>.......................] - ETA: 2:08 - loss: 0.0206 - accuracy: 0.9948 37/146 [======>.......................] - ETA: 2:07 - loss: 0.0204 - accuracy: 0.9949 38/146 [======>.......................] - ETA: 2:06 - loss: 0.0200 - accuracy: 0.9951 39/146 [=======>......................] - ETA: 2:05 - loss: 0.0195 - accuracy: 0.9952 40/146 [=======>......................] - ETA: 2:03 - loss: 0.0190 - accuracy: 0.9953 41/146 [=======>......................] - ETA: 2:02 - loss: 0.0186 - accuracy: 0.9954 42/146 [=======>......................] - ETA: 2:01 - loss: 0.0191 - accuracy: 0.9948 43/146 [=======>......................] - ETA: 1:59 - loss: 0.0188 - accuracy: 0.9949 44/146 [========>.....................] - ETA: 1:58 - loss: 0.0184 - accuracy: 0.9950 45/146 [========>.....................] - ETA: 1:57 - loss: 0.0180 - accuracy: 0.9951 46/146 [========>.....................] - ETA: 1:56 - loss: 0.0177 - accuracy: 0.9952 47/146 [========>.....................] - ETA: 1:54 - loss: 0.0174 - accuracy: 0.9953 48/146 [========>.....................] - ETA: 1:53 - loss: 0.0189 - accuracy: 0.9948 49/146 [=========>....................] - ETA: 1:52 - loss: 0.0187 - accuracy: 0.9949 50/146 [=========>....................] - ETA: 1:50 - loss: 0.0184 - accuracy: 0.9950 51/146 [=========>....................] - ETA: 1:49 - loss: 0.0180 - accuracy: 0.9951 52/146 [=========>....................] - ETA: 1:48 - loss: 0.0178 - accuracy: 0.9952 53/146 [=========>....................] - ETA: 1:47 - loss: 0.0175 - accuracy: 0.9953 54/146 [==========>...................] - ETA: 1:46 - loss: 0.0172 - accuracy: 0.9954 55/146 [==========>...................] - ETA: 1:45 - loss: 0.0169 - accuracy: 0.9955 56/146 [==========>...................] - ETA: 1:44 - loss: 0.0166 - accuracy: 0.9955 57/146 [==========>...................] - ETA: 1:43 - loss: 0.0163 - accuracy: 0.9956 58/146 [==========>...................] - ETA: 1:41 - loss: 0.0161 - accuracy: 0.9957 59/146 [===========>..................] - ETA: 1:41 - loss: 0.0158 - accuracy: 0.9958 60/146 [===========>..................] - ETA: 1:39 - loss: 0.0155 - accuracy: 0.9958 61/146 [===========>..................] - ETA: 1:38 - loss: 0.0153 - accuracy: 0.9959 62/146 [===========>..................] - ETA: 1:37 - loss: 0.0196 - accuracy: 0.9950 63/146 [===========>..................] - ETA: 1:36 - loss: 0.0194 - accuracy: 0.9950 64/146 [============>.................] - ETA: 1:35 - loss: 0.0226 - accuracy: 0.9946 65/146 [============>.................] - ETA: 1:34 - loss: 0.0223 - accuracy: 0.9947 66/146 [============>.................] - ETA: 1:33 - loss: 0.0220 - accuracy: 0.9948 67/146 [============>.................] - ETA: 1:32 - loss: 0.0217 - accuracy: 0.9949 68/146 [============>.................] - ETA: 1:31 - loss: 0.0214 - accuracy: 0.9949 69/146 [=============>................] - ETA: 1:29 - loss: 0.0211 - accuracy: 0.9950 70/146 [=============>................] - ETA: 1:28 - loss: 0.0221 - accuracy: 0.9946 71/146 [=============>................] - ETA: 1:27 - loss: 0.0219 - accuracy: 0.9947 72/146 [=============>................] - ETA: 1:26 - loss: 0.0216 - accuracy: 0.9948 73/146 [==============>...............] - ETA: 1:25 - loss: 0.0213 - accuracy: 0.9949 74/146 [==============>...............] - ETA: 1:24 - loss: 0.0217 - accuracy: 0.9945 75/146 [==============>...............] - ETA: 1:23 - loss: 0.0217 - accuracy: 0.9946 76/146 [==============>...............] - ETA: 1:22 - loss: 0.0214 - accuracy: 0.9947 77/146 [==============>...............] - ETA: 1:20 - loss: 0.0212 - accuracy: 0.9947 78/146 [===============>..............] - ETA: 1:19 - loss: 0.0209 - accuracy: 0.9948 79/146 [===============>..............] - ETA: 1:18 - loss: 0.0212 - accuracy: 0.9945 80/146 [===============>..............] - ETA: 1:17 - loss: 0.0210 - accuracy: 0.9945 81/146 [===============>..............] - ETA: 1:16 - loss: 0.0208 - accuracy: 0.9946 82/146 [===============>..............] - ETA: 1:14 - loss: 0.0206 - accuracy: 0.9947 83/146 [================>.............] - ETA: 1:13 - loss: 0.0205 - accuracy: 0.9947 84/146 [================>.............] - ETA: 1:12 - loss: 0.0202 - accuracy: 0.9948 85/146 [================>.............] - ETA: 1:11 - loss: 0.0201 - accuracy: 0.9949 86/146 [================>.............] - ETA: 1:10 - loss: 0.0199 - accuracy: 0.9949 87/146 [================>.............] - ETA: 1:09 - loss: 0.0201 - accuracy: 0.9946 88/146 [=================>............] - ETA: 1:08 - loss: 0.0201 - accuracy: 0.9947 89/146 [=================>............] - ETA: 1:06 - loss: 0.0199 - accuracy: 0.9947 90/146 [=================>............] - ETA: 1:05 - loss: 0.0197 - accuracy: 0.9948 91/146 [=================>............] - ETA: 1:04 - loss: 0.0196 - accuracy: 0.9948 92/146 [=================>............] - ETA: 1:03 - loss: 0.0194 - accuracy: 0.9949 93/146 [==================>...........] - ETA: 1:02 - loss: 0.0198 - accuracy: 0.9943 94/146 [==================>...........] - ETA: 1:01 - loss: 0.0198 - accuracy: 0.9943 95/146 [==================>...........] - ETA: 59s - loss: 0.0196 - accuracy: 0.9944  96/146 [==================>...........] - ETA: 58s - loss: 0.0197 - accuracy: 0.9945 97/146 [==================>...........] - ETA: 57s - loss: 0.0195 - accuracy: 0.9945 98/146 [===================>..........] - ETA: 56s - loss: 0.0193 - accuracy: 0.9946 99/146 [===================>..........] - ETA: 55s - loss: 0.0194 - accuracy: 0.9943100/146 [===================>..........] - ETA: 53s - loss: 0.0192 - accuracy: 0.9944101/146 [===================>..........] - ETA: 52s - loss: 0.0190 - accuracy: 0.9944102/146 [===================>..........] - ETA: 51s - loss: 0.0189 - accuracy: 0.9945103/146 [====================>.........] - ETA: 50s - loss: 0.0187 - accuracy: 0.9945104/146 [====================>.........] - ETA: 49s - loss: 0.0193 - accuracy: 0.9943105/146 [====================>.........] - ETA: 47s - loss: 0.0192 - accuracy: 0.9943106/146 [====================>.........] - ETA: 46s - loss: 0.0200 - accuracy: 0.9941107/146 [====================>.........] - ETA: 45s - loss: 0.0199 - accuracy: 0.9942108/146 [=====================>........] - ETA: 44s - loss: 0.0197 - accuracy: 0.9942109/146 [=====================>........] - ETA: 43s - loss: 0.0195 - accuracy: 0.9943110/146 [=====================>........] - ETA: 41s - loss: 0.0195 - accuracy: 0.9943111/146 [=====================>........] - ETA: 40s - loss: 0.0193 - accuracy: 0.9944112/146 [======================>.......] - ETA: 39s - loss: 0.0191 - accuracy: 0.9944113/146 [======================>.......] - ETA: 38s - loss: 0.0190 - accuracy: 0.9945114/146 [======================>.......] - ETA: 37s - loss: 0.0189 - accuracy: 0.9945115/146 [======================>.......] - ETA: 36s - loss: 0.0187 - accuracy: 0.9946116/146 [======================>.......] - ETA: 34s - loss: 0.0186 - accuracy: 0.9946117/146 [=======================>......] - ETA: 33s - loss: 0.0184 - accuracy: 0.9947118/146 [=======================>......] - ETA: 32s - loss: 0.0183 - accuracy: 0.9947119/146 [=======================>......] - ETA: 31s - loss: 0.0182 - accuracy: 0.9947120/146 [=======================>......] - ETA: 30s - loss: 0.0180 - accuracy: 0.9948121/146 [=======================>......] - ETA: 29s - loss: 0.0181 - accuracy: 0.9948122/146 [========================>.....] - ETA: 27s - loss: 0.0185 - accuracy: 0.9946123/146 [========================>.....] - ETA: 26s - loss: 0.0188 - accuracy: 0.9944124/146 [========================>.....] - ETA: 25s - loss: 0.0186 - accuracy: 0.9945125/146 [========================>.....] - ETA: 24s - loss: 0.0185 - accuracy: 0.9945126/146 [========================>.....] - ETA: 23s - loss: 0.0184 - accuracy: 0.9945127/146 [=========================>....] - ETA: 22s - loss: 0.0183 - accuracy: 0.9946128/146 [=========================>....] - ETA: 21s - loss: 0.0183 - accuracy: 0.9946129/146 [=========================>....] - ETA: 19s - loss: 0.0184 - accuracy: 0.9947130/146 [=========================>....] - ETA: 18s - loss: 0.0187 - accuracy: 0.9945131/146 [=========================>....] - ETA: 17s - loss: 0.0187 - accuracy: 0.9945132/146 [==========================>...] - ETA: 16s - loss: 0.0186 - accuracy: 0.9946133/146 [==========================>...] - ETA: 15s - loss: 0.0187 - accuracy: 0.9944134/146 [==========================>...] - ETA: 14s - loss: 0.0186 - accuracy: 0.9944135/146 [==========================>...] - ETA: 12s - loss: 0.0185 - accuracy: 0.9944136/146 [==========================>...] - ETA: 11s - loss: 0.0185 - accuracy: 0.9943137/146 [===========================>..] - ETA: 10s - loss: 0.0184 - accuracy: 0.9943138/146 [===========================>..] - ETA: 9s - loss: 0.0183 - accuracy: 0.9943 139/146 [===========================>..] - ETA: 8s - loss: 0.0182 - accuracy: 0.9944140/146 [===========================>..] - ETA: 7s - loss: 0.0181 - accuracy: 0.9944141/146 [===========================>..] - ETA: 5s - loss: 0.0179 - accuracy: 0.9945142/146 [============================>.] - ETA: 4s - loss: 0.0178 - accuracy: 0.9945143/146 [============================>.] - ETA: 3s - loss: 0.0177 - accuracy: 0.9945144/146 [============================>.] - ETA: 2s - loss: 0.0176 - accuracy: 0.9946145/146 [============================>.] - ETA: 1s - loss: 0.0175 - accuracy: 0.9946146/146 [==============================] - ETA: 0s - loss: 0.0175 - accuracy: 0.9946146/146 [==============================] - 190s 1s/step - loss: 0.0175 - accuracy: 0.9946 - val_loss: 0.9170 - val_accuracy: 0.9029
Epoch 91/108
  1/146 [..............................] - ETA: 2:55 - loss: 0.0127 - accuracy: 1.0000  2/146 [..............................] - ETA: 2:47 - loss: 0.0083 - accuracy: 1.0000  3/146 [..............................] - ETA: 2:43 - loss: 0.0062 - accuracy: 1.0000  4/146 [..............................] - ETA: 2:40 - loss: 0.0048 - accuracy: 1.0000  5/146 [>.............................] - ETA: 2:37 - loss: 0.0038 - accuracy: 1.0000  6/146 [>.............................] - ETA: 2:34 - loss: 0.0032 - accuracy: 1.0000  7/146 [>.............................] - ETA: 2:34 - loss: 0.0054 - accuracy: 1.0000  8/146 [>.............................] - ETA: 2:34 - loss: 0.0047 - accuracy: 1.0000  9/146 [>.............................] - ETA: 2:33 - loss: 0.0042 - accuracy: 1.0000 10/146 [=>............................] - ETA: 2:31 - loss: 0.0045 - accuracy: 1.0000 11/146 [=>............................] - ETA: 2:30 - loss: 0.0043 - accuracy: 1.0000 12/146 [=>............................] - ETA: 2:29 - loss: 0.0040 - accuracy: 1.0000 13/146 [=>............................] - ETA: 2:29 - loss: 0.0037 - accuracy: 1.0000 14/146 [=>............................] - ETA: 2:28 - loss: 0.0037 - accuracy: 1.0000 15/146 [==>...........................] - ETA: 2:27 - loss: 0.0141 - accuracy: 0.9979 16/146 [==>...........................] - ETA: 2:26 - loss: 0.0133 - accuracy: 0.9980 17/146 [==>...........................] - ETA: 2:25 - loss: 0.0125 - accuracy: 0.9982 18/146 [==>...........................] - ETA: 2:25 - loss: 0.0121 - accuracy: 0.9983 19/146 [==>...........................] - ETA: 2:24 - loss: 0.0117 - accuracy: 0.9984 20/146 [===>..........................] - ETA: 2:23 - loss: 0.0115 - accuracy: 0.9984 21/146 [===>..........................] - ETA: 2:22 - loss: 0.0247 - accuracy: 0.9955 22/146 [===>..........................] - ETA: 2:21 - loss: 0.0243 - accuracy: 0.9957 23/146 [===>..........................] - ETA: 2:20 - loss: 0.0234 - accuracy: 0.9959 24/146 [===>..........................] - ETA: 2:19 - loss: 0.0229 - accuracy: 0.9961 25/146 [====>.........................] - ETA: 2:18 - loss: 0.0304 - accuracy: 0.9937 26/146 [====>.........................] - ETA: 2:17 - loss: 0.0300 - accuracy: 0.9940 27/146 [====>.........................] - ETA: 2:16 - loss: 0.0291 - accuracy: 0.9942 28/146 [====>.........................] - ETA: 2:15 - loss: 0.0281 - accuracy: 0.9944 29/146 [====>.........................] - ETA: 2:14 - loss: 0.0306 - accuracy: 0.9935 30/146 [=====>........................] - ETA: 2:13 - loss: 0.0297 - accuracy: 0.9937 31/146 [=====>........................] - ETA: 2:12 - loss: 0.0297 - accuracy: 0.9929 32/146 [=====>........................] - ETA: 2:11 - loss: 0.0295 - accuracy: 0.9932 33/146 [=====>........................] - ETA: 2:10 - loss: 0.0291 - accuracy: 0.9934 34/146 [=====>........................] - ETA: 2:09 - loss: 0.0295 - accuracy: 0.9926 35/146 [======>.......................] - ETA: 2:08 - loss: 0.0287 - accuracy: 0.9929 36/146 [======>.......................] - ETA: 2:07 - loss: 0.0279 - accuracy: 0.9931 37/146 [======>.......................] - ETA: 2:06 - loss: 0.0278 - accuracy: 0.9932 38/146 [======>.......................] - ETA: 2:05 - loss: 0.0291 - accuracy: 0.9926 39/146 [=======>......................] - ETA: 2:04 - loss: 0.0288 - accuracy: 0.9928 40/146 [=======>......................] - ETA: 2:03 - loss: 0.0283 - accuracy: 0.9930 41/146 [=======>......................] - ETA: 2:02 - loss: 0.0280 - accuracy: 0.9931 42/146 [=======>......................] - ETA: 2:01 - loss: 0.0274 - accuracy: 0.9933 43/146 [=======>......................] - ETA: 1:59 - loss: 0.0269 - accuracy: 0.9935 44/146 [========>.....................] - ETA: 1:58 - loss: 0.0272 - accuracy: 0.9929 45/146 [========>.....................] - ETA: 1:57 - loss: 0.0267 - accuracy: 0.9931 46/146 [========>.....................] - ETA: 1:56 - loss: 0.0262 - accuracy: 0.9932 47/146 [========>.....................] - ETA: 1:54 - loss: 0.0256 - accuracy: 0.9934 48/146 [========>.....................] - ETA: 1:53 - loss: 0.0254 - accuracy: 0.9935 49/146 [=========>....................] - ETA: 1:52 - loss: 0.0256 - accuracy: 0.9930 50/146 [=========>....................] - ETA: 1:50 - loss: 0.0251 - accuracy: 0.9931 51/146 [=========>....................] - ETA: 1:49 - loss: 0.0247 - accuracy: 0.9933 52/146 [=========>....................] - ETA: 1:48 - loss: 0.0249 - accuracy: 0.9928 53/146 [=========>....................] - ETA: 1:47 - loss: 0.0244 - accuracy: 0.9929 54/146 [==========>...................] - ETA: 1:46 - loss: 0.0243 - accuracy: 0.9931 55/146 [==========>...................] - ETA: 1:45 - loss: 0.0239 - accuracy: 0.9932 56/146 [==========>...................] - ETA: 1:44 - loss: 0.0236 - accuracy: 0.9933 57/146 [==========>...................] - ETA: 1:43 - loss: 0.0232 - accuracy: 0.9934 58/146 [==========>...................] - ETA: 1:42 - loss: 0.0228 - accuracy: 0.9935 59/146 [===========>..................] - ETA: 1:41 - loss: 0.0230 - accuracy: 0.9936 60/146 [===========>..................] - ETA: 1:40 - loss: 0.0227 - accuracy: 0.9937 61/146 [===========>..................] - ETA: 1:39 - loss: 0.0224 - accuracy: 0.9939 62/146 [===========>..................] - ETA: 1:37 - loss: 0.0220 - accuracy: 0.9940 63/146 [===========>..................] - ETA: 1:36 - loss: 0.0222 - accuracy: 0.9940 64/146 [============>.................] - ETA: 1:35 - loss: 0.0223 - accuracy: 0.9937 65/146 [============>.................] - ETA: 1:34 - loss: 0.0219 - accuracy: 0.9937 66/146 [============>.................] - ETA: 1:32 - loss: 0.0218 - accuracy: 0.9938 67/146 [============>.................] - ETA: 1:31 - loss: 0.0215 - accuracy: 0.9939 68/146 [============>.................] - ETA: 1:30 - loss: 0.0214 - accuracy: 0.9940 69/146 [=============>................] - ETA: 1:29 - loss: 0.0211 - accuracy: 0.9941 70/146 [=============>................] - ETA: 1:27 - loss: 0.0218 - accuracy: 0.9937 71/146 [=============>................] - ETA: 1:26 - loss: 0.0215 - accuracy: 0.9938 72/146 [=============>................] - ETA: 1:25 - loss: 0.0212 - accuracy: 0.9939 73/146 [==============>...............] - ETA: 1:24 - loss: 0.0212 - accuracy: 0.9940 74/146 [==============>...............] - ETA: 1:23 - loss: 0.0210 - accuracy: 0.9941 75/146 [==============>...............] - ETA: 1:22 - loss: 0.0208 - accuracy: 0.9942 76/146 [==============>...............] - ETA: 1:21 - loss: 0.0207 - accuracy: 0.9942 77/146 [==============>...............] - ETA: 1:19 - loss: 0.0210 - accuracy: 0.9939 78/146 [===============>..............] - ETA: 1:18 - loss: 0.0223 - accuracy: 0.9936 79/146 [===============>..............] - ETA: 1:17 - loss: 0.0221 - accuracy: 0.9937 80/146 [===============>..............] - ETA: 1:16 - loss: 0.0218 - accuracy: 0.9937 81/146 [===============>..............] - ETA: 1:15 - loss: 0.0217 - accuracy: 0.9938 82/146 [===============>..............] - ETA: 1:14 - loss: 0.0214 - accuracy: 0.9939 83/146 [================>.............] - ETA: 1:13 - loss: 0.0212 - accuracy: 0.9940 84/146 [================>.............] - ETA: 1:12 - loss: 0.0209 - accuracy: 0.9940 85/146 [================>.............] - ETA: 1:10 - loss: 0.0207 - accuracy: 0.9941 86/146 [================>.............] - ETA: 1:09 - loss: 0.0205 - accuracy: 0.9942 87/146 [================>.............] - ETA: 1:08 - loss: 0.0203 - accuracy: 0.9943 88/146 [=================>............] - ETA: 1:07 - loss: 0.0201 - accuracy: 0.9943 89/146 [=================>............] - ETA: 1:06 - loss: 0.0199 - accuracy: 0.9944 90/146 [=================>............] - ETA: 1:05 - loss: 0.0197 - accuracy: 0.9944 91/146 [=================>............] - ETA: 1:03 - loss: 0.0195 - accuracy: 0.9945 92/146 [=================>............] - ETA: 1:02 - loss: 0.0198 - accuracy: 0.9942 93/146 [==================>...........] - ETA: 1:01 - loss: 0.0196 - accuracy: 0.9943 94/146 [==================>...........] - ETA: 1:00 - loss: 0.0194 - accuracy: 0.9943 95/146 [==================>...........] - ETA: 59s - loss: 0.0192 - accuracy: 0.9944  96/146 [==================>...........] - ETA: 58s - loss: 0.0191 - accuracy: 0.9945 97/146 [==================>...........] - ETA: 57s - loss: 0.0190 - accuracy: 0.9945 98/146 [===================>..........] - ETA: 55s - loss: 0.0225 - accuracy: 0.9943 99/146 [===================>..........] - ETA: 54s - loss: 0.0225 - accuracy: 0.9943100/146 [===================>..........] - ETA: 53s - loss: 0.0223 - accuracy: 0.9944101/146 [===================>..........] - ETA: 52s - loss: 0.0234 - accuracy: 0.9941102/146 [===================>..........] - ETA: 51s - loss: 0.0232 - accuracy: 0.9942103/146 [====================>.........] - ETA: 50s - loss: 0.0233 - accuracy: 0.9942104/146 [====================>.........] - ETA: 49s - loss: 0.0232 - accuracy: 0.9943105/146 [====================>.........] - ETA: 47s - loss: 0.0230 - accuracy: 0.9943106/146 [====================>.........] - ETA: 46s - loss: 0.0229 - accuracy: 0.9944107/146 [====================>.........] - ETA: 45s - loss: 0.0229 - accuracy: 0.9945108/146 [=====================>........] - ETA: 44s - loss: 0.0228 - accuracy: 0.9945109/146 [=====================>........] - ETA: 43s - loss: 0.0226 - accuracy: 0.9946110/146 [=====================>........] - ETA: 41s - loss: 0.0224 - accuracy: 0.9946111/146 [=====================>........] - ETA: 40s - loss: 0.0223 - accuracy: 0.9947112/146 [======================>.......] - ETA: 39s - loss: 0.0222 - accuracy: 0.9947113/146 [======================>.......] - ETA: 38s - loss: 0.0221 - accuracy: 0.9947114/146 [======================>.......] - ETA: 37s - loss: 0.0219 - accuracy: 0.9948115/146 [======================>.......] - ETA: 36s - loss: 0.0219 - accuracy: 0.9948116/146 [======================>.......] - ETA: 35s - loss: 0.0217 - accuracy: 0.9949117/146 [=======================>......] - ETA: 33s - loss: 0.0216 - accuracy: 0.9949118/146 [=======================>......] - ETA: 32s - loss: 0.0215 - accuracy: 0.9950119/146 [=======================>......] - ETA: 31s - loss: 0.0213 - accuracy: 0.9950120/146 [=======================>......] - ETA: 30s - loss: 0.0212 - accuracy: 0.9951121/146 [=======================>......] - ETA: 29s - loss: 0.0210 - accuracy: 0.9951122/146 [========================>.....] - ETA: 28s - loss: 0.0208 - accuracy: 0.9951123/146 [========================>.....] - ETA: 26s - loss: 0.0207 - accuracy: 0.9952124/146 [========================>.....] - ETA: 25s - loss: 0.0215 - accuracy: 0.9950125/146 [========================>.....] - ETA: 24s - loss: 0.0213 - accuracy: 0.9950126/146 [========================>.....] - ETA: 23s - loss: 0.0211 - accuracy: 0.9950127/146 [=========================>....] - ETA: 22s - loss: 0.0210 - accuracy: 0.9951128/146 [=========================>....] - ETA: 21s - loss: 0.0210 - accuracy: 0.9951129/146 [=========================>....] - ETA: 19s - loss: 0.0208 - accuracy: 0.9952130/146 [=========================>....] - ETA: 18s - loss: 0.0207 - accuracy: 0.9952131/146 [=========================>....] - ETA: 17s - loss: 0.0211 - accuracy: 0.9950132/146 [==========================>...] - ETA: 16s - loss: 0.0210 - accuracy: 0.9950133/146 [==========================>...] - ETA: 15s - loss: 0.0209 - accuracy: 0.9951134/146 [==========================>...] - ETA: 14s - loss: 0.0209 - accuracy: 0.9951135/146 [==========================>...] - ETA: 12s - loss: 0.0208 - accuracy: 0.9951136/146 [==========================>...] - ETA: 11s - loss: 0.0207 - accuracy: 0.9952137/146 [===========================>..] - ETA: 10s - loss: 0.0206 - accuracy: 0.9952138/146 [===========================>..] - ETA: 9s - loss: 0.0205 - accuracy: 0.9952 139/146 [===========================>..] - ETA: 8s - loss: 0.0203 - accuracy: 0.9953140/146 [===========================>..] - ETA: 6s - loss: 0.0202 - accuracy: 0.9953141/146 [===========================>..] - ETA: 5s - loss: 0.0201 - accuracy: 0.9953142/146 [============================>.] - ETA: 4s - loss: 0.0200 - accuracy: 0.9954143/146 [============================>.] - ETA: 3s - loss: 0.0199 - accuracy: 0.9954144/146 [============================>.] - ETA: 2s - loss: 0.0198 - accuracy: 0.9954145/146 [============================>.] - ETA: 1s - loss: 0.0197 - accuracy: 0.9955146/146 [==============================] - ETA: 0s - loss: 0.0204 - accuracy: 0.9953146/146 [==============================] - 185s 1s/step - loss: 0.0204 - accuracy: 0.9953 - val_loss: 0.7185 - val_accuracy: 0.8917
Epoch 92/108
  1/146 [..............................] - ETA: 3:04 - loss: 0.0071 - accuracy: 1.0000  2/146 [..............................] - ETA: 2:47 - loss: 0.1358 - accuracy: 0.9688  3/146 [..............................] - ETA: 2:44 - loss: 0.1311 - accuracy: 0.9583  4/146 [..............................] - ETA: 2:41 - loss: 0.1262 - accuracy: 0.9531  5/146 [>.............................] - ETA: 2:41 - loss: 0.1047 - accuracy: 0.9625  6/146 [>.............................] - ETA: 2:43 - loss: 0.0903 - accuracy: 0.9688  7/146 [>.............................] - ETA: 2:43 - loss: 0.0821 - accuracy: 0.9732  8/146 [>.............................] - ETA: 2:43 - loss: 0.0772 - accuracy: 0.9727  9/146 [>.............................] - ETA: 2:44 - loss: 0.0688 - accuracy: 0.9757 10/146 [=>............................] - ETA: 2:42 - loss: 0.0756 - accuracy: 0.9719 11/146 [=>............................] - ETA: 2:41 - loss: 0.0958 - accuracy: 0.9659 12/146 [=>............................] - ETA: 2:40 - loss: 0.0934 - accuracy: 0.9661 13/146 [=>............................] - ETA: 2:38 - loss: 0.1113 - accuracy: 0.9615 14/146 [=>............................] - ETA: 2:37 - loss: 0.1252 - accuracy: 0.9598 15/146 [==>...........................] - ETA: 2:36 - loss: 0.1279 - accuracy: 0.9604 16/146 [==>...........................] - ETA: 2:34 - loss: 0.1221 - accuracy: 0.9629 17/146 [==>...........................] - ETA: 2:33 - loss: 0.1163 - accuracy: 0.9651 18/146 [==>...........................] - ETA: 2:32 - loss: 0.1156 - accuracy: 0.9653 19/146 [==>...........................] - ETA: 2:31 - loss: 0.1155 - accuracy: 0.9638 20/146 [===>..........................] - ETA: 2:30 - loss: 0.1106 - accuracy: 0.9656 21/146 [===>..........................] - ETA: 2:30 - loss: 0.1058 - accuracy: 0.9673 22/146 [===>..........................] - ETA: 2:29 - loss: 0.1014 - accuracy: 0.9688 23/146 [===>..........................] - ETA: 2:28 - loss: 0.1064 - accuracy: 0.9674 24/146 [===>..........................] - ETA: 2:26 - loss: 0.1057 - accuracy: 0.9674 25/146 [====>.........................] - ETA: 2:25 - loss: 0.1016 - accuracy: 0.9688 26/146 [====>.........................] - ETA: 2:24 - loss: 0.0978 - accuracy: 0.9700 27/146 [====>.........................] - ETA: 2:22 - loss: 0.1064 - accuracy: 0.9676 28/146 [====>.........................] - ETA: 2:21 - loss: 0.1065 - accuracy: 0.9665 29/146 [====>.........................] - ETA: 2:20 - loss: 0.1036 - accuracy: 0.9677 30/146 [=====>........................] - ETA: 2:18 - loss: 0.1024 - accuracy: 0.9677 31/146 [=====>........................] - ETA: 2:17 - loss: 0.1023 - accuracy: 0.9667 32/146 [=====>........................] - ETA: 2:16 - loss: 0.1007 - accuracy: 0.9668 33/146 [=====>........................] - ETA: 2:14 - loss: 0.1035 - accuracy: 0.9650 34/146 [=====>........................] - ETA: 2:13 - loss: 0.1045 - accuracy: 0.9651 35/146 [======>.......................] - ETA: 2:11 - loss: 0.1038 - accuracy: 0.9652 36/146 [======>.......................] - ETA: 2:10 - loss: 0.1017 - accuracy: 0.9661 37/146 [======>.......................] - ETA: 2:09 - loss: 0.1004 - accuracy: 0.9662 38/146 [======>.......................] - ETA: 2:07 - loss: 0.0997 - accuracy: 0.9663 39/146 [=======>......................] - ETA: 2:06 - loss: 0.1013 - accuracy: 0.9663 40/146 [=======>......................] - ETA: 2:05 - loss: 0.1004 - accuracy: 0.9664 41/146 [=======>......................] - ETA: 2:03 - loss: 0.0987 - accuracy: 0.9672 42/146 [=======>......................] - ETA: 2:02 - loss: 0.0992 - accuracy: 0.9673 43/146 [=======>......................] - ETA: 2:01 - loss: 0.0985 - accuracy: 0.9673 44/146 [========>.....................] - ETA: 2:00 - loss: 0.0977 - accuracy: 0.9673 45/146 [========>.....................] - ETA: 1:59 - loss: 0.0959 - accuracy: 0.9681 46/146 [========>.....................] - ETA: 1:58 - loss: 0.0947 - accuracy: 0.9688 47/146 [========>.....................] - ETA: 1:57 - loss: 0.0945 - accuracy: 0.9688 48/146 [========>.....................] - ETA: 1:55 - loss: 0.0940 - accuracy: 0.9681 49/146 [=========>....................] - ETA: 1:54 - loss: 0.0937 - accuracy: 0.9675 50/146 [=========>....................] - ETA: 1:53 - loss: 0.0942 - accuracy: 0.9675 51/146 [=========>....................] - ETA: 1:52 - loss: 0.0929 - accuracy: 0.9681 52/146 [=========>....................] - ETA: 1:51 - loss: 0.0941 - accuracy: 0.9681 53/146 [=========>....................] - ETA: 1:49 - loss: 0.0926 - accuracy: 0.9688 54/146 [==========>...................] - ETA: 1:48 - loss: 0.0911 - accuracy: 0.9693 55/146 [==========>...................] - ETA: 1:47 - loss: 0.0901 - accuracy: 0.9693 56/146 [==========>...................] - ETA: 1:46 - loss: 0.0911 - accuracy: 0.9688 57/146 [==========>...................] - ETA: 1:45 - loss: 0.0942 - accuracy: 0.9671 58/146 [==========>...................] - ETA: 1:44 - loss: 0.0941 - accuracy: 0.9671 59/146 [===========>..................] - ETA: 1:43 - loss: 0.0934 - accuracy: 0.9672 60/146 [===========>..................] - ETA: 1:42 - loss: 0.0934 - accuracy: 0.9672 61/146 [===========>..................] - ETA: 1:40 - loss: 0.0919 - accuracy: 0.9677 62/146 [===========>..................] - ETA: 1:39 - loss: 0.0905 - accuracy: 0.9682 63/146 [===========>..................] - ETA: 1:38 - loss: 0.0898 - accuracy: 0.9683 64/146 [============>.................] - ETA: 1:37 - loss: 0.0894 - accuracy: 0.9683 65/146 [============>.................] - ETA: 1:35 - loss: 0.0881 - accuracy: 0.9688 66/146 [============>.................] - ETA: 1:34 - loss: 0.0872 - accuracy: 0.9692 67/146 [============>.................] - ETA: 1:33 - loss: 0.0866 - accuracy: 0.9697 68/146 [============>.................] - ETA: 1:32 - loss: 0.0862 - accuracy: 0.9697 69/146 [=============>................] - ETA: 1:31 - loss: 0.0862 - accuracy: 0.9697 70/146 [=============>................] - ETA: 1:30 - loss: 0.0852 - accuracy: 0.9701 71/146 [=============>................] - ETA: 1:28 - loss: 0.0848 - accuracy: 0.9705 72/146 [=============>................] - ETA: 1:27 - loss: 0.0839 - accuracy: 0.9709 73/146 [==============>...............] - ETA: 1:26 - loss: 0.0844 - accuracy: 0.9709 74/146 [==============>...............] - ETA: 1:25 - loss: 0.0840 - accuracy: 0.9709 75/146 [==============>...............] - ETA: 1:24 - loss: 0.0847 - accuracy: 0.9704 76/146 [==============>...............] - ETA: 1:23 - loss: 0.0838 - accuracy: 0.9708 77/146 [==============>...............] - ETA: 1:21 - loss: 0.0851 - accuracy: 0.9708 78/146 [===============>..............] - ETA: 1:20 - loss: 0.0844 - accuracy: 0.9708 79/146 [===============>..............] - ETA: 1:19 - loss: 0.0837 - accuracy: 0.9707 80/146 [===============>..............] - ETA: 1:18 - loss: 0.0831 - accuracy: 0.9711 81/146 [===============>..............] - ETA: 1:17 - loss: 0.0828 - accuracy: 0.9715 82/146 [===============>..............] - ETA: 1:15 - loss: 0.0827 - accuracy: 0.9714 83/146 [================>.............] - ETA: 1:14 - loss: 0.0823 - accuracy: 0.9718 84/146 [================>.............] - ETA: 1:13 - loss: 0.0819 - accuracy: 0.9717 85/146 [================>.............] - ETA: 1:12 - loss: 0.0810 - accuracy: 0.9721 86/146 [================>.............] - ETA: 1:11 - loss: 0.0802 - accuracy: 0.9724 87/146 [================>.............] - ETA: 1:09 - loss: 0.0793 - accuracy: 0.9727 88/146 [=================>............] - ETA: 1:08 - loss: 0.0787 - accuracy: 0.9730 89/146 [=================>............] - ETA: 1:07 - loss: 0.0782 - accuracy: 0.9733 90/146 [=================>............] - ETA: 1:06 - loss: 0.0779 - accuracy: 0.9733 91/146 [=================>............] - ETA: 1:05 - loss: 0.0774 - accuracy: 0.9736 92/146 [=================>............] - ETA: 1:03 - loss: 0.0776 - accuracy: 0.9732 93/146 [==================>...........] - ETA: 1:02 - loss: 0.0769 - accuracy: 0.9735 94/146 [==================>...........] - ETA: 1:01 - loss: 0.0764 - accuracy: 0.9737 95/146 [==================>...........] - ETA: 1:00 - loss: 0.0778 - accuracy: 0.9734 96/146 [==================>...........] - ETA: 58s - loss: 0.0771 - accuracy: 0.9736  97/146 [==================>...........] - ETA: 57s - loss: 0.0763 - accuracy: 0.9739 98/146 [===================>..........] - ETA: 56s - loss: 0.0756 - accuracy: 0.9742 99/146 [===================>..........] - ETA: 55s - loss: 0.0772 - accuracy: 0.9735100/146 [===================>..........] - ETA: 53s - loss: 0.0765 - accuracy: 0.9737101/146 [===================>..........] - ETA: 52s - loss: 0.0759 - accuracy: 0.9740102/146 [===================>..........] - ETA: 51s - loss: 0.0753 - accuracy: 0.9743103/146 [====================>.........] - ETA: 50s - loss: 0.0751 - accuracy: 0.9742104/146 [====================>.........] - ETA: 49s - loss: 0.0747 - accuracy: 0.9742105/146 [====================>.........] - ETA: 47s - loss: 0.0741 - accuracy: 0.9744106/146 [====================>.........] - ETA: 46s - loss: 0.0734 - accuracy: 0.9746107/146 [====================>.........] - ETA: 45s - loss: 0.0730 - accuracy: 0.9749108/146 [=====================>........] - ETA: 44s - loss: 0.0724 - accuracy: 0.9751109/146 [=====================>........] - ETA: 43s - loss: 0.0717 - accuracy: 0.9753110/146 [=====================>........] - ETA: 41s - loss: 0.0711 - accuracy: 0.9756111/146 [=====================>........] - ETA: 40s - loss: 0.0705 - accuracy: 0.9758112/146 [======================>.......] - ETA: 39s - loss: 0.0702 - accuracy: 0.9757113/146 [======================>.......] - ETA: 38s - loss: 0.0701 - accuracy: 0.9757114/146 [======================>.......] - ETA: 36s - loss: 0.0703 - accuracy: 0.9756115/146 [======================>.......] - ETA: 35s - loss: 0.0697 - accuracy: 0.9758116/146 [======================>.......] - ETA: 34s - loss: 0.0701 - accuracy: 0.9758117/146 [=======================>......] - ETA: 33s - loss: 0.0695 - accuracy: 0.9760118/146 [=======================>......] - ETA: 32s - loss: 0.0689 - accuracy: 0.9762119/146 [=======================>......] - ETA: 30s - loss: 0.0695 - accuracy: 0.9761120/146 [=======================>......] - ETA: 29s - loss: 0.0690 - accuracy: 0.9763121/146 [=======================>......] - ETA: 28s - loss: 0.0685 - accuracy: 0.9765122/146 [========================>.....] - ETA: 27s - loss: 0.0682 - accuracy: 0.9767123/146 [========================>.....] - ETA: 26s - loss: 0.0698 - accuracy: 0.9764124/146 [========================>.....] - ETA: 25s - loss: 0.0694 - accuracy: 0.9766125/146 [========================>.....] - ETA: 24s - loss: 0.0692 - accuracy: 0.9765126/146 [========================>.....] - ETA: 22s - loss: 0.0698 - accuracy: 0.9764127/146 [=========================>....] - ETA: 21s - loss: 0.0694 - accuracy: 0.9766128/146 [=========================>....] - ETA: 20s - loss: 0.0689 - accuracy: 0.9768129/146 [=========================>....] - ETA: 19s - loss: 0.0685 - accuracy: 0.9770130/146 [=========================>....] - ETA: 18s - loss: 0.0706 - accuracy: 0.9764131/146 [=========================>....] - ETA: 17s - loss: 0.0736 - accuracy: 0.9759132/146 [==========================>...] - ETA: 16s - loss: 0.0737 - accuracy: 0.9754133/146 [==========================>...] - ETA: 14s - loss: 0.0736 - accuracy: 0.9751134/146 [==========================>...] - ETA: 13s - loss: 0.0731 - accuracy: 0.9753135/146 [==========================>...] - ETA: 12s - loss: 0.0727 - accuracy: 0.9755136/146 [==========================>...] - ETA: 11s - loss: 0.0723 - accuracy: 0.9756137/146 [===========================>..] - ETA: 10s - loss: 0.0728 - accuracy: 0.9756138/146 [===========================>..] - ETA: 9s - loss: 0.0767 - accuracy: 0.9746 139/146 [===========================>..] - ETA: 8s - loss: 0.0767 - accuracy: 0.9746140/146 [===========================>..] - ETA: 6s - loss: 0.0769 - accuracy: 0.9746141/146 [===========================>..] - ETA: 5s - loss: 0.0768 - accuracy: 0.9745142/146 [============================>.] - ETA: 4s - loss: 0.0769 - accuracy: 0.9743143/146 [============================>.] - ETA: 3s - loss: 0.0773 - accuracy: 0.9740144/146 [============================>.] - ETA: 2s - loss: 0.0770 - accuracy: 0.9742145/146 [============================>.] - ETA: 1s - loss: 0.0767 - accuracy: 0.9744146/146 [==============================] - ETA: 0s - loss: 0.0766 - accuracy: 0.9744146/146 [==============================] - 184s 1s/step - loss: 0.0766 - accuracy: 0.9744 - val_loss: 0.4520 - val_accuracy: 0.8764
Epoch 93/108
  1/146 [..............................] - ETA: 3:01 - loss: 0.0453 - accuracy: 1.0000  2/146 [..............................] - ETA: 2:42 - loss: 0.0348 - accuracy: 1.0000  3/146 [..............................] - ETA: 2:40 - loss: 0.0367 - accuracy: 1.0000  4/146 [..............................] - ETA: 2:38 - loss: 0.0615 - accuracy: 0.9922  5/146 [>.............................] - ETA: 2:39 - loss: 0.0592 - accuracy: 0.9875  6/146 [>.............................] - ETA: 2:36 - loss: 0.0561 - accuracy: 0.9844  7/146 [>.............................] - ETA: 2:36 - loss: 0.0623 - accuracy: 0.9777  8/146 [>.............................] - ETA: 2:37 - loss: 0.0601 - accuracy: 0.9805  9/146 [>.............................] - ETA: 2:36 - loss: 0.0581 - accuracy: 0.9826 10/146 [=>............................] - ETA: 2:34 - loss: 0.0577 - accuracy: 0.9844 11/146 [=>............................] - ETA: 2:34 - loss: 0.0581 - accuracy: 0.9858 12/146 [=>............................] - ETA: 2:33 - loss: 0.0537 - accuracy: 0.9870 13/146 [=>............................] - ETA: 2:32 - loss: 0.0504 - accuracy: 0.9880 14/146 [=>............................] - ETA: 2:32 - loss: 0.0519 - accuracy: 0.9866 15/146 [==>...........................] - ETA: 2:31 - loss: 0.0515 - accuracy: 0.9875 16/146 [==>...........................] - ETA: 2:30 - loss: 0.0491 - accuracy: 0.9883 17/146 [==>...........................] - ETA: 2:30 - loss: 0.0477 - accuracy: 0.9890 18/146 [==>...........................] - ETA: 2:28 - loss: 0.0451 - accuracy: 0.9896 19/146 [==>...........................] - ETA: 2:27 - loss: 0.0470 - accuracy: 0.9868 20/146 [===>..........................] - ETA: 2:26 - loss: 0.0456 - accuracy: 0.9875 21/146 [===>..........................] - ETA: 2:25 - loss: 0.0440 - accuracy: 0.9881 22/146 [===>..........................] - ETA: 2:24 - loss: 0.0421 - accuracy: 0.9886 23/146 [===>..........................] - ETA: 2:22 - loss: 0.0404 - accuracy: 0.9891 24/146 [===>..........................] - ETA: 2:21 - loss: 0.0396 - accuracy: 0.9896 25/146 [====>.........................] - ETA: 2:20 - loss: 0.0382 - accuracy: 0.9900 26/146 [====>.........................] - ETA: 2:19 - loss: 0.0390 - accuracy: 0.9892 27/146 [====>.........................] - ETA: 2:18 - loss: 0.0386 - accuracy: 0.9896 28/146 [====>.........................] - ETA: 2:17 - loss: 0.0399 - accuracy: 0.9888 29/146 [====>.........................] - ETA: 2:16 - loss: 0.0466 - accuracy: 0.9881 30/146 [=====>........................] - ETA: 2:15 - loss: 0.0461 - accuracy: 0.9885 31/146 [=====>........................] - ETA: 2:14 - loss: 0.0460 - accuracy: 0.9879 32/146 [=====>........................] - ETA: 2:12 - loss: 0.0466 - accuracy: 0.9873 33/146 [=====>........................] - ETA: 2:11 - loss: 0.0458 - accuracy: 0.9877 34/146 [=====>........................] - ETA: 2:10 - loss: 0.0445 - accuracy: 0.9881 35/146 [======>.......................] - ETA: 2:09 - loss: 0.0436 - accuracy: 0.9884 36/146 [======>.......................] - ETA: 2:08 - loss: 0.0428 - accuracy: 0.9887 37/146 [======>.......................] - ETA: 2:07 - loss: 0.0420 - accuracy: 0.9890 38/146 [======>.......................] - ETA: 2:06 - loss: 0.0416 - accuracy: 0.9893 39/146 [=======>......................] - ETA: 2:04 - loss: 0.0410 - accuracy: 0.9896 40/146 [=======>......................] - ETA: 2:03 - loss: 0.0401 - accuracy: 0.9898 41/146 [=======>......................] - ETA: 2:02 - loss: 0.0398 - accuracy: 0.9893 42/146 [=======>......................] - ETA: 2:01 - loss: 0.0392 - accuracy: 0.9896 43/146 [=======>......................] - ETA: 2:00 - loss: 0.0383 - accuracy: 0.9898 44/146 [========>.....................] - ETA: 1:58 - loss: 0.0375 - accuracy: 0.9901 45/146 [========>.....................] - ETA: 1:57 - loss: 0.0367 - accuracy: 0.9903 46/146 [========>.....................] - ETA: 1:56 - loss: 0.0380 - accuracy: 0.9898 47/146 [========>.....................] - ETA: 1:55 - loss: 0.0372 - accuracy: 0.9900 48/146 [========>.....................] - ETA: 1:53 - loss: 0.0391 - accuracy: 0.9889 49/146 [=========>....................] - ETA: 1:53 - loss: 0.0387 - accuracy: 0.9892 50/146 [=========>....................] - ETA: 1:52 - loss: 0.0380 - accuracy: 0.9894 51/146 [=========>....................] - ETA: 1:50 - loss: 0.0374 - accuracy: 0.9896 52/146 [=========>....................] - ETA: 1:49 - loss: 0.0369 - accuracy: 0.9898 53/146 [=========>....................] - ETA: 1:48 - loss: 0.0367 - accuracy: 0.9894 54/146 [==========>...................] - ETA: 1:47 - loss: 0.0366 - accuracy: 0.9896 55/146 [==========>...................] - ETA: 1:46 - loss: 0.0360 - accuracy: 0.9898 56/146 [==========>...................] - ETA: 1:45 - loss: 0.0355 - accuracy: 0.9900 57/146 [==========>...................] - ETA: 1:44 - loss: 0.0349 - accuracy: 0.9901 58/146 [==========>...................] - ETA: 1:42 - loss: 0.0348 - accuracy: 0.9903 59/146 [===========>..................] - ETA: 1:41 - loss: 0.0349 - accuracy: 0.9899 60/146 [===========>..................] - ETA: 1:40 - loss: 0.0344 - accuracy: 0.9901 61/146 [===========>..................] - ETA: 1:39 - loss: 0.0338 - accuracy: 0.9903 62/146 [===========>..................] - ETA: 1:38 - loss: 0.0335 - accuracy: 0.9904 63/146 [===========>..................] - ETA: 1:37 - loss: 0.0331 - accuracy: 0.9906 64/146 [============>.................] - ETA: 1:36 - loss: 0.0339 - accuracy: 0.9902 65/146 [============>.................] - ETA: 1:35 - loss: 0.0336 - accuracy: 0.9904 66/146 [============>.................] - ETA: 1:33 - loss: 0.0331 - accuracy: 0.9905 67/146 [============>.................] - ETA: 1:32 - loss: 0.0332 - accuracy: 0.9902 68/146 [============>.................] - ETA: 1:31 - loss: 0.0328 - accuracy: 0.9903 69/146 [=============>................] - ETA: 1:30 - loss: 0.0327 - accuracy: 0.9905 70/146 [=============>................] - ETA: 1:29 - loss: 0.0326 - accuracy: 0.9906 71/146 [=============>................] - ETA: 1:28 - loss: 0.0325 - accuracy: 0.9908 72/146 [=============>................] - ETA: 1:27 - loss: 0.0320 - accuracy: 0.9909 73/146 [==============>...............] - ETA: 1:25 - loss: 0.0319 - accuracy: 0.9910 74/146 [==============>...............] - ETA: 1:24 - loss: 0.0316 - accuracy: 0.9911 75/146 [==============>...............] - ETA: 1:23 - loss: 0.0313 - accuracy: 0.9912 76/146 [==============>...............] - ETA: 1:21 - loss: 0.0312 - accuracy: 0.9914 77/146 [==============>...............] - ETA: 1:20 - loss: 0.0309 - accuracy: 0.9915 78/146 [===============>..............] - ETA: 1:19 - loss: 0.0312 - accuracy: 0.9912 79/146 [===============>..............] - ETA: 1:18 - loss: 0.0315 - accuracy: 0.9909 80/146 [===============>..............] - ETA: 1:17 - loss: 0.0313 - accuracy: 0.9910 81/146 [===============>..............] - ETA: 1:15 - loss: 0.0310 - accuracy: 0.9911 82/146 [===============>..............] - ETA: 1:14 - loss: 0.0307 - accuracy: 0.9912 83/146 [================>.............] - ETA: 1:13 - loss: 0.0303 - accuracy: 0.9913 84/146 [================>.............] - ETA: 1:12 - loss: 0.0311 - accuracy: 0.9911 85/146 [================>.............] - ETA: 1:11 - loss: 0.0308 - accuracy: 0.9912 86/146 [================>.............] - ETA: 1:09 - loss: 0.0305 - accuracy: 0.9913 87/146 [================>.............] - ETA: 1:08 - loss: 0.0305 - accuracy: 0.9914 88/146 [=================>............] - ETA: 1:07 - loss: 0.0301 - accuracy: 0.9915 89/146 [=================>............] - ETA: 1:06 - loss: 0.0299 - accuracy: 0.9916 90/146 [=================>............] - ETA: 1:05 - loss: 0.0298 - accuracy: 0.9917 91/146 [=================>............] - ETA: 1:04 - loss: 0.0295 - accuracy: 0.9918 92/146 [=================>............] - ETA: 1:02 - loss: 0.0295 - accuracy: 0.9918 93/146 [==================>...........] - ETA: 1:01 - loss: 0.0291 - accuracy: 0.9919 94/146 [==================>...........] - ETA: 1:00 - loss: 0.0289 - accuracy: 0.9920 95/146 [==================>...........] - ETA: 59s - loss: 0.0304 - accuracy: 0.9918  96/146 [==================>...........] - ETA: 58s - loss: 0.0301 - accuracy: 0.9919 97/146 [==================>...........] - ETA: 57s - loss: 0.0300 - accuracy: 0.9919 98/146 [===================>..........] - ETA: 56s - loss: 0.0298 - accuracy: 0.9920 99/146 [===================>..........] - ETA: 54s - loss: 0.0296 - accuracy: 0.9921100/146 [===================>..........] - ETA: 53s - loss: 0.0293 - accuracy: 0.9922101/146 [===================>..........] - ETA: 52s - loss: 0.0290 - accuracy: 0.9923102/146 [===================>..........] - ETA: 51s - loss: 0.0287 - accuracy: 0.9923103/146 [====================>.........] - ETA: 50s - loss: 0.0288 - accuracy: 0.9921104/146 [====================>.........] - ETA: 49s - loss: 0.0292 - accuracy: 0.9919105/146 [====================>.........] - ETA: 47s - loss: 0.0290 - accuracy: 0.9920106/146 [====================>.........] - ETA: 46s - loss: 0.0288 - accuracy: 0.9920107/146 [====================>.........] - ETA: 45s - loss: 0.0285 - accuracy: 0.9921108/146 [=====================>........] - ETA: 44s - loss: 0.0283 - accuracy: 0.9922109/146 [=====================>........] - ETA: 43s - loss: 0.0280 - accuracy: 0.9923110/146 [=====================>........] - ETA: 42s - loss: 0.0278 - accuracy: 0.9923111/146 [=====================>........] - ETA: 40s - loss: 0.0276 - accuracy: 0.9924112/146 [======================>.......] - ETA: 39s - loss: 0.0278 - accuracy: 0.9922113/146 [======================>.......] - ETA: 38s - loss: 0.0276 - accuracy: 0.9923114/146 [======================>.......] - ETA: 37s - loss: 0.0274 - accuracy: 0.9923115/146 [======================>.......] - ETA: 36s - loss: 0.0272 - accuracy: 0.9924116/146 [======================>.......] - ETA: 35s - loss: 0.0270 - accuracy: 0.9925117/146 [=======================>......] - ETA: 33s - loss: 0.0268 - accuracy: 0.9925118/146 [=======================>......] - ETA: 32s - loss: 0.0266 - accuracy: 0.9926119/146 [=======================>......] - ETA: 31s - loss: 0.0264 - accuracy: 0.9926120/146 [=======================>......] - ETA: 30s - loss: 0.0263 - accuracy: 0.9927121/146 [=======================>......] - ETA: 29s - loss: 0.0261 - accuracy: 0.9928122/146 [========================>.....] - ETA: 28s - loss: 0.0265 - accuracy: 0.9926123/146 [========================>.....] - ETA: 26s - loss: 0.0269 - accuracy: 0.9924124/146 [========================>.....] - ETA: 25s - loss: 0.0267 - accuracy: 0.9924125/146 [========================>.....] - ETA: 24s - loss: 0.0266 - accuracy: 0.9925126/146 [========================>.....] - ETA: 23s - loss: 0.0264 - accuracy: 0.9926127/146 [=========================>....] - ETA: 22s - loss: 0.0262 - accuracy: 0.9926128/146 [=========================>....] - ETA: 21s - loss: 0.0260 - accuracy: 0.9927129/146 [=========================>....] - ETA: 19s - loss: 0.0259 - accuracy: 0.9927130/146 [=========================>....] - ETA: 18s - loss: 0.0257 - accuracy: 0.9928131/146 [=========================>....] - ETA: 17s - loss: 0.0255 - accuracy: 0.9928132/146 [==========================>...] - ETA: 16s - loss: 0.0253 - accuracy: 0.9929133/146 [==========================>...] - ETA: 15s - loss: 0.0251 - accuracy: 0.9930134/146 [==========================>...] - ETA: 13s - loss: 0.0250 - accuracy: 0.9930135/146 [==========================>...] - ETA: 12s - loss: 0.0253 - accuracy: 0.9928136/146 [==========================>...] - ETA: 11s - loss: 0.0252 - accuracy: 0.9929137/146 [===========================>..] - ETA: 10s - loss: 0.0251 - accuracy: 0.9929138/146 [===========================>..] - ETA: 9s - loss: 0.0252 - accuracy: 0.9928 139/146 [===========================>..] - ETA: 8s - loss: 0.0250 - accuracy: 0.9928140/146 [===========================>..] - ETA: 6s - loss: 0.0251 - accuracy: 0.9929141/146 [===========================>..] - ETA: 5s - loss: 0.0250 - accuracy: 0.9929142/146 [============================>.] - ETA: 4s - loss: 0.0249 - accuracy: 0.9930143/146 [============================>.] - ETA: 3s - loss: 0.0247 - accuracy: 0.9930144/146 [============================>.] - ETA: 2s - loss: 0.0246 - accuracy: 0.9931145/146 [============================>.] - ETA: 1s - loss: 0.0244 - accuracy: 0.9931146/146 [==============================] - ETA: 0s - loss: 0.0244 - accuracy: 0.9931146/146 [==============================] - 189s 1s/step - loss: 0.0244 - accuracy: 0.9931 - val_loss: 0.7322 - val_accuracy: 0.9013
Epoch 94/108
  1/146 [..............................] - ETA: 2:50 - loss: 0.0168 - accuracy: 1.0000  2/146 [..............................] - ETA: 3:00 - loss: 0.0092 - accuracy: 1.0000  3/146 [..............................] - ETA: 2:48 - loss: 0.0066 - accuracy: 1.0000  4/146 [..............................] - ETA: 2:47 - loss: 0.0052 - accuracy: 1.0000  5/146 [>.............................] - ETA: 2:47 - loss: 0.0091 - accuracy: 1.0000  6/146 [>.............................] - ETA: 2:45 - loss: 0.0095 - accuracy: 1.0000  7/146 [>.............................] - ETA: 2:43 - loss: 0.0103 - accuracy: 1.0000  8/146 [>.............................] - ETA: 2:43 - loss: 0.0166 - accuracy: 0.9961  9/146 [>.............................] - ETA: 2:42 - loss: 0.0152 - accuracy: 0.9965 10/146 [=>............................] - ETA: 2:40 - loss: 0.0197 - accuracy: 0.9937 11/146 [=>............................] - ETA: 2:38 - loss: 0.0185 - accuracy: 0.9943 12/146 [=>............................] - ETA: 2:38 - loss: 0.0170 - accuracy: 0.9948 13/146 [=>............................] - ETA: 2:37 - loss: 0.0158 - accuracy: 0.9952 14/146 [=>............................] - ETA: 2:35 - loss: 0.0182 - accuracy: 0.9933 15/146 [==>...........................] - ETA: 2:34 - loss: 0.0173 - accuracy: 0.9937 16/146 [==>...........................] - ETA: 2:33 - loss: 0.0164 - accuracy: 0.9941 17/146 [==>...........................] - ETA: 2:31 - loss: 0.0203 - accuracy: 0.9926 18/146 [==>...........................] - ETA: 2:29 - loss: 0.0212 - accuracy: 0.9913 19/146 [==>...........................] - ETA: 2:28 - loss: 0.0212 - accuracy: 0.9918 20/146 [===>..........................] - ETA: 2:27 - loss: 0.0205 - accuracy: 0.9922 21/146 [===>..........................] - ETA: 2:26 - loss: 0.0197 - accuracy: 0.9926 22/146 [===>..........................] - ETA: 2:25 - loss: 0.0188 - accuracy: 0.9929 23/146 [===>..........................] - ETA: 2:23 - loss: 0.0180 - accuracy: 0.9932 24/146 [===>..........................] - ETA: 2:23 - loss: 0.0173 - accuracy: 0.9935 25/146 [====>.........................] - ETA: 2:21 - loss: 0.0169 - accuracy: 0.9937 26/146 [====>.........................] - ETA: 2:21 - loss: 0.0164 - accuracy: 0.9940 27/146 [====>.........................] - ETA: 2:20 - loss: 0.0160 - accuracy: 0.9942 28/146 [====>.........................] - ETA: 2:18 - loss: 0.0155 - accuracy: 0.9944 29/146 [====>.........................] - ETA: 2:17 - loss: 0.0156 - accuracy: 0.9946 30/146 [=====>........................] - ETA: 2:16 - loss: 0.0162 - accuracy: 0.9937 31/146 [=====>........................] - ETA: 2:15 - loss: 0.0163 - accuracy: 0.9940 32/146 [=====>........................] - ETA: 2:14 - loss: 0.0164 - accuracy: 0.9941 33/146 [=====>........................] - ETA: 2:12 - loss: 0.0162 - accuracy: 0.9943 34/146 [=====>........................] - ETA: 2:11 - loss: 0.0158 - accuracy: 0.9945 35/146 [======>.......................] - ETA: 2:10 - loss: 0.0161 - accuracy: 0.9937 36/146 [======>.......................] - ETA: 2:09 - loss: 0.0157 - accuracy: 0.9939 37/146 [======>.......................] - ETA: 2:07 - loss: 0.0173 - accuracy: 0.9932 38/146 [======>.......................] - ETA: 2:06 - loss: 0.0170 - accuracy: 0.9934 39/146 [=======>......................] - ETA: 2:05 - loss: 0.0166 - accuracy: 0.9936 40/146 [=======>......................] - ETA: 2:03 - loss: 0.0166 - accuracy: 0.9937 41/146 [=======>......................] - ETA: 2:02 - loss: 0.0165 - accuracy: 0.9939 42/146 [=======>......................] - ETA: 2:01 - loss: 0.0162 - accuracy: 0.9940 43/146 [=======>......................] - ETA: 1:59 - loss: 0.0225 - accuracy: 0.9935 44/146 [========>.....................] - ETA: 1:58 - loss: 0.0220 - accuracy: 0.9936 45/146 [========>.....................] - ETA: 1:57 - loss: 0.0233 - accuracy: 0.9931 46/146 [========>.....................] - ETA: 1:56 - loss: 0.0228 - accuracy: 0.9932 47/146 [========>.....................] - ETA: 1:55 - loss: 0.0224 - accuracy: 0.9934 48/146 [========>.....................] - ETA: 1:54 - loss: 0.0219 - accuracy: 0.9935 49/146 [=========>....................] - ETA: 1:53 - loss: 0.0215 - accuracy: 0.9936 50/146 [=========>....................] - ETA: 1:51 - loss: 0.0211 - accuracy: 0.9937 51/146 [=========>....................] - ETA: 1:50 - loss: 0.0209 - accuracy: 0.9939 52/146 [=========>....................] - ETA: 1:49 - loss: 0.0209 - accuracy: 0.9940 53/146 [=========>....................] - ETA: 1:48 - loss: 0.0206 - accuracy: 0.9941 54/146 [==========>...................] - ETA: 1:47 - loss: 0.0209 - accuracy: 0.9936 55/146 [==========>...................] - ETA: 1:46 - loss: 0.0208 - accuracy: 0.9937 56/146 [==========>...................] - ETA: 1:45 - loss: 0.0207 - accuracy: 0.9939 57/146 [==========>...................] - ETA: 1:44 - loss: 0.0211 - accuracy: 0.9940 58/146 [==========>...................] - ETA: 1:43 - loss: 0.0209 - accuracy: 0.9941 59/146 [===========>..................] - ETA: 1:41 - loss: 0.0207 - accuracy: 0.9942 60/146 [===========>..................] - ETA: 1:40 - loss: 0.0204 - accuracy: 0.9943 61/146 [===========>..................] - ETA: 1:39 - loss: 0.0201 - accuracy: 0.9944 62/146 [===========>..................] - ETA: 1:38 - loss: 0.0202 - accuracy: 0.9945 63/146 [===========>..................] - ETA: 1:37 - loss: 0.0199 - accuracy: 0.9945 64/146 [============>.................] - ETA: 1:36 - loss: 0.0196 - accuracy: 0.9946 65/146 [============>.................] - ETA: 1:34 - loss: 0.0193 - accuracy: 0.9947 66/146 [============>.................] - ETA: 1:33 - loss: 0.0191 - accuracy: 0.9948 67/146 [============>.................] - ETA: 1:32 - loss: 0.0188 - accuracy: 0.9949 68/146 [============>.................] - ETA: 1:31 - loss: 0.0193 - accuracy: 0.9945 69/146 [=============>................] - ETA: 1:30 - loss: 0.0191 - accuracy: 0.9946 70/146 [=============>................] - ETA: 1:29 - loss: 0.0190 - accuracy: 0.9946 71/146 [=============>................] - ETA: 1:27 - loss: 0.0187 - accuracy: 0.9947 72/146 [=============>................] - ETA: 1:26 - loss: 0.0187 - accuracy: 0.9948 73/146 [==============>...............] - ETA: 1:25 - loss: 0.0185 - accuracy: 0.9949 74/146 [==============>...............] - ETA: 1:24 - loss: 0.0185 - accuracy: 0.9949 75/146 [==============>...............] - ETA: 1:23 - loss: 0.0183 - accuracy: 0.9950 76/146 [==============>...............] - ETA: 1:22 - loss: 0.0181 - accuracy: 0.9951 77/146 [==============>...............] - ETA: 1:20 - loss: 0.0179 - accuracy: 0.9951 78/146 [===============>..............] - ETA: 1:19 - loss: 0.0176 - accuracy: 0.9952 79/146 [===============>..............] - ETA: 1:18 - loss: 0.0176 - accuracy: 0.9953 80/146 [===============>..............] - ETA: 1:17 - loss: 0.0178 - accuracy: 0.9949 81/146 [===============>..............] - ETA: 1:16 - loss: 0.0176 - accuracy: 0.9950 82/146 [===============>..............] - ETA: 1:15 - loss: 0.0181 - accuracy: 0.9947 83/146 [================>.............] - ETA: 1:14 - loss: 0.0179 - accuracy: 0.9947 84/146 [================>.............] - ETA: 1:12 - loss: 0.0177 - accuracy: 0.9948 85/146 [================>.............] - ETA: 1:11 - loss: 0.0183 - accuracy: 0.9945 86/146 [================>.............] - ETA: 1:10 - loss: 0.0181 - accuracy: 0.9945 87/146 [================>.............] - ETA: 1:09 - loss: 0.0180 - accuracy: 0.9946 88/146 [=================>............] - ETA: 1:07 - loss: 0.0179 - accuracy: 0.9947 89/146 [=================>............] - ETA: 1:06 - loss: 0.0177 - accuracy: 0.9947 90/146 [=================>............] - ETA: 1:05 - loss: 0.0177 - accuracy: 0.9948 91/146 [=================>............] - ETA: 1:04 - loss: 0.0175 - accuracy: 0.9948 92/146 [=================>............] - ETA: 1:02 - loss: 0.0176 - accuracy: 0.9949 93/146 [==================>...........] - ETA: 1:01 - loss: 0.0174 - accuracy: 0.9950 94/146 [==================>...........] - ETA: 1:00 - loss: 0.0173 - accuracy: 0.9950 95/146 [==================>...........] - ETA: 58s - loss: 0.0171 - accuracy: 0.9951  96/146 [==================>...........] - ETA: 57s - loss: 0.0170 - accuracy: 0.9951 97/146 [==================>...........] - ETA: 56s - loss: 0.0176 - accuracy: 0.9948 98/146 [===================>..........] - ETA: 55s - loss: 0.0175 - accuracy: 0.9949 99/146 [===================>..........] - ETA: 54s - loss: 0.0173 - accuracy: 0.9949100/146 [===================>..........] - ETA: 53s - loss: 0.0172 - accuracy: 0.9950101/146 [===================>..........] - ETA: 52s - loss: 0.0173 - accuracy: 0.9950102/146 [===================>..........] - ETA: 50s - loss: 0.0172 - accuracy: 0.9951103/146 [====================>.........] - ETA: 49s - loss: 0.0173 - accuracy: 0.9951104/146 [====================>.........] - ETA: 48s - loss: 0.0172 - accuracy: 0.9952105/146 [====================>.........] - ETA: 47s - loss: 0.0170 - accuracy: 0.9952106/146 [====================>.........] - ETA: 46s - loss: 0.0174 - accuracy: 0.9950107/146 [====================>.........] - ETA: 45s - loss: 0.0173 - accuracy: 0.9950108/146 [=====================>........] - ETA: 44s - loss: 0.0174 - accuracy: 0.9948109/146 [=====================>........] - ETA: 42s - loss: 0.0172 - accuracy: 0.9948110/146 [=====================>........] - ETA: 41s - loss: 0.0175 - accuracy: 0.9946111/146 [=====================>........] - ETA: 40s - loss: 0.0174 - accuracy: 0.9947112/146 [======================>.......] - ETA: 39s - loss: 0.0172 - accuracy: 0.9947113/146 [======================>.......] - ETA: 38s - loss: 0.0172 - accuracy: 0.9947114/146 [======================>.......] - ETA: 37s - loss: 0.0172 - accuracy: 0.9948115/146 [======================>.......] - ETA: 35s - loss: 0.0170 - accuracy: 0.9948116/146 [======================>.......] - ETA: 34s - loss: 0.0169 - accuracy: 0.9949117/146 [=======================>......] - ETA: 33s - loss: 0.0173 - accuracy: 0.9947118/146 [=======================>......] - ETA: 32s - loss: 0.0173 - accuracy: 0.9947119/146 [=======================>......] - ETA: 31s - loss: 0.0171 - accuracy: 0.9947120/146 [=======================>......] - ETA: 30s - loss: 0.0170 - accuracy: 0.9948121/146 [=======================>......] - ETA: 29s - loss: 0.0171 - accuracy: 0.9946122/146 [========================>.....] - ETA: 27s - loss: 0.0170 - accuracy: 0.9946123/146 [========================>.....] - ETA: 26s - loss: 0.0186 - accuracy: 0.9944124/146 [========================>.....] - ETA: 25s - loss: 0.0186 - accuracy: 0.9945125/146 [========================>.....] - ETA: 24s - loss: 0.0185 - accuracy: 0.9945126/146 [========================>.....] - ETA: 23s - loss: 0.0183 - accuracy: 0.9945127/146 [=========================>....] - ETA: 22s - loss: 0.0182 - accuracy: 0.9946128/146 [=========================>....] - ETA: 20s - loss: 0.0182 - accuracy: 0.9946129/146 [=========================>....] - ETA: 19s - loss: 0.0186 - accuracy: 0.9944130/146 [=========================>....] - ETA: 18s - loss: 0.0186 - accuracy: 0.9945131/146 [=========================>....] - ETA: 17s - loss: 0.0190 - accuracy: 0.9943132/146 [==========================>...] - ETA: 16s - loss: 0.0189 - accuracy: 0.9943133/146 [==========================>...] - ETA: 15s - loss: 0.0188 - accuracy: 0.9944134/146 [==========================>...] - ETA: 13s - loss: 0.0187 - accuracy: 0.9944135/146 [==========================>...] - ETA: 12s - loss: 0.0198 - accuracy: 0.9942136/146 [==========================>...] - ETA: 11s - loss: 0.0197 - accuracy: 0.9943137/146 [===========================>..] - ETA: 10s - loss: 0.0196 - accuracy: 0.9943138/146 [===========================>..] - ETA: 9s - loss: 0.0207 - accuracy: 0.9939 139/146 [===========================>..] - ETA: 8s - loss: 0.0206 - accuracy: 0.9939140/146 [===========================>..] - ETA: 6s - loss: 0.0205 - accuracy: 0.9940141/146 [===========================>..] - ETA: 5s - loss: 0.0208 - accuracy: 0.9938142/146 [============================>.] - ETA: 4s - loss: 0.0209 - accuracy: 0.9936143/146 [============================>.] - ETA: 3s - loss: 0.0208 - accuracy: 0.9937144/146 [============================>.] - ETA: 2s - loss: 0.0208 - accuracy: 0.9937145/146 [============================>.] - ETA: 1s - loss: 0.0208 - accuracy: 0.9937146/146 [==============================] - ETA: 0s - loss: 0.0208 - accuracy: 0.9938146/146 [==============================] - 185s 1s/step - loss: 0.0208 - accuracy: 0.9938 - val_loss: 0.7349 - val_accuracy: 0.9077
Epoch 95/108
  1/146 [..............................] - ETA: 2:55 - loss: 0.0141 - accuracy: 1.0000  2/146 [..............................] - ETA: 2:42 - loss: 0.0144 - accuracy: 1.0000  3/146 [..............................] - ETA: 2:46 - loss: 0.0098 - accuracy: 1.0000  4/146 [..............................] - ETA: 2:42 - loss: 0.0078 - accuracy: 1.0000  5/146 [>.............................] - ETA: 2:38 - loss: 0.0140 - accuracy: 0.9937  6/146 [>.............................] - ETA: 2:37 - loss: 0.0125 - accuracy: 0.9948  7/146 [>.............................] - ETA: 2:37 - loss: 0.0148 - accuracy: 0.9911  8/146 [>.............................] - ETA: 2:34 - loss: 0.0137 - accuracy: 0.9922  9/146 [>.............................] - ETA: 2:34 - loss: 0.0224 - accuracy: 0.9861 10/146 [=>............................] - ETA: 2:32 - loss: 0.0209 - accuracy: 0.9875 11/146 [=>............................] - ETA: 2:31 - loss: 0.0212 - accuracy: 0.9886 12/146 [=>............................] - ETA: 2:29 - loss: 0.0224 - accuracy: 0.9870 13/146 [=>............................] - ETA: 2:28 - loss: 0.0209 - accuracy: 0.9880 14/146 [=>............................] - ETA: 2:25 - loss: 0.0220 - accuracy: 0.9888 15/146 [==>...........................] - ETA: 2:22 - loss: 0.0208 - accuracy: 0.9896 16/146 [==>...........................] - ETA: 2:18 - loss: 0.0196 - accuracy: 0.9902 17/146 [==>...........................] - ETA: 2:16 - loss: 0.0190 - accuracy: 0.9908 18/146 [==>...........................] - ETA: 2:13 - loss: 0.0181 - accuracy: 0.9913 19/146 [==>...........................] - ETA: 2:11 - loss: 0.0172 - accuracy: 0.9918 20/146 [===>..........................] - ETA: 2:10 - loss: 0.0164 - accuracy: 0.9922 21/146 [===>..........................] - ETA: 2:08 - loss: 0.0157 - accuracy: 0.9926 22/146 [===>..........................] - ETA: 2:07 - loss: 0.0171 - accuracy: 0.9915 23/146 [===>..........................] - ETA: 2:05 - loss: 0.0179 - accuracy: 0.9905 24/146 [===>..........................] - ETA: 2:05 - loss: 0.0171 - accuracy: 0.9909 25/146 [====>.........................] - ETA: 2:05 - loss: 0.0165 - accuracy: 0.9912 26/146 [====>.........................] - ETA: 2:05 - loss: 0.0159 - accuracy: 0.9916 27/146 [====>.........................] - ETA: 2:05 - loss: 0.0153 - accuracy: 0.9919 28/146 [====>.........................] - ETA: 2:04 - loss: 0.0158 - accuracy: 0.9922 29/146 [====>.........................] - ETA: 2:04 - loss: 0.0153 - accuracy: 0.9925 30/146 [=====>........................] - ETA: 2:03 - loss: 0.0159 - accuracy: 0.9917 31/146 [=====>........................] - ETA: 2:02 - loss: 0.0156 - accuracy: 0.9919 32/146 [=====>........................] - ETA: 2:01 - loss: 0.0155 - accuracy: 0.9922 33/146 [=====>........................] - ETA: 2:00 - loss: 0.0166 - accuracy: 0.9915 34/146 [=====>........................] - ETA: 1:59 - loss: 0.0162 - accuracy: 0.9917 35/146 [======>.......................] - ETA: 1:58 - loss: 0.0157 - accuracy: 0.9920 36/146 [======>.......................] - ETA: 1:58 - loss: 0.0153 - accuracy: 0.9922 37/146 [======>.......................] - ETA: 1:56 - loss: 0.0170 - accuracy: 0.9916 38/146 [======>.......................] - ETA: 1:56 - loss: 0.0167 - accuracy: 0.9918 39/146 [=======>......................] - ETA: 1:55 - loss: 0.0164 - accuracy: 0.9920 40/146 [=======>......................] - ETA: 1:54 - loss: 0.0164 - accuracy: 0.9922 41/146 [=======>......................] - ETA: 1:53 - loss: 0.0160 - accuracy: 0.9924 42/146 [=======>......................] - ETA: 1:52 - loss: 0.0164 - accuracy: 0.9918 43/146 [=======>......................] - ETA: 1:51 - loss: 0.0178 - accuracy: 0.9913 44/146 [========>.....................] - ETA: 1:51 - loss: 0.0175 - accuracy: 0.9915 45/146 [========>.....................] - ETA: 1:50 - loss: 0.0172 - accuracy: 0.9917 46/146 [========>.....................] - ETA: 1:49 - loss: 0.0169 - accuracy: 0.9918 47/146 [========>.....................] - ETA: 1:48 - loss: 0.0166 - accuracy: 0.9920 48/146 [========>.....................] - ETA: 1:47 - loss: 0.0163 - accuracy: 0.9922 49/146 [=========>....................] - ETA: 1:46 - loss: 0.0163 - accuracy: 0.9923 50/146 [=========>....................] - ETA: 1:45 - loss: 0.0162 - accuracy: 0.9925 51/146 [=========>....................] - ETA: 1:44 - loss: 0.0190 - accuracy: 0.9914 52/146 [=========>....................] - ETA: 1:44 - loss: 0.0190 - accuracy: 0.9916 53/146 [=========>....................] - ETA: 1:43 - loss: 0.0188 - accuracy: 0.9917 54/146 [==========>...................] - ETA: 1:42 - loss: 0.0192 - accuracy: 0.9913 55/146 [==========>...................] - ETA: 1:41 - loss: 0.0190 - accuracy: 0.9915 56/146 [==========>...................] - ETA: 1:39 - loss: 0.0189 - accuracy: 0.9916 57/146 [==========>...................] - ETA: 1:38 - loss: 0.0187 - accuracy: 0.9918 58/146 [==========>...................] - ETA: 1:37 - loss: 0.0185 - accuracy: 0.9919 59/146 [===========>..................] - ETA: 1:36 - loss: 0.0186 - accuracy: 0.9915 60/146 [===========>..................] - ETA: 1:35 - loss: 0.0183 - accuracy: 0.9917 61/146 [===========>..................] - ETA: 1:34 - loss: 0.0180 - accuracy: 0.9918 62/146 [===========>..................] - ETA: 1:33 - loss: 0.0177 - accuracy: 0.9919 63/146 [===========>..................] - ETA: 1:32 - loss: 0.0177 - accuracy: 0.9921 64/146 [============>.................] - ETA: 1:31 - loss: 0.0174 - accuracy: 0.9922 65/146 [============>.................] - ETA: 1:30 - loss: 0.0173 - accuracy: 0.9923 66/146 [============>.................] - ETA: 1:29 - loss: 0.0172 - accuracy: 0.9924 67/146 [============>.................] - ETA: 1:28 - loss: 0.0173 - accuracy: 0.9921 68/146 [============>.................] - ETA: 1:27 - loss: 0.0171 - accuracy: 0.9922 69/146 [=============>................] - ETA: 1:26 - loss: 0.0169 - accuracy: 0.9923 70/146 [=============>................] - ETA: 1:25 - loss: 0.0169 - accuracy: 0.9924 71/146 [=============>................] - ETA: 1:24 - loss: 0.0181 - accuracy: 0.9921 72/146 [=============>................] - ETA: 1:23 - loss: 0.0179 - accuracy: 0.9922 73/146 [==============>...............] - ETA: 1:22 - loss: 0.0177 - accuracy: 0.9923 74/146 [==============>...............] - ETA: 1:21 - loss: 0.0175 - accuracy: 0.9924 75/146 [==============>...............] - ETA: 1:19 - loss: 0.0175 - accuracy: 0.9925 76/146 [==============>...............] - ETA: 1:18 - loss: 0.0174 - accuracy: 0.9926 77/146 [==============>...............] - ETA: 1:17 - loss: 0.0172 - accuracy: 0.9927 78/146 [===============>..............] - ETA: 1:16 - loss: 0.0171 - accuracy: 0.9928 79/146 [===============>..............] - ETA: 1:15 - loss: 0.0170 - accuracy: 0.9929 80/146 [===============>..............] - ETA: 1:14 - loss: 0.0168 - accuracy: 0.9930 81/146 [===============>..............] - ETA: 1:13 - loss: 0.0166 - accuracy: 0.9931 82/146 [===============>..............] - ETA: 1:12 - loss: 0.0166 - accuracy: 0.9931 83/146 [================>.............] - ETA: 1:11 - loss: 0.0165 - accuracy: 0.9932 84/146 [================>.............] - ETA: 1:10 - loss: 0.0163 - accuracy: 0.9933 85/146 [================>.............] - ETA: 1:09 - loss: 0.0164 - accuracy: 0.9934 86/146 [================>.............] - ETA: 1:07 - loss: 0.0164 - accuracy: 0.9935 87/146 [================>.............] - ETA: 1:06 - loss: 0.0162 - accuracy: 0.9935 88/146 [=================>............] - ETA: 1:05 - loss: 0.0162 - accuracy: 0.9936 89/146 [=================>............] - ETA: 1:04 - loss: 0.0160 - accuracy: 0.9937 90/146 [=================>............] - ETA: 1:03 - loss: 0.0160 - accuracy: 0.9937 91/146 [=================>............] - ETA: 1:02 - loss: 0.0158 - accuracy: 0.9938 92/146 [=================>............] - ETA: 1:01 - loss: 0.0168 - accuracy: 0.9935 93/146 [==================>...........] - ETA: 1:00 - loss: 0.0167 - accuracy: 0.9936 94/146 [==================>...........] - ETA: 59s - loss: 0.0166 - accuracy: 0.9937  95/146 [==================>...........] - ETA: 57s - loss: 0.0171 - accuracy: 0.9934 96/146 [==================>...........] - ETA: 56s - loss: 0.0171 - accuracy: 0.9935 97/146 [==================>...........] - ETA: 55s - loss: 0.0170 - accuracy: 0.9936 98/146 [===================>..........] - ETA: 54s - loss: 0.0173 - accuracy: 0.9933 99/146 [===================>..........] - ETA: 53s - loss: 0.0172 - accuracy: 0.9934100/146 [===================>..........] - ETA: 52s - loss: 0.0170 - accuracy: 0.9934101/146 [===================>..........] - ETA: 51s - loss: 0.0171 - accuracy: 0.9932102/146 [===================>..........] - ETA: 50s - loss: 0.0173 - accuracy: 0.9930103/146 [====================>.........] - ETA: 49s - loss: 0.0178 - accuracy: 0.9927104/146 [====================>.........] - ETA: 48s - loss: 0.0177 - accuracy: 0.9928105/146 [====================>.........] - ETA: 46s - loss: 0.0175 - accuracy: 0.9929106/146 [====================>.........] - ETA: 45s - loss: 0.0174 - accuracy: 0.9929107/146 [====================>.........] - ETA: 44s - loss: 0.0173 - accuracy: 0.9930108/146 [=====================>........] - ETA: 43s - loss: 0.0173 - accuracy: 0.9931109/146 [=====================>........] - ETA: 42s - loss: 0.0173 - accuracy: 0.9931110/146 [=====================>........] - ETA: 41s - loss: 0.0172 - accuracy: 0.9932111/146 [=====================>........] - ETA: 40s - loss: 0.0173 - accuracy: 0.9930112/146 [======================>.......] - ETA: 38s - loss: 0.0173 - accuracy: 0.9927113/146 [======================>.......] - ETA: 37s - loss: 0.0173 - accuracy: 0.9928114/146 [======================>.......] - ETA: 36s - loss: 0.0176 - accuracy: 0.9926115/146 [======================>.......] - ETA: 35s - loss: 0.0175 - accuracy: 0.9927116/146 [======================>.......] - ETA: 34s - loss: 0.0177 - accuracy: 0.9925117/146 [=======================>......] - ETA: 33s - loss: 0.0176 - accuracy: 0.9925118/146 [=======================>......] - ETA: 32s - loss: 0.0175 - accuracy: 0.9926119/146 [=======================>......] - ETA: 31s - loss: 0.0174 - accuracy: 0.9926120/146 [=======================>......] - ETA: 29s - loss: 0.0173 - accuracy: 0.9927121/146 [=======================>......] - ETA: 28s - loss: 0.0172 - accuracy: 0.9928122/146 [========================>.....] - ETA: 27s - loss: 0.0171 - accuracy: 0.9928123/146 [========================>.....] - ETA: 26s - loss: 0.0170 - accuracy: 0.9929124/146 [========================>.....] - ETA: 25s - loss: 0.0169 - accuracy: 0.9929125/146 [========================>.....] - ETA: 24s - loss: 0.0168 - accuracy: 0.9930126/146 [========================>.....] - ETA: 23s - loss: 0.0167 - accuracy: 0.9931127/146 [=========================>....] - ETA: 21s - loss: 0.0168 - accuracy: 0.9929128/146 [=========================>....] - ETA: 20s - loss: 0.0169 - accuracy: 0.9927129/146 [=========================>....] - ETA: 19s - loss: 0.0168 - accuracy: 0.9927130/146 [=========================>....] - ETA: 18s - loss: 0.0167 - accuracy: 0.9928131/146 [=========================>....] - ETA: 17s - loss: 0.0166 - accuracy: 0.9928132/146 [==========================>...] - ETA: 16s - loss: 0.0165 - accuracy: 0.9929133/146 [==========================>...] - ETA: 14s - loss: 0.0164 - accuracy: 0.9930134/146 [==========================>...] - ETA: 13s - loss: 0.0163 - accuracy: 0.9930135/146 [==========================>...] - ETA: 12s - loss: 0.0162 - accuracy: 0.9931136/146 [==========================>...] - ETA: 11s - loss: 0.0163 - accuracy: 0.9929137/146 [===========================>..] - ETA: 10s - loss: 0.0163 - accuracy: 0.9929138/146 [===========================>..] - ETA: 9s - loss: 0.0162 - accuracy: 0.9930 139/146 [===========================>..] - ETA: 8s - loss: 0.0161 - accuracy: 0.9930140/146 [===========================>..] - ETA: 6s - loss: 0.0160 - accuracy: 0.9931141/146 [===========================>..] - ETA: 5s - loss: 0.0159 - accuracy: 0.9931142/146 [============================>.] - ETA: 4s - loss: 0.0158 - accuracy: 0.9932143/146 [============================>.] - ETA: 3s - loss: 0.0159 - accuracy: 0.9932144/146 [============================>.] - ETA: 2s - loss: 0.0159 - accuracy: 0.9933145/146 [============================>.] - ETA: 1s - loss: 0.0158 - accuracy: 0.9933146/146 [==============================] - ETA: 0s - loss: 0.0158 - accuracy: 0.9933146/146 [==============================] - 182s 1s/step - loss: 0.0158 - accuracy: 0.9933 - val_loss: 0.7324 - val_accuracy: 0.8989
Epoch 96/108
  1/146 [..............................] - ETA: 2:58 - loss: 3.6400e-04 - accuracy: 1.0000  2/146 [..............................] - ETA: 2:51 - loss: 0.0012 - accuracy: 1.0000      3/146 [..............................] - ETA: 2:48 - loss: 0.0012 - accuracy: 1.0000  4/146 [..............................] - ETA: 2:48 - loss: 0.0027 - accuracy: 1.0000  5/146 [>.............................] - ETA: 2:46 - loss: 0.0027 - accuracy: 1.0000  6/146 [>.............................] - ETA: 2:46 - loss: 0.0049 - accuracy: 1.0000  7/146 [>.............................] - ETA: 2:44 - loss: 0.0045 - accuracy: 1.0000  8/146 [>.............................] - ETA: 2:41 - loss: 0.0041 - accuracy: 1.0000  9/146 [>.............................] - ETA: 2:39 - loss: 0.0037 - accuracy: 1.0000 10/146 [=>............................] - ETA: 2:38 - loss: 0.0039 - accuracy: 1.0000 11/146 [=>............................] - ETA: 2:38 - loss: 0.0048 - accuracy: 1.0000 12/146 [=>............................] - ETA: 2:37 - loss: 0.0077 - accuracy: 0.9974 13/146 [=>............................] - ETA: 2:36 - loss: 0.0075 - accuracy: 0.9976 14/146 [=>............................] - ETA: 2:34 - loss: 0.0071 - accuracy: 0.9978 15/146 [==>...........................] - ETA: 2:33 - loss: 0.0070 - accuracy: 0.9979 16/146 [==>...........................] - ETA: 2:32 - loss: 0.0065 - accuracy: 0.9980 17/146 [==>...........................] - ETA: 2:31 - loss: 0.0063 - accuracy: 0.9982 18/146 [==>...........................] - ETA: 2:30 - loss: 0.0060 - accuracy: 0.9983 19/146 [==>...........................] - ETA: 2:28 - loss: 0.0062 - accuracy: 0.9984 20/146 [===>..........................] - ETA: 2:27 - loss: 0.0062 - accuracy: 0.9984 21/146 [===>..........................] - ETA: 2:25 - loss: 0.0060 - accuracy: 0.9985 22/146 [===>..........................] - ETA: 2:24 - loss: 0.0065 - accuracy: 0.9986 23/146 [===>..........................] - ETA: 2:23 - loss: 0.0064 - accuracy: 0.9986 24/146 [===>..........................] - ETA: 2:21 - loss: 0.0061 - accuracy: 0.9987 25/146 [====>.........................] - ETA: 2:20 - loss: 0.0060 - accuracy: 0.9987 26/146 [====>.........................] - ETA: 2:18 - loss: 0.0058 - accuracy: 0.9988 27/146 [====>.........................] - ETA: 2:17 - loss: 0.0056 - accuracy: 0.9988 28/146 [====>.........................] - ETA: 2:15 - loss: 0.0054 - accuracy: 0.9989 29/146 [====>.........................] - ETA: 2:14 - loss: 0.0090 - accuracy: 0.9978 30/146 [=====>........................] - ETA: 2:13 - loss: 0.0100 - accuracy: 0.9969 31/146 [=====>........................] - ETA: 2:12 - loss: 0.0100 - accuracy: 0.9970 32/146 [=====>........................] - ETA: 2:10 - loss: 0.0104 - accuracy: 0.9971 33/146 [=====>........................] - ETA: 2:09 - loss: 0.0101 - accuracy: 0.9972 34/146 [=====>........................] - ETA: 2:08 - loss: 0.0099 - accuracy: 0.9972 35/146 [======>.......................] - ETA: 2:07 - loss: 0.0096 - accuracy: 0.9973 36/146 [======>.......................] - ETA: 2:06 - loss: 0.0095 - accuracy: 0.9974 37/146 [======>.......................] - ETA: 2:05 - loss: 0.0093 - accuracy: 0.9975 38/146 [======>.......................] - ETA: 2:04 - loss: 0.0090 - accuracy: 0.9975 39/146 [=======>......................] - ETA: 2:03 - loss: 0.0089 - accuracy: 0.9976 40/146 [=======>......................] - ETA: 2:02 - loss: 0.0088 - accuracy: 0.9977 41/146 [=======>......................] - ETA: 2:01 - loss: 0.0088 - accuracy: 0.9977 42/146 [=======>......................] - ETA: 2:00 - loss: 0.0087 - accuracy: 0.9978 43/146 [=======>......................] - ETA: 1:59 - loss: 0.0085 - accuracy: 0.9978 44/146 [========>.....................] - ETA: 1:58 - loss: 0.0085 - accuracy: 0.9979 45/146 [========>.....................] - ETA: 1:57 - loss: 0.0085 - accuracy: 0.9979 46/146 [========>.....................] - ETA: 1:56 - loss: 0.0092 - accuracy: 0.9973 47/146 [========>.....................] - ETA: 1:55 - loss: 0.0090 - accuracy: 0.9973 48/146 [========>.....................] - ETA: 1:53 - loss: 0.0088 - accuracy: 0.9974 49/146 [=========>....................] - ETA: 1:52 - loss: 0.0087 - accuracy: 0.9974 50/146 [=========>....................] - ETA: 1:51 - loss: 0.0087 - accuracy: 0.9975 51/146 [=========>....................] - ETA: 1:50 - loss: 0.0090 - accuracy: 0.9969 52/146 [=========>....................] - ETA: 1:49 - loss: 0.0088 - accuracy: 0.9970 53/146 [=========>....................] - ETA: 1:48 - loss: 0.0088 - accuracy: 0.9971 54/146 [==========>...................] - ETA: 1:47 - loss: 0.0086 - accuracy: 0.9971 55/146 [==========>...................] - ETA: 1:46 - loss: 0.0085 - accuracy: 0.9972 56/146 [==========>...................] - ETA: 1:45 - loss: 0.0084 - accuracy: 0.9972 57/146 [==========>...................] - ETA: 1:43 - loss: 0.0083 - accuracy: 0.9973 58/146 [==========>...................] - ETA: 1:42 - loss: 0.0154 - accuracy: 0.9968 59/146 [===========>..................] - ETA: 1:41 - loss: 0.0151 - accuracy: 0.9968 60/146 [===========>..................] - ETA: 1:40 - loss: 0.0158 - accuracy: 0.9964 61/146 [===========>..................] - ETA: 1:39 - loss: 0.0155 - accuracy: 0.9964 62/146 [===========>..................] - ETA: 1:38 - loss: 0.0164 - accuracy: 0.9960 63/146 [===========>..................] - ETA: 1:37 - loss: 0.0162 - accuracy: 0.9960 64/146 [============>.................] - ETA: 1:36 - loss: 0.0160 - accuracy: 0.9961 65/146 [============>.................] - ETA: 1:34 - loss: 0.0157 - accuracy: 0.9962 66/146 [============>.................] - ETA: 1:33 - loss: 0.0159 - accuracy: 0.9957 67/146 [============>.................] - ETA: 1:32 - loss: 0.0161 - accuracy: 0.9958 68/146 [============>.................] - ETA: 1:31 - loss: 0.0158 - accuracy: 0.9959 69/146 [=============>................] - ETA: 1:30 - loss: 0.0157 - accuracy: 0.9959 70/146 [=============>................] - ETA: 1:29 - loss: 0.0155 - accuracy: 0.9960 71/146 [=============>................] - ETA: 1:28 - loss: 0.0153 - accuracy: 0.9960 72/146 [=============>................] - ETA: 1:26 - loss: 0.0151 - accuracy: 0.9961 73/146 [==============>...............] - ETA: 1:25 - loss: 0.0149 - accuracy: 0.9961 74/146 [==============>...............] - ETA: 1:24 - loss: 0.0147 - accuracy: 0.9962 75/146 [==============>...............] - ETA: 1:23 - loss: 0.0145 - accuracy: 0.9962 76/146 [==============>...............] - ETA: 1:22 - loss: 0.0144 - accuracy: 0.9963 77/146 [==============>...............] - ETA: 1:21 - loss: 0.0142 - accuracy: 0.9963 78/146 [===============>..............] - ETA: 1:19 - loss: 0.0141 - accuracy: 0.9964 79/146 [===============>..............] - ETA: 1:18 - loss: 0.0139 - accuracy: 0.9964 80/146 [===============>..............] - ETA: 1:17 - loss: 0.0139 - accuracy: 0.9965 81/146 [===============>..............] - ETA: 1:16 - loss: 0.0137 - accuracy: 0.9965 82/146 [===============>..............] - ETA: 1:15 - loss: 0.0136 - accuracy: 0.9966 83/146 [================>.............] - ETA: 1:13 - loss: 0.0135 - accuracy: 0.9966 84/146 [================>.............] - ETA: 1:12 - loss: 0.0134 - accuracy: 0.9967 85/146 [================>.............] - ETA: 1:11 - loss: 0.0137 - accuracy: 0.9963 86/146 [================>.............] - ETA: 1:10 - loss: 0.0135 - accuracy: 0.9964 87/146 [================>.............] - ETA: 1:09 - loss: 0.0134 - accuracy: 0.9964 88/146 [=================>............] - ETA: 1:07 - loss: 0.0141 - accuracy: 0.9961 89/146 [=================>............] - ETA: 1:06 - loss: 0.0139 - accuracy: 0.9961 90/146 [=================>............] - ETA: 1:05 - loss: 0.0138 - accuracy: 0.9962 91/146 [=================>............] - ETA: 1:04 - loss: 0.0136 - accuracy: 0.9962 92/146 [=================>............] - ETA: 1:03 - loss: 0.0135 - accuracy: 0.9963 93/146 [==================>...........] - ETA: 1:01 - loss: 0.0138 - accuracy: 0.9960 94/146 [==================>...........] - ETA: 1:00 - loss: 0.0136 - accuracy: 0.9960 95/146 [==================>...........] - ETA: 59s - loss: 0.0136 - accuracy: 0.9961  96/146 [==================>...........] - ETA: 58s - loss: 0.0135 - accuracy: 0.9961 97/146 [==================>...........] - ETA: 57s - loss: 0.0136 - accuracy: 0.9961 98/146 [===================>..........] - ETA: 56s - loss: 0.0135 - accuracy: 0.9962 99/146 [===================>..........] - ETA: 54s - loss: 0.0134 - accuracy: 0.9962100/146 [===================>..........] - ETA: 53s - loss: 0.0135 - accuracy: 0.9962101/146 [===================>..........] - ETA: 52s - loss: 0.0136 - accuracy: 0.9963102/146 [===================>..........] - ETA: 51s - loss: 0.0135 - accuracy: 0.9963103/146 [====================>.........] - ETA: 50s - loss: 0.0133 - accuracy: 0.9964104/146 [====================>.........] - ETA: 49s - loss: 0.0132 - accuracy: 0.9964105/146 [====================>.........] - ETA: 48s - loss: 0.0131 - accuracy: 0.9964106/146 [====================>.........] - ETA: 46s - loss: 0.0131 - accuracy: 0.9965107/146 [====================>.........] - ETA: 45s - loss: 0.0130 - accuracy: 0.9965108/146 [=====================>........] - ETA: 44s - loss: 0.0128 - accuracy: 0.9965109/146 [=====================>........] - ETA: 43s - loss: 0.0127 - accuracy: 0.9966110/146 [=====================>........] - ETA: 42s - loss: 0.0126 - accuracy: 0.9966111/146 [=====================>........] - ETA: 40s - loss: 0.0144 - accuracy: 0.9961112/146 [======================>.......] - ETA: 39s - loss: 0.0144 - accuracy: 0.9961113/146 [======================>.......] - ETA: 38s - loss: 0.0152 - accuracy: 0.9959114/146 [======================>.......] - ETA: 37s - loss: 0.0152 - accuracy: 0.9959115/146 [======================>.......] - ETA: 36s - loss: 0.0151 - accuracy: 0.9959116/146 [======================>.......] - ETA: 34s - loss: 0.0153 - accuracy: 0.9957117/146 [=======================>......] - ETA: 33s - loss: 0.0153 - accuracy: 0.9957118/146 [=======================>......] - ETA: 32s - loss: 0.0166 - accuracy: 0.9955119/146 [=======================>......] - ETA: 31s - loss: 0.0165 - accuracy: 0.9955120/146 [=======================>......] - ETA: 30s - loss: 0.0164 - accuracy: 0.9956121/146 [=======================>......] - ETA: 29s - loss: 0.0166 - accuracy: 0.9954122/146 [========================>.....] - ETA: 27s - loss: 0.0166 - accuracy: 0.9954123/146 [========================>.....] - ETA: 26s - loss: 0.0165 - accuracy: 0.9954124/146 [========================>.....] - ETA: 25s - loss: 0.0167 - accuracy: 0.9952125/146 [========================>.....] - ETA: 24s - loss: 0.0166 - accuracy: 0.9952126/146 [========================>.....] - ETA: 23s - loss: 0.0165 - accuracy: 0.9953127/146 [=========================>....] - ETA: 22s - loss: 0.0164 - accuracy: 0.9953128/146 [=========================>....] - ETA: 20s - loss: 0.0165 - accuracy: 0.9951129/146 [=========================>....] - ETA: 19s - loss: 0.0164 - accuracy: 0.9952130/146 [=========================>....] - ETA: 18s - loss: 0.0163 - accuracy: 0.9952131/146 [=========================>....] - ETA: 17s - loss: 0.0162 - accuracy: 0.9952132/146 [==========================>...] - ETA: 16s - loss: 0.0161 - accuracy: 0.9953133/146 [==========================>...] - ETA: 15s - loss: 0.0160 - accuracy: 0.9953134/146 [==========================>...] - ETA: 13s - loss: 0.0159 - accuracy: 0.9953135/146 [==========================>...] - ETA: 12s - loss: 0.0158 - accuracy: 0.9954136/146 [==========================>...] - ETA: 11s - loss: 0.0157 - accuracy: 0.9954137/146 [===========================>..] - ETA: 10s - loss: 0.0156 - accuracy: 0.9954138/146 [===========================>..] - ETA: 9s - loss: 0.0156 - accuracy: 0.9955 139/146 [===========================>..] - ETA: 8s - loss: 0.0155 - accuracy: 0.9955140/146 [===========================>..] - ETA: 7s - loss: 0.0157 - accuracy: 0.9953141/146 [===========================>..] - ETA: 5s - loss: 0.0156 - accuracy: 0.9953142/146 [============================>.] - ETA: 4s - loss: 0.0155 - accuracy: 0.9954143/146 [============================>.] - ETA: 3s - loss: 0.0154 - accuracy: 0.9954144/146 [============================>.] - ETA: 2s - loss: 0.0153 - accuracy: 0.9954145/146 [============================>.] - ETA: 1s - loss: 0.0152 - accuracy: 0.9955146/146 [==============================] - ETA: 0s - loss: 0.0152 - accuracy: 0.9955146/146 [==============================] - 186s 1s/step - loss: 0.0152 - accuracy: 0.9955 - val_loss: 0.8484 - val_accuracy: 0.9013
Epoch 97/108
  1/146 [..............................] - ETA: 2:48 - loss: 0.0571 - accuracy: 0.9688  2/146 [..............................] - ETA: 2:59 - loss: 0.0290 - accuracy: 0.9844  3/146 [..............................] - ETA: 2:56 - loss: 0.0209 - accuracy: 0.9896  4/146 [..............................] - ETA: 2:53 - loss: 0.0160 - accuracy: 0.9922  5/146 [>.............................] - ETA: 2:53 - loss: 0.0128 - accuracy: 0.9937  6/146 [>.............................] - ETA: 2:49 - loss: 0.0107 - accuracy: 0.9948  7/146 [>.............................] - ETA: 2:45 - loss: 0.0138 - accuracy: 0.9911  8/146 [>.............................] - ETA: 2:43 - loss: 0.0121 - accuracy: 0.9922  9/146 [>.............................] - ETA: 2:42 - loss: 0.0126 - accuracy: 0.9931 10/146 [=>............................] - ETA: 2:42 - loss: 0.0124 - accuracy: 0.9937 11/146 [=>............................] - ETA: 2:42 - loss: 0.0154 - accuracy: 0.9915 12/146 [=>............................] - ETA: 2:40 - loss: 0.0143 - accuracy: 0.9922 13/146 [=>............................] - ETA: 2:38 - loss: 0.0133 - accuracy: 0.9928 14/146 [=>............................] - ETA: 2:37 - loss: 0.0129 - accuracy: 0.9933 15/146 [==>...........................] - ETA: 2:36 - loss: 0.0121 - accuracy: 0.9937 16/146 [==>...........................] - ETA: 2:35 - loss: 0.0119 - accuracy: 0.9941 17/146 [==>...........................] - ETA: 2:34 - loss: 0.0119 - accuracy: 0.9945 18/146 [==>...........................] - ETA: 2:32 - loss: 0.0122 - accuracy: 0.9948 19/146 [==>...........................] - ETA: 2:31 - loss: 0.0149 - accuracy: 0.9934 20/146 [===>..........................] - ETA: 2:30 - loss: 0.0181 - accuracy: 0.9922 21/146 [===>..........................] - ETA: 2:29 - loss: 0.0183 - accuracy: 0.9926 22/146 [===>..........................] - ETA: 2:28 - loss: 0.0174 - accuracy: 0.9929 23/146 [===>..........................] - ETA: 2:27 - loss: 0.0169 - accuracy: 0.9932 24/146 [===>..........................] - ETA: 2:26 - loss: 0.0162 - accuracy: 0.9935 25/146 [====>.........................] - ETA: 2:24 - loss: 0.0211 - accuracy: 0.9925 26/146 [====>.........................] - ETA: 2:23 - loss: 0.0206 - accuracy: 0.9928 27/146 [====>.........................] - ETA: 2:22 - loss: 0.0240 - accuracy: 0.9919 28/146 [====>.........................] - ETA: 2:20 - loss: 0.0232 - accuracy: 0.9922 29/146 [====>.........................] - ETA: 2:18 - loss: 0.0226 - accuracy: 0.9925 30/146 [=====>........................] - ETA: 2:17 - loss: 0.0219 - accuracy: 0.9927 31/146 [=====>........................] - ETA: 2:15 - loss: 0.0213 - accuracy: 0.9929 32/146 [=====>........................] - ETA: 2:14 - loss: 0.0206 - accuracy: 0.9932 33/146 [=====>........................] - ETA: 2:12 - loss: 0.0201 - accuracy: 0.9934 34/146 [=====>........................] - ETA: 2:11 - loss: 0.0195 - accuracy: 0.9936 35/146 [======>.......................] - ETA: 2:10 - loss: 0.0190 - accuracy: 0.9937 36/146 [======>.......................] - ETA: 2:08 - loss: 0.0185 - accuracy: 0.9939 37/146 [======>.......................] - ETA: 2:07 - loss: 0.0185 - accuracy: 0.9941 38/146 [======>.......................] - ETA: 2:06 - loss: 0.0182 - accuracy: 0.9942 39/146 [=======>......................] - ETA: 2:05 - loss: 0.0189 - accuracy: 0.9936 40/146 [=======>......................] - ETA: 2:04 - loss: 0.0190 - accuracy: 0.9930 41/146 [=======>......................] - ETA: 2:03 - loss: 0.0186 - accuracy: 0.9931 42/146 [=======>......................] - ETA: 2:02 - loss: 0.0181 - accuracy: 0.9933 43/146 [=======>......................] - ETA: 2:01 - loss: 0.0186 - accuracy: 0.9927 44/146 [========>.....................] - ETA: 1:59 - loss: 0.0182 - accuracy: 0.9929 45/146 [========>.....................] - ETA: 1:58 - loss: 0.0179 - accuracy: 0.9931 46/146 [========>.....................] - ETA: 1:57 - loss: 0.0176 - accuracy: 0.9932 47/146 [========>.....................] - ETA: 1:56 - loss: 0.0172 - accuracy: 0.9934 48/146 [========>.....................] - ETA: 1:55 - loss: 0.0169 - accuracy: 0.9935 49/146 [=========>....................] - ETA: 1:54 - loss: 0.0166 - accuracy: 0.9936 50/146 [=========>....................] - ETA: 1:53 - loss: 0.0163 - accuracy: 0.9937 51/146 [=========>....................] - ETA: 1:51 - loss: 0.0160 - accuracy: 0.9939 52/146 [=========>....................] - ETA: 1:50 - loss: 0.0157 - accuracy: 0.9940 53/146 [=========>....................] - ETA: 1:49 - loss: 0.0155 - accuracy: 0.9941 54/146 [==========>...................] - ETA: 1:48 - loss: 0.0152 - accuracy: 0.9942 55/146 [==========>...................] - ETA: 1:47 - loss: 0.0153 - accuracy: 0.9943 56/146 [==========>...................] - ETA: 1:46 - loss: 0.0150 - accuracy: 0.9944 57/146 [==========>...................] - ETA: 1:44 - loss: 0.0148 - accuracy: 0.9945 58/146 [==========>...................] - ETA: 1:43 - loss: 0.0153 - accuracy: 0.9941 59/146 [===========>..................] - ETA: 1:42 - loss: 0.0152 - accuracy: 0.9942 60/146 [===========>..................] - ETA: 1:41 - loss: 0.0156 - accuracy: 0.9937 61/146 [===========>..................] - ETA: 1:40 - loss: 0.0153 - accuracy: 0.9939 62/146 [===========>..................] - ETA: 1:39 - loss: 0.0153 - accuracy: 0.9940 63/146 [===========>..................] - ETA: 1:38 - loss: 0.0152 - accuracy: 0.9940 64/146 [============>.................] - ETA: 1:36 - loss: 0.0150 - accuracy: 0.9941 65/146 [============>.................] - ETA: 1:35 - loss: 0.0148 - accuracy: 0.9942 66/146 [============>.................] - ETA: 1:34 - loss: 0.0146 - accuracy: 0.9943 67/146 [============>.................] - ETA: 1:33 - loss: 0.0144 - accuracy: 0.9944 68/146 [============>.................] - ETA: 1:32 - loss: 0.0142 - accuracy: 0.9945 69/146 [=============>................] - ETA: 1:31 - loss: 0.0140 - accuracy: 0.9946 70/146 [=============>................] - ETA: 1:29 - loss: 0.0141 - accuracy: 0.9946 71/146 [=============>................] - ETA: 1:28 - loss: 0.0142 - accuracy: 0.9947 72/146 [=============>................] - ETA: 1:27 - loss: 0.0140 - accuracy: 0.9948 73/146 [==============>...............] - ETA: 1:26 - loss: 0.0139 - accuracy: 0.9949 74/146 [==============>...............] - ETA: 1:24 - loss: 0.0138 - accuracy: 0.9949 75/146 [==============>...............] - ETA: 1:23 - loss: 0.0139 - accuracy: 0.9946 76/146 [==============>...............] - ETA: 1:22 - loss: 0.0138 - accuracy: 0.9947 77/146 [==============>...............] - ETA: 1:21 - loss: 0.0136 - accuracy: 0.9947 78/146 [===============>..............] - ETA: 1:19 - loss: 0.0141 - accuracy: 0.9944 79/146 [===============>..............] - ETA: 1:18 - loss: 0.0139 - accuracy: 0.9945 80/146 [===============>..............] - ETA: 1:17 - loss: 0.0138 - accuracy: 0.9945 81/146 [===============>..............] - ETA: 1:16 - loss: 0.0136 - accuracy: 0.9946 82/146 [===============>..............] - ETA: 1:15 - loss: 0.0139 - accuracy: 0.9943 83/146 [================>.............] - ETA: 1:13 - loss: 0.0147 - accuracy: 0.9940 84/146 [================>.............] - ETA: 1:12 - loss: 0.0145 - accuracy: 0.9940 85/146 [================>.............] - ETA: 1:11 - loss: 0.0143 - accuracy: 0.9941 86/146 [================>.............] - ETA: 1:10 - loss: 0.0142 - accuracy: 0.9942 87/146 [================>.............] - ETA: 1:09 - loss: 0.0140 - accuracy: 0.9943 88/146 [=================>............] - ETA: 1:08 - loss: 0.0139 - accuracy: 0.9943 89/146 [=================>............] - ETA: 1:07 - loss: 0.0138 - accuracy: 0.9944 90/146 [=================>............] - ETA: 1:05 - loss: 0.0137 - accuracy: 0.9944 91/146 [=================>............] - ETA: 1:04 - loss: 0.0135 - accuracy: 0.9945 92/146 [=================>............] - ETA: 1:03 - loss: 0.0134 - accuracy: 0.9946 93/146 [==================>...........] - ETA: 1:02 - loss: 0.0133 - accuracy: 0.9946 94/146 [==================>...........] - ETA: 1:01 - loss: 0.0131 - accuracy: 0.9947 95/146 [==================>...........] - ETA: 1:00 - loss: 0.0130 - accuracy: 0.9947 96/146 [==================>...........] - ETA: 58s - loss: 0.0129 - accuracy: 0.9948  97/146 [==================>...........] - ETA: 57s - loss: 0.0130 - accuracy: 0.9948 98/146 [===================>..........] - ETA: 56s - loss: 0.0130 - accuracy: 0.9949 99/146 [===================>..........] - ETA: 55s - loss: 0.0130 - accuracy: 0.9949100/146 [===================>..........] - ETA: 54s - loss: 0.0128 - accuracy: 0.9950101/146 [===================>..........] - ETA: 52s - loss: 0.0127 - accuracy: 0.9950102/146 [===================>..........] - ETA: 51s - loss: 0.0126 - accuracy: 0.9951103/146 [====================>.........] - ETA: 50s - loss: 0.0125 - accuracy: 0.9951104/146 [====================>.........] - ETA: 49s - loss: 0.0123 - accuracy: 0.9952105/146 [====================>.........] - ETA: 48s - loss: 0.0129 - accuracy: 0.9949106/146 [====================>.........] - ETA: 47s - loss: 0.0128 - accuracy: 0.9950107/146 [====================>.........] - ETA: 45s - loss: 0.0127 - accuracy: 0.9950108/146 [=====================>........] - ETA: 44s - loss: 0.0126 - accuracy: 0.9951109/146 [=====================>........] - ETA: 43s - loss: 0.0125 - accuracy: 0.9951110/146 [=====================>........] - ETA: 42s - loss: 0.0124 - accuracy: 0.9952111/146 [=====================>........] - ETA: 41s - loss: 0.0122 - accuracy: 0.9952112/146 [======================>.......] - ETA: 39s - loss: 0.0122 - accuracy: 0.9953113/146 [======================>.......] - ETA: 38s - loss: 0.0121 - accuracy: 0.9953114/146 [======================>.......] - ETA: 37s - loss: 0.0128 - accuracy: 0.9951115/146 [======================>.......] - ETA: 36s - loss: 0.0131 - accuracy: 0.9946116/146 [======================>.......] - ETA: 35s - loss: 0.0130 - accuracy: 0.9946117/146 [=======================>......] - ETA: 34s - loss: 0.0129 - accuracy: 0.9947118/146 [=======================>......] - ETA: 32s - loss: 0.0128 - accuracy: 0.9947119/146 [=======================>......] - ETA: 31s - loss: 0.0128 - accuracy: 0.9947120/146 [=======================>......] - ETA: 30s - loss: 0.0127 - accuracy: 0.9948121/146 [=======================>......] - ETA: 29s - loss: 0.0126 - accuracy: 0.9948122/146 [========================>.....] - ETA: 28s - loss: 0.0125 - accuracy: 0.9949123/146 [========================>.....] - ETA: 26s - loss: 0.0125 - accuracy: 0.9949124/146 [========================>.....] - ETA: 25s - loss: 0.0126 - accuracy: 0.9950125/146 [========================>.....] - ETA: 24s - loss: 0.0128 - accuracy: 0.9950126/146 [========================>.....] - ETA: 23s - loss: 0.0128 - accuracy: 0.9950127/146 [=========================>....] - ETA: 22s - loss: 0.0128 - accuracy: 0.9951128/146 [=========================>....] - ETA: 21s - loss: 0.0127 - accuracy: 0.9951129/146 [=========================>....] - ETA: 19s - loss: 0.0132 - accuracy: 0.9949130/146 [=========================>....] - ETA: 18s - loss: 0.0131 - accuracy: 0.9950131/146 [=========================>....] - ETA: 17s - loss: 0.0130 - accuracy: 0.9950132/146 [==========================>...] - ETA: 16s - loss: 0.0131 - accuracy: 0.9948133/146 [==========================>...] - ETA: 15s - loss: 0.0131 - accuracy: 0.9948134/146 [==========================>...] - ETA: 14s - loss: 0.0130 - accuracy: 0.9949135/146 [==========================>...] - ETA: 12s - loss: 0.0129 - accuracy: 0.9949136/146 [==========================>...] - ETA: 11s - loss: 0.0128 - accuracy: 0.9949137/146 [===========================>..] - ETA: 10s - loss: 0.0128 - accuracy: 0.9950138/146 [===========================>..] - ETA: 9s - loss: 0.0131 - accuracy: 0.9948 139/146 [===========================>..] - ETA: 8s - loss: 0.0132 - accuracy: 0.9946140/146 [===========================>..] - ETA: 6s - loss: 0.0131 - accuracy: 0.9946141/146 [===========================>..] - ETA: 5s - loss: 0.0132 - accuracy: 0.9947142/146 [============================>.] - ETA: 4s - loss: 0.0131 - accuracy: 0.9947143/146 [============================>.] - ETA: 3s - loss: 0.0132 - accuracy: 0.9945144/146 [============================>.] - ETA: 2s - loss: 0.0131 - accuracy: 0.9946145/146 [============================>.] - ETA: 1s - loss: 0.0132 - accuracy: 0.9946146/146 [==============================] - ETA: 0s - loss: 0.0143 - accuracy: 0.9944146/146 [==============================] - 190s 1s/step - loss: 0.0143 - accuracy: 0.9944 - val_loss: 1.1329 - val_accuracy: 0.8989
Epoch 98/108
  1/146 [..............................] - ETA: 2:49 - loss: 0.2184 - accuracy: 0.9688  2/146 [..............................] - ETA: 2:49 - loss: 0.1932 - accuracy: 0.9375  3/146 [..............................] - ETA: 2:44 - loss: 0.2349 - accuracy: 0.9167  4/146 [..............................] - ETA: 2:41 - loss: 0.1811 - accuracy: 0.9375  5/146 [>.............................] - ETA: 2:42 - loss: 0.1883 - accuracy: 0.9375  6/146 [>.............................] - ETA: 2:41 - loss: 0.1623 - accuracy: 0.9427  7/146 [>.............................] - ETA: 2:39 - loss: 0.1764 - accuracy: 0.9420  8/146 [>.............................] - ETA: 2:40 - loss: 0.1590 - accuracy: 0.9453  9/146 [>.............................] - ETA: 2:38 - loss: 0.1681 - accuracy: 0.9444 10/146 [=>............................] - ETA: 2:38 - loss: 0.2057 - accuracy: 0.9312 11/146 [=>............................] - ETA: 2:36 - loss: 0.1878 - accuracy: 0.9375 12/146 [=>............................] - ETA: 2:35 - loss: 0.1788 - accuracy: 0.9401 13/146 [=>............................] - ETA: 2:34 - loss: 0.1690 - accuracy: 0.9447 14/146 [=>............................] - ETA: 2:33 - loss: 0.1633 - accuracy: 0.9464 15/146 [==>...........................] - ETA: 2:32 - loss: 0.1586 - accuracy: 0.9479 16/146 [==>...........................] - ETA: 2:31 - loss: 0.1535 - accuracy: 0.9492 17/146 [==>...........................] - ETA: 2:30 - loss: 0.1576 - accuracy: 0.9449 18/146 [==>...........................] - ETA: 2:29 - loss: 0.1540 - accuracy: 0.9444 19/146 [==>...........................] - ETA: 2:27 - loss: 0.1495 - accuracy: 0.9474 20/146 [===>..........................] - ETA: 2:26 - loss: 0.1428 - accuracy: 0.9500 21/146 [===>..........................] - ETA: 2:26 - loss: 0.1423 - accuracy: 0.9494 22/146 [===>..........................] - ETA: 2:25 - loss: 0.1397 - accuracy: 0.9489 23/146 [===>..........................] - ETA: 2:24 - loss: 0.1368 - accuracy: 0.9497 24/146 [===>..........................] - ETA: 2:22 - loss: 0.1334 - accuracy: 0.9505 25/146 [====>.........................] - ETA: 2:21 - loss: 0.1326 - accuracy: 0.9513 26/146 [====>.........................] - ETA: 2:20 - loss: 0.1296 - accuracy: 0.9519 27/146 [====>.........................] - ETA: 2:19 - loss: 0.1258 - accuracy: 0.9525 28/146 [====>.........................] - ETA: 2:17 - loss: 0.1237 - accuracy: 0.9531 29/146 [====>.........................] - ETA: 2:16 - loss: 0.1217 - accuracy: 0.9547 30/146 [=====>........................] - ETA: 2:15 - loss: 0.1192 - accuracy: 0.9552 31/146 [=====>........................] - ETA: 2:14 - loss: 0.1202 - accuracy: 0.9546 32/146 [=====>........................] - ETA: 2:13 - loss: 0.1166 - accuracy: 0.9561 33/146 [=====>........................] - ETA: 2:12 - loss: 0.1163 - accuracy: 0.9555 34/146 [=====>........................] - ETA: 2:11 - loss: 0.1153 - accuracy: 0.9559 35/146 [======>.......................] - ETA: 2:09 - loss: 0.1176 - accuracy: 0.9554 36/146 [======>.......................] - ETA: 2:08 - loss: 0.1163 - accuracy: 0.9557 37/146 [======>.......................] - ETA: 2:07 - loss: 0.1172 - accuracy: 0.9561 38/146 [======>.......................] - ETA: 2:05 - loss: 0.1148 - accuracy: 0.9572 39/146 [=======>......................] - ETA: 2:04 - loss: 0.1132 - accuracy: 0.9575 40/146 [=======>......................] - ETA: 2:03 - loss: 0.1108 - accuracy: 0.9586 41/146 [=======>......................] - ETA: 2:01 - loss: 0.1114 - accuracy: 0.9581 42/146 [=======>......................] - ETA: 2:00 - loss: 0.1160 - accuracy: 0.9561 43/146 [=======>......................] - ETA: 1:59 - loss: 0.1196 - accuracy: 0.9564 44/146 [========>.....................] - ETA: 1:57 - loss: 0.1178 - accuracy: 0.9574 45/146 [========>.....................] - ETA: 1:56 - loss: 0.1156 - accuracy: 0.9583 46/146 [========>.....................] - ETA: 1:55 - loss: 0.1145 - accuracy: 0.9579 47/146 [========>.....................] - ETA: 1:53 - loss: 0.1157 - accuracy: 0.9561 48/146 [========>.....................] - ETA: 1:51 - loss: 0.1147 - accuracy: 0.9557 49/146 [=========>....................] - ETA: 1:50 - loss: 0.1129 - accuracy: 0.9566 50/146 [=========>....................] - ETA: 1:48 - loss: 0.1159 - accuracy: 0.9563 51/146 [=========>....................] - ETA: 1:46 - loss: 0.1153 - accuracy: 0.9559 52/146 [=========>....................] - ETA: 1:45 - loss: 0.1195 - accuracy: 0.9549 53/146 [=========>....................] - ETA: 1:43 - loss: 0.1176 - accuracy: 0.9558 54/146 [==========>...................] - ETA: 1:42 - loss: 0.1171 - accuracy: 0.9560 55/146 [==========>...................] - ETA: 1:41 - loss: 0.1158 - accuracy: 0.9568 56/146 [==========>...................] - ETA: 1:40 - loss: 0.1146 - accuracy: 0.9570 57/146 [==========>...................] - ETA: 1:39 - loss: 0.1133 - accuracy: 0.9572 58/146 [==========>...................] - ETA: 1:38 - loss: 0.1122 - accuracy: 0.9574 59/146 [===========>..................] - ETA: 1:37 - loss: 0.1117 - accuracy: 0.9571 60/146 [===========>..................] - ETA: 1:36 - loss: 0.1121 - accuracy: 0.9563 61/146 [===========>..................] - ETA: 1:35 - loss: 0.1133 - accuracy: 0.9559 62/146 [===========>..................] - ETA: 1:33 - loss: 0.1123 - accuracy: 0.9561 63/146 [===========>..................] - ETA: 1:32 - loss: 0.1108 - accuracy: 0.9568 64/146 [============>.................] - ETA: 1:32 - loss: 0.1118 - accuracy: 0.9561 65/146 [============>.................] - ETA: 1:31 - loss: 0.1111 - accuracy: 0.9563 66/146 [============>.................] - ETA: 1:29 - loss: 0.1143 - accuracy: 0.9550 67/146 [============>.................] - ETA: 1:29 - loss: 0.1130 - accuracy: 0.9557 68/146 [============>.................] - ETA: 1:27 - loss: 0.1120 - accuracy: 0.9563 69/146 [=============>................] - ETA: 1:26 - loss: 0.1113 - accuracy: 0.9565 70/146 [=============>................] - ETA: 1:25 - loss: 0.1106 - accuracy: 0.9571 71/146 [=============>................] - ETA: 1:24 - loss: 0.1096 - accuracy: 0.9577 72/146 [=============>................] - ETA: 1:23 - loss: 0.1088 - accuracy: 0.9583 73/146 [==============>...............] - ETA: 1:22 - loss: 0.1109 - accuracy: 0.9580 74/146 [==============>...............] - ETA: 1:21 - loss: 0.1100 - accuracy: 0.9586 75/146 [==============>...............] - ETA: 1:20 - loss: 0.1091 - accuracy: 0.9588 76/146 [==============>...............] - ETA: 1:19 - loss: 0.1100 - accuracy: 0.9585 77/146 [==============>...............] - ETA: 1:18 - loss: 0.1090 - accuracy: 0.9590 78/146 [===============>..............] - ETA: 1:16 - loss: 0.1081 - accuracy: 0.9595 79/146 [===============>..............] - ETA: 1:15 - loss: 0.1086 - accuracy: 0.9597 80/146 [===============>..............] - ETA: 1:14 - loss: 0.1082 - accuracy: 0.9598 81/146 [===============>..............] - ETA: 1:13 - loss: 0.1087 - accuracy: 0.9595 82/146 [===============>..............] - ETA: 1:12 - loss: 0.1078 - accuracy: 0.9596 83/146 [================>.............] - ETA: 1:11 - loss: 0.1076 - accuracy: 0.9593 84/146 [================>.............] - ETA: 1:09 - loss: 0.1071 - accuracy: 0.9594 85/146 [================>.............] - ETA: 1:08 - loss: 0.1063 - accuracy: 0.9599 86/146 [================>.............] - ETA: 1:07 - loss: 0.1053 - accuracy: 0.9604 87/146 [================>.............] - ETA: 1:06 - loss: 0.1046 - accuracy: 0.9605 88/146 [=================>............] - ETA: 1:05 - loss: 0.1037 - accuracy: 0.9609 89/146 [=================>............] - ETA: 1:04 - loss: 0.1027 - accuracy: 0.9614 90/146 [=================>............] - ETA: 1:03 - loss: 0.1017 - accuracy: 0.9618 91/146 [=================>............] - ETA: 1:02 - loss: 0.1011 - accuracy: 0.9622 92/146 [=================>............] - ETA: 1:01 - loss: 0.1003 - accuracy: 0.9626 93/146 [==================>...........] - ETA: 1:00 - loss: 0.0994 - accuracy: 0.9630 94/146 [==================>...........] - ETA: 58s - loss: 0.0996 - accuracy: 0.9628  95/146 [==================>...........] - ETA: 57s - loss: 0.0994 - accuracy: 0.9628 96/146 [==================>...........] - ETA: 56s - loss: 0.0984 - accuracy: 0.9632 97/146 [==================>...........] - ETA: 55s - loss: 0.0974 - accuracy: 0.9636 98/146 [===================>..........] - ETA: 54s - loss: 0.0972 - accuracy: 0.9636 99/146 [===================>..........] - ETA: 53s - loss: 0.0969 - accuracy: 0.9637100/146 [===================>..........] - ETA: 52s - loss: 0.0981 - accuracy: 0.9638101/146 [===================>..........] - ETA: 51s - loss: 0.0975 - accuracy: 0.9638102/146 [===================>..........] - ETA: 50s - loss: 0.0984 - accuracy: 0.9635103/146 [====================>.........] - ETA: 48s - loss: 0.0975 - accuracy: 0.9639104/146 [====================>.........] - ETA: 47s - loss: 0.0966 - accuracy: 0.9642105/146 [====================>.........] - ETA: 46s - loss: 0.0967 - accuracy: 0.9643106/146 [====================>.........] - ETA: 45s - loss: 0.0958 - accuracy: 0.9646107/146 [====================>.........] - ETA: 44s - loss: 0.0952 - accuracy: 0.9650108/146 [=====================>........] - ETA: 43s - loss: 0.0958 - accuracy: 0.9650109/146 [=====================>........] - ETA: 42s - loss: 0.0953 - accuracy: 0.9653110/146 [=====================>........] - ETA: 41s - loss: 0.0947 - accuracy: 0.9653111/146 [=====================>........] - ETA: 40s - loss: 0.0947 - accuracy: 0.9651112/146 [======================>.......] - ETA: 38s - loss: 0.0944 - accuracy: 0.9651113/146 [======================>.......] - ETA: 37s - loss: 0.0938 - accuracy: 0.9654114/146 [======================>.......] - ETA: 36s - loss: 0.0937 - accuracy: 0.9655115/146 [======================>.......] - ETA: 35s - loss: 0.0931 - accuracy: 0.9655116/146 [======================>.......] - ETA: 34s - loss: 0.0926 - accuracy: 0.9658117/146 [=======================>......] - ETA: 33s - loss: 0.0923 - accuracy: 0.9661118/146 [=======================>......] - ETA: 32s - loss: 0.0920 - accuracy: 0.9664119/146 [=======================>......] - ETA: 30s - loss: 0.0913 - accuracy: 0.9666120/146 [=======================>......] - ETA: 29s - loss: 0.0909 - accuracy: 0.9669121/146 [=======================>......] - ETA: 28s - loss: 0.0912 - accuracy: 0.9669122/146 [========================>.....] - ETA: 27s - loss: 0.0912 - accuracy: 0.9667123/146 [========================>.....] - ETA: 26s - loss: 0.0905 - accuracy: 0.9670124/146 [========================>.....] - ETA: 25s - loss: 0.0919 - accuracy: 0.9670125/146 [========================>.....] - ETA: 24s - loss: 0.0914 - accuracy: 0.9672126/146 [========================>.....] - ETA: 23s - loss: 0.0911 - accuracy: 0.9673127/146 [=========================>....] - ETA: 21s - loss: 0.0904 - accuracy: 0.9675128/146 [=========================>....] - ETA: 20s - loss: 0.0902 - accuracy: 0.9675129/146 [=========================>....] - ETA: 19s - loss: 0.0897 - accuracy: 0.9675130/146 [=========================>....] - ETA: 18s - loss: 0.0904 - accuracy: 0.9673131/146 [=========================>....] - ETA: 17s - loss: 0.0912 - accuracy: 0.9673132/146 [==========================>...] - ETA: 16s - loss: 0.0905 - accuracy: 0.9676133/146 [==========================>...] - ETA: 15s - loss: 0.0901 - accuracy: 0.9676134/146 [==========================>...] - ETA: 13s - loss: 0.0903 - accuracy: 0.9676135/146 [==========================>...] - ETA: 12s - loss: 0.0897 - accuracy: 0.9678136/146 [==========================>...] - ETA: 11s - loss: 0.0891 - accuracy: 0.9681137/146 [===========================>..] - ETA: 10s - loss: 0.0892 - accuracy: 0.9678138/146 [===========================>..] - ETA: 9s - loss: 0.0888 - accuracy: 0.9678 139/146 [===========================>..] - ETA: 8s - loss: 0.0885 - accuracy: 0.9681140/146 [===========================>..] - ETA: 6s - loss: 0.0879 - accuracy: 0.9683141/146 [===========================>..] - ETA: 5s - loss: 0.0876 - accuracy: 0.9683142/146 [============================>.] - ETA: 4s - loss: 0.0874 - accuracy: 0.9683143/146 [============================>.] - ETA: 3s - loss: 0.0871 - accuracy: 0.9685144/146 [============================>.] - ETA: 2s - loss: 0.0870 - accuracy: 0.9685145/146 [============================>.] - ETA: 1s - loss: 0.0867 - accuracy: 0.9688146/146 [==============================] - ETA: 0s - loss: 0.0867 - accuracy: 0.9688146/146 [==============================] - 184s 1s/step - loss: 0.0867 - accuracy: 0.9688 - val_loss: 0.5600 - val_accuracy: 0.8981
Epoch 99/108
  1/146 [..............................] - ETA: 2:49 - loss: 0.0374 - accuracy: 1.0000  2/146 [..............................] - ETA: 2:49 - loss: 0.0272 - accuracy: 1.0000  3/146 [..............................] - ETA: 2:48 - loss: 0.0262 - accuracy: 1.0000  4/146 [..............................] - ETA: 2:47 - loss: 0.0320 - accuracy: 0.9922  5/146 [>.............................] - ETA: 2:49 - loss: 0.0315 - accuracy: 0.9937  6/146 [>.............................] - ETA: 2:47 - loss: 0.0291 - accuracy: 0.9948  7/146 [>.............................] - ETA: 2:46 - loss: 0.0256 - accuracy: 0.9955  8/146 [>.............................] - ETA: 2:45 - loss: 0.0571 - accuracy: 0.9883  9/146 [>.............................] - ETA: 2:42 - loss: 0.0524 - accuracy: 0.9896 10/146 [=>............................] - ETA: 2:39 - loss: 0.0492 - accuracy: 0.9906 11/146 [=>............................] - ETA: 2:37 - loss: 0.0454 - accuracy: 0.9915 12/146 [=>............................] - ETA: 2:35 - loss: 0.0463 - accuracy: 0.9896 13/146 [=>............................] - ETA: 2:33 - loss: 0.0432 - accuracy: 0.9904 14/146 [=>............................] - ETA: 2:32 - loss: 0.0416 - accuracy: 0.9911 15/146 [==>...........................] - ETA: 2:30 - loss: 0.0421 - accuracy: 0.9896 16/146 [==>...........................] - ETA: 2:29 - loss: 0.0400 - accuracy: 0.9902 17/146 [==>...........................] - ETA: 2:28 - loss: 0.0385 - accuracy: 0.9908 18/146 [==>...........................] - ETA: 2:26 - loss: 0.0368 - accuracy: 0.9913 19/146 [==>...........................] - ETA: 2:24 - loss: 0.0349 - accuracy: 0.9918 20/146 [===>..........................] - ETA: 2:22 - loss: 0.0336 - accuracy: 0.9922 21/146 [===>..........................] - ETA: 2:21 - loss: 0.0321 - accuracy: 0.9926 22/146 [===>..........................] - ETA: 2:20 - loss: 0.0306 - accuracy: 0.9929 23/146 [===>..........................] - ETA: 2:18 - loss: 0.0296 - accuracy: 0.9932 24/146 [===>..........................] - ETA: 2:17 - loss: 0.0288 - accuracy: 0.9935 25/146 [====>.........................] - ETA: 2:16 - loss: 0.0277 - accuracy: 0.9937 26/146 [====>.........................] - ETA: 2:14 - loss: 0.0268 - accuracy: 0.9940 27/146 [====>.........................] - ETA: 2:12 - loss: 0.0260 - accuracy: 0.9942 28/146 [====>.........................] - ETA: 2:12 - loss: 0.0258 - accuracy: 0.9944 29/146 [====>.........................] - ETA: 2:11 - loss: 0.0274 - accuracy: 0.9935 30/146 [=====>........................] - ETA: 2:10 - loss: 0.0293 - accuracy: 0.9927 31/146 [=====>........................] - ETA: 2:09 - loss: 0.0284 - accuracy: 0.9929 32/146 [=====>........................] - ETA: 2:08 - loss: 0.0277 - accuracy: 0.9932 33/146 [=====>........................] - ETA: 2:07 - loss: 0.0278 - accuracy: 0.9934 34/146 [=====>........................] - ETA: 2:06 - loss: 0.0271 - accuracy: 0.9936 35/146 [======>.......................] - ETA: 2:05 - loss: 0.0264 - accuracy: 0.9937 36/146 [======>.......................] - ETA: 2:04 - loss: 0.0257 - accuracy: 0.9939 37/146 [======>.......................] - ETA: 2:03 - loss: 0.0265 - accuracy: 0.9932 38/146 [======>.......................] - ETA: 2:02 - loss: 0.0269 - accuracy: 0.9934 39/146 [=======>......................] - ETA: 2:01 - loss: 0.0265 - accuracy: 0.9936 40/146 [=======>......................] - ETA: 2:00 - loss: 0.0268 - accuracy: 0.9930 41/146 [=======>......................] - ETA: 1:59 - loss: 0.0272 - accuracy: 0.9924 42/146 [=======>......................] - ETA: 1:58 - loss: 0.0266 - accuracy: 0.9926 43/146 [=======>......................] - ETA: 1:57 - loss: 0.0262 - accuracy: 0.9927 44/146 [========>.....................] - ETA: 1:56 - loss: 0.0260 - accuracy: 0.9929 45/146 [========>.....................] - ETA: 1:54 - loss: 0.0255 - accuracy: 0.9931 46/146 [========>.....................] - ETA: 1:53 - loss: 0.0251 - accuracy: 0.9932 47/146 [========>.....................] - ETA: 1:52 - loss: 0.0247 - accuracy: 0.9934 48/146 [========>.....................] - ETA: 1:51 - loss: 0.0245 - accuracy: 0.9935 49/146 [=========>....................] - ETA: 1:50 - loss: 0.0240 - accuracy: 0.9936 50/146 [=========>....................] - ETA: 1:49 - loss: 0.0237 - accuracy: 0.9937 51/146 [=========>....................] - ETA: 1:47 - loss: 0.0233 - accuracy: 0.9939 52/146 [=========>....................] - ETA: 1:46 - loss: 0.0228 - accuracy: 0.9940 53/146 [=========>....................] - ETA: 1:45 - loss: 0.0242 - accuracy: 0.9935 54/146 [==========>...................] - ETA: 1:44 - loss: 0.0240 - accuracy: 0.9936 55/146 [==========>...................] - ETA: 1:42 - loss: 0.0257 - accuracy: 0.9932 56/146 [==========>...................] - ETA: 1:41 - loss: 0.0253 - accuracy: 0.9933 57/146 [==========>...................] - ETA: 1:39 - loss: 0.0249 - accuracy: 0.9934 58/146 [==========>...................] - ETA: 1:38 - loss: 0.0245 - accuracy: 0.9935 59/146 [===========>..................] - ETA: 1:36 - loss: 0.0250 - accuracy: 0.9931 60/146 [===========>..................] - ETA: 1:35 - loss: 0.0246 - accuracy: 0.9932 61/146 [===========>..................] - ETA: 1:34 - loss: 0.0250 - accuracy: 0.9928 62/146 [===========>..................] - ETA: 1:32 - loss: 0.0255 - accuracy: 0.9924 63/146 [===========>..................] - ETA: 1:31 - loss: 0.0261 - accuracy: 0.9921 64/146 [============>.................] - ETA: 1:30 - loss: 0.0288 - accuracy: 0.9912 65/146 [============>.................] - ETA: 1:29 - loss: 0.0299 - accuracy: 0.9909 66/146 [============>.................] - ETA: 1:28 - loss: 0.0298 - accuracy: 0.9910 67/146 [============>.................] - ETA: 1:27 - loss: 0.0294 - accuracy: 0.9911 68/146 [============>.................] - ETA: 1:26 - loss: 0.0292 - accuracy: 0.9913 69/146 [=============>................] - ETA: 1:25 - loss: 0.0288 - accuracy: 0.9914 70/146 [=============>................] - ETA: 1:24 - loss: 0.0285 - accuracy: 0.9915 71/146 [=============>................] - ETA: 1:23 - loss: 0.0309 - accuracy: 0.9908 72/146 [=============>................] - ETA: 1:22 - loss: 0.0306 - accuracy: 0.9909 73/146 [==============>...............] - ETA: 1:21 - loss: 0.0305 - accuracy: 0.9910 74/146 [==============>...............] - ETA: 1:20 - loss: 0.0301 - accuracy: 0.9911 75/146 [==============>...............] - ETA: 1:19 - loss: 0.0297 - accuracy: 0.9912 76/146 [==============>...............] - ETA: 1:18 - loss: 0.0299 - accuracy: 0.9910 77/146 [==============>...............] - ETA: 1:17 - loss: 0.0296 - accuracy: 0.9911 78/146 [===============>..............] - ETA: 1:16 - loss: 0.0294 - accuracy: 0.9912 79/146 [===============>..............] - ETA: 1:15 - loss: 0.0291 - accuracy: 0.9913 80/146 [===============>..............] - ETA: 1:14 - loss: 0.0287 - accuracy: 0.9914 81/146 [===============>..............] - ETA: 1:13 - loss: 0.0298 - accuracy: 0.9911 82/146 [===============>..............] - ETA: 1:12 - loss: 0.0304 - accuracy: 0.9909 83/146 [================>.............] - ETA: 1:11 - loss: 0.0306 - accuracy: 0.9906 84/146 [================>.............] - ETA: 1:09 - loss: 0.0305 - accuracy: 0.9907 85/146 [================>.............] - ETA: 1:08 - loss: 0.0301 - accuracy: 0.9908 86/146 [================>.............] - ETA: 1:07 - loss: 0.0300 - accuracy: 0.9909 87/146 [================>.............] - ETA: 1:06 - loss: 0.0299 - accuracy: 0.9910 88/146 [=================>............] - ETA: 1:05 - loss: 0.0296 - accuracy: 0.9911 89/146 [=================>............] - ETA: 1:04 - loss: 0.0296 - accuracy: 0.9912 90/146 [=================>............] - ETA: 1:03 - loss: 0.0304 - accuracy: 0.9910 91/146 [=================>............] - ETA: 1:02 - loss: 0.0304 - accuracy: 0.9911 92/146 [=================>............] - ETA: 1:01 - loss: 0.0304 - accuracy: 0.9912 93/146 [==================>...........] - ETA: 1:00 - loss: 0.0301 - accuracy: 0.9913 94/146 [==================>...........] - ETA: 58s - loss: 0.0310 - accuracy: 0.9907  95/146 [==================>...........] - ETA: 57s - loss: 0.0308 - accuracy: 0.9908 96/146 [==================>...........] - ETA: 56s - loss: 0.0310 - accuracy: 0.9906 97/146 [==================>...........] - ETA: 55s - loss: 0.0308 - accuracy: 0.9907 98/146 [===================>..........] - ETA: 54s - loss: 0.0305 - accuracy: 0.9908 99/146 [===================>..........] - ETA: 53s - loss: 0.0303 - accuracy: 0.9908100/146 [===================>..........] - ETA: 52s - loss: 0.0316 - accuracy: 0.9900101/146 [===================>..........] - ETA: 51s - loss: 0.0313 - accuracy: 0.9901102/146 [===================>..........] - ETA: 50s - loss: 0.0313 - accuracy: 0.9902103/146 [====================>.........] - ETA: 48s - loss: 0.0313 - accuracy: 0.9900104/146 [====================>.........] - ETA: 47s - loss: 0.0312 - accuracy: 0.9901105/146 [====================>.........] - ETA: 46s - loss: 0.0309 - accuracy: 0.9902106/146 [====================>.........] - ETA: 45s - loss: 0.0310 - accuracy: 0.9900107/146 [====================>.........] - ETA: 44s - loss: 0.0307 - accuracy: 0.9901108/146 [=====================>........] - ETA: 43s - loss: 0.0304 - accuracy: 0.9902109/146 [=====================>........] - ETA: 42s - loss: 0.0302 - accuracy: 0.9903110/146 [=====================>........] - ETA: 41s - loss: 0.0301 - accuracy: 0.9903111/146 [=====================>........] - ETA: 39s - loss: 0.0300 - accuracy: 0.9904112/146 [======================>.......] - ETA: 38s - loss: 0.0301 - accuracy: 0.9902113/146 [======================>.......] - ETA: 37s - loss: 0.0298 - accuracy: 0.9903114/146 [======================>.......] - ETA: 36s - loss: 0.0298 - accuracy: 0.9904115/146 [======================>.......] - ETA: 35s - loss: 0.0298 - accuracy: 0.9902116/146 [======================>.......] - ETA: 34s - loss: 0.0299 - accuracy: 0.9900117/146 [=======================>......] - ETA: 33s - loss: 0.0298 - accuracy: 0.9901118/146 [=======================>......] - ETA: 32s - loss: 0.0304 - accuracy: 0.9899119/146 [=======================>......] - ETA: 30s - loss: 0.0303 - accuracy: 0.9900120/146 [=======================>......] - ETA: 29s - loss: 0.0300 - accuracy: 0.9901121/146 [=======================>......] - ETA: 28s - loss: 0.0300 - accuracy: 0.9902122/146 [========================>.....] - ETA: 27s - loss: 0.0299 - accuracy: 0.9903123/146 [========================>.....] - ETA: 26s - loss: 0.0297 - accuracy: 0.9903124/146 [========================>.....] - ETA: 25s - loss: 0.0295 - accuracy: 0.9904125/146 [========================>.....] - ETA: 24s - loss: 0.0296 - accuracy: 0.9902126/146 [========================>.....] - ETA: 22s - loss: 0.0294 - accuracy: 0.9903127/146 [=========================>....] - ETA: 21s - loss: 0.0293 - accuracy: 0.9904128/146 [=========================>....] - ETA: 20s - loss: 0.0291 - accuracy: 0.9905129/146 [=========================>....] - ETA: 19s - loss: 0.0289 - accuracy: 0.9906130/146 [=========================>....] - ETA: 18s - loss: 0.0287 - accuracy: 0.9906131/146 [=========================>....] - ETA: 17s - loss: 0.0285 - accuracy: 0.9907132/146 [==========================>...] - ETA: 16s - loss: 0.0283 - accuracy: 0.9908133/146 [==========================>...] - ETA: 14s - loss: 0.0281 - accuracy: 0.9908134/146 [==========================>...] - ETA: 13s - loss: 0.0279 - accuracy: 0.9909135/146 [==========================>...] - ETA: 12s - loss: 0.0277 - accuracy: 0.9910136/146 [==========================>...] - ETA: 11s - loss: 0.0275 - accuracy: 0.9910137/146 [===========================>..] - ETA: 10s - loss: 0.0274 - accuracy: 0.9911138/146 [===========================>..] - ETA: 9s - loss: 0.0272 - accuracy: 0.9912 139/146 [===========================>..] - ETA: 8s - loss: 0.0270 - accuracy: 0.9912140/146 [===========================>..] - ETA: 6s - loss: 0.0269 - accuracy: 0.9913141/146 [===========================>..] - ETA: 5s - loss: 0.0271 - accuracy: 0.9909142/146 [============================>.] - ETA: 4s - loss: 0.0269 - accuracy: 0.9910143/146 [============================>.] - ETA: 3s - loss: 0.0268 - accuracy: 0.9910144/146 [============================>.] - ETA: 2s - loss: 0.0270 - accuracy: 0.9909145/146 [============================>.] - ETA: 1s - loss: 0.0268 - accuracy: 0.9909146/146 [==============================] - ETA: 0s - loss: 0.0268 - accuracy: 0.9910146/146 [==============================] - 182s 1s/step - loss: 0.0268 - accuracy: 0.9910 - val_loss: 0.7430 - val_accuracy: 0.8957
Epoch 100/108
  1/146 [..............................] - ETA: 2:59 - loss: 0.0343 - accuracy: 1.0000  2/146 [..............................] - ETA: 2:54 - loss: 0.0194 - accuracy: 1.0000  3/146 [..............................] - ETA: 2:57 - loss: 0.0373 - accuracy: 0.9896  4/146 [..............................] - ETA: 2:58 - loss: 0.0331 - accuracy: 0.9922  5/146 [>.............................] - ETA: 2:53 - loss: 0.0640 - accuracy: 0.9750  6/146 [>.............................] - ETA: 2:53 - loss: 0.0664 - accuracy: 0.9740  7/146 [>.............................] - ETA: 2:52 - loss: 0.0570 - accuracy: 0.9777  8/146 [>.............................] - ETA: 2:50 - loss: 0.0517 - accuracy: 0.9805  9/146 [>.............................] - ETA: 2:48 - loss: 0.0519 - accuracy: 0.9792 10/146 [=>............................] - ETA: 2:47 - loss: 0.0517 - accuracy: 0.9781 11/146 [=>............................] - ETA: 2:44 - loss: 0.0592 - accuracy: 0.9773 12/146 [=>............................] - ETA: 2:42 - loss: 0.0554 - accuracy: 0.9792 13/146 [=>............................] - ETA: 2:41 - loss: 0.0588 - accuracy: 0.9784 14/146 [=>............................] - ETA: 2:41 - loss: 0.0631 - accuracy: 0.9754 15/146 [==>...........................] - ETA: 2:40 - loss: 0.0650 - accuracy: 0.9750 16/146 [==>...........................] - ETA: 2:38 - loss: 0.0614 - accuracy: 0.9766 17/146 [==>...........................] - ETA: 2:36 - loss: 0.0579 - accuracy: 0.9779 18/146 [==>...........................] - ETA: 2:33 - loss: 0.0552 - accuracy: 0.9792 19/146 [==>...........................] - ETA: 2:32 - loss: 0.0524 - accuracy: 0.9803 20/146 [===>..........................] - ETA: 2:30 - loss: 0.0542 - accuracy: 0.9797 21/146 [===>..........................] - ETA: 2:28 - loss: 0.0520 - accuracy: 0.9807 22/146 [===>..........................] - ETA: 2:26 - loss: 0.0533 - accuracy: 0.9801 23/146 [===>..........................] - ETA: 2:25 - loss: 0.0532 - accuracy: 0.9796 24/146 [===>..........................] - ETA: 2:23 - loss: 0.0566 - accuracy: 0.9779 25/146 [====>.........................] - ETA: 2:22 - loss: 0.0559 - accuracy: 0.9775 26/146 [====>.........................] - ETA: 2:20 - loss: 0.0553 - accuracy: 0.9772 27/146 [====>.........................] - ETA: 2:19 - loss: 0.0534 - accuracy: 0.9780 28/146 [====>.........................] - ETA: 2:17 - loss: 0.0522 - accuracy: 0.9788 29/146 [====>.........................] - ETA: 2:16 - loss: 0.0510 - accuracy: 0.9795 30/146 [=====>........................] - ETA: 2:15 - loss: 0.0493 - accuracy: 0.9802 31/146 [=====>........................] - ETA: 2:14 - loss: 0.0507 - accuracy: 0.9788 32/146 [=====>........................] - ETA: 2:12 - loss: 0.0506 - accuracy: 0.9795 33/146 [=====>........................] - ETA: 2:11 - loss: 0.0493 - accuracy: 0.9801 34/146 [=====>........................] - ETA: 2:10 - loss: 0.0480 - accuracy: 0.9807 35/146 [======>.......................] - ETA: 2:09 - loss: 0.0480 - accuracy: 0.9804 36/146 [======>.......................] - ETA: 2:08 - loss: 0.0469 - accuracy: 0.9809 37/146 [======>.......................] - ETA: 2:07 - loss: 0.0477 - accuracy: 0.9806 38/146 [======>.......................] - ETA: 2:06 - loss: 0.0466 - accuracy: 0.9811 39/146 [=======>......................] - ETA: 2:05 - loss: 0.0454 - accuracy: 0.9816 40/146 [=======>......................] - ETA: 2:04 - loss: 0.0448 - accuracy: 0.9820 41/146 [=======>......................] - ETA: 2:03 - loss: 0.0443 - accuracy: 0.9825 42/146 [=======>......................] - ETA: 2:02 - loss: 0.0444 - accuracy: 0.9814 43/146 [=======>......................] - ETA: 2:01 - loss: 0.0438 - accuracy: 0.9818 44/146 [========>.....................] - ETA: 1:59 - loss: 0.0428 - accuracy: 0.9822 45/146 [========>.....................] - ETA: 1:58 - loss: 0.0419 - accuracy: 0.9826 46/146 [========>.....................] - ETA: 1:57 - loss: 0.0419 - accuracy: 0.9823 47/146 [========>.....................] - ETA: 1:56 - loss: 0.0411 - accuracy: 0.9827 48/146 [========>.....................] - ETA: 1:55 - loss: 0.0408 - accuracy: 0.9831 49/146 [=========>....................] - ETA: 1:54 - loss: 0.0406 - accuracy: 0.9828 50/146 [=========>....................] - ETA: 1:52 - loss: 0.0413 - accuracy: 0.9825 51/146 [=========>....................] - ETA: 1:51 - loss: 0.0406 - accuracy: 0.9828 52/146 [=========>....................] - ETA: 1:50 - loss: 0.0399 - accuracy: 0.9832 53/146 [=========>....................] - ETA: 1:49 - loss: 0.0393 - accuracy: 0.9835 54/146 [==========>...................] - ETA: 1:48 - loss: 0.0386 - accuracy: 0.9838 55/146 [==========>...................] - ETA: 1:47 - loss: 0.0380 - accuracy: 0.9841 56/146 [==========>...................] - ETA: 1:46 - loss: 0.0373 - accuracy: 0.9844 57/146 [==========>...................] - ETA: 1:45 - loss: 0.0371 - accuracy: 0.9841 58/146 [==========>...................] - ETA: 1:43 - loss: 0.0374 - accuracy: 0.9844 59/146 [===========>..................] - ETA: 1:42 - loss: 0.0367 - accuracy: 0.9846 60/146 [===========>..................] - ETA: 1:41 - loss: 0.0366 - accuracy: 0.9849 61/146 [===========>..................] - ETA: 1:40 - loss: 0.0367 - accuracy: 0.9846 62/146 [===========>..................] - ETA: 1:39 - loss: 0.0366 - accuracy: 0.9844 63/146 [===========>..................] - ETA: 1:37 - loss: 0.0360 - accuracy: 0.9846 64/146 [============>.................] - ETA: 1:36 - loss: 0.0370 - accuracy: 0.9844 65/146 [============>.................] - ETA: 1:35 - loss: 0.0367 - accuracy: 0.9846 66/146 [============>.................] - ETA: 1:34 - loss: 0.0363 - accuracy: 0.9848 67/146 [============>.................] - ETA: 1:33 - loss: 0.0358 - accuracy: 0.9851 68/146 [============>.................] - ETA: 1:31 - loss: 0.0366 - accuracy: 0.9844 69/146 [=============>................] - ETA: 1:30 - loss: 0.0372 - accuracy: 0.9841 70/146 [=============>................] - ETA: 1:29 - loss: 0.0368 - accuracy: 0.9844 71/146 [=============>................] - ETA: 1:28 - loss: 0.0364 - accuracy: 0.9846 72/146 [=============>................] - ETA: 1:27 - loss: 0.0365 - accuracy: 0.9844 73/146 [==============>...............] - ETA: 1:25 - loss: 0.0364 - accuracy: 0.9846 74/146 [==============>...............] - ETA: 1:24 - loss: 0.0360 - accuracy: 0.9848 75/146 [==============>...............] - ETA: 1:23 - loss: 0.0356 - accuracy: 0.9850 76/146 [==============>...............] - ETA: 1:22 - loss: 0.0353 - accuracy: 0.9852 77/146 [==============>...............] - ETA: 1:21 - loss: 0.0349 - accuracy: 0.9854 78/146 [===============>..............] - ETA: 1:19 - loss: 0.0345 - accuracy: 0.9856 79/146 [===============>..............] - ETA: 1:18 - loss: 0.0341 - accuracy: 0.9858 80/146 [===============>..............] - ETA: 1:17 - loss: 0.0337 - accuracy: 0.9859 81/146 [===============>..............] - ETA: 1:16 - loss: 0.0333 - accuracy: 0.9861 82/146 [===============>..............] - ETA: 1:15 - loss: 0.0329 - accuracy: 0.9863 83/146 [================>.............] - ETA: 1:14 - loss: 0.0328 - accuracy: 0.9861 84/146 [================>.............] - ETA: 1:12 - loss: 0.0328 - accuracy: 0.9862 85/146 [================>.............] - ETA: 1:11 - loss: 0.0326 - accuracy: 0.9864 86/146 [================>.............] - ETA: 1:10 - loss: 0.0322 - accuracy: 0.9866 87/146 [================>.............] - ETA: 1:09 - loss: 0.0318 - accuracy: 0.9867 88/146 [=================>............] - ETA: 1:08 - loss: 0.0316 - accuracy: 0.9869 89/146 [=================>............] - ETA: 1:07 - loss: 0.0320 - accuracy: 0.9867 90/146 [=================>............] - ETA: 1:05 - loss: 0.0316 - accuracy: 0.9868 91/146 [=================>............] - ETA: 1:04 - loss: 0.0322 - accuracy: 0.9863 92/146 [=================>............] - ETA: 1:03 - loss: 0.0318 - accuracy: 0.9864 93/146 [==================>...........] - ETA: 1:02 - loss: 0.0315 - accuracy: 0.9866 94/146 [==================>...........] - ETA: 1:01 - loss: 0.0313 - accuracy: 0.9867 95/146 [==================>...........] - ETA: 1:00 - loss: 0.0313 - accuracy: 0.9865 96/146 [==================>...........] - ETA: 59s - loss: 0.0312 - accuracy: 0.9867  97/146 [==================>...........] - ETA: 57s - loss: 0.0310 - accuracy: 0.9868 98/146 [===================>..........] - ETA: 56s - loss: 0.0307 - accuracy: 0.9869 99/146 [===================>..........] - ETA: 55s - loss: 0.0305 - accuracy: 0.9871100/146 [===================>..........] - ETA: 54s - loss: 0.0304 - accuracy: 0.9872101/146 [===================>..........] - ETA: 53s - loss: 0.0302 - accuracy: 0.9873102/146 [===================>..........] - ETA: 51s - loss: 0.0299 - accuracy: 0.9874103/146 [====================>.........] - ETA: 50s - loss: 0.0301 - accuracy: 0.9873104/146 [====================>.........] - ETA: 49s - loss: 0.0298 - accuracy: 0.9874105/146 [====================>.........] - ETA: 48s - loss: 0.0296 - accuracy: 0.9875106/146 [====================>.........] - ETA: 47s - loss: 0.0296 - accuracy: 0.9873107/146 [====================>.........] - ETA: 45s - loss: 0.0296 - accuracy: 0.9871108/146 [=====================>........] - ETA: 44s - loss: 0.0293 - accuracy: 0.9873109/146 [=====================>........] - ETA: 43s - loss: 0.0297 - accuracy: 0.9871110/146 [=====================>........] - ETA: 42s - loss: 0.0295 - accuracy: 0.9872111/146 [=====================>........] - ETA: 41s - loss: 0.0292 - accuracy: 0.9873112/146 [======================>.......] - ETA: 40s - loss: 0.0294 - accuracy: 0.9869113/146 [======================>.......] - ETA: 38s - loss: 0.0293 - accuracy: 0.9870114/146 [======================>.......] - ETA: 37s - loss: 0.0290 - accuracy: 0.9871115/146 [======================>.......] - ETA: 36s - loss: 0.0288 - accuracy: 0.9872116/146 [======================>.......] - ETA: 35s - loss: 0.0286 - accuracy: 0.9873117/146 [=======================>......] - ETA: 34s - loss: 0.0285 - accuracy: 0.9874118/146 [=======================>......] - ETA: 33s - loss: 0.0283 - accuracy: 0.9876119/146 [=======================>......] - ETA: 31s - loss: 0.0283 - accuracy: 0.9874120/146 [=======================>......] - ETA: 30s - loss: 0.0283 - accuracy: 0.9872121/146 [=======================>......] - ETA: 29s - loss: 0.0282 - accuracy: 0.9873122/146 [========================>.....] - ETA: 28s - loss: 0.0280 - accuracy: 0.9874123/146 [========================>.....] - ETA: 27s - loss: 0.0278 - accuracy: 0.9876124/146 [========================>.....] - ETA: 25s - loss: 0.0276 - accuracy: 0.9877125/146 [========================>.....] - ETA: 24s - loss: 0.0274 - accuracy: 0.9877126/146 [========================>.....] - ETA: 23s - loss: 0.0273 - accuracy: 0.9878127/146 [=========================>....] - ETA: 22s - loss: 0.0271 - accuracy: 0.9879128/146 [=========================>....] - ETA: 21s - loss: 0.0270 - accuracy: 0.9880129/146 [=========================>....] - ETA: 20s - loss: 0.0268 - accuracy: 0.9881130/146 [=========================>....] - ETA: 18s - loss: 0.0267 - accuracy: 0.9882131/146 [=========================>....] - ETA: 17s - loss: 0.0265 - accuracy: 0.9883132/146 [==========================>...] - ETA: 16s - loss: 0.0263 - accuracy: 0.9884133/146 [==========================>...] - ETA: 15s - loss: 0.0261 - accuracy: 0.9885134/146 [==========================>...] - ETA: 14s - loss: 0.0261 - accuracy: 0.9886135/146 [==========================>...] - ETA: 13s - loss: 0.0260 - accuracy: 0.9887136/146 [==========================>...] - ETA: 11s - loss: 0.0258 - accuracy: 0.9887137/146 [===========================>..] - ETA: 10s - loss: 0.0256 - accuracy: 0.9888138/146 [===========================>..] - ETA: 9s - loss: 0.0258 - accuracy: 0.9887 139/146 [===========================>..] - ETA: 8s - loss: 0.0256 - accuracy: 0.9888140/146 [===========================>..] - ETA: 7s - loss: 0.0254 - accuracy: 0.9888141/146 [===========================>..] - ETA: 5s - loss: 0.0253 - accuracy: 0.9889142/146 [============================>.] - ETA: 4s - loss: 0.0251 - accuracy: 0.9890143/146 [============================>.] - ETA: 3s - loss: 0.0250 - accuracy: 0.9891144/146 [============================>.] - ETA: 2s - loss: 0.0248 - accuracy: 0.9891145/146 [============================>.] - ETA: 1s - loss: 0.0247 - accuracy: 0.9892146/146 [==============================] - ETA: 0s - loss: 0.0247 - accuracy: 0.9892146/146 [==============================] - 187s 1s/step - loss: 0.0247 - accuracy: 0.9892 - val_loss: 0.9108 - val_accuracy: 0.9005
Epoch 101/108
  1/146 [..............................] - ETA: 2:50 - loss: 0.0037 - accuracy: 1.0000  2/146 [..............................] - ETA: 2:55 - loss: 0.0346 - accuracy: 0.9844  3/146 [..............................] - ETA: 2:52 - loss: 0.0268 - accuracy: 0.9896  4/146 [..............................] - ETA: 2:53 - loss: 0.0201 - accuracy: 0.9922  5/146 [>.............................] - ETA: 2:52 - loss: 0.0167 - accuracy: 0.9937  6/146 [>.............................] - ETA: 2:50 - loss: 0.0222 - accuracy: 0.9896  7/146 [>.............................] - ETA: 2:48 - loss: 0.0190 - accuracy: 0.9911  8/146 [>.............................] - ETA: 2:45 - loss: 0.0174 - accuracy: 0.9922  9/146 [>.............................] - ETA: 2:43 - loss: 0.0156 - accuracy: 0.9931 10/146 [=>............................] - ETA: 2:44 - loss: 0.0141 - accuracy: 0.9937 11/146 [=>............................] - ETA: 2:43 - loss: 0.0129 - accuracy: 0.9943 12/146 [=>............................] - ETA: 2:41 - loss: 0.0120 - accuracy: 0.9948 13/146 [=>............................] - ETA: 2:38 - loss: 0.0111 - accuracy: 0.9952 14/146 [=>............................] - ETA: 2:36 - loss: 0.0122 - accuracy: 0.9933 15/146 [==>...........................] - ETA: 2:34 - loss: 0.0115 - accuracy: 0.9937 16/146 [==>...........................] - ETA: 2:32 - loss: 0.0110 - accuracy: 0.9941 17/146 [==>...........................] - ETA: 2:30 - loss: 0.0104 - accuracy: 0.9945 18/146 [==>...........................] - ETA: 2:29 - loss: 0.0098 - accuracy: 0.9948 19/146 [==>...........................] - ETA: 2:27 - loss: 0.0093 - accuracy: 0.9951 20/146 [===>..........................] - ETA: 2:25 - loss: 0.0089 - accuracy: 0.9953 21/146 [===>..........................] - ETA: 2:24 - loss: 0.0089 - accuracy: 0.9955 22/146 [===>..........................] - ETA: 2:23 - loss: 0.0087 - accuracy: 0.9957 23/146 [===>..........................] - ETA: 2:22 - loss: 0.0085 - accuracy: 0.9959 24/146 [===>..........................] - ETA: 2:21 - loss: 0.0083 - accuracy: 0.9961 25/146 [====>.........................] - ETA: 2:20 - loss: 0.0081 - accuracy: 0.9962 26/146 [====>.........................] - ETA: 2:20 - loss: 0.0100 - accuracy: 0.9952 27/146 [====>.........................] - ETA: 2:18 - loss: 0.0101 - accuracy: 0.9954 28/146 [====>.........................] - ETA: 2:17 - loss: 0.0113 - accuracy: 0.9944 29/146 [====>.........................] - ETA: 2:16 - loss: 0.0110 - accuracy: 0.9946 30/146 [=====>........................] - ETA: 2:15 - loss: 0.0118 - accuracy: 0.9937 31/146 [=====>........................] - ETA: 2:14 - loss: 0.0114 - accuracy: 0.9940 32/146 [=====>........................] - ETA: 2:13 - loss: 0.0111 - accuracy: 0.9941 33/146 [=====>........................] - ETA: 2:12 - loss: 0.0108 - accuracy: 0.9943 34/146 [=====>........................] - ETA: 2:10 - loss: 0.0110 - accuracy: 0.9945 35/146 [======>.......................] - ETA: 2:09 - loss: 0.0115 - accuracy: 0.9937 36/146 [======>.......................] - ETA: 2:08 - loss: 0.0112 - accuracy: 0.9939 37/146 [======>.......................] - ETA: 2:07 - loss: 0.0110 - accuracy: 0.9941 38/146 [======>.......................] - ETA: 2:06 - loss: 0.0107 - accuracy: 0.9942 39/146 [=======>......................] - ETA: 2:05 - loss: 0.0111 - accuracy: 0.9936 40/146 [=======>......................] - ETA: 2:04 - loss: 0.0108 - accuracy: 0.9937 41/146 [=======>......................] - ETA: 2:03 - loss: 0.0158 - accuracy: 0.9931 42/146 [=======>......................] - ETA: 2:02 - loss: 0.0157 - accuracy: 0.9933 43/146 [=======>......................] - ETA: 2:00 - loss: 0.0160 - accuracy: 0.9927 44/146 [========>.....................] - ETA: 1:59 - loss: 0.0178 - accuracy: 0.9922 45/146 [========>.....................] - ETA: 1:58 - loss: 0.0175 - accuracy: 0.9924 46/146 [========>.....................] - ETA: 1:57 - loss: 0.0173 - accuracy: 0.9925 47/146 [========>.....................] - ETA: 1:56 - loss: 0.0171 - accuracy: 0.9927 48/146 [========>.....................] - ETA: 1:55 - loss: 0.0169 - accuracy: 0.9928 49/146 [=========>....................] - ETA: 1:54 - loss: 0.0167 - accuracy: 0.9930 50/146 [=========>....................] - ETA: 1:53 - loss: 0.0169 - accuracy: 0.9925 51/146 [=========>....................] - ETA: 1:52 - loss: 0.0167 - accuracy: 0.9926 52/146 [=========>....................] - ETA: 1:51 - loss: 0.0172 - accuracy: 0.9922 53/146 [=========>....................] - ETA: 1:49 - loss: 0.0177 - accuracy: 0.9917 54/146 [==========>...................] - ETA: 1:48 - loss: 0.0174 - accuracy: 0.9919 55/146 [==========>...................] - ETA: 1:47 - loss: 0.0171 - accuracy: 0.9920 56/146 [==========>...................] - ETA: 1:46 - loss: 0.0169 - accuracy: 0.9922 57/146 [==========>...................] - ETA: 1:45 - loss: 0.0171 - accuracy: 0.9918 58/146 [==========>...................] - ETA: 1:44 - loss: 0.0169 - accuracy: 0.9919 59/146 [===========>..................] - ETA: 1:42 - loss: 0.0167 - accuracy: 0.9921 60/146 [===========>..................] - ETA: 1:41 - loss: 0.0165 - accuracy: 0.9922 61/146 [===========>..................] - ETA: 1:40 - loss: 0.0177 - accuracy: 0.9913 62/146 [===========>..................] - ETA: 1:39 - loss: 0.0206 - accuracy: 0.9904 63/146 [===========>..................] - ETA: 1:38 - loss: 0.0203 - accuracy: 0.9906 64/146 [============>.................] - ETA: 1:36 - loss: 0.0203 - accuracy: 0.9907 65/146 [============>.................] - ETA: 1:35 - loss: 0.0201 - accuracy: 0.9909 66/146 [============>.................] - ETA: 1:34 - loss: 0.0198 - accuracy: 0.9910 67/146 [============>.................] - ETA: 1:33 - loss: 0.0195 - accuracy: 0.9911 68/146 [============>.................] - ETA: 1:32 - loss: 0.0214 - accuracy: 0.9899 69/146 [=============>................] - ETA: 1:30 - loss: 0.0212 - accuracy: 0.9900 70/146 [=============>................] - ETA: 1:29 - loss: 0.0210 - accuracy: 0.9902 71/146 [=============>................] - ETA: 1:28 - loss: 0.0214 - accuracy: 0.9899 72/146 [=============>................] - ETA: 1:26 - loss: 0.0219 - accuracy: 0.9896 73/146 [==============>...............] - ETA: 1:25 - loss: 0.0218 - accuracy: 0.9897 74/146 [==============>...............] - ETA: 1:24 - loss: 0.0215 - accuracy: 0.9899 75/146 [==============>...............] - ETA: 1:23 - loss: 0.0213 - accuracy: 0.9900 76/146 [==============>...............] - ETA: 1:21 - loss: 0.0211 - accuracy: 0.9901 77/146 [==============>...............] - ETA: 1:20 - loss: 0.0210 - accuracy: 0.9903 78/146 [===============>..............] - ETA: 1:19 - loss: 0.0208 - accuracy: 0.9904 79/146 [===============>..............] - ETA: 1:17 - loss: 0.0206 - accuracy: 0.9905 80/146 [===============>..............] - ETA: 1:16 - loss: 0.0205 - accuracy: 0.9906 81/146 [===============>..............] - ETA: 1:15 - loss: 0.0204 - accuracy: 0.9907 82/146 [===============>..............] - ETA: 1:13 - loss: 0.0201 - accuracy: 0.9909 83/146 [================>.............] - ETA: 1:12 - loss: 0.0206 - accuracy: 0.9906 84/146 [================>.............] - ETA: 1:11 - loss: 0.0207 - accuracy: 0.9903 85/146 [================>.............] - ETA: 1:09 - loss: 0.0224 - accuracy: 0.9897 86/146 [================>.............] - ETA: 1:08 - loss: 0.0227 - accuracy: 0.9895 87/146 [================>.............] - ETA: 1:07 - loss: 0.0231 - accuracy: 0.9892 88/146 [=================>............] - ETA: 1:06 - loss: 0.0228 - accuracy: 0.9893 89/146 [=================>............] - ETA: 1:05 - loss: 0.0226 - accuracy: 0.9895 90/146 [=================>............] - ETA: 1:04 - loss: 0.0224 - accuracy: 0.9896 91/146 [=================>............] - ETA: 1:02 - loss: 0.0222 - accuracy: 0.9897 92/146 [=================>............] - ETA: 1:01 - loss: 0.0221 - accuracy: 0.9898 93/146 [==================>...........] - ETA: 1:00 - loss: 0.0219 - accuracy: 0.9899 94/146 [==================>...........] - ETA: 59s - loss: 0.0225 - accuracy: 0.9897  95/146 [==================>...........] - ETA: 58s - loss: 0.0223 - accuracy: 0.9898 96/146 [==================>...........] - ETA: 57s - loss: 0.0221 - accuracy: 0.9899 97/146 [==================>...........] - ETA: 56s - loss: 0.0220 - accuracy: 0.9900 98/146 [===================>..........] - ETA: 55s - loss: 0.0232 - accuracy: 0.9898 99/146 [===================>..........] - ETA: 53s - loss: 0.0235 - accuracy: 0.9896100/146 [===================>..........] - ETA: 52s - loss: 0.0234 - accuracy: 0.9897101/146 [===================>..........] - ETA: 51s - loss: 0.0236 - accuracy: 0.9895102/146 [===================>..........] - ETA: 50s - loss: 0.0237 - accuracy: 0.9893103/146 [====================>.........] - ETA: 49s - loss: 0.0236 - accuracy: 0.9894104/146 [====================>.........] - ETA: 48s - loss: 0.0234 - accuracy: 0.9895105/146 [====================>.........] - ETA: 47s - loss: 0.0232 - accuracy: 0.9896106/146 [====================>.........] - ETA: 45s - loss: 0.0236 - accuracy: 0.9894107/146 [====================>.........] - ETA: 44s - loss: 0.0237 - accuracy: 0.9892108/146 [=====================>........] - ETA: 43s - loss: 0.0236 - accuracy: 0.9893109/146 [=====================>........] - ETA: 42s - loss: 0.0240 - accuracy: 0.9891110/146 [=====================>........] - ETA: 41s - loss: 0.0239 - accuracy: 0.9892111/146 [=====================>........] - ETA: 40s - loss: 0.0237 - accuracy: 0.9893112/146 [======================>.......] - ETA: 38s - loss: 0.0236 - accuracy: 0.9894113/146 [======================>.......] - ETA: 37s - loss: 0.0234 - accuracy: 0.9895114/146 [======================>.......] - ETA: 36s - loss: 0.0232 - accuracy: 0.9896115/146 [======================>.......] - ETA: 35s - loss: 0.0231 - accuracy: 0.9897116/146 [======================>.......] - ETA: 34s - loss: 0.0230 - accuracy: 0.9898117/146 [=======================>......] - ETA: 33s - loss: 0.0229 - accuracy: 0.9899118/146 [=======================>......] - ETA: 32s - loss: 0.0228 - accuracy: 0.9899119/146 [=======================>......] - ETA: 30s - loss: 0.0226 - accuracy: 0.9900120/146 [=======================>......] - ETA: 29s - loss: 0.0225 - accuracy: 0.9901121/146 [=======================>......] - ETA: 28s - loss: 0.0223 - accuracy: 0.9902122/146 [========================>.....] - ETA: 27s - loss: 0.0222 - accuracy: 0.9903123/146 [========================>.....] - ETA: 26s - loss: 0.0220 - accuracy: 0.9903124/146 [========================>.....] - ETA: 25s - loss: 0.0219 - accuracy: 0.9904125/146 [========================>.....] - ETA: 23s - loss: 0.0218 - accuracy: 0.9905126/146 [========================>.....] - ETA: 22s - loss: 0.0216 - accuracy: 0.9906127/146 [=========================>....] - ETA: 21s - loss: 0.0216 - accuracy: 0.9906128/146 [=========================>....] - ETA: 20s - loss: 0.0219 - accuracy: 0.9902129/146 [=========================>....] - ETA: 19s - loss: 0.0226 - accuracy: 0.9898130/146 [=========================>....] - ETA: 18s - loss: 0.0224 - accuracy: 0.9899131/146 [=========================>....] - ETA: 17s - loss: 0.0223 - accuracy: 0.9900132/146 [==========================>...] - ETA: 16s - loss: 0.0222 - accuracy: 0.9901133/146 [==========================>...] - ETA: 14s - loss: 0.0240 - accuracy: 0.9897134/146 [==========================>...] - ETA: 13s - loss: 0.0239 - accuracy: 0.9897135/146 [==========================>...] - ETA: 12s - loss: 0.0240 - accuracy: 0.9896136/146 [==========================>...] - ETA: 11s - loss: 0.0238 - accuracy: 0.9897137/146 [===========================>..] - ETA: 10s - loss: 0.0236 - accuracy: 0.9897138/146 [===========================>..] - ETA: 9s - loss: 0.0235 - accuracy: 0.9898 139/146 [===========================>..] - ETA: 8s - loss: 0.0234 - accuracy: 0.9899140/146 [===========================>..] - ETA: 6s - loss: 0.0232 - accuracy: 0.9900141/146 [===========================>..] - ETA: 5s - loss: 0.0231 - accuracy: 0.9900142/146 [============================>.] - ETA: 4s - loss: 0.0230 - accuracy: 0.9901143/146 [============================>.] - ETA: 3s - loss: 0.0229 - accuracy: 0.9902144/146 [============================>.] - ETA: 2s - loss: 0.0232 - accuracy: 0.9900145/146 [============================>.] - ETA: 1s - loss: 0.0230 - accuracy: 0.9901146/146 [==============================] - ETA: 0s - loss: 0.0230 - accuracy: 0.9901146/146 [==============================] - 183s 1s/step - loss: 0.0230 - accuracy: 0.9901 - val_loss: 0.6803 - val_accuracy: 0.8909
Epoch 102/108
  1/146 [..............................] - ETA: 3:01 - loss: 5.4327e-04 - accuracy: 1.0000  2/146 [..............................] - ETA: 2:52 - loss: 3.8463e-04 - accuracy: 1.0000  3/146 [..............................] - ETA: 2:47 - loss: 9.8967e-04 - accuracy: 1.0000  4/146 [..............................] - ETA: 2:48 - loss: 0.0010 - accuracy: 1.0000      5/146 [>.............................] - ETA: 2:46 - loss: 9.2536e-04 - accuracy: 1.0000  6/146 [>.............................] - ETA: 2:46 - loss: 0.0083 - accuracy: 0.9948      7/146 [>.............................] - ETA: 2:45 - loss: 0.0072 - accuracy: 0.9955  8/146 [>.............................] - ETA: 2:44 - loss: 0.0072 - accuracy: 0.9961  9/146 [>.............................] - ETA: 2:43 - loss: 0.0066 - accuracy: 0.9965 10/146 [=>............................] - ETA: 2:43 - loss: 0.0074 - accuracy: 0.9969 11/146 [=>............................] - ETA: 2:42 - loss: 0.0074 - accuracy: 0.9972 12/146 [=>............................] - ETA: 2:41 - loss: 0.0068 - accuracy: 0.9974 13/146 [=>............................] - ETA: 2:39 - loss: 0.0076 - accuracy: 0.9976 14/146 [=>............................] - ETA: 2:37 - loss: 0.0073 - accuracy: 0.9978 15/146 [==>...........................] - ETA: 2:36 - loss: 0.0071 - accuracy: 0.9979 16/146 [==>...........................] - ETA: 2:35 - loss: 0.0073 - accuracy: 0.9980 17/146 [==>...........................] - ETA: 2:34 - loss: 0.0072 - accuracy: 0.9982 18/146 [==>...........................] - ETA: 2:32 - loss: 0.0070 - accuracy: 0.9983 19/146 [==>...........................] - ETA: 2:31 - loss: 0.0067 - accuracy: 0.9984 20/146 [===>..........................] - ETA: 2:30 - loss: 0.0113 - accuracy: 0.9969 21/146 [===>..........................] - ETA: 2:28 - loss: 0.0111 - accuracy: 0.9970 22/146 [===>..........................] - ETA: 2:27 - loss: 0.0108 - accuracy: 0.9972 23/146 [===>..........................] - ETA: 2:26 - loss: 0.0104 - accuracy: 0.9973 24/146 [===>..........................] - ETA: 2:25 - loss: 0.0102 - accuracy: 0.9974 25/146 [====>.........................] - ETA: 2:24 - loss: 0.0100 - accuracy: 0.9975 26/146 [====>.........................] - ETA: 2:23 - loss: 0.0097 - accuracy: 0.9976 27/146 [====>.........................] - ETA: 2:21 - loss: 0.0094 - accuracy: 0.9977 28/146 [====>.........................] - ETA: 2:20 - loss: 0.0094 - accuracy: 0.9978 29/146 [====>.........................] - ETA: 2:19 - loss: 0.0091 - accuracy: 0.9978 30/146 [=====>........................] - ETA: 2:18 - loss: 0.0088 - accuracy: 0.9979 31/146 [=====>........................] - ETA: 2:17 - loss: 0.0086 - accuracy: 0.9980 32/146 [=====>........................] - ETA: 2:15 - loss: 0.0096 - accuracy: 0.9971 33/146 [=====>........................] - ETA: 2:14 - loss: 0.0104 - accuracy: 0.9962 34/146 [=====>........................] - ETA: 2:13 - loss: 0.0102 - accuracy: 0.9963 35/146 [======>.......................] - ETA: 2:12 - loss: 0.0099 - accuracy: 0.9964 36/146 [======>.......................] - ETA: 2:11 - loss: 0.0096 - accuracy: 0.9965 37/146 [======>.......................] - ETA: 2:09 - loss: 0.0095 - accuracy: 0.9966 38/146 [======>.......................] - ETA: 2:08 - loss: 0.0092 - accuracy: 0.9967 39/146 [=======>......................] - ETA: 2:07 - loss: 0.0109 - accuracy: 0.9960 40/146 [=======>......................] - ETA: 2:06 - loss: 0.0108 - accuracy: 0.9961 41/146 [=======>......................] - ETA: 2:05 - loss: 0.0119 - accuracy: 0.9954 42/146 [=======>......................] - ETA: 2:03 - loss: 0.0120 - accuracy: 0.9955 43/146 [=======>......................] - ETA: 2:02 - loss: 0.0119 - accuracy: 0.9956 44/146 [========>.....................] - ETA: 2:01 - loss: 0.0117 - accuracy: 0.9957 45/146 [========>.....................] - ETA: 1:59 - loss: 0.0115 - accuracy: 0.9958 46/146 [========>.....................] - ETA: 1:58 - loss: 0.0113 - accuracy: 0.9959 47/146 [========>.....................] - ETA: 1:57 - loss: 0.0122 - accuracy: 0.9953 48/146 [========>.....................] - ETA: 1:55 - loss: 0.0130 - accuracy: 0.9948 49/146 [=========>....................] - ETA: 1:54 - loss: 0.0150 - accuracy: 0.9943 50/146 [=========>....................] - ETA: 1:53 - loss: 0.0148 - accuracy: 0.9944 51/146 [=========>....................] - ETA: 1:51 - loss: 0.0150 - accuracy: 0.9945 52/146 [=========>....................] - ETA: 1:50 - loss: 0.0148 - accuracy: 0.9946 53/146 [=========>....................] - ETA: 1:49 - loss: 0.0146 - accuracy: 0.9947 54/146 [==========>...................] - ETA: 1:47 - loss: 0.0145 - accuracy: 0.9948 55/146 [==========>...................] - ETA: 1:46 - loss: 0.0143 - accuracy: 0.9949 56/146 [==========>...................] - ETA: 1:45 - loss: 0.0142 - accuracy: 0.9950 57/146 [==========>...................] - ETA: 1:44 - loss: 0.0142 - accuracy: 0.9951 58/146 [==========>...................] - ETA: 1:43 - loss: 0.0140 - accuracy: 0.9952 59/146 [===========>..................] - ETA: 1:42 - loss: 0.0138 - accuracy: 0.9952 60/146 [===========>..................] - ETA: 1:41 - loss: 0.0138 - accuracy: 0.9953 61/146 [===========>..................] - ETA: 1:39 - loss: 0.0136 - accuracy: 0.9954 62/146 [===========>..................] - ETA: 1:38 - loss: 0.0137 - accuracy: 0.9950 63/146 [===========>..................] - ETA: 1:37 - loss: 0.0137 - accuracy: 0.9950 64/146 [============>.................] - ETA: 1:36 - loss: 0.0135 - accuracy: 0.9951 65/146 [============>.................] - ETA: 1:34 - loss: 0.0148 - accuracy: 0.9942 66/146 [============>.................] - ETA: 1:33 - loss: 0.0147 - accuracy: 0.9943 67/146 [============>.................] - ETA: 1:32 - loss: 0.0145 - accuracy: 0.9944 68/146 [============>.................] - ETA: 1:31 - loss: 0.0145 - accuracy: 0.9945 69/146 [=============>................] - ETA: 1:29 - loss: 0.0146 - accuracy: 0.9941 70/146 [=============>................] - ETA: 1:28 - loss: 0.0144 - accuracy: 0.9942 71/146 [=============>................] - ETA: 1:27 - loss: 0.0144 - accuracy: 0.9943 72/146 [=============>................] - ETA: 1:26 - loss: 0.0144 - accuracy: 0.9944 73/146 [==============>...............] - ETA: 1:25 - loss: 0.0150 - accuracy: 0.9940 74/146 [==============>...............] - ETA: 1:23 - loss: 0.0148 - accuracy: 0.9941 75/146 [==============>...............] - ETA: 1:22 - loss: 0.0146 - accuracy: 0.9942 76/146 [==============>...............] - ETA: 1:21 - loss: 0.0144 - accuracy: 0.9942 77/146 [==============>...............] - ETA: 1:20 - loss: 0.0143 - accuracy: 0.9943 78/146 [===============>..............] - ETA: 1:18 - loss: 0.0142 - accuracy: 0.9944 79/146 [===============>..............] - ETA: 1:17 - loss: 0.0153 - accuracy: 0.9941 80/146 [===============>..............] - ETA: 1:16 - loss: 0.0154 - accuracy: 0.9937 81/146 [===============>..............] - ETA: 1:15 - loss: 0.0152 - accuracy: 0.9938 82/146 [===============>..............] - ETA: 1:14 - loss: 0.0153 - accuracy: 0.9939 83/146 [================>.............] - ETA: 1:12 - loss: 0.0152 - accuracy: 0.9940 84/146 [================>.............] - ETA: 1:11 - loss: 0.0151 - accuracy: 0.9940 85/146 [================>.............] - ETA: 1:10 - loss: 0.0149 - accuracy: 0.9941 86/146 [================>.............] - ETA: 1:09 - loss: 0.0147 - accuracy: 0.9942 87/146 [================>.............] - ETA: 1:08 - loss: 0.0146 - accuracy: 0.9943 88/146 [=================>............] - ETA: 1:06 - loss: 0.0144 - accuracy: 0.9943 89/146 [=================>............] - ETA: 1:05 - loss: 0.0147 - accuracy: 0.9940 90/146 [=================>............] - ETA: 1:04 - loss: 0.0153 - accuracy: 0.9934 91/146 [=================>............] - ETA: 1:02 - loss: 0.0152 - accuracy: 0.9935 92/146 [=================>............] - ETA: 1:01 - loss: 0.0156 - accuracy: 0.9932 93/146 [==================>...........] - ETA: 1:00 - loss: 0.0155 - accuracy: 0.9933 94/146 [==================>...........] - ETA: 59s - loss: 0.0153 - accuracy: 0.9934  95/146 [==================>...........] - ETA: 57s - loss: 0.0153 - accuracy: 0.9934 96/146 [==================>...........] - ETA: 56s - loss: 0.0152 - accuracy: 0.9935 97/146 [==================>...........] - ETA: 55s - loss: 0.0150 - accuracy: 0.9936 98/146 [===================>..........] - ETA: 54s - loss: 0.0153 - accuracy: 0.9933 99/146 [===================>..........] - ETA: 53s - loss: 0.0156 - accuracy: 0.9931100/146 [===================>..........] - ETA: 52s - loss: 0.0155 - accuracy: 0.9931101/146 [===================>..........] - ETA: 50s - loss: 0.0153 - accuracy: 0.9932102/146 [===================>..........] - ETA: 49s - loss: 0.0152 - accuracy: 0.9933103/146 [====================>.........] - ETA: 48s - loss: 0.0153 - accuracy: 0.9933104/146 [====================>.........] - ETA: 47s - loss: 0.0152 - accuracy: 0.9934105/146 [====================>.........] - ETA: 46s - loss: 0.0153 - accuracy: 0.9935106/146 [====================>.........] - ETA: 45s - loss: 0.0151 - accuracy: 0.9935107/146 [====================>.........] - ETA: 44s - loss: 0.0150 - accuracy: 0.9936108/146 [=====================>........] - ETA: 43s - loss: 0.0149 - accuracy: 0.9936109/146 [=====================>........] - ETA: 42s - loss: 0.0148 - accuracy: 0.9937110/146 [=====================>........] - ETA: 40s - loss: 0.0147 - accuracy: 0.9937111/146 [=====================>........] - ETA: 39s - loss: 0.0145 - accuracy: 0.9938112/146 [======================>.......] - ETA: 38s - loss: 0.0146 - accuracy: 0.9939113/146 [======================>.......] - ETA: 37s - loss: 0.0148 - accuracy: 0.9936114/146 [======================>.......] - ETA: 36s - loss: 0.0146 - accuracy: 0.9937115/146 [======================>.......] - ETA: 35s - loss: 0.0146 - accuracy: 0.9937116/146 [======================>.......] - ETA: 34s - loss: 0.0145 - accuracy: 0.9938117/146 [=======================>......] - ETA: 33s - loss: 0.0144 - accuracy: 0.9939118/146 [=======================>......] - ETA: 31s - loss: 0.0143 - accuracy: 0.9939119/146 [=======================>......] - ETA: 30s - loss: 0.0142 - accuracy: 0.9940120/146 [=======================>......] - ETA: 29s - loss: 0.0141 - accuracy: 0.9940121/146 [=======================>......] - ETA: 28s - loss: 0.0140 - accuracy: 0.9941122/146 [========================>.....] - ETA: 27s - loss: 0.0140 - accuracy: 0.9941123/146 [========================>.....] - ETA: 26s - loss: 0.0138 - accuracy: 0.9942124/146 [========================>.....] - ETA: 25s - loss: 0.0140 - accuracy: 0.9940125/146 [========================>.....] - ETA: 23s - loss: 0.0139 - accuracy: 0.9940126/146 [========================>.....] - ETA: 22s - loss: 0.0138 - accuracy: 0.9940127/146 [=========================>....] - ETA: 21s - loss: 0.0138 - accuracy: 0.9941128/146 [=========================>....] - ETA: 20s - loss: 0.0140 - accuracy: 0.9939129/146 [=========================>....] - ETA: 19s - loss: 0.0139 - accuracy: 0.9939130/146 [=========================>....] - ETA: 18s - loss: 0.0139 - accuracy: 0.9940131/146 [=========================>....] - ETA: 17s - loss: 0.0140 - accuracy: 0.9940132/146 [==========================>...] - ETA: 16s - loss: 0.0139 - accuracy: 0.9941133/146 [==========================>...] - ETA: 14s - loss: 0.0138 - accuracy: 0.9941134/146 [==========================>...] - ETA: 13s - loss: 0.0137 - accuracy: 0.9942135/146 [==========================>...] - ETA: 12s - loss: 0.0136 - accuracy: 0.9942136/146 [==========================>...] - ETA: 11s - loss: 0.0135 - accuracy: 0.9943137/146 [===========================>..] - ETA: 10s - loss: 0.0134 - accuracy: 0.9943138/146 [===========================>..] - ETA: 9s - loss: 0.0134 - accuracy: 0.9943 139/146 [===========================>..] - ETA: 8s - loss: 0.0133 - accuracy: 0.9944140/146 [===========================>..] - ETA: 6s - loss: 0.0133 - accuracy: 0.9944141/146 [===========================>..] - ETA: 5s - loss: 0.0132 - accuracy: 0.9945142/146 [============================>.] - ETA: 4s - loss: 0.0132 - accuracy: 0.9945143/146 [============================>.] - ETA: 3s - loss: 0.0131 - accuracy: 0.9945144/146 [============================>.] - ETA: 2s - loss: 0.0130 - accuracy: 0.9946145/146 [============================>.] - ETA: 1s - loss: 0.0130 - accuracy: 0.9946146/146 [==============================] - ETA: 0s - loss: 0.0130 - accuracy: 0.9946146/146 [==============================] - 182s 1s/step - loss: 0.0130 - accuracy: 0.9946 - val_loss: 0.6951 - val_accuracy: 0.9045
Epoch 103/108
  1/146 [..............................] - ETA: 2:47 - loss: 0.0031 - accuracy: 1.0000  2/146 [..............................] - ETA: 2:50 - loss: 0.0021 - accuracy: 1.0000  3/146 [..............................] - ETA: 2:50 - loss: 0.0014 - accuracy: 1.0000  4/146 [..............................] - ETA: 2:48 - loss: 0.0016 - accuracy: 1.0000  5/146 [>.............................] - ETA: 2:45 - loss: 0.0018 - accuracy: 1.0000  6/146 [>.............................] - ETA: 2:44 - loss: 0.0017 - accuracy: 1.0000  7/146 [>.............................] - ETA: 2:43 - loss: 0.0015 - accuracy: 1.0000  8/146 [>.............................] - ETA: 2:44 - loss: 0.0087 - accuracy: 0.9961  9/146 [>.............................] - ETA: 2:43 - loss: 0.0080 - accuracy: 0.9965 10/146 [=>............................] - ETA: 2:42 - loss: 0.0075 - accuracy: 0.9969 11/146 [=>............................] - ETA: 2:39 - loss: 0.0069 - accuracy: 0.9972 12/146 [=>............................] - ETA: 2:37 - loss: 0.0073 - accuracy: 0.9974 13/146 [=>............................] - ETA: 2:35 - loss: 0.0069 - accuracy: 0.9976 14/146 [=>............................] - ETA: 2:32 - loss: 0.0064 - accuracy: 0.9978 15/146 [==>...........................] - ETA: 2:30 - loss: 0.0060 - accuracy: 0.9979 16/146 [==>...........................] - ETA: 2:27 - loss: 0.0057 - accuracy: 0.9980 17/146 [==>...........................] - ETA: 2:25 - loss: 0.0057 - accuracy: 0.9982 18/146 [==>...........................] - ETA: 2:23 - loss: 0.0055 - accuracy: 0.9983 19/146 [==>...........................] - ETA: 2:22 - loss: 0.0053 - accuracy: 0.9984 20/146 [===>..........................] - ETA: 2:21 - loss: 0.0050 - accuracy: 0.9984 21/146 [===>..........................] - ETA: 2:20 - loss: 0.0049 - accuracy: 0.9985 22/146 [===>..........................] - ETA: 2:19 - loss: 0.0053 - accuracy: 0.9986 23/146 [===>..........................] - ETA: 2:17 - loss: 0.0052 - accuracy: 0.9986 24/146 [===>..........................] - ETA: 2:15 - loss: 0.0050 - accuracy: 0.9987 25/146 [====>.........................] - ETA: 2:13 - loss: 0.0049 - accuracy: 0.9987 26/146 [====>.........................] - ETA: 2:11 - loss: 0.0051 - accuracy: 0.9988 27/146 [====>.........................] - ETA: 2:09 - loss: 0.0049 - accuracy: 0.9988 28/146 [====>.........................] - ETA: 2:07 - loss: 0.0047 - accuracy: 0.9989 29/146 [====>.........................] - ETA: 2:05 - loss: 0.0046 - accuracy: 0.9989 30/146 [=====>........................] - ETA: 2:03 - loss: 0.0044 - accuracy: 0.9990 31/146 [=====>........................] - ETA: 2:02 - loss: 0.0043 - accuracy: 0.9990 32/146 [=====>........................] - ETA: 2:00 - loss: 0.0044 - accuracy: 0.9990 33/146 [=====>........................] - ETA: 1:58 - loss: 0.0044 - accuracy: 0.9991 34/146 [=====>........................] - ETA: 1:58 - loss: 0.0044 - accuracy: 0.9991 35/146 [======>.......................] - ETA: 1:57 - loss: 0.0042 - accuracy: 0.9991 36/146 [======>.......................] - ETA: 1:57 - loss: 0.0050 - accuracy: 0.9983 37/146 [======>.......................] - ETA: 1:56 - loss: 0.0053 - accuracy: 0.9983 38/146 [======>.......................] - ETA: 1:55 - loss: 0.0052 - accuracy: 0.9984 39/146 [=======>......................] - ETA: 1:54 - loss: 0.0051 - accuracy: 0.9984 40/146 [=======>......................] - ETA: 1:53 - loss: 0.0050 - accuracy: 0.9984 41/146 [=======>......................] - ETA: 1:53 - loss: 0.0049 - accuracy: 0.9985 42/146 [=======>......................] - ETA: 1:52 - loss: 0.0048 - accuracy: 0.9985 43/146 [=======>......................] - ETA: 1:51 - loss: 0.0052 - accuracy: 0.9978 44/146 [========>.....................] - ETA: 1:51 - loss: 0.0051 - accuracy: 0.9979 45/146 [========>.....................] - ETA: 1:50 - loss: 0.0050 - accuracy: 0.9979 46/146 [========>.....................] - ETA: 1:49 - loss: 0.0050 - accuracy: 0.9980 47/146 [========>.....................] - ETA: 1:48 - loss: 0.0050 - accuracy: 0.9980 48/146 [========>.....................] - ETA: 1:47 - loss: 0.0049 - accuracy: 0.9980 49/146 [=========>....................] - ETA: 1:46 - loss: 0.0049 - accuracy: 0.9981 50/146 [=========>....................] - ETA: 1:45 - loss: 0.0049 - accuracy: 0.9981 51/146 [=========>....................] - ETA: 1:44 - loss: 0.0054 - accuracy: 0.9975 52/146 [=========>....................] - ETA: 1:43 - loss: 0.0053 - accuracy: 0.9976 53/146 [=========>....................] - ETA: 1:43 - loss: 0.0052 - accuracy: 0.9976 54/146 [==========>...................] - ETA: 1:41 - loss: 0.0052 - accuracy: 0.9977 55/146 [==========>...................] - ETA: 1:40 - loss: 0.0051 - accuracy: 0.9977 56/146 [==========>...................] - ETA: 1:39 - loss: 0.0050 - accuracy: 0.9978 57/146 [==========>...................] - ETA: 1:38 - loss: 0.0057 - accuracy: 0.9973 58/146 [==========>...................] - ETA: 1:37 - loss: 0.0057 - accuracy: 0.9973 59/146 [===========>..................] - ETA: 1:36 - loss: 0.0056 - accuracy: 0.9974 60/146 [===========>..................] - ETA: 1:35 - loss: 0.0056 - accuracy: 0.9974 61/146 [===========>..................] - ETA: 1:33 - loss: 0.0055 - accuracy: 0.9974 62/146 [===========>..................] - ETA: 1:32 - loss: 0.0077 - accuracy: 0.9970 63/146 [===========>..................] - ETA: 1:31 - loss: 0.0076 - accuracy: 0.9970 64/146 [============>.................] - ETA: 1:30 - loss: 0.0075 - accuracy: 0.9971 65/146 [============>.................] - ETA: 1:29 - loss: 0.0074 - accuracy: 0.9971 66/146 [============>.................] - ETA: 1:28 - loss: 0.0074 - accuracy: 0.9972 67/146 [============>.................] - ETA: 1:27 - loss: 0.0073 - accuracy: 0.9972 68/146 [============>.................] - ETA: 1:26 - loss: 0.0072 - accuracy: 0.9972 69/146 [=============>................] - ETA: 1:25 - loss: 0.0071 - accuracy: 0.9973 70/146 [=============>................] - ETA: 1:24 - loss: 0.0081 - accuracy: 0.9969 71/146 [=============>................] - ETA: 1:23 - loss: 0.0080 - accuracy: 0.9969 72/146 [=============>................] - ETA: 1:22 - loss: 0.0079 - accuracy: 0.9970 73/146 [==============>...............] - ETA: 1:21 - loss: 0.0079 - accuracy: 0.9970 74/146 [==============>...............] - ETA: 1:20 - loss: 0.0078 - accuracy: 0.9970 75/146 [==============>...............] - ETA: 1:19 - loss: 0.0077 - accuracy: 0.9971 76/146 [==============>...............] - ETA: 1:18 - loss: 0.0079 - accuracy: 0.9971 77/146 [==============>...............] - ETA: 1:17 - loss: 0.0078 - accuracy: 0.9972 78/146 [===============>..............] - ETA: 1:16 - loss: 0.0087 - accuracy: 0.9968 79/146 [===============>..............] - ETA: 1:15 - loss: 0.0104 - accuracy: 0.9964 80/146 [===============>..............] - ETA: 1:13 - loss: 0.0104 - accuracy: 0.9965 81/146 [===============>..............] - ETA: 1:12 - loss: 0.0102 - accuracy: 0.9965 82/146 [===============>..............] - ETA: 1:11 - loss: 0.0111 - accuracy: 0.9962 83/146 [================>.............] - ETA: 1:10 - loss: 0.0110 - accuracy: 0.9962 84/146 [================>.............] - ETA: 1:09 - loss: 0.0109 - accuracy: 0.9963 85/146 [================>.............] - ETA: 1:08 - loss: 0.0108 - accuracy: 0.9963 86/146 [================>.............] - ETA: 1:07 - loss: 0.0108 - accuracy: 0.9964 87/146 [================>.............] - ETA: 1:06 - loss: 0.0107 - accuracy: 0.9964 88/146 [=================>............] - ETA: 1:05 - loss: 0.0106 - accuracy: 0.9964 89/146 [=================>............] - ETA: 1:04 - loss: 0.0106 - accuracy: 0.9965 90/146 [=================>............] - ETA: 1:03 - loss: 0.0105 - accuracy: 0.9965 91/146 [=================>............] - ETA: 1:01 - loss: 0.0105 - accuracy: 0.9966 92/146 [=================>............] - ETA: 1:00 - loss: 0.0104 - accuracy: 0.9966 93/146 [==================>...........] - ETA: 59s - loss: 0.0109 - accuracy: 0.9963  94/146 [==================>...........] - ETA: 58s - loss: 0.0107 - accuracy: 0.9963 95/146 [==================>...........] - ETA: 57s - loss: 0.0107 - accuracy: 0.9964 96/146 [==================>...........] - ETA: 56s - loss: 0.0108 - accuracy: 0.9964 97/146 [==================>...........] - ETA: 55s - loss: 0.0107 - accuracy: 0.9965 98/146 [===================>..........] - ETA: 54s - loss: 0.0106 - accuracy: 0.9965 99/146 [===================>..........] - ETA: 53s - loss: 0.0106 - accuracy: 0.9965100/146 [===================>..........] - ETA: 51s - loss: 0.0107 - accuracy: 0.9962101/146 [===================>..........] - ETA: 50s - loss: 0.0106 - accuracy: 0.9963102/146 [===================>..........] - ETA: 49s - loss: 0.0106 - accuracy: 0.9963103/146 [====================>.........] - ETA: 48s - loss: 0.0105 - accuracy: 0.9964104/146 [====================>.........] - ETA: 47s - loss: 0.0104 - accuracy: 0.9964105/146 [====================>.........] - ETA: 46s - loss: 0.0105 - accuracy: 0.9964106/146 [====================>.........] - ETA: 45s - loss: 0.0105 - accuracy: 0.9965107/146 [====================>.........] - ETA: 44s - loss: 0.0106 - accuracy: 0.9965108/146 [=====================>........] - ETA: 43s - loss: 0.0105 - accuracy: 0.9965109/146 [=====================>........] - ETA: 42s - loss: 0.0105 - accuracy: 0.9966110/146 [=====================>........] - ETA: 40s - loss: 0.0104 - accuracy: 0.9966111/146 [=====================>........] - ETA: 39s - loss: 0.0103 - accuracy: 0.9966112/146 [======================>.......] - ETA: 38s - loss: 0.0102 - accuracy: 0.9967113/146 [======================>.......] - ETA: 37s - loss: 0.0102 - accuracy: 0.9967114/146 [======================>.......] - ETA: 36s - loss: 0.0120 - accuracy: 0.9964115/146 [======================>.......] - ETA: 35s - loss: 0.0130 - accuracy: 0.9962116/146 [======================>.......] - ETA: 34s - loss: 0.0129 - accuracy: 0.9962117/146 [=======================>......] - ETA: 32s - loss: 0.0128 - accuracy: 0.9963118/146 [=======================>......] - ETA: 31s - loss: 0.0127 - accuracy: 0.9963119/146 [=======================>......] - ETA: 30s - loss: 0.0126 - accuracy: 0.9963120/146 [=======================>......] - ETA: 29s - loss: 0.0148 - accuracy: 0.9961121/146 [=======================>......] - ETA: 28s - loss: 0.0149 - accuracy: 0.9959122/146 [========================>.....] - ETA: 27s - loss: 0.0148 - accuracy: 0.9959123/146 [========================>.....] - ETA: 26s - loss: 0.0148 - accuracy: 0.9959124/146 [========================>.....] - ETA: 24s - loss: 0.0147 - accuracy: 0.9960125/146 [========================>.....] - ETA: 23s - loss: 0.0150 - accuracy: 0.9958126/146 [========================>.....] - ETA: 22s - loss: 0.0160 - accuracy: 0.9955127/146 [=========================>....] - ETA: 21s - loss: 0.0160 - accuracy: 0.9956128/146 [=========================>....] - ETA: 20s - loss: 0.0159 - accuracy: 0.9956129/146 [=========================>....] - ETA: 19s - loss: 0.0159 - accuracy: 0.9956130/146 [=========================>....] - ETA: 18s - loss: 0.0162 - accuracy: 0.9954131/146 [=========================>....] - ETA: 17s - loss: 0.0168 - accuracy: 0.9952132/146 [==========================>...] - ETA: 15s - loss: 0.0168 - accuracy: 0.9953133/146 [==========================>...] - ETA: 14s - loss: 0.0168 - accuracy: 0.9953134/146 [==========================>...] - ETA: 13s - loss: 0.0168 - accuracy: 0.9953135/146 [==========================>...] - ETA: 12s - loss: 0.0167 - accuracy: 0.9954136/146 [==========================>...] - ETA: 11s - loss: 0.0167 - accuracy: 0.9954137/146 [===========================>..] - ETA: 10s - loss: 0.0167 - accuracy: 0.9954138/146 [===========================>..] - ETA: 9s - loss: 0.0179 - accuracy: 0.9950 139/146 [===========================>..] - ETA: 7s - loss: 0.0179 - accuracy: 0.9951140/146 [===========================>..] - ETA: 6s - loss: 0.0178 - accuracy: 0.9951141/146 [===========================>..] - ETA: 5s - loss: 0.0180 - accuracy: 0.9949142/146 [============================>.] - ETA: 4s - loss: 0.0178 - accuracy: 0.9949143/146 [============================>.] - ETA: 3s - loss: 0.0178 - accuracy: 0.9950144/146 [============================>.] - ETA: 2s - loss: 0.0177 - accuracy: 0.9950145/146 [============================>.] - ETA: 1s - loss: 0.0176 - accuracy: 0.9950146/146 [==============================] - ETA: 0s - loss: 0.0177 - accuracy: 0.9950146/146 [==============================] - 181s 1s/step - loss: 0.0177 - accuracy: 0.9950 - val_loss: 0.7800 - val_accuracy: 0.9061
Epoch 104/108
  1/146 [..............................] - ETA: 2:43 - loss: 0.0537 - accuracy: 0.9375  2/146 [..............................] - ETA: 2:52 - loss: 0.0268 - accuracy: 0.9688  3/146 [..............................] - ETA: 2:47 - loss: 0.0447 - accuracy: 0.9688  4/146 [..............................] - ETA: 2:46 - loss: 0.0426 - accuracy: 0.9688  5/146 [>.............................] - ETA: 2:45 - loss: 0.0526 - accuracy: 0.9625  6/146 [>.............................] - ETA: 2:45 - loss: 0.0476 - accuracy: 0.9688  7/146 [>.............................] - ETA: 2:43 - loss: 0.0581 - accuracy: 0.9688  8/146 [>.............................] - ETA: 2:42 - loss: 0.0516 - accuracy: 0.9727  9/146 [>.............................] - ETA: 2:41 - loss: 0.0851 - accuracy: 0.9722 10/146 [=>............................] - ETA: 2:40 - loss: 0.0787 - accuracy: 0.9750 11/146 [=>............................] - ETA: 2:39 - loss: 0.0718 - accuracy: 0.9773 12/146 [=>............................] - ETA: 2:37 - loss: 0.0691 - accuracy: 0.9766 13/146 [=>............................] - ETA: 2:35 - loss: 0.0645 - accuracy: 0.9784 14/146 [=>............................] - ETA: 2:33 - loss: 0.0614 - accuracy: 0.9799 15/146 [==>...........................] - ETA: 2:33 - loss: 0.0577 - accuracy: 0.9812 16/146 [==>...........................] - ETA: 2:31 - loss: 0.0544 - accuracy: 0.9824 17/146 [==>...........................] - ETA: 2:30 - loss: 0.0531 - accuracy: 0.9816 18/146 [==>...........................] - ETA: 2:29 - loss: 0.0513 - accuracy: 0.9826 19/146 [==>...........................] - ETA: 2:27 - loss: 0.0513 - accuracy: 0.9819 20/146 [===>..........................] - ETA: 2:27 - loss: 0.0489 - accuracy: 0.9828 21/146 [===>..........................] - ETA: 2:26 - loss: 0.0498 - accuracy: 0.9821 22/146 [===>..........................] - ETA: 2:25 - loss: 0.0529 - accuracy: 0.9815 23/146 [===>..........................] - ETA: 2:23 - loss: 0.0517 - accuracy: 0.9810 24/146 [===>..........................] - ETA: 2:22 - loss: 0.0497 - accuracy: 0.9818 25/146 [====>.........................] - ETA: 2:20 - loss: 0.0512 - accuracy: 0.9800 26/146 [====>.........................] - ETA: 2:19 - loss: 0.0501 - accuracy: 0.9808 27/146 [====>.........................] - ETA: 2:18 - loss: 0.0506 - accuracy: 0.9792 28/146 [====>.........................] - ETA: 2:17 - loss: 0.0523 - accuracy: 0.9788 29/146 [====>.........................] - ETA: 2:15 - loss: 0.0537 - accuracy: 0.9784 30/146 [=====>........................] - ETA: 2:14 - loss: 0.0521 - accuracy: 0.9792 31/146 [=====>........................] - ETA: 2:13 - loss: 0.0511 - accuracy: 0.9798 32/146 [=====>........................] - ETA: 2:11 - loss: 0.0496 - accuracy: 0.9805 33/146 [=====>........................] - ETA: 2:10 - loss: 0.0485 - accuracy: 0.9811 34/146 [=====>........................] - ETA: 2:09 - loss: 0.0481 - accuracy: 0.9807 35/146 [======>.......................] - ETA: 2:08 - loss: 0.0469 - accuracy: 0.9812 36/146 [======>.......................] - ETA: 2:07 - loss: 0.0458 - accuracy: 0.9818 37/146 [======>.......................] - ETA: 2:06 - loss: 0.0446 - accuracy: 0.9823 38/146 [======>.......................] - ETA: 2:05 - loss: 0.0436 - accuracy: 0.9827 39/146 [=======>......................] - ETA: 2:04 - loss: 0.0426 - accuracy: 0.9832 40/146 [=======>......................] - ETA: 2:02 - loss: 0.0415 - accuracy: 0.9836 41/146 [=======>......................] - ETA: 2:01 - loss: 0.0406 - accuracy: 0.9840 42/146 [=======>......................] - ETA: 2:00 - loss: 0.0412 - accuracy: 0.9836 43/146 [=======>......................] - ETA: 1:59 - loss: 0.0403 - accuracy: 0.9840 44/146 [========>.....................] - ETA: 1:58 - loss: 0.0400 - accuracy: 0.9844 45/146 [========>.....................] - ETA: 1:57 - loss: 0.0402 - accuracy: 0.9840 46/146 [========>.....................] - ETA: 1:56 - loss: 0.0394 - accuracy: 0.9844 47/146 [========>.....................] - ETA: 1:55 - loss: 0.0388 - accuracy: 0.9847 48/146 [========>.....................] - ETA: 1:54 - loss: 0.0388 - accuracy: 0.9844 49/146 [=========>....................] - ETA: 1:53 - loss: 0.0380 - accuracy: 0.9847 50/146 [=========>....................] - ETA: 1:51 - loss: 0.0372 - accuracy: 0.9850 51/146 [=========>....................] - ETA: 1:50 - loss: 0.0366 - accuracy: 0.9853 52/146 [=========>....................] - ETA: 1:49 - loss: 0.0360 - accuracy: 0.9856 53/146 [=========>....................] - ETA: 1:48 - loss: 0.0353 - accuracy: 0.9858 54/146 [==========>...................] - ETA: 1:47 - loss: 0.0347 - accuracy: 0.9861 55/146 [==========>...................] - ETA: 1:46 - loss: 0.0344 - accuracy: 0.9864 56/146 [==========>...................] - ETA: 1:45 - loss: 0.0339 - accuracy: 0.9866 57/146 [==========>...................] - ETA: 1:43 - loss: 0.0333 - accuracy: 0.9868 58/146 [==========>...................] - ETA: 1:42 - loss: 0.0334 - accuracy: 0.9865 59/146 [===========>..................] - ETA: 1:41 - loss: 0.0329 - accuracy: 0.9868 60/146 [===========>..................] - ETA: 1:40 - loss: 0.0326 - accuracy: 0.9870 61/146 [===========>..................] - ETA: 1:39 - loss: 0.0321 - accuracy: 0.9872 62/146 [===========>..................] - ETA: 1:38 - loss: 0.0322 - accuracy: 0.9869 63/146 [===========>..................] - ETA: 1:37 - loss: 0.0330 - accuracy: 0.9861 64/146 [============>.................] - ETA: 1:35 - loss: 0.0333 - accuracy: 0.9858 65/146 [============>.................] - ETA: 1:34 - loss: 0.0328 - accuracy: 0.9861 66/146 [============>.................] - ETA: 1:33 - loss: 0.0323 - accuracy: 0.9863 67/146 [============>.................] - ETA: 1:32 - loss: 0.0318 - accuracy: 0.9865 68/146 [============>.................] - ETA: 1:30 - loss: 0.0315 - accuracy: 0.9867 69/146 [=============>................] - ETA: 1:29 - loss: 0.0311 - accuracy: 0.9869 70/146 [=============>................] - ETA: 1:28 - loss: 0.0307 - accuracy: 0.9871 71/146 [=============>................] - ETA: 1:27 - loss: 0.0304 - accuracy: 0.9872 72/146 [=============>................] - ETA: 1:25 - loss: 0.0307 - accuracy: 0.9870 73/146 [==============>...............] - ETA: 1:24 - loss: 0.0314 - accuracy: 0.9867 74/146 [==============>...............] - ETA: 1:23 - loss: 0.0315 - accuracy: 0.9865 75/146 [==============>...............] - ETA: 1:22 - loss: 0.0311 - accuracy: 0.9867 76/146 [==============>...............] - ETA: 1:21 - loss: 0.0308 - accuracy: 0.9868 77/146 [==============>...............] - ETA: 1:20 - loss: 0.0309 - accuracy: 0.9870 78/146 [===============>..............] - ETA: 1:19 - loss: 0.0305 - accuracy: 0.9872 79/146 [===============>..............] - ETA: 1:17 - loss: 0.0302 - accuracy: 0.9873 80/146 [===============>..............] - ETA: 1:16 - loss: 0.0299 - accuracy: 0.9875 81/146 [===============>..............] - ETA: 1:15 - loss: 0.0297 - accuracy: 0.9877 82/146 [===============>..............] - ETA: 1:14 - loss: 0.0294 - accuracy: 0.9878 83/146 [================>.............] - ETA: 1:13 - loss: 0.0291 - accuracy: 0.9880 84/146 [================>.............] - ETA: 1:12 - loss: 0.0288 - accuracy: 0.9881 85/146 [================>.............] - ETA: 1:11 - loss: 0.0284 - accuracy: 0.9882 86/146 [================>.............] - ETA: 1:09 - loss: 0.0281 - accuracy: 0.9884 87/146 [================>.............] - ETA: 1:08 - loss: 0.0294 - accuracy: 0.9881 88/146 [=================>............] - ETA: 1:07 - loss: 0.0295 - accuracy: 0.9879 89/146 [=================>............] - ETA: 1:06 - loss: 0.0294 - accuracy: 0.9881 90/146 [=================>............] - ETA: 1:05 - loss: 0.0298 - accuracy: 0.9878 91/146 [=================>............] - ETA: 1:04 - loss: 0.0301 - accuracy: 0.9876 92/146 [=================>............] - ETA: 1:02 - loss: 0.0297 - accuracy: 0.9878 93/146 [==================>...........] - ETA: 1:01 - loss: 0.0295 - accuracy: 0.9879 94/146 [==================>...........] - ETA: 1:00 - loss: 0.0294 - accuracy: 0.9880 95/146 [==================>...........] - ETA: 59s - loss: 0.0291 - accuracy: 0.9882  96/146 [==================>...........] - ETA: 58s - loss: 0.0289 - accuracy: 0.9883 97/146 [==================>...........] - ETA: 57s - loss: 0.0287 - accuracy: 0.9884 98/146 [===================>..........] - ETA: 55s - loss: 0.0285 - accuracy: 0.9885 99/146 [===================>..........] - ETA: 54s - loss: 0.0282 - accuracy: 0.9886100/146 [===================>..........] - ETA: 53s - loss: 0.0281 - accuracy: 0.9887101/146 [===================>..........] - ETA: 52s - loss: 0.0279 - accuracy: 0.9889102/146 [===================>..........] - ETA: 51s - loss: 0.0301 - accuracy: 0.9887103/146 [====================>.........] - ETA: 50s - loss: 0.0298 - accuracy: 0.9888104/146 [====================>.........] - ETA: 49s - loss: 0.0296 - accuracy: 0.9889105/146 [====================>.........] - ETA: 47s - loss: 0.0294 - accuracy: 0.9890106/146 [====================>.........] - ETA: 46s - loss: 0.0292 - accuracy: 0.9891107/146 [====================>.........] - ETA: 45s - loss: 0.0291 - accuracy: 0.9889108/146 [=====================>........] - ETA: 44s - loss: 0.0289 - accuracy: 0.9890109/146 [=====================>........] - ETA: 43s - loss: 0.0288 - accuracy: 0.9891110/146 [=====================>........] - ETA: 42s - loss: 0.0286 - accuracy: 0.9892111/146 [=====================>........] - ETA: 40s - loss: 0.0293 - accuracy: 0.9890112/146 [======================>.......] - ETA: 39s - loss: 0.0291 - accuracy: 0.9891113/146 [======================>.......] - ETA: 38s - loss: 0.0289 - accuracy: 0.9892114/146 [======================>.......] - ETA: 37s - loss: 0.0287 - accuracy: 0.9893115/146 [======================>.......] - ETA: 36s - loss: 0.0286 - accuracy: 0.9891116/146 [======================>.......] - ETA: 35s - loss: 0.0284 - accuracy: 0.9892117/146 [=======================>......] - ETA: 33s - loss: 0.0286 - accuracy: 0.9890118/146 [=======================>......] - ETA: 32s - loss: 0.0284 - accuracy: 0.9891119/146 [=======================>......] - ETA: 31s - loss: 0.0282 - accuracy: 0.9892120/146 [=======================>......] - ETA: 30s - loss: 0.0280 - accuracy: 0.9893121/146 [=======================>......] - ETA: 29s - loss: 0.0280 - accuracy: 0.9894122/146 [========================>.....] - ETA: 28s - loss: 0.0278 - accuracy: 0.9895123/146 [========================>.....] - ETA: 26s - loss: 0.0276 - accuracy: 0.9896124/146 [========================>.....] - ETA: 25s - loss: 0.0273 - accuracy: 0.9897125/146 [========================>.....] - ETA: 24s - loss: 0.0272 - accuracy: 0.9898126/146 [========================>.....] - ETA: 23s - loss: 0.0271 - accuracy: 0.9898127/146 [=========================>....] - ETA: 22s - loss: 0.0269 - accuracy: 0.9899128/146 [=========================>....] - ETA: 20s - loss: 0.0267 - accuracy: 0.9900129/146 [=========================>....] - ETA: 19s - loss: 0.0265 - accuracy: 0.9901130/146 [=========================>....] - ETA: 18s - loss: 0.0265 - accuracy: 0.9901131/146 [=========================>....] - ETA: 17s - loss: 0.0264 - accuracy: 0.9902132/146 [==========================>...] - ETA: 16s - loss: 0.0263 - accuracy: 0.9903133/146 [==========================>...] - ETA: 15s - loss: 0.0262 - accuracy: 0.9904134/146 [==========================>...] - ETA: 13s - loss: 0.0260 - accuracy: 0.9904135/146 [==========================>...] - ETA: 12s - loss: 0.0259 - accuracy: 0.9905136/146 [==========================>...] - ETA: 11s - loss: 0.0259 - accuracy: 0.9906137/146 [===========================>..] - ETA: 10s - loss: 0.0258 - accuracy: 0.9906138/146 [===========================>..] - ETA: 9s - loss: 0.0260 - accuracy: 0.9905 139/146 [===========================>..] - ETA: 8s - loss: 0.0258 - accuracy: 0.9906140/146 [===========================>..] - ETA: 7s - loss: 0.0256 - accuracy: 0.9906141/146 [===========================>..] - ETA: 5s - loss: 0.0255 - accuracy: 0.9907142/146 [============================>.] - ETA: 4s - loss: 0.0257 - accuracy: 0.9905143/146 [============================>.] - ETA: 3s - loss: 0.0255 - accuracy: 0.9906144/146 [============================>.] - ETA: 2s - loss: 0.0253 - accuracy: 0.9907145/146 [============================>.] - ETA: 1s - loss: 0.0252 - accuracy: 0.9907146/146 [==============================] - ETA: 0s - loss: 0.0252 - accuracy: 0.9907146/146 [==============================] - 190s 1s/step - loss: 0.0252 - accuracy: 0.9907 - val_loss: 0.7716 - val_accuracy: 0.8989
Epoch 105/108
  1/146 [..............................] - ETA: 3:02 - loss: 9.2865e-05 - accuracy: 1.0000  2/146 [..............................] - ETA: 2:44 - loss: 2.8989e-04 - accuracy: 1.0000  3/146 [..............................] - ETA: 2:48 - loss: 2.7840e-04 - accuracy: 1.0000  4/146 [..............................] - ETA: 2:44 - loss: 5.8012e-04 - accuracy: 1.0000  5/146 [>.............................] - ETA: 2:41 - loss: 0.0015 - accuracy: 1.0000      6/146 [>.............................] - ETA: 2:38 - loss: 0.0013 - accuracy: 1.0000  7/146 [>.............................] - ETA: 2:36 - loss: 0.0018 - accuracy: 1.0000  8/146 [>.............................] - ETA: 2:34 - loss: 0.0016 - accuracy: 1.0000  9/146 [>.............................] - ETA: 2:33 - loss: 0.0016 - accuracy: 1.0000 10/146 [=>............................] - ETA: 2:30 - loss: 0.0068 - accuracy: 0.9969 11/146 [=>............................] - ETA: 2:28 - loss: 0.0064 - accuracy: 0.9972 12/146 [=>............................] - ETA: 2:27 - loss: 0.0059 - accuracy: 0.9974 13/146 [=>............................] - ETA: 2:26 - loss: 0.0055 - accuracy: 0.9976 14/146 [=>............................] - ETA: 2:25 - loss: 0.0053 - accuracy: 0.9978 15/146 [==>...........................] - ETA: 2:24 - loss: 0.0051 - accuracy: 0.9979 16/146 [==>...........................] - ETA: 2:24 - loss: 0.0118 - accuracy: 0.9961 17/146 [==>...........................] - ETA: 2:23 - loss: 0.0118 - accuracy: 0.9963 18/146 [==>...........................] - ETA: 2:22 - loss: 0.0112 - accuracy: 0.9965 19/146 [==>...........................] - ETA: 2:22 - loss: 0.0108 - accuracy: 0.9967 20/146 [===>..........................] - ETA: 2:21 - loss: 0.0128 - accuracy: 0.9953 21/146 [===>..........................] - ETA: 2:21 - loss: 0.0123 - accuracy: 0.9955 22/146 [===>..........................] - ETA: 2:19 - loss: 0.0119 - accuracy: 0.9957 23/146 [===>..........................] - ETA: 2:18 - loss: 0.0124 - accuracy: 0.9959 24/146 [===>..........................] - ETA: 2:17 - loss: 0.0119 - accuracy: 0.9961 25/146 [====>.........................] - ETA: 2:17 - loss: 0.0115 - accuracy: 0.9962 26/146 [====>.........................] - ETA: 2:16 - loss: 0.0110 - accuracy: 0.9964 27/146 [====>.........................] - ETA: 2:14 - loss: 0.0108 - accuracy: 0.9965 28/146 [====>.........................] - ETA: 2:13 - loss: 0.0122 - accuracy: 0.9955 29/146 [====>.........................] - ETA: 2:12 - loss: 0.0118 - accuracy: 0.9957 30/146 [=====>........................] - ETA: 2:11 - loss: 0.0114 - accuracy: 0.9958 31/146 [=====>........................] - ETA: 2:10 - loss: 0.0112 - accuracy: 0.9960 32/146 [=====>........................] - ETA: 2:09 - loss: 0.0110 - accuracy: 0.9961 33/146 [=====>........................] - ETA: 2:08 - loss: 0.0109 - accuracy: 0.9962 34/146 [=====>........................] - ETA: 2:07 - loss: 0.0108 - accuracy: 0.9963 35/146 [======>.......................] - ETA: 2:06 - loss: 0.0105 - accuracy: 0.9964 36/146 [======>.......................] - ETA: 2:05 - loss: 0.0102 - accuracy: 0.9965 37/146 [======>.......................] - ETA: 2:04 - loss: 0.0102 - accuracy: 0.9966 38/146 [======>.......................] - ETA: 2:03 - loss: 0.0101 - accuracy: 0.9967 39/146 [=======>......................] - ETA: 2:02 - loss: 0.0099 - accuracy: 0.9968 40/146 [=======>......................] - ETA: 2:00 - loss: 0.0097 - accuracy: 0.9969 41/146 [=======>......................] - ETA: 1:59 - loss: 0.0094 - accuracy: 0.9970 42/146 [=======>......................] - ETA: 1:58 - loss: 0.0104 - accuracy: 0.9963 43/146 [=======>......................] - ETA: 1:57 - loss: 0.0117 - accuracy: 0.9956 44/146 [========>.....................] - ETA: 1:56 - loss: 0.0114 - accuracy: 0.9957 45/146 [========>.....................] - ETA: 1:55 - loss: 0.0116 - accuracy: 0.9958 46/146 [========>.....................] - ETA: 1:54 - loss: 0.0113 - accuracy: 0.9959 47/146 [========>.....................] - ETA: 1:53 - loss: 0.0115 - accuracy: 0.9960 48/146 [========>.....................] - ETA: 1:52 - loss: 0.0113 - accuracy: 0.9961 49/146 [=========>....................] - ETA: 1:51 - loss: 0.0111 - accuracy: 0.9962 50/146 [=========>....................] - ETA: 1:50 - loss: 0.0109 - accuracy: 0.9962 51/146 [=========>....................] - ETA: 1:49 - loss: 0.0107 - accuracy: 0.9963 52/146 [=========>....................] - ETA: 1:48 - loss: 0.0107 - accuracy: 0.9964 53/146 [=========>....................] - ETA: 1:47 - loss: 0.0105 - accuracy: 0.9965 54/146 [==========>...................] - ETA: 1:46 - loss: 0.0103 - accuracy: 0.9965 55/146 [==========>...................] - ETA: 1:45 - loss: 0.0101 - accuracy: 0.9966 56/146 [==========>...................] - ETA: 1:43 - loss: 0.0102 - accuracy: 0.9967 57/146 [==========>...................] - ETA: 1:42 - loss: 0.0100 - accuracy: 0.9967 58/146 [==========>...................] - ETA: 1:41 - loss: 0.0101 - accuracy: 0.9968 59/146 [===========>..................] - ETA: 1:40 - loss: 0.0099 - accuracy: 0.9968 60/146 [===========>..................] - ETA: 1:39 - loss: 0.0098 - accuracy: 0.9969 61/146 [===========>..................] - ETA: 1:38 - loss: 0.0103 - accuracy: 0.9964 62/146 [===========>..................] - ETA: 1:37 - loss: 0.0101 - accuracy: 0.9965 63/146 [===========>..................] - ETA: 1:35 - loss: 0.0099 - accuracy: 0.9965 64/146 [============>.................] - ETA: 1:34 - loss: 0.0098 - accuracy: 0.9966 65/146 [============>.................] - ETA: 1:33 - loss: 0.0097 - accuracy: 0.9966 66/146 [============>.................] - ETA: 1:32 - loss: 0.0096 - accuracy: 0.9967 67/146 [============>.................] - ETA: 1:31 - loss: 0.0094 - accuracy: 0.9967 68/146 [============>.................] - ETA: 1:30 - loss: 0.0093 - accuracy: 0.9968 69/146 [=============>................] - ETA: 1:28 - loss: 0.0092 - accuracy: 0.9968 70/146 [=============>................] - ETA: 1:27 - loss: 0.0091 - accuracy: 0.9969 71/146 [=============>................] - ETA: 1:26 - loss: 0.0090 - accuracy: 0.9969 72/146 [=============>................] - ETA: 1:25 - loss: 0.0089 - accuracy: 0.9970 73/146 [==============>...............] - ETA: 1:24 - loss: 0.0088 - accuracy: 0.9970 74/146 [==============>...............] - ETA: 1:23 - loss: 0.0089 - accuracy: 0.9970 75/146 [==============>...............] - ETA: 1:22 - loss: 0.0089 - accuracy: 0.9971 76/146 [==============>...............] - ETA: 1:21 - loss: 0.0089 - accuracy: 0.9971 77/146 [==============>...............] - ETA: 1:19 - loss: 0.0088 - accuracy: 0.9972 78/146 [===============>..............] - ETA: 1:18 - loss: 0.0087 - accuracy: 0.9972 79/146 [===============>..............] - ETA: 1:17 - loss: 0.0086 - accuracy: 0.9972 80/146 [===============>..............] - ETA: 1:16 - loss: 0.0088 - accuracy: 0.9969 81/146 [===============>..............] - ETA: 1:15 - loss: 0.0087 - accuracy: 0.9969 82/146 [===============>..............] - ETA: 1:14 - loss: 0.0086 - accuracy: 0.9970 83/146 [================>.............] - ETA: 1:12 - loss: 0.0085 - accuracy: 0.9970 84/146 [================>.............] - ETA: 1:11 - loss: 0.0084 - accuracy: 0.9970 85/146 [================>.............] - ETA: 1:10 - loss: 0.0086 - accuracy: 0.9967 86/146 [================>.............] - ETA: 1:09 - loss: 0.0085 - accuracy: 0.9967 87/146 [================>.............] - ETA: 1:08 - loss: 0.0084 - accuracy: 0.9968 88/146 [=================>............] - ETA: 1:06 - loss: 0.0084 - accuracy: 0.9968 89/146 [=================>............] - ETA: 1:05 - loss: 0.0083 - accuracy: 0.9968 90/146 [=================>............] - ETA: 1:04 - loss: 0.0082 - accuracy: 0.9969 91/146 [=================>............] - ETA: 1:03 - loss: 0.0081 - accuracy: 0.9969 92/146 [=================>............] - ETA: 1:02 - loss: 0.0086 - accuracy: 0.9966 93/146 [==================>...........] - ETA: 1:00 - loss: 0.0086 - accuracy: 0.9966 94/146 [==================>...........] - ETA: 59s - loss: 0.0088 - accuracy: 0.9967  95/146 [==================>...........] - ETA: 58s - loss: 0.0092 - accuracy: 0.9964 96/146 [==================>...........] - ETA: 57s - loss: 0.0091 - accuracy: 0.9964 97/146 [==================>...........] - ETA: 55s - loss: 0.0094 - accuracy: 0.9961 98/146 [===================>..........] - ETA: 54s - loss: 0.0093 - accuracy: 0.9962 99/146 [===================>..........] - ETA: 53s - loss: 0.0093 - accuracy: 0.9962100/146 [===================>..........] - ETA: 52s - loss: 0.0092 - accuracy: 0.9962101/146 [===================>..........] - ETA: 50s - loss: 0.0091 - accuracy: 0.9963102/146 [===================>..........] - ETA: 49s - loss: 0.0106 - accuracy: 0.9960103/146 [====================>.........] - ETA: 48s - loss: 0.0106 - accuracy: 0.9961104/146 [====================>.........] - ETA: 47s - loss: 0.0105 - accuracy: 0.9961105/146 [====================>.........] - ETA: 46s - loss: 0.0105 - accuracy: 0.9961106/146 [====================>.........] - ETA: 45s - loss: 0.0104 - accuracy: 0.9962107/146 [====================>.........] - ETA: 44s - loss: 0.0103 - accuracy: 0.9962108/146 [=====================>........] - ETA: 42s - loss: 0.0102 - accuracy: 0.9962109/146 [=====================>........] - ETA: 41s - loss: 0.0102 - accuracy: 0.9963110/146 [=====================>........] - ETA: 40s - loss: 0.0101 - accuracy: 0.9963111/146 [=====================>........] - ETA: 39s - loss: 0.0100 - accuracy: 0.9963112/146 [======================>.......] - ETA: 38s - loss: 0.0105 - accuracy: 0.9961113/146 [======================>.......] - ETA: 37s - loss: 0.0104 - accuracy: 0.9961114/146 [======================>.......] - ETA: 36s - loss: 0.0104 - accuracy: 0.9962115/146 [======================>.......] - ETA: 34s - loss: 0.0105 - accuracy: 0.9959116/146 [======================>.......] - ETA: 33s - loss: 0.0104 - accuracy: 0.9960117/146 [=======================>......] - ETA: 32s - loss: 0.0103 - accuracy: 0.9960118/146 [=======================>......] - ETA: 31s - loss: 0.0103 - accuracy: 0.9960119/146 [=======================>......] - ETA: 30s - loss: 0.0103 - accuracy: 0.9961120/146 [=======================>......] - ETA: 29s - loss: 0.0105 - accuracy: 0.9958121/146 [=======================>......] - ETA: 28s - loss: 0.0105 - accuracy: 0.9959122/146 [========================>.....] - ETA: 26s - loss: 0.0107 - accuracy: 0.9956123/146 [========================>.....] - ETA: 25s - loss: 0.0107 - accuracy: 0.9957124/146 [========================>.....] - ETA: 24s - loss: 0.0107 - accuracy: 0.9957125/146 [========================>.....] - ETA: 23s - loss: 0.0107 - accuracy: 0.9958126/146 [========================>.....] - ETA: 22s - loss: 0.0107 - accuracy: 0.9958127/146 [=========================>....] - ETA: 21s - loss: 0.0107 - accuracy: 0.9958128/146 [=========================>....] - ETA: 20s - loss: 0.0106 - accuracy: 0.9958129/146 [=========================>....] - ETA: 18s - loss: 0.0105 - accuracy: 0.9959130/146 [=========================>....] - ETA: 17s - loss: 0.0105 - accuracy: 0.9959131/146 [=========================>....] - ETA: 16s - loss: 0.0105 - accuracy: 0.9959132/146 [==========================>...] - ETA: 15s - loss: 0.0104 - accuracy: 0.9960133/146 [==========================>...] - ETA: 14s - loss: 0.0103 - accuracy: 0.9960134/146 [==========================>...] - ETA: 13s - loss: 0.0108 - accuracy: 0.9958135/146 [==========================>...] - ETA: 12s - loss: 0.0107 - accuracy: 0.9958136/146 [==========================>...] - ETA: 11s - loss: 0.0106 - accuracy: 0.9959137/146 [===========================>..] - ETA: 9s - loss: 0.0109 - accuracy: 0.9957 138/146 [===========================>..] - ETA: 8s - loss: 0.0109 - accuracy: 0.9957139/146 [===========================>..] - ETA: 7s - loss: 0.0109 - accuracy: 0.9957140/146 [===========================>..] - ETA: 6s - loss: 0.0108 - accuracy: 0.9958141/146 [===========================>..] - ETA: 5s - loss: 0.0107 - accuracy: 0.9958142/146 [============================>.] - ETA: 4s - loss: 0.0107 - accuracy: 0.9958143/146 [============================>.] - ETA: 3s - loss: 0.0106 - accuracy: 0.9958144/146 [============================>.] - ETA: 2s - loss: 0.0106 - accuracy: 0.9959145/146 [============================>.] - ETA: 1s - loss: 0.0106 - accuracy: 0.9959146/146 [==============================] - ETA: 0s - loss: 0.0106 - accuracy: 0.9959146/146 [==============================] - 178s 1s/step - loss: 0.0106 - accuracy: 0.9959 - val_loss: 0.7380 - val_accuracy: 0.8965
Epoch 106/108
  1/146 [..............................] - ETA: 2:53 - loss: 0.0023 - accuracy: 1.0000  2/146 [..............................] - ETA: 2:50 - loss: 0.0011 - accuracy: 1.0000  3/146 [..............................] - ETA: 2:53 - loss: 0.0081 - accuracy: 0.9896  4/146 [..............................] - ETA: 2:53 - loss: 0.0082 - accuracy: 0.9922  5/146 [>.............................] - ETA: 2:50 - loss: 0.0066 - accuracy: 0.9937  6/146 [>.............................] - ETA: 2:47 - loss: 0.0059 - accuracy: 0.9948  7/146 [>.............................] - ETA: 2:44 - loss: 0.0052 - accuracy: 0.9955  8/146 [>.............................] - ETA: 2:42 - loss: 0.0045 - accuracy: 0.9961  9/146 [>.............................] - ETA: 2:40 - loss: 0.0041 - accuracy: 0.9965 10/146 [=>............................] - ETA: 2:39 - loss: 0.0042 - accuracy: 0.9969 11/146 [=>............................] - ETA: 2:38 - loss: 0.0041 - accuracy: 0.9972 12/146 [=>............................] - ETA: 2:36 - loss: 0.0039 - accuracy: 0.9974 13/146 [=>............................] - ETA: 2:35 - loss: 0.0036 - accuracy: 0.9976 14/146 [=>............................] - ETA: 2:34 - loss: 0.0057 - accuracy: 0.9955 15/146 [==>...........................] - ETA: 2:33 - loss: 0.0054 - accuracy: 0.9958 16/146 [==>...........................] - ETA: 2:33 - loss: 0.0057 - accuracy: 0.9961 17/146 [==>...........................] - ETA: 2:31 - loss: 0.0054 - accuracy: 0.9963 18/146 [==>...........................] - ETA: 2:30 - loss: 0.0053 - accuracy: 0.9965 19/146 [==>...........................] - ETA: 2:29 - loss: 0.0050 - accuracy: 0.9967 20/146 [===>..........................] - ETA: 2:28 - loss: 0.0048 - accuracy: 0.9969 21/146 [===>..........................] - ETA: 2:26 - loss: 0.0054 - accuracy: 0.9970 22/146 [===>..........................] - ETA: 2:25 - loss: 0.0054 - accuracy: 0.9972 23/146 [===>..........................] - ETA: 2:24 - loss: 0.0053 - accuracy: 0.9973 24/146 [===>..........................] - ETA: 2:23 - loss: 0.0051 - accuracy: 0.9974 25/146 [====>.........................] - ETA: 2:22 - loss: 0.0049 - accuracy: 0.9975 26/146 [====>.........................] - ETA: 2:20 - loss: 0.0047 - accuracy: 0.9976 27/146 [====>.........................] - ETA: 2:19 - loss: 0.0046 - accuracy: 0.9977 28/146 [====>.........................] - ETA: 2:19 - loss: 0.0044 - accuracy: 0.9978 29/146 [====>.........................] - ETA: 2:17 - loss: 0.0049 - accuracy: 0.9978 30/146 [=====>........................] - ETA: 2:16 - loss: 0.0050 - accuracy: 0.9979 31/146 [=====>........................] - ETA: 2:15 - loss: 0.0061 - accuracy: 0.9970 32/146 [=====>........................] - ETA: 2:14 - loss: 0.0062 - accuracy: 0.9971 33/146 [=====>........................] - ETA: 2:13 - loss: 0.0060 - accuracy: 0.9972 34/146 [=====>........................] - ETA: 2:12 - loss: 0.0058 - accuracy: 0.9972 35/146 [======>.......................] - ETA: 2:11 - loss: 0.0057 - accuracy: 0.9973 36/146 [======>.......................] - ETA: 2:10 - loss: 0.0068 - accuracy: 0.9965 37/146 [======>.......................] - ETA: 2:09 - loss: 0.0066 - accuracy: 0.9966 38/146 [======>.......................] - ETA: 2:07 - loss: 0.0070 - accuracy: 0.9967 39/146 [=======>......................] - ETA: 2:06 - loss: 0.0069 - accuracy: 0.9968 40/146 [=======>......................] - ETA: 2:05 - loss: 0.0068 - accuracy: 0.9969 41/146 [=======>......................] - ETA: 2:04 - loss: 0.0066 - accuracy: 0.9970 42/146 [=======>......................] - ETA: 2:03 - loss: 0.0066 - accuracy: 0.9970 43/146 [=======>......................] - ETA: 2:01 - loss: 0.0065 - accuracy: 0.9971 44/146 [========>.....................] - ETA: 2:00 - loss: 0.0063 - accuracy: 0.9972 45/146 [========>.....................] - ETA: 1:59 - loss: 0.0068 - accuracy: 0.9965 46/146 [========>.....................] - ETA: 1:58 - loss: 0.0066 - accuracy: 0.9966 47/146 [========>.....................] - ETA: 1:57 - loss: 0.0065 - accuracy: 0.9967 48/146 [========>.....................] - ETA: 1:55 - loss: 0.0064 - accuracy: 0.9967 49/146 [=========>....................] - ETA: 1:54 - loss: 0.0063 - accuracy: 0.9968 50/146 [=========>....................] - ETA: 1:53 - loss: 0.0065 - accuracy: 0.9969 51/146 [=========>....................] - ETA: 1:52 - loss: 0.0064 - accuracy: 0.9969 52/146 [=========>....................] - ETA: 1:51 - loss: 0.0063 - accuracy: 0.9970 53/146 [=========>....................] - ETA: 1:49 - loss: 0.0062 - accuracy: 0.9971 54/146 [==========>...................] - ETA: 1:48 - loss: 0.0061 - accuracy: 0.9971 55/146 [==========>...................] - ETA: 1:47 - loss: 0.0060 - accuracy: 0.9972 56/146 [==========>...................] - ETA: 1:46 - loss: 0.0067 - accuracy: 0.9967 57/146 [==========>...................] - ETA: 1:45 - loss: 0.0067 - accuracy: 0.9967 58/146 [==========>...................] - ETA: 1:44 - loss: 0.0066 - accuracy: 0.9968 59/146 [===========>..................] - ETA: 1:42 - loss: 0.0068 - accuracy: 0.9968 60/146 [===========>..................] - ETA: 1:41 - loss: 0.0067 - accuracy: 0.9969 61/146 [===========>..................] - ETA: 1:40 - loss: 0.0085 - accuracy: 0.9964 62/146 [===========>..................] - ETA: 1:38 - loss: 0.0085 - accuracy: 0.9965 63/146 [===========>..................] - ETA: 1:37 - loss: 0.0085 - accuracy: 0.9965 64/146 [============>.................] - ETA: 1:36 - loss: 0.0084 - accuracy: 0.9966 65/146 [============>.................] - ETA: 1:34 - loss: 0.0083 - accuracy: 0.9966 66/146 [============>.................] - ETA: 1:33 - loss: 0.0082 - accuracy: 0.9967 67/146 [============>.................] - ETA: 1:31 - loss: 0.0081 - accuracy: 0.9967 68/146 [============>.................] - ETA: 1:30 - loss: 0.0080 - accuracy: 0.9968 69/146 [=============>................] - ETA: 1:29 - loss: 0.0079 - accuracy: 0.9968 70/146 [=============>................] - ETA: 1:27 - loss: 0.0088 - accuracy: 0.9964 71/146 [=============>................] - ETA: 1:26 - loss: 0.0087 - accuracy: 0.9965 72/146 [=============>................] - ETA: 1:25 - loss: 0.0086 - accuracy: 0.9965 73/146 [==============>...............] - ETA: 1:24 - loss: 0.0086 - accuracy: 0.9966 74/146 [==============>...............] - ETA: 1:23 - loss: 0.0085 - accuracy: 0.9966 75/146 [==============>...............] - ETA: 1:22 - loss: 0.0083 - accuracy: 0.9967 76/146 [==============>...............] - ETA: 1:20 - loss: 0.0083 - accuracy: 0.9967 77/146 [==============>...............] - ETA: 1:19 - loss: 0.0082 - accuracy: 0.9968 78/146 [===============>..............] - ETA: 1:18 - loss: 0.0081 - accuracy: 0.9968 79/146 [===============>..............] - ETA: 1:17 - loss: 0.0080 - accuracy: 0.9968 80/146 [===============>..............] - ETA: 1:16 - loss: 0.0080 - accuracy: 0.9969 81/146 [===============>..............] - ETA: 1:15 - loss: 0.0079 - accuracy: 0.9969 82/146 [===============>..............] - ETA: 1:14 - loss: 0.0078 - accuracy: 0.9970 83/146 [================>.............] - ETA: 1:12 - loss: 0.0080 - accuracy: 0.9970 84/146 [================>.............] - ETA: 1:11 - loss: 0.0079 - accuracy: 0.9970 85/146 [================>.............] - ETA: 1:10 - loss: 0.0078 - accuracy: 0.9971 86/146 [================>.............] - ETA: 1:09 - loss: 0.0081 - accuracy: 0.9967 87/146 [================>.............] - ETA: 1:08 - loss: 0.0081 - accuracy: 0.9968 88/146 [=================>............] - ETA: 1:07 - loss: 0.0080 - accuracy: 0.9968 89/146 [=================>............] - ETA: 1:06 - loss: 0.0079 - accuracy: 0.9968 90/146 [=================>............] - ETA: 1:04 - loss: 0.0079 - accuracy: 0.9969 91/146 [=================>............] - ETA: 1:03 - loss: 0.0078 - accuracy: 0.9969 92/146 [=================>............] - ETA: 1:02 - loss: 0.0077 - accuracy: 0.9969 93/146 [==================>...........] - ETA: 1:01 - loss: 0.0077 - accuracy: 0.9970 94/146 [==================>...........] - ETA: 1:00 - loss: 0.0076 - accuracy: 0.9970 95/146 [==================>...........] - ETA: 58s - loss: 0.0075 - accuracy: 0.9970  96/146 [==================>...........] - ETA: 57s - loss: 0.0075 - accuracy: 0.9971 97/146 [==================>...........] - ETA: 56s - loss: 0.0074 - accuracy: 0.9971 98/146 [===================>..........] - ETA: 55s - loss: 0.0073 - accuracy: 0.9971 99/146 [===================>..........] - ETA: 54s - loss: 0.0073 - accuracy: 0.9972100/146 [===================>..........] - ETA: 53s - loss: 0.0072 - accuracy: 0.9972101/146 [===================>..........] - ETA: 51s - loss: 0.0073 - accuracy: 0.9972102/146 [===================>..........] - ETA: 50s - loss: 0.0072 - accuracy: 0.9972103/146 [====================>.........] - ETA: 49s - loss: 0.0071 - accuracy: 0.9973104/146 [====================>.........] - ETA: 48s - loss: 0.0071 - accuracy: 0.9973105/146 [====================>.........] - ETA: 47s - loss: 0.0070 - accuracy: 0.9973106/146 [====================>.........] - ETA: 46s - loss: 0.0070 - accuracy: 0.9973107/146 [====================>.........] - ETA: 45s - loss: 0.0069 - accuracy: 0.9974108/146 [=====================>........] - ETA: 43s - loss: 0.0068 - accuracy: 0.9974109/146 [=====================>........] - ETA: 42s - loss: 0.0069 - accuracy: 0.9974110/146 [=====================>........] - ETA: 41s - loss: 0.0070 - accuracy: 0.9974111/146 [=====================>........] - ETA: 40s - loss: 0.0069 - accuracy: 0.9975112/146 [======================>.......] - ETA: 39s - loss: 0.0071 - accuracy: 0.9975113/146 [======================>.......] - ETA: 38s - loss: 0.0070 - accuracy: 0.9975114/146 [======================>.......] - ETA: 37s - loss: 0.0070 - accuracy: 0.9975115/146 [======================>.......] - ETA: 35s - loss: 0.0069 - accuracy: 0.9976116/146 [======================>.......] - ETA: 34s - loss: 0.0068 - accuracy: 0.9976117/146 [=======================>......] - ETA: 33s - loss: 0.0068 - accuracy: 0.9976118/146 [=======================>......] - ETA: 32s - loss: 0.0068 - accuracy: 0.9976119/146 [=======================>......] - ETA: 31s - loss: 0.0079 - accuracy: 0.9974120/146 [=======================>......] - ETA: 30s - loss: 0.0079 - accuracy: 0.9974121/146 [=======================>......] - ETA: 28s - loss: 0.0078 - accuracy: 0.9974122/146 [========================>.....] - ETA: 27s - loss: 0.0078 - accuracy: 0.9974123/146 [========================>.....] - ETA: 26s - loss: 0.0077 - accuracy: 0.9975124/146 [========================>.....] - ETA: 25s - loss: 0.0076 - accuracy: 0.9975125/146 [========================>.....] - ETA: 24s - loss: 0.0076 - accuracy: 0.9975126/146 [========================>.....] - ETA: 23s - loss: 0.0076 - accuracy: 0.9975127/146 [=========================>....] - ETA: 22s - loss: 0.0075 - accuracy: 0.9975128/146 [=========================>....] - ETA: 20s - loss: 0.0075 - accuracy: 0.9976129/146 [=========================>....] - ETA: 19s - loss: 0.0075 - accuracy: 0.9976130/146 [=========================>....] - ETA: 18s - loss: 0.0075 - accuracy: 0.9976131/146 [=========================>....] - ETA: 17s - loss: 0.0075 - accuracy: 0.9976132/146 [==========================>...] - ETA: 16s - loss: 0.0075 - accuracy: 0.9976133/146 [==========================>...] - ETA: 15s - loss: 0.0076 - accuracy: 0.9974134/146 [==========================>...] - ETA: 13s - loss: 0.0076 - accuracy: 0.9974135/146 [==========================>...] - ETA: 12s - loss: 0.0076 - accuracy: 0.9975136/146 [==========================>...] - ETA: 11s - loss: 0.0076 - accuracy: 0.9975137/146 [===========================>..] - ETA: 10s - loss: 0.0083 - accuracy: 0.9973138/146 [===========================>..] - ETA: 9s - loss: 0.0082 - accuracy: 0.9973 139/146 [===========================>..] - ETA: 8s - loss: 0.0082 - accuracy: 0.9973140/146 [===========================>..] - ETA: 6s - loss: 0.0081 - accuracy: 0.9973141/146 [===========================>..] - ETA: 5s - loss: 0.0080 - accuracy: 0.9973142/146 [============================>.] - ETA: 4s - loss: 0.0080 - accuracy: 0.9974143/146 [============================>.] - ETA: 3s - loss: 0.0079 - accuracy: 0.9974144/146 [============================>.] - ETA: 2s - loss: 0.0079 - accuracy: 0.9974145/146 [============================>.] - ETA: 1s - loss: 0.0079 - accuracy: 0.9974146/146 [==============================] - ETA: 0s - loss: 0.0079 - accuracy: 0.9974146/146 [==============================] - 190s 1s/step - loss: 0.0079 - accuracy: 0.9974 - val_loss: 0.8533 - val_accuracy: 0.8876
Epoch 107/108
  1/146 [..............................] - ETA: 2:40 - loss: 7.2093e-04 - accuracy: 1.0000  2/146 [..............................] - ETA: 2:36 - loss: 0.0105 - accuracy: 1.0000      3/146 [..............................] - ETA: 2:35 - loss: 0.0072 - accuracy: 1.0000  4/146 [..............................] - ETA: 2:33 - loss: 0.0077 - accuracy: 1.0000  5/146 [>.............................] - ETA: 2:35 - loss: 0.0062 - accuracy: 1.0000  6/146 [>.............................] - ETA: 2:35 - loss: 0.0251 - accuracy: 0.9948  7/146 [>.............................] - ETA: 2:34 - loss: 0.0229 - accuracy: 0.9955  8/146 [>.............................] - ETA: 2:33 - loss: 0.0213 - accuracy: 0.9961  9/146 [>.............................] - ETA: 2:30 - loss: 0.0190 - accuracy: 0.9965 10/146 [=>............................] - ETA: 2:28 - loss: 0.0172 - accuracy: 0.9969 11/146 [=>............................] - ETA: 2:28 - loss: 0.0177 - accuracy: 0.9972 12/146 [=>............................] - ETA: 2:28 - loss: 0.0225 - accuracy: 0.9948 13/146 [=>............................] - ETA: 2:27 - loss: 0.0208 - accuracy: 0.9952 14/146 [=>............................] - ETA: 2:26 - loss: 0.0193 - accuracy: 0.9955 15/146 [==>...........................] - ETA: 2:25 - loss: 0.0181 - accuracy: 0.9958 16/146 [==>...........................] - ETA: 2:25 - loss: 0.0193 - accuracy: 0.9941 17/146 [==>...........................] - ETA: 2:24 - loss: 0.0182 - accuracy: 0.9945 18/146 [==>...........................] - ETA: 2:23 - loss: 0.0173 - accuracy: 0.9948 19/146 [==>...........................] - ETA: 2:22 - loss: 0.0171 - accuracy: 0.9951 20/146 [===>..........................] - ETA: 2:21 - loss: 0.0162 - accuracy: 0.9953 21/146 [===>..........................] - ETA: 2:21 - loss: 0.0155 - accuracy: 0.9955 22/146 [===>..........................] - ETA: 2:20 - loss: 0.0151 - accuracy: 0.9957 23/146 [===>..........................] - ETA: 2:19 - loss: 0.0145 - accuracy: 0.9959 24/146 [===>..........................] - ETA: 2:18 - loss: 0.0141 - accuracy: 0.9961 25/146 [====>.........................] - ETA: 2:17 - loss: 0.0184 - accuracy: 0.9950 26/146 [====>.........................] - ETA: 2:16 - loss: 0.0178 - accuracy: 0.9952 27/146 [====>.........................] - ETA: 2:15 - loss: 0.0171 - accuracy: 0.9954 28/146 [====>.........................] - ETA: 2:14 - loss: 0.0168 - accuracy: 0.9955 29/146 [====>.........................] - ETA: 2:12 - loss: 0.0163 - accuracy: 0.9957 30/146 [=====>........................] - ETA: 2:11 - loss: 0.0252 - accuracy: 0.9937 31/146 [=====>........................] - ETA: 2:10 - loss: 0.0245 - accuracy: 0.9940 32/146 [=====>........................] - ETA: 2:09 - loss: 0.0240 - accuracy: 0.9941 33/146 [=====>........................] - ETA: 2:08 - loss: 0.0232 - accuracy: 0.9943 34/146 [=====>........................] - ETA: 2:06 - loss: 0.0226 - accuracy: 0.9945 35/146 [======>.......................] - ETA: 2:04 - loss: 0.0220 - accuracy: 0.9946 36/146 [======>.......................] - ETA: 2:02 - loss: 0.0214 - accuracy: 0.9948 37/146 [======>.......................] - ETA: 2:01 - loss: 0.0211 - accuracy: 0.9949 38/146 [======>.......................] - ETA: 1:59 - loss: 0.0209 - accuracy: 0.9951 39/146 [=======>......................] - ETA: 1:57 - loss: 0.0204 - accuracy: 0.9952 40/146 [=======>......................] - ETA: 1:56 - loss: 0.0199 - accuracy: 0.9953 41/146 [=======>......................] - ETA: 1:54 - loss: 0.0217 - accuracy: 0.9947 42/146 [=======>......................] - ETA: 1:52 - loss: 0.0223 - accuracy: 0.9940 43/146 [=======>......................] - ETA: 1:51 - loss: 0.0218 - accuracy: 0.9942 44/146 [========>.....................] - ETA: 1:50 - loss: 0.0213 - accuracy: 0.9943 45/146 [========>.....................] - ETA: 1:49 - loss: 0.0212 - accuracy: 0.9944 46/146 [========>.....................] - ETA: 1:49 - loss: 0.0215 - accuracy: 0.9939 47/146 [========>.....................] - ETA: 1:48 - loss: 0.0211 - accuracy: 0.9940 48/146 [========>.....................] - ETA: 1:47 - loss: 0.0209 - accuracy: 0.9941 49/146 [=========>....................] - ETA: 1:46 - loss: 0.0209 - accuracy: 0.9943 50/146 [=========>....................] - ETA: 1:45 - loss: 0.0220 - accuracy: 0.9937 51/146 [=========>....................] - ETA: 1:44 - loss: 0.0267 - accuracy: 0.9933 52/146 [=========>....................] - ETA: 1:43 - loss: 0.0276 - accuracy: 0.9928 53/146 [=========>....................] - ETA: 1:42 - loss: 0.0271 - accuracy: 0.9929 54/146 [==========>...................] - ETA: 1:41 - loss: 0.0267 - accuracy: 0.9931 55/146 [==========>...................] - ETA: 1:40 - loss: 0.0262 - accuracy: 0.9932 56/146 [==========>...................] - ETA: 1:39 - loss: 0.0273 - accuracy: 0.9927 57/146 [==========>...................] - ETA: 1:37 - loss: 0.0269 - accuracy: 0.9929 58/146 [==========>...................] - ETA: 1:36 - loss: 0.0265 - accuracy: 0.9930 59/146 [===========>..................] - ETA: 1:35 - loss: 0.0262 - accuracy: 0.9931 60/146 [===========>..................] - ETA: 1:34 - loss: 0.0259 - accuracy: 0.9932 61/146 [===========>..................] - ETA: 1:33 - loss: 0.0257 - accuracy: 0.9933 62/146 [===========>..................] - ETA: 1:32 - loss: 0.0269 - accuracy: 0.9929 63/146 [===========>..................] - ETA: 1:30 - loss: 0.0267 - accuracy: 0.9931 64/146 [============>.................] - ETA: 1:29 - loss: 0.0264 - accuracy: 0.9932 65/146 [============>.................] - ETA: 1:28 - loss: 0.0262 - accuracy: 0.9933 66/146 [============>.................] - ETA: 1:26 - loss: 0.0258 - accuracy: 0.9934 67/146 [============>.................] - ETA: 1:25 - loss: 0.0256 - accuracy: 0.9935 68/146 [============>.................] - ETA: 1:24 - loss: 0.0268 - accuracy: 0.9926 69/146 [=============>................] - ETA: 1:22 - loss: 0.0267 - accuracy: 0.9928 70/146 [=============>................] - ETA: 1:21 - loss: 0.0272 - accuracy: 0.9924 71/146 [=============>................] - ETA: 1:20 - loss: 0.0307 - accuracy: 0.9912 72/146 [=============>................] - ETA: 1:19 - loss: 0.0307 - accuracy: 0.9909 73/146 [==============>...............] - ETA: 1:18 - loss: 0.0306 - accuracy: 0.9910 74/146 [==============>...............] - ETA: 1:17 - loss: 0.0306 - accuracy: 0.9911 75/146 [==============>...............] - ETA: 1:16 - loss: 0.0305 - accuracy: 0.9912 76/146 [==============>...............] - ETA: 1:15 - loss: 0.0305 - accuracy: 0.9914 77/146 [==============>...............] - ETA: 1:14 - loss: 0.0301 - accuracy: 0.9915 78/146 [===============>..............] - ETA: 1:13 - loss: 0.0300 - accuracy: 0.9916 79/146 [===============>..............] - ETA: 1:12 - loss: 0.0297 - accuracy: 0.9917 80/146 [===============>..............] - ETA: 1:11 - loss: 0.0295 - accuracy: 0.9918 81/146 [===============>..............] - ETA: 1:10 - loss: 0.0292 - accuracy: 0.9919 82/146 [===============>..............] - ETA: 1:09 - loss: 0.0289 - accuracy: 0.9920 83/146 [================>.............] - ETA: 1:08 - loss: 0.0287 - accuracy: 0.9921 84/146 [================>.............] - ETA: 1:07 - loss: 0.0284 - accuracy: 0.9922 85/146 [================>.............] - ETA: 1:06 - loss: 0.0281 - accuracy: 0.9923 86/146 [================>.............] - ETA: 1:05 - loss: 0.0283 - accuracy: 0.9920 87/146 [================>.............] - ETA: 1:04 - loss: 0.0280 - accuracy: 0.9921 88/146 [=================>............] - ETA: 1:03 - loss: 0.0290 - accuracy: 0.9915 89/146 [=================>............] - ETA: 1:02 - loss: 0.0297 - accuracy: 0.9912 90/146 [=================>............] - ETA: 1:01 - loss: 0.0294 - accuracy: 0.9913 91/146 [=================>............] - ETA: 1:00 - loss: 0.0294 - accuracy: 0.9914 92/146 [=================>............] - ETA: 59s - loss: 0.0291 - accuracy: 0.9915  93/146 [==================>...........] - ETA: 57s - loss: 0.0294 - accuracy: 0.9913 94/146 [==================>...........] - ETA: 56s - loss: 0.0291 - accuracy: 0.9914 95/146 [==================>...........] - ETA: 55s - loss: 0.0288 - accuracy: 0.9914 96/146 [==================>...........] - ETA: 54s - loss: 0.0285 - accuracy: 0.9915 97/146 [==================>...........] - ETA: 53s - loss: 0.0283 - accuracy: 0.9916 98/146 [===================>..........] - ETA: 52s - loss: 0.0280 - accuracy: 0.9917 99/146 [===================>..........] - ETA: 51s - loss: 0.0277 - accuracy: 0.9918100/146 [===================>..........] - ETA: 50s - loss: 0.0275 - accuracy: 0.9919101/146 [===================>..........] - ETA: 49s - loss: 0.0275 - accuracy: 0.9916102/146 [===================>..........] - ETA: 48s - loss: 0.0273 - accuracy: 0.9917103/146 [====================>.........] - ETA: 47s - loss: 0.0271 - accuracy: 0.9918104/146 [====================>.........] - ETA: 46s - loss: 0.0268 - accuracy: 0.9919105/146 [====================>.........] - ETA: 45s - loss: 0.0266 - accuracy: 0.9920106/146 [====================>.........] - ETA: 44s - loss: 0.0264 - accuracy: 0.9920107/146 [====================>.........] - ETA: 43s - loss: 0.0262 - accuracy: 0.9921108/146 [=====================>........] - ETA: 42s - loss: 0.0263 - accuracy: 0.9919109/146 [=====================>........] - ETA: 40s - loss: 0.0264 - accuracy: 0.9917110/146 [=====================>........] - ETA: 39s - loss: 0.0262 - accuracy: 0.9918111/146 [=====================>........] - ETA: 38s - loss: 0.0260 - accuracy: 0.9918112/146 [======================>.......] - ETA: 37s - loss: 0.0261 - accuracy: 0.9916113/146 [======================>.......] - ETA: 36s - loss: 0.0260 - accuracy: 0.9917114/146 [======================>.......] - ETA: 35s - loss: 0.0257 - accuracy: 0.9918115/146 [======================>.......] - ETA: 34s - loss: 0.0258 - accuracy: 0.9916116/146 [======================>.......] - ETA: 33s - loss: 0.0258 - accuracy: 0.9916117/146 [=======================>......] - ETA: 32s - loss: 0.0256 - accuracy: 0.9917118/146 [=======================>......] - ETA: 30s - loss: 0.0254 - accuracy: 0.9918119/146 [=======================>......] - ETA: 29s - loss: 0.0253 - accuracy: 0.9919120/146 [=======================>......] - ETA: 28s - loss: 0.0253 - accuracy: 0.9917121/146 [=======================>......] - ETA: 27s - loss: 0.0251 - accuracy: 0.9917122/146 [========================>.....] - ETA: 26s - loss: 0.0258 - accuracy: 0.9915123/146 [========================>.....] - ETA: 25s - loss: 0.0256 - accuracy: 0.9916124/146 [========================>.....] - ETA: 24s - loss: 0.0255 - accuracy: 0.9917125/146 [========================>.....] - ETA: 23s - loss: 0.0253 - accuracy: 0.9918126/146 [========================>.....] - ETA: 22s - loss: 0.0254 - accuracy: 0.9918127/146 [=========================>....] - ETA: 21s - loss: 0.0254 - accuracy: 0.9916128/146 [=========================>....] - ETA: 20s - loss: 0.0253 - accuracy: 0.9917129/146 [=========================>....] - ETA: 18s - loss: 0.0251 - accuracy: 0.9918130/146 [=========================>....] - ETA: 17s - loss: 0.0249 - accuracy: 0.9918131/146 [=========================>....] - ETA: 16s - loss: 0.0250 - accuracy: 0.9917132/146 [==========================>...] - ETA: 15s - loss: 0.0249 - accuracy: 0.9917133/146 [==========================>...] - ETA: 14s - loss: 0.0247 - accuracy: 0.9918134/146 [==========================>...] - ETA: 13s - loss: 0.0245 - accuracy: 0.9918135/146 [==========================>...] - ETA: 12s - loss: 0.0245 - accuracy: 0.9919136/146 [==========================>...] - ETA: 11s - loss: 0.0243 - accuracy: 0.9920137/146 [===========================>..] - ETA: 10s - loss: 0.0262 - accuracy: 0.9918138/146 [===========================>..] - ETA: 8s - loss: 0.0263 - accuracy: 0.9918 139/146 [===========================>..] - ETA: 7s - loss: 0.0261 - accuracy: 0.9919140/146 [===========================>..] - ETA: 6s - loss: 0.0260 - accuracy: 0.9920141/146 [===========================>..] - ETA: 5s - loss: 0.0259 - accuracy: 0.9920142/146 [============================>.] - ETA: 4s - loss: 0.0258 - accuracy: 0.9921143/146 [============================>.] - ETA: 3s - loss: 0.0262 - accuracy: 0.9919144/146 [============================>.] - ETA: 2s - loss: 0.0261 - accuracy: 0.9920145/146 [============================>.] - ETA: 1s - loss: 0.0261 - accuracy: 0.9920146/146 [==============================] - ETA: 0s - loss: 0.0261 - accuracy: 0.9920146/146 [==============================] - 179s 1s/step - loss: 0.0261 - accuracy: 0.9920 - val_loss: 0.6895 - val_accuracy: 0.8989
Epoch 108/108
  1/146 [..............................] - ETA: 2:57 - loss: 0.0087 - accuracy: 1.0000  2/146 [..............................] - ETA: 2:40 - loss: 0.0045 - accuracy: 1.0000  3/146 [..............................] - ETA: 2:40 - loss: 0.0102 - accuracy: 1.0000  4/146 [..............................] - ETA: 2:35 - loss: 0.0077 - accuracy: 1.0000  5/146 [>.............................] - ETA: 2:37 - loss: 0.0098 - accuracy: 1.0000  6/146 [>.............................] - ETA: 2:35 - loss: 0.0146 - accuracy: 0.9948  7/146 [>.............................] - ETA: 2:33 - loss: 0.0160 - accuracy: 0.9955  8/146 [>.............................] - ETA: 2:31 - loss: 0.0214 - accuracy: 0.9922  9/146 [>.............................] - ETA: 2:30 - loss: 0.0196 - accuracy: 0.9931 10/146 [=>............................] - ETA: 2:31 - loss: 0.0185 - accuracy: 0.9937 11/146 [=>............................] - ETA: 2:29 - loss: 0.0169 - accuracy: 0.9943 12/146 [=>............................] - ETA: 2:27 - loss: 0.0178 - accuracy: 0.9948 13/146 [=>............................] - ETA: 2:26 - loss: 0.0218 - accuracy: 0.9928 14/146 [=>............................] - ETA: 2:26 - loss: 0.0206 - accuracy: 0.9933 15/146 [==>...........................] - ETA: 2:25 - loss: 0.0194 - accuracy: 0.9937 16/146 [==>...........................] - ETA: 2:25 - loss: 0.0187 - accuracy: 0.9941 17/146 [==>...........................] - ETA: 2:25 - loss: 0.0177 - accuracy: 0.9945 18/146 [==>...........................] - ETA: 2:24 - loss: 0.0168 - accuracy: 0.9948 19/146 [==>...........................] - ETA: 2:23 - loss: 0.0168 - accuracy: 0.9951 20/146 [===>..........................] - ETA: 2:23 - loss: 0.0166 - accuracy: 0.9953 21/146 [===>..........................] - ETA: 2:22 - loss: 0.0159 - accuracy: 0.9955 22/146 [===>..........................] - ETA: 2:21 - loss: 0.0156 - accuracy: 0.9957 23/146 [===>..........................] - ETA: 2:20 - loss: 0.0149 - accuracy: 0.9959 24/146 [===>..........................] - ETA: 2:19 - loss: 0.0145 - accuracy: 0.9961 25/146 [====>.........................] - ETA: 2:18 - loss: 0.0149 - accuracy: 0.9950 26/146 [====>.........................] - ETA: 2:16 - loss: 0.0144 - accuracy: 0.9952 27/146 [====>.........................] - ETA: 2:15 - loss: 0.0139 - accuracy: 0.9954 28/146 [====>.........................] - ETA: 2:14 - loss: 0.0134 - accuracy: 0.9955 29/146 [====>.........................] - ETA: 2:13 - loss: 0.0131 - accuracy: 0.9957 30/146 [=====>........................] - ETA: 2:12 - loss: 0.0129 - accuracy: 0.9958 31/146 [=====>........................] - ETA: 2:11 - loss: 0.0128 - accuracy: 0.9960 32/146 [=====>........................] - ETA: 2:10 - loss: 0.0125 - accuracy: 0.9961 33/146 [=====>........................] - ETA: 2:08 - loss: 0.0151 - accuracy: 0.9953 34/146 [=====>........................] - ETA: 2:07 - loss: 0.0172 - accuracy: 0.9945 35/146 [======>.......................] - ETA: 2:06 - loss: 0.0169 - accuracy: 0.9946 36/146 [======>.......................] - ETA: 2:05 - loss: 0.0164 - accuracy: 0.9948 37/146 [======>.......................] - ETA: 2:03 - loss: 0.0162 - accuracy: 0.9949 38/146 [======>.......................] - ETA: 2:02 - loss: 0.0195 - accuracy: 0.9942 39/146 [=======>......................] - ETA: 2:01 - loss: 0.0206 - accuracy: 0.9936 40/146 [=======>......................] - ETA: 2:00 - loss: 0.0202 - accuracy: 0.9937 41/146 [=======>......................] - ETA: 1:58 - loss: 0.0200 - accuracy: 0.9939 42/146 [=======>......................] - ETA: 1:57 - loss: 0.0196 - accuracy: 0.9940 43/146 [=======>......................] - ETA: 1:56 - loss: 0.0192 - accuracy: 0.9942 44/146 [========>.....................] - ETA: 1:55 - loss: 0.0189 - accuracy: 0.9943 45/146 [========>.....................] - ETA: 1:54 - loss: 0.0188 - accuracy: 0.9944 46/146 [========>.....................] - ETA: 1:53 - loss: 0.0191 - accuracy: 0.9939 47/146 [========>.....................] - ETA: 1:52 - loss: 0.0189 - accuracy: 0.9940 48/146 [========>.....................] - ETA: 1:51 - loss: 0.0231 - accuracy: 0.9928 49/146 [=========>....................] - ETA: 1:50 - loss: 0.0228 - accuracy: 0.9930 50/146 [=========>....................] - ETA: 1:49 - loss: 0.0248 - accuracy: 0.9919 51/146 [=========>....................] - ETA: 1:48 - loss: 0.0249 - accuracy: 0.9914 52/146 [=========>....................] - ETA: 1:47 - loss: 0.0245 - accuracy: 0.9916 53/146 [=========>....................] - ETA: 1:46 - loss: 0.0240 - accuracy: 0.9917 54/146 [==========>...................] - ETA: 1:45 - loss: 0.0236 - accuracy: 0.9919 55/146 [==========>...................] - ETA: 1:44 - loss: 0.0237 - accuracy: 0.9920 56/146 [==========>...................] - ETA: 1:42 - loss: 0.0234 - accuracy: 0.9922 57/146 [==========>...................] - ETA: 1:41 - loss: 0.0235 - accuracy: 0.9918 58/146 [==========>...................] - ETA: 1:40 - loss: 0.0263 - accuracy: 0.9908 59/146 [===========>..................] - ETA: 1:39 - loss: 0.0260 - accuracy: 0.9910 60/146 [===========>..................] - ETA: 1:38 - loss: 0.0259 - accuracy: 0.9911 61/146 [===========>..................] - ETA: 1:36 - loss: 0.0256 - accuracy: 0.9913 62/146 [===========>..................] - ETA: 1:35 - loss: 0.0253 - accuracy: 0.9914 63/146 [===========>..................] - ETA: 1:34 - loss: 0.0249 - accuracy: 0.9916 64/146 [============>.................] - ETA: 1:33 - loss: 0.0246 - accuracy: 0.9917 65/146 [============>.................] - ETA: 1:32 - loss: 0.0253 - accuracy: 0.9913 66/146 [============>.................] - ETA: 1:31 - loss: 0.0256 - accuracy: 0.9910 67/146 [============>.................] - ETA: 1:29 - loss: 0.0252 - accuracy: 0.9911 68/146 [============>.................] - ETA: 1:28 - loss: 0.0249 - accuracy: 0.9913 69/146 [=============>................] - ETA: 1:27 - loss: 0.0248 - accuracy: 0.9914 70/146 [=============>................] - ETA: 1:26 - loss: 0.0247 - accuracy: 0.9915 71/146 [=============>................] - ETA: 1:25 - loss: 0.0248 - accuracy: 0.9912 72/146 [=============>................] - ETA: 1:24 - loss: 0.0247 - accuracy: 0.9913 73/146 [==============>...............] - ETA: 1:23 - loss: 0.0244 - accuracy: 0.9914 74/146 [==============>...............] - ETA: 1:22 - loss: 0.0245 - accuracy: 0.9911 75/146 [==============>...............] - ETA: 1:21 - loss: 0.0251 - accuracy: 0.9908 76/146 [==============>...............] - ETA: 1:19 - loss: 0.0260 - accuracy: 0.9901 77/146 [==============>...............] - ETA: 1:18 - loss: 0.0257 - accuracy: 0.9903 78/146 [===============>..............] - ETA: 1:17 - loss: 0.0254 - accuracy: 0.9904 79/146 [===============>..............] - ETA: 1:16 - loss: 0.0252 - accuracy: 0.9905 80/146 [===============>..............] - ETA: 1:15 - loss: 0.0249 - accuracy: 0.9906 81/146 [===============>..............] - ETA: 1:14 - loss: 0.0246 - accuracy: 0.9907 82/146 [===============>..............] - ETA: 1:13 - loss: 0.0245 - accuracy: 0.9909 83/146 [================>.............] - ETA: 1:12 - loss: 0.0244 - accuracy: 0.9910 84/146 [================>.............] - ETA: 1:10 - loss: 0.0241 - accuracy: 0.9911 85/146 [================>.............] - ETA: 1:09 - loss: 0.0238 - accuracy: 0.9912 86/146 [================>.............] - ETA: 1:08 - loss: 0.0238 - accuracy: 0.9913 87/146 [================>.............] - ETA: 1:07 - loss: 0.0236 - accuracy: 0.9914 88/146 [=================>............] - ETA: 1:06 - loss: 0.0235 - accuracy: 0.9915 89/146 [=================>............] - ETA: 1:05 - loss: 0.0232 - accuracy: 0.9916 90/146 [=================>............] - ETA: 1:04 - loss: 0.0230 - accuracy: 0.9917 91/146 [=================>............] - ETA: 1:03 - loss: 0.0240 - accuracy: 0.9914 92/146 [=================>............] - ETA: 1:01 - loss: 0.0237 - accuracy: 0.9915 93/146 [==================>...........] - ETA: 1:00 - loss: 0.0237 - accuracy: 0.9916 94/146 [==================>...........] - ETA: 59s - loss: 0.0239 - accuracy: 0.9914  95/146 [==================>...........] - ETA: 58s - loss: 0.0238 - accuracy: 0.9914 96/146 [==================>...........] - ETA: 57s - loss: 0.0238 - accuracy: 0.9915 97/146 [==================>...........] - ETA: 56s - loss: 0.0236 - accuracy: 0.9916 98/146 [===================>..........] - ETA: 55s - loss: 0.0235 - accuracy: 0.9917 99/146 [===================>..........] - ETA: 54s - loss: 0.0233 - accuracy: 0.9918100/146 [===================>..........] - ETA: 52s - loss: 0.0231 - accuracy: 0.9919101/146 [===================>..........] - ETA: 51s - loss: 0.0230 - accuracy: 0.9920102/146 [===================>..........] - ETA: 50s - loss: 0.0233 - accuracy: 0.9917103/146 [====================>.........] - ETA: 49s - loss: 0.0236 - accuracy: 0.9915104/146 [====================>.........] - ETA: 48s - loss: 0.0234 - accuracy: 0.9916105/146 [====================>.........] - ETA: 47s - loss: 0.0239 - accuracy: 0.9914106/146 [====================>.........] - ETA: 46s - loss: 0.0238 - accuracy: 0.9915107/146 [====================>.........] - ETA: 44s - loss: 0.0237 - accuracy: 0.9915108/146 [=====================>........] - ETA: 43s - loss: 0.0235 - accuracy: 0.9916109/146 [=====================>........] - ETA: 42s - loss: 0.0233 - accuracy: 0.9917110/146 [=====================>........] - ETA: 41s - loss: 0.0231 - accuracy: 0.9918111/146 [=====================>........] - ETA: 40s - loss: 0.0230 - accuracy: 0.9918112/146 [======================>.......] - ETA: 39s - loss: 0.0228 - accuracy: 0.9919113/146 [======================>.......] - ETA: 38s - loss: 0.0226 - accuracy: 0.9920114/146 [======================>.......] - ETA: 37s - loss: 0.0225 - accuracy: 0.9921115/146 [======================>.......] - ETA: 35s - loss: 0.0224 - accuracy: 0.9921116/146 [======================>.......] - ETA: 34s - loss: 0.0223 - accuracy: 0.9922117/146 [=======================>......] - ETA: 33s - loss: 0.0221 - accuracy: 0.9923118/146 [=======================>......] - ETA: 32s - loss: 0.0220 - accuracy: 0.9923119/146 [=======================>......] - ETA: 31s - loss: 0.0218 - accuracy: 0.9924120/146 [=======================>......] - ETA: 30s - loss: 0.0217 - accuracy: 0.9924121/146 [=======================>......] - ETA: 28s - loss: 0.0216 - accuracy: 0.9925122/146 [========================>.....] - ETA: 27s - loss: 0.0215 - accuracy: 0.9926123/146 [========================>.....] - ETA: 26s - loss: 0.0213 - accuracy: 0.9926124/146 [========================>.....] - ETA: 25s - loss: 0.0221 - accuracy: 0.9924125/146 [========================>.....] - ETA: 24s - loss: 0.0220 - accuracy: 0.9925126/146 [========================>.....] - ETA: 23s - loss: 0.0218 - accuracy: 0.9926127/146 [=========================>....] - ETA: 22s - loss: 0.0216 - accuracy: 0.9926128/146 [=========================>....] - ETA: 20s - loss: 0.0215 - accuracy: 0.9927129/146 [=========================>....] - ETA: 19s - loss: 0.0213 - accuracy: 0.9927130/146 [=========================>....] - ETA: 18s - loss: 0.0212 - accuracy: 0.9928131/146 [=========================>....] - ETA: 17s - loss: 0.0212 - accuracy: 0.9928132/146 [==========================>...] - ETA: 16s - loss: 0.0211 - accuracy: 0.9929133/146 [==========================>...] - ETA: 15s - loss: 0.0209 - accuracy: 0.9930134/146 [==========================>...] - ETA: 13s - loss: 0.0208 - accuracy: 0.9930135/146 [==========================>...] - ETA: 12s - loss: 0.0207 - accuracy: 0.9931136/146 [==========================>...] - ETA: 11s - loss: 0.0206 - accuracy: 0.9931137/146 [===========================>..] - ETA: 10s - loss: 0.0205 - accuracy: 0.9932138/146 [===========================>..] - ETA: 9s - loss: 0.0203 - accuracy: 0.9932 139/146 [===========================>..] - ETA: 8s - loss: 0.0202 - accuracy: 0.9933140/146 [===========================>..] - ETA: 6s - loss: 0.0201 - accuracy: 0.9933141/146 [===========================>..] - ETA: 5s - loss: 0.0201 - accuracy: 0.9931142/146 [============================>.] - ETA: 4s - loss: 0.0200 - accuracy: 0.9932143/146 [============================>.] - ETA: 3s - loss: 0.0199 - accuracy: 0.9932144/146 [============================>.] - ETA: 2s - loss: 0.0199 - accuracy: 0.9933145/146 [============================>.] - ETA: 1s - loss: 0.0198 - accuracy: 0.9933146/146 [==============================] - ETA: 0s - loss: 0.0198 - accuracy: 0.9933146/146 [==============================] - 189s 1s/step - loss: 0.0198 - accuracy: 0.9933 - val_loss: 0.7525 - val_accuracy: 0.9029
2023-12-04 16:16:31.959123: W tensorflow/tsl/framework/cpu_allocator_impl.cc:82] Allocation of 74760000 exceeds 10% of free system memory.
 1/39 [..............................] - ETA: 21s - loss: 0.4292 - accuracy: 0.8438 2/39 [>.............................] - ETA: 16s - loss: 0.6345 - accuracy: 0.8750 3/39 [=>............................] - ETA: 15s - loss: 0.5947 - accuracy: 0.8854 4/39 [==>...........................] - ETA: 14s - loss: 0.6098 - accuracy: 0.8984 5/39 [==>...........................] - ETA: 14s - loss: 0.5388 - accuracy: 0.9062 6/39 [===>..........................] - ETA: 13s - loss: 0.5522 - accuracy: 0.9010 7/39 [====>.........................] - ETA: 13s - loss: 0.5641 - accuracy: 0.9018 8/39 [=====>........................] - ETA: 13s - loss: 0.4968 - accuracy: 0.9102 9/39 [=====>........................] - ETA: 12s - loss: 0.5466 - accuracy: 0.906210/39 [======>.......................] - ETA: 12s - loss: 0.4925 - accuracy: 0.915611/39 [=======>......................] - ETA: 12s - loss: 0.4805 - accuracy: 0.909112/39 [========>.....................] - ETA: 11s - loss: 0.4446 - accuracy: 0.914113/39 [=========>....................] - ETA: 11s - loss: 0.4507 - accuracy: 0.918314/39 [=========>....................] - ETA: 10s - loss: 0.4391 - accuracy: 0.921915/39 [==========>...................] - ETA: 10s - loss: 0.4523 - accuracy: 0.920816/39 [===========>..................] - ETA: 9s - loss: 0.4463 - accuracy: 0.9238 17/39 [============>.................] - ETA: 9s - loss: 0.4217 - accuracy: 0.928318/39 [============>.................] - ETA: 9s - loss: 0.4274 - accuracy: 0.928819/39 [=============>................] - ETA: 8s - loss: 0.4129 - accuracy: 0.929320/39 [==============>...............] - ETA: 8s - loss: 0.4108 - accuracy: 0.926621/39 [===============>..............] - ETA: 7s - loss: 0.4281 - accuracy: 0.927122/39 [===============>..............] - ETA: 7s - loss: 0.4112 - accuracy: 0.929023/39 [================>.............] - ETA: 6s - loss: 0.3934 - accuracy: 0.932124/39 [=================>............] - ETA: 6s - loss: 0.4670 - accuracy: 0.927125/39 [==================>...........] - ETA: 5s - loss: 0.5176 - accuracy: 0.922526/39 [===================>..........] - ETA: 5s - loss: 0.5249 - accuracy: 0.923127/39 [===================>..........] - ETA: 5s - loss: 0.5253 - accuracy: 0.924828/39 [====================>.........] - ETA: 4s - loss: 0.5341 - accuracy: 0.925229/39 [=====================>........] - ETA: 4s - loss: 0.5527 - accuracy: 0.923530/39 [======================>.......] - ETA: 3s - loss: 0.5606 - accuracy: 0.924031/39 [======================>.......] - ETA: 3s - loss: 0.5902 - accuracy: 0.917332/39 [=======================>......] - ETA: 2s - loss: 0.6254 - accuracy: 0.915033/39 [========================>.....] - ETA: 2s - loss: 0.6631 - accuracy: 0.911934/39 [=========================>....] - ETA: 2s - loss: 0.6538 - accuracy: 0.913635/39 [=========================>....] - ETA: 1s - loss: 0.6813 - accuracy: 0.910736/39 [==========================>...] - ETA: 1s - loss: 0.6878 - accuracy: 0.908937/39 [===========================>..] - ETA: 0s - loss: 0.7042 - accuracy: 0.907138/39 [============================>.] - ETA: 0s - loss: 0.7196 - accuracy: 0.906239/39 [==============================] - ETA: 0s - loss: 0.7525 - accuracy: 0.902939/39 [==============================] - 17s 429ms/step - loss: 0.7525 - accuracy: 0.9029
测试评分: loss 为 0.7524866461753845; accuracy 为 90.28892517089844%
 1/39 [..............................] - ETA: 2:22 2/39 [>.............................] - ETA: 12s  3/39 [=>............................] - ETA: 14s 4/39 [==>...........................] - ETA: 13s 5/39 [==>...........................] - ETA: 13s 6/39 [===>..........................] - ETA: 13s 7/39 [====>.........................] - ETA: 13s 8/39 [=====>........................] - ETA: 12s 9/39 [=====>........................] - ETA: 12s10/39 [======>.......................] - ETA: 12s11/39 [=======>......................] - ETA: 11s12/39 [========>.....................] - ETA: 11s13/39 [=========>....................] - ETA: 10s14/39 [=========>....................] - ETA: 10s15/39 [==========>...................] - ETA: 9s 16/39 [===========>..................] - ETA: 9s17/39 [============>.................] - ETA: 9s18/39 [============>.................] - ETA: 8s19/39 [=============>................] - ETA: 8s20/39 [==============>...............] - ETA: 8s21/39 [===============>..............] - ETA: 7s22/39 [===============>..............] - ETA: 7s23/39 [================>.............] - ETA: 6s24/39 [=================>............] - ETA: 6s25/39 [==================>...........] - ETA: 5s26/39 [===================>..........] - ETA: 5s27/39 [===================>..........] - ETA: 5s28/39 [====================>.........] - ETA: 4s29/39 [=====================>........] - ETA: 4s30/39 [======================>.......] - ETA: 3s31/39 [======================>.......] - ETA: 3s32/39 [=======================>......] - ETA: 2s33/39 [========================>.....] - ETA: 2s34/39 [=========================>....] - ETA: 2s35/39 [=========================>....] - ETA: 1s36/39 [==========================>...] - ETA: 1s37/39 [===========================>..] - ETA: 0s38/39 [============================>.] - ETA: 0s39/39 [==============================] - ETA: 0s39/39 [==============================] - 20s 424ms/step
AUC: 0.9536
准确率: 0.9029
敏感性: 0.9294
特异性: 0.8764
MCC: 0.8069
精确度: 0.8826
召回率: 0.9294
